00:00 +0: loading C:/Users/changw98/dev/writing_assistant/test/driver/full_workflow_test.dart
rtk : lib/core/services/ai/agent/agent_service.dart:132:35: Error: String starting with ' must end with '.
At line:2 char:45
+ ... :\Users\changw98\dev\writing_assistant; rtk flutter test 2>&1 | Out-F ...
+                                             ~~~~~~~~~~~~~~~~~~~~~
    + CategoryInfo          : NotSpecified: (lib/core/servic...ust end with '.:String) [], RemoteException
    + FullyQualifiedErrorId : NativeCommandError
 
        controller.add(AgentError('没有可用的工�?));
                                  ^^^^^^^^^^^^
lib/core/services/ai/agent/agent_service.dart:132:34: Error: Can't find ')' to match '('.
        controller.add(AgentError('没有可用的工�?));
                                 ^
lib/core/services/ai/agent/agent_service.dart:132:23: Error: Can't find ')' to match '('.
        controller.add(AgentError('没有可用的工�?));
                      ^
lib/core/services/ai/agent/agent_service.dart:200:53: Error: String starting with ' must end with '.
                ToolResult.fail('工具 ${toolCall.name} 不存�?),
                                                    ^^^^^^^
lib/core/services/ai/agent/agent_service.dart:204:50: Error: String starting with ' must end with '.
                content: '错误: 工具 ${toolCall.name} 不存�?,
                                                 ^^^^^^
lib/core/services/ai/agent/agent_service.dart:199:29: Error: Can't find ')' to match '('.
              controller.add(AgentObservation(
                            ^
lib/core/services/ai/agent/agent_service.dart:286:20: Error: String starting with ' must end with '.
    buffer.writeln('你是一位专业的小说写作助手 Agent�?);
                   ^^^^^^^^^^^^^^^^^^^^^^^^
lib/core/services/ai/agent/agent_service.dart:287:20: Error: String starting with ' must end with '.
    buffer.writeln('你可以使用工具来完成任务，也可以直接回复用户�?);
                   ^^^^^^^^^^^^^^^^^^^^^^^^^^^
lib/core/services/ai/agent/agent_service.dart:291:22: Error: String starting with ' must end with '.
      buffer.writeln('当前没有选中作品。如果用户需要操作特定作品（如创建章节、角色等），请先调用 list_works 查看所有作品并获取�?ID�?);
                     ^^^^^^^^^^^^^^^^^^^^^^^^^^^^^^^^^^^^^^^^^^^^^^^^^^^^^^^^^^^^^^^^^^^
lib/core/services/ai/agent/agent_service.dart:291:21: Error: Can't find ')' to match '('.
      buffer.writeln('当前没有选中作品。如果用户需要操作特定作品（如创建章节、角色等），请先调用 list_works 查看所有作品并获取�?ID�?);
                    ^
lib/core/services/ai/agent/agent_service.dart:294:20: Error: String starting with ' must end with '.
    buffer.writeln('工作流程�?);
                   ^^^^^^^^^
lib/core/services/ai/agent/agent_service.dart:295:20: Error: String starting with ' must end with '.
    buffer.writeln('1. 分析用户需�?);
                   ^^^^^^^^^^^^^
lib/core/services/ai/agent/agent_service.dart:298:20: Error: String starting with ' must end with '.
    buffer.writeln('4. 如果需要检查问题，调用分析/一致性检查工�?);
                   ^^^^^^^^^^^^^^^^^^^^^^^^^^^^
lib/core/services/ai/agent/agent_service.dart:299:20: Error: String starting with ' must end with '.
    buffer.writeln('5. 综合结果，给出最终回�?);
                   ^^^^^^^^^^^^^^^^^^
lib/core/services/ai/agent/agent_service.dart:301:20: Error: String starting with ' must end with '.
    buffer.writeln('注意事项�?);
                   ^^^^^^^^^
lib/core/services/ai/agent/agent_service.dart:302:20: Error: String starting with ' must end with '.
    buffer.writeln('- 每次只调用一个工�?);
                   ^^^^^^^^^^^^^^^
lib/core/services/ai/agent/agent_service.dart:304:20: Error: String starting with ' must end with '.
    buffer.writeln('- 如果信息不足，先搜索再行�?);
                   ^^^^^^^^^^^^^^^^^^^
lib/core/services/ai/agent/agent_service.dart:305:20: Error: String starting with ' must end with '.
    buffer.writeln('- 最终回复必须是完整的中文内�?);
                   ^^^^^^^^^^^^^^^^^^^^
lib/core/services/ai/agent/agent_service.dart:307:20: Error: String starting with ' must end with '.
    buffer.writeln('当用户要求创建角色、地点、物品、势力、关系、作品、卷、章节或素材时，请直接调用对应的 create_* 工具�?);
                   ^^^^^^^^^^^^^^^^^^^^^^^^^^^^^^^^^^^^^^^^^^^^^^^^^^^^^^^^^^^
lib/core/services/ai/agent/agent_service.dart:308:20: Error: String starting with ' must end with '.
    buffer.writeln('创建实体后，用自然语言向用户确认创建结果�?);
                   ^^^^^^^^^^^^^^^^^^^^^^^^^
lib/core/services/ai/agent/agent_service.dart:310:20: Error: String starting with ' must end with '.
    buffer.writeln('## 创建章节的完整流�?);
                   ^^^^^^^^^^^^^^^^
lib/core/services/ai/agent/agent_service.dart:311:20: Error: String starting with ' must end with '.
    buffer.writeln('调用 create_chapter 时，必须�?content 参数中传入完整的章节正文内容�?);
                   ^^^^^^^^^^^^^^^^^^^^^^^^^^^^^^^^^^^^^^^^^^^^^^^^^^^
lib/core/services/ai/agent/agent_service.dart:312:20: Error: String starting with ' must end with '.
    buffer.writeln('不要创建空章节！content 参数是必填的�?);
                   ^^^^^^^^^^^^^^^^^^^^^^^^^^^
lib/core/services/ai/agent/agent_service.dart:313:20: Error: String starting with ' must end with '.
    buffer.writeln('你需要在调用工具前先构思好章节内容，然后一次性传入�?);
                   ^^^^^^^^^^^^^^^^^^^^^^^^^^^^^^
lib/core/services/ai/agent/agent_service.dart:317:20: Error: String starting with ' must end with '.
    buffer.writeln('1. **剧情内容**：用户是否描述了本章要发生什么事？如果只�?写第一�?而没给任何剧情方向，应追�?);
                   ^^^^^^^^^^^^^^^^^^^^^^^^^^^^^^^^^^^^^^^^^^^^^^^^^^^^^^^
lib/core/services/ai/agent/agent_service.dart:318:20: Error: String starting with ' must end with '.
    buffer.writeln('2. **节奏定位**：本章处于故事的什么位置？（开�?铺垫/高潮/过渡/结尾）是否需要提醒用户注意节�?);
                   ^^^^^^^^^^^^^^^^^^^^^^^^^^^^^^^^^^^^^^^^^^^^^^^^^^^^^^^^
lib/core/services/ai/agent/agent_service.dart:320:20: Error: String starting with ' must end with '.
    buffer.writeln('4. **前文衔接**：如果不是第一章，是否有前文上下文可以衔接？如有，先搜索前文内�?);
                   ^^^^^^^^^^^^^^^^^^^^^^^^^^^^^^^^^^^^^^^^^^^^^^^
lib/core/services/ai/agent/agent_service.dart:324:20: Error: String starting with ' must end with '.
    buffer.writeln('如果用户信息不足（如只说"帮我写一�?或剧情过于单薄），不要盲目创建�?);
                   ^^^^^^^^^^^^^^^^^^^^^^^^^^^^^^^^^^^^^^^
lib/core/services/ai/agent/agent_service.dart:325:20: Error: String starting with ' must end with '.
    buffer.writeln('你应该礼貌地追问关键信息，例如：本章主要事件、涉及角色、情感基调、是否需要结尾钩子等�?);
                   ^^^^^^^^^^^^^^^^^^^^^^^^^^^^^^^^^^^^^^^^^^^^^^^
lib/core/services/ai/agent/agent_service.dart:326:20: Error: String starting with ' must end with '.
    buffer.writeln('如果用户给了一句话剧情但缺少细节，你可以主动建议补充冲突点、情感转折、悬念钩子等，让章节更丰满�?);
                   ^^^^^^^^^^^^^^^^^^^^^^^^^^^^^^^^^^^^^^^^^^^^^^^^^^^^
lib/core/services/ai/agent/agent_service.dart:327:20: Error: String starting with ' must end with '.
    buffer.writeln('但如果用户已经提供了足够的信息（有明确的剧情走向和关键事件），就可以直接创建�?);
                   ^^^^^^^^^^^^^^^^^^^^^^^^^^^^^^^^^^^^^^^^^^^
lib/core/services/ai/agent/agent_service.dart:329:20: Error: String starting with ' must end with '.
    buffer.writeln('## 创建作品时的主题/世界观处理规�?);
                   ^^^^^^^^^^^^^^^^^^^^^^^
lib/core/services/ai/agent/agent_service.dart:331:20: Error: String starting with ' must end with '.
    buffer.writeln('1. 先调�?create_work 创建作品（name 为作品名称，将主题关键词写入 type 字段�?);
                   ^^^^^^^^^^^^^^^^^^^^^^^^^^^^^^^^^^^^^^^^^^^^^^^^^^^^^^^^
lib/core/services/ai/agent/agent_service.dart:333:20: Error: String starting with ' must end with '.
    buffer.writeln('   - title: 「{作品名} 世界观设定�?);
                   ^^^^^^^^^^^^^^^^^^^^^^^^^^^^^
lib/core/services/ai/agent/agent_service.dart:337:20: Error: String starting with ' must end with '.
    buffer.writeln('     �?核心设定与规则体�?);
                   ^^^^^^^^^^^^^^^^^^^^
lib/core/services/ai/agent/agent_service.dart:339:20: Error: String starting with ' must end with '.
    buffer.writeln('     �?世界背景与历史概�?);
                   ^^^^^^^^^^^^^^^^^^^^
lib/core/services/ai/agent/agent_service.dart:340:20: Error: String starting with ' must end with '.
    buffer.writeln('     �?典型场景与氛围描�?);
                   ^^^^^^^^^^^^^^^^^^^^
lib/core/services/ai/agent/agent_service.dart:341:20: Error: String starting with ' must end with '.
    buffer.writeln('     �?常见剧情模式与套�?);
                   ^^^^^^^^^^^^^^^^^^^^
lib/core/services/ai/agent/agent_service.dart:342:20: Error: String starting with ' must end with '.
    buffer.writeln('   - tags: 提取 3-5 个相关标�?);
                   ^^^^^^^^^^^^^^^^^^^^^^^^^^^
lib/core/services/ai/agent/agent_service.dart:343:20: Error: String starting with ' must end with '.
    buffer.writeln('3. 用自然语言向用户确认：作品已创建，并已根据主题自动生成世界观设�?);
                   ^^^^^^^^^^^^^^^^^^^^^^^^^^^^^^^^^^^^^^^
lib/core/services/ai/agent/agent_service.dart:343:19: Error: Can't find ')' to match '('.
    buffer.writeln('3. 用自然语言向用户确认：作品已创建，并已根据主题自动生成世界观设�?);
                  ^
lib/core/services/ai/agent/agent_service.dart:342:19: Error: Can't find ')' to match '('.
    buffer.writeln('   - tags: 提取 3-5 个相关标�?);
                  ^
lib/core/services/ai/agent/agent_service.dart:341:19: Error: Can't find ')' to match '('.
    buffer.writeln('     �?常见剧情模式与套�?);
                  ^
lib/core/services/ai/agent/agent_service.dart:340:19: Error: Can't find ')' to match '('.
    buffer.writeln('     �?典型场景与氛围描�?);
                  ^
lib/core/services/ai/agent/agent_service.dart:339:19: Error: Can't find ')' to match '('.
    buffer.writeln('     �?世界背景与历史概�?);
                  ^
lib/core/services/ai/agent/agent_service.dart:337:19: Error: Can't find ')' to match '('.
    buffer.writeln('     �?核心设定与规则体�?);
                  ^
lib/core/services/ai/agent/agent_service.dart:333:19: Error: Can't find ')' to match '('.
    buffer.writeln('   - title: 「{作品名} 世界观设定�?);
                  ^
lib/core/services/ai/agent/agent_service.dart:331:19: Error: Can't find ')' to match '('.
    buffer.writeln('1. 先调�?create_work 创建作品（name 为作品名称，将主题关键词写入 type 字段�?);
                  ^
lib/core/services/ai/agent/agent_service.dart:329:19: Error: Can't find ')' to match '('.
    buffer.writeln('## 创建作品时的主题/世界观处理规�?);
                  ^
lib/core/services/ai/agent/agent_service.dart:327:19: Error: Can't find ')' to match '('.
    buffer.writeln('但如果用户已经提供了足够的信息（有明确的剧情走向和关键事件），就可以直接创建�?);
                  ^
lib/core/services/ai/agent/agent_service.dart:326:19: Error: Can't find ')' to match '('.
    buffer.writeln('如果用户给了一句话剧情但缺少细节，你可以主动建议补充冲突点、情感转折、悬念钩子等，让章节更丰满�?);
                  ^
lib/core/services/ai/agent/agent_service.dart:325:19: Error: Can't find ')' to match '('.
    buffer.writeln('你应该礼貌地追问关键信息，例如：本章主要事件、涉及角色、情感基调、是否需要结尾钩子等�?);
                  ^
lib/core/services/ai/agent/agent_service.dart:324:19: Error: Can't find ')' to match '('.
    buffer.writeln('如果用户信息不足（如只说"帮我写一�?或剧情过于单薄），不要盲目创建�?);
                  ^
lib/core/services/ai/agent/agent_service.dart:320:19: Error: Can't find ')' to match '('.
    buffer.writeln('4. **前文衔接**：如果不是第一章，是否有前文上下文可以衔接？如有，先搜索前文内�?);
                  ^
lib/core/services/ai/agent/agent_service.dart:318:19: Error: Can't find ')' to match '('.
    buffer.writeln('2. **节奏定位**：本章处于故事的什么位置？（开�?铺垫/高潮/过渡/结尾）是否需要提醒用户注意节�?);
                  ^
lib/core/services/ai/agent/agent_service.dart:317:19: Error: Can't find ')' to match '('.
    buffer.writeln('1. **剧情内容**：用户是否描述了本章要发生什么事？如果只�?写第一�?而没给任何剧情方向，应追�?);
                  ^
lib/core/services/ai/agent/agent_service.dart:313:19: Error: Can't find ')' to match '('.
    buffer.writeln('你需要在调用工具前先构思好章节内容，然后一次性传入�?);
                  ^
lib/core/services/ai/agent/agent_service.dart:312:19: Error: Can't find ')' to match '('.
    buffer.writeln('不要创建空章节！content 参数是必填的�?);
                  ^
lib/core/services/ai/agent/agent_service.dart:311:19: Error: Can't find ')' to match '('.
    buffer.writeln('调用 create_chapter 时，必须�?content 参数中传入完整的章节正文内容�?);
                  ^
lib/core/services/ai/agent/agent_service.dart:310:19: Error: Can't find ')' to match '('.
    buffer.writeln('## 创建章节的完整流�?);
                  ^
lib/core/services/ai/agent/agent_service.dart:308:19: Error: Can't find ')' to match '('.
    buffer.writeln('创建实体后，用自然语言向用户确认创建结果�?);
                  ^
lib/core/services/ai/agent/agent_service.dart:307:19: Error: Can't find ')' to match '('.
    buffer.writeln('当用户要求创建角色、地点、物品、势力、关系、作品、卷、章节或素材时，请直接调用对应的 create_* 工具�?);
                  ^
lib/core/services/ai/agent/agent_service.dart:305:19: Error: Can't find ')' to match '('.
    buffer.writeln('- 最终回复必须是完整的中文内�?);
                  ^
lib/core/services/ai/agent/agent_service.dart:304:19: Error: Can't find ')' to match '('.
    buffer.writeln('- 如果信息不足，先搜索再行�?);
                  ^
lib/core/services/ai/agent/agent_service.dart:302:19: Error: Can't find ')' to match '('.
    buffer.writeln('- 每次只调用一个工�?);
                  ^
lib/core/services/ai/agent/agent_service.dart:301:19: Error: Can't find ')' to match '('.
    buffer.writeln('注意事项�?);
                  ^
lib/core/services/ai/agent/agent_service.dart:299:19: Error: Can't find ')' to match '('.
    buffer.writeln('5. 综合结果，给出最终回�?);
                  ^
lib/core/services/ai/agent/agent_service.dart:298:19: Error: Can't find ')' to match '('.
    buffer.writeln('4. 如果需要检查问题，调用分析/一致性检查工�?);
                  ^
lib/core/services/ai/agent/agent_service.dart:295:19: Error: Can't find ')' to match '('.
    buffer.writeln('1. 分析用户需�?);
                  ^
lib/core/services/ai/agent/agent_service.dart:294:19: Error: Can't find ')' to match '('.
    buffer.writeln('工作流程�?);
                  ^
lib/core/services/ai/agent/agent_service.dart:287:19: Error: Can't find ')' to match '('.
    buffer.writeln('你可以使用工具来完成任务，也可以直接回复用户�?);
                  ^
lib/core/services/ai/agent/agent_service.dart:286:19: Error: Can't find ')' to match '('.
    buffer.writeln('你是一位专业的小说写作助手 Agent�?);
                  ^
lib/core/services/ai/agent/agent_service.dart:133:9: Error: Expected ',' before this.
        await controller.close();
        ^^^^^
lib/core/services/ai/agent/agent_service.dart:132:34: Error: Too many positional arguments: 1 allowed, but 2 found.
Try removing the extra positional arguments.
        controller.add(AgentError('没有可用的工�?));
                                 ^
lib/core/services/ai/agent/agent_service.dart:54:3: Context: Found this candidate, but the arguments don't match.
  AgentError(this.error);
  ^^^^^^^^^^
lib/core/services/ai/agent/agent_service.dart:205:17: Error: Expected ',' before this.
                toolCallId: toolCall.id,
                ^^^^^^^^^^
lib/core/services/ai/agent/agent_service.dart:287:5: Error: Expected ',' before this.
    buffer.writeln('你可以使用工具来完成任务，也可以直接回复用户�?);
    ^^^^^^
lib/core/services/ai/agent/agent_service.dart:287:20: Error: Expected ';' after this.
    buffer.writeln('你可以使用工具来完成任务，也可以直接回复用户�?);
                   ^^^^^^^^^^^^^^^^^^^^^^^^^^^
lib/core/services/ai/agent/agent_service.dart:291:22: Error: Expected ';' after this.
      buffer.writeln('当前没有选中作品。如果用户需要操作特定作品（如创建章节、角色等），请先调用 list_works 查看所有作品并获取�?ID�?);
                     ^^^^^^^^^^^^^^^^^^^^^^^^^^^^^^^^^^^^^^^^^^^^^^^^^^^^^^^^^^^^^^^^^^^
lib/core/services/ai/agent/agent_service.dart:295:5: Error: Expected ',' before this.
    buffer.writeln('1. 分析用户需�?);
    ^^^^^^
lib/core/services/ai/agent/agent_service.dart:296:5: Error: Expected ',' before this.
    buffer.writeln('2. 如果需要信息，调用搜索工具');
    ^^^^^^
lib/core/services/ai/agent/agent_service.dart:299:5: Error: Expected ',' before this.
    buffer.writeln('5. 综合结果，给出最终回�?);
    ^^^^^^
lib/core/services/ai/agent/agent_service.dart:300:5: Error: Expected ',' before this.
    buffer.writeln();
    ^^^^^^
lib/core/services/ai/agent/agent_service.dart:302:5: Error: Expected ',' before this.
    buffer.writeln('- 每次只调用一个工�?);
    ^^^^^^
lib/core/services/ai/agent/agent_service.dart:303:5: Error: Expected ',' before this.
    buffer.writeln('- 如果不知道作�?ID 或卷 ID，先调用 list_works / list_volumes 获取');
    ^^^^^^
lib/core/services/ai/agent/agent_service.dart:305:5: Error: Expected ',' before this.
    buffer.writeln('- 最终回复必须是完整的中文内�?);
    ^^^^^^
lib/core/services/ai/agent/agent_service.dart:306:5: Error: Expected ',' before this.
    buffer.writeln();
    ^^^^^^
lib/core/services/ai/agent/agent_service.dart:308:5: Error: Expected ',' before this.
    buffer.writeln('创建实体后，用自然语言向用户确认创建结果�?);
    ^^^^^^
lib/core/services/ai/agent/agent_service.dart:309:5: Error: Expected ',' before this.
    buffer.writeln();
    ^^^^^^
lib/core/services/ai/agent/agent_service.dart:311:5: Error: Expected ',' before this.
    buffer.writeln('调用 create_chapter 时，必须�?content 参数中传入完整的章节正文内容�?);
    ^^^^^^
lib/core/services/ai/agent/agent_service.dart:312:5: Error: Expected ',' before this.
    buffer.writeln('不要创建空章节！content 参数是必填的�?);
    ^^^^^^
lib/core/services/ai/agent/agent_service.dart:313:5: Error: Expected ',' before this.
    buffer.writeln('你需要在调用工具前先构思好章节内容，然后一次性传入�?);
    ^^^^^^
lib/core/services/ai/agent/agent_service.dart:314:5: Error: Expected ',' before this.
    buffer.writeln();
    ^^^^^^
lib/core/services/ai/agent/agent_service.dart:318:5: Error: Expected ',' before this.
    buffer.writeln('2. **节奏定位**：本章处于故事的什么位置？（开�?铺垫/高潮/过渡/结尾）是否需要提醒用户注意节�?);
    ^^^^^^
lib/core/services/ai/agent/agent_service.dart:319:5: Error: Expected ',' before this.
    buffer.writeln('3. **钩子/悬念**：本章结尾是否需要留下悬念或钩子引导读者继续阅读？');
    ^^^^^^
lib/core/services/ai/agent/agent_service.dart:321:5: Error: Expected ',' before this.
    buffer.writeln('5. **事件丰富�?*：用户提供的剧情是否足够展开为一整章？是否只有一句话概括而缺少具体事件、冲突、转折？');
    ^^^^^^
lib/core/services/ai/agent/agent_service.dart:325:5: Error: Expected ',' before this.
    buffer.writeln('你应该礼貌地追问关键信息，例如：本章主要事件、涉及角色、情感基调、是否需要结尾钩子等�?);
    ^^^^^^
lib/core/services/ai/agent/agent_service.dart:326:5: Error: Expected ',' before this.
    buffer.writeln('如果用户给了一句话剧情但缺少细节，你可以主动建议补充冲突点、情感转折、悬念钩子等，让章节更丰满�?);
    ^^^^^^
lib/core/services/ai/agent/agent_service.dart:327:5: Error: Expected ',' before this.
    buffer.writeln('但如果用户已经提供了足够的信息（有明确的剧情走向和关键事件），就可以直接创建�?);
    ^^^^^^
lib/core/services/ai/agent/agent_service.dart:328:5: Error: Expected ',' before this.
    buffer.writeln();
    ^^^^^^
lib/core/services/ai/agent/agent_service.dart:330:5: Error: Expected ',' before this.
    buffer.writeln('当用户创建作品并附带「主题」「题材」「类型」「世界观」「风格」等描述时，你必须执行以下步骤：');
    ^^^^^^
lib/core/services/ai/agent/agent_service.dart:332:5: Error: Expected ',' before this.
    buffer.writeln('2. 紧接着调用 create_inspiration，参数如下：');
    ^^^^^^
lib/core/services/ai/agent/agent_service.dart:334:5: Error: Expected ',' before this.
    buffer.writeln('   - category: "worldbuilding"');
    ^^^^^^
lib/core/services/ai/agent/agent_service.dart:338:5: Error: Expected ',' before this.
    buffer.writeln('     �?力量体系/等级划分');
    ^^^^^^
lib/core/services/ai/agent/agent_service.dart:340:5: Error: Expected ',' before this.
    buffer.writeln('     �?典型场景与氛围描�?);
    ^^^^^^
lib/core/services/ai/agent/agent_service.dart:341:5: Error: Expected ',' before this.
    buffer.writeln('     �?常见剧情模式与套�?);
    ^^^^^^
lib/core/services/ai/agent/agent_service.dart:342:5: Error: Expected ',' before this.
    buffer.writeln('   - tags: 提取 3-5 个相关标�?);
    ^^^^^^
lib/core/services/ai/agent/agent_service.dart:343:5: Error: Expected ',' before this.
    buffer.writeln('3. 用自然语言向用户确认：作品已创建，并已根据主题自动生成世界观设�?);
    ^^^^^^
lib/core/services/ai/agent/agent_service.dart:343:20: Error: Expected ';' after this.
    buffer.writeln('3. 用自然语言向用户确认：作品已创建，并已根据主题自动生成世界观设�?);
                   ^^^^^^^^^^^^^^^^^^^^^^^^^^^^^^^^^^^^^^^
lib/core/services/ai/agent/agent_service.dart:286:19: Error: Too many positional arguments: 1 allowed, but 2 found.
Try removing the extra positional arguments.
    buffer.writeln('你是一位专业的小说写作助手 Agent�?);
                  ^
lib/core/services/ai/agent/agent_service.dart:295:19: Error: Too many positional arguments: 1 allowed, but 2 found.
Try removing the extra positional arguments.
    buffer.writeln('1. 分析用户需�?);
                  ^
lib/core/services/ai/agent/agent_service.dart:294:19: Error: Too many positional arguments: 1 allowed, but 2 found.
Try removing the extra positional arguments.
    buffer.writeln('工作流程�?);
                  ^
lib/core/services/ai/agent/agent_service.dart:299:19: Error: Too many positional arguments: 1 allowed, but 2 found.
Try removing the extra positional arguments.
    buffer.writeln('5. 综合结果，给出最终回�?);
                  ^
lib/core/services/ai/agent/agent_service.dart:298:19: Error: Too many positional arguments: 1 allowed, but 2 found.
Try removing the extra positional arguments.
    buffer.writeln('4. 如果需要检查问题，调用分析/一致性检查工�?);
                  ^
lib/core/services/ai/agent/agent_service.dart:302:19: Error: Too many positional arguments: 1 allowed, but 2 found.
Try removing the extra positional arguments.
    buffer.writeln('- 每次只调用一个工�?);
                  ^
lib/core/services/ai/agent/agent_service.dart:301:19: Error: Too many positional arguments: 1 allowed, but 2 found.
Try removing the extra positional arguments.
    buffer.writeln('注意事项�?);
                  ^
lib/core/services/ai/agent/agent_service.dart:305:19: Error: Too many positional arguments: 1 allowed, but 2 found.
Try removing the extra positional arguments.
    buffer.writeln('- 最终回复必须是完整的中文内�?);
                  ^
lib/core/services/ai/agent/agent_service.dart:304:19: Error: Too many positional arguments: 1 allowed, but 2 found.
Try removing the extra positional arguments.
    buffer.writeln('- 如果信息不足，先搜索再行�?);
                  ^
lib/core/services/ai/agent/agent_service.dart:308:19: Error: Too many positional arguments: 1 allowed, but 2 found.
Try removing the extra positional arguments.
    buffer.writeln('创建实体后，用自然语言向用户确认创建结果�?);
                  ^
lib/core/services/ai/agent/agent_service.dart:307:19: Error: Too many positional arguments: 1 allowed, but 2 found.
Try removing the extra positional arguments.
    buffer.writeln('当用户要求创建角色、地点、物品、势力、关系、作品、卷、章节或素材时，请直接调用对应的 create_* 工具�?);
                  ^
lib/core/services/ai/agent/agent_service.dart:313:19: Error: Too many positional arguments: 1 allowed, but 2 found.
Try removing the extra positional arguments.
    buffer.writeln('你需要在调用工具前先构思好章节内容，然后一次性传入�?);
                  ^
lib/core/services/ai/agent/agent_service.dart:312:19: Error: Too many positional arguments: 1 allowed, but 2 found.
Try removing the extra positional arguments.
    buffer.writeln('不要创建空章节！content 参数是必填的�?);
                  ^
lib/core/services/ai/agent/agent_service.dart:311:19: Error: Too many positional arguments: 1 allowed, but 2 found.
Try removing the extra positional arguments.
    buffer.writeln('调用 create_chapter 时，必须�?content 参数中传入完整的章节正文内容�?);
                  ^
lib/core/services/ai/agent/agent_service.dart:310:19: Error: Too many positional arguments: 1 allowed, but 2 found.
Try removing the extra positional arguments.
    buffer.writeln('## 创建章节的完整流�?);
                  ^
lib/core/services/ai/agent/agent_service.dart:318:19: Error: Too many positional arguments: 1 allowed, but 2 found.
Try removing the extra positional arguments.
    buffer.writeln('2. **节奏定位**：本章处于故事的什么位置？（开�?铺垫/高潮/过渡/结尾）是否需要提醒用户注意节�?);
                  ^
lib/core/services/ai/agent/agent_service.dart:317:19: Error: Too many positional arguments: 1 allowed, but 2 found.
Try removing the extra positional arguments.
    buffer.writeln('1. **剧情内容**：用户是否描述了本章要发生什么事？如果只�?写第一�?而没给任何剧情方向，应追�?);
                  ^
lib/core/services/ai/agent/agent_service.dart:320:19: Error: Too many positional arguments: 1 allowed, but 2 found.
Try removing the extra positional arguments.
    buffer.writeln('4. **前文衔接**：如果不是第一章，是否有前文上下文可以衔接？如有，先搜索前文内�?);
                  ^
lib/core/services/ai/agent/agent_service.dart:327:19: Error: Too many positional arguments: 1 allowed, but 2 found.
Try removing the extra positional arguments.
    buffer.writeln('但如果用户已经提供了足够的信息（有明确的剧情走向和关键事件），就可以直接创建�?);
                  ^
lib/core/services/ai/agent/agent_service.dart:326:19: Error: Too many positional arguments: 1 allowed, but 2 found.
Try removing the extra positional arguments.
    buffer.writeln('如果用户给了一句话剧情但缺少细节，你可以主动建议补充冲突点、情感转折、悬念钩子等，让章节更丰满�?);
                  ^
lib/core/services/ai/agent/agent_service.dart:325:19: Error: Too many positional arguments: 1 allowed, but 2 found.
Try removing the extra positional arguments.
    buffer.writeln('你应该礼貌地追问关键信息，例如：本章主要事件、涉及角色、情感基调、是否需要结尾钩子等�?);
                  ^
lib/core/services/ai/agent/agent_service.dart:324:19: Error: Too many positional arguments: 1 allowed, but 2 found.
Try removing the extra positional arguments.
    buffer.writeln('如果用户信息不足（如只说"帮我写一�?或剧情过于单薄），不要盲目创建�?);
                  ^
lib/core/services/ai/agent/agent_service.dart:329:19: Error: Too many positional arguments: 1 allowed, but 2 found.
Try removing the extra positional arguments.
    buffer.writeln('## 创建作品时的主题/世界观处理规�?);
                  ^
lib/core/services/ai/agent/agent_service.dart:331:19: Error: Too many positional arguments: 1 allowed, but 2 found.
Try removing the extra positional arguments.
    buffer.writeln('1. 先调�?create_work 创建作品（name 为作品名称，将主题关键词写入 type 字段�?);
                  ^
lib/core/services/ai/agent/agent_service.dart:333:19: Error: Too many positional arguments: 1 allowed, but 2 found.
Try removing the extra positional arguments.
    buffer.writeln('   - title: 「{作品名} 世界观设定�?);
                  ^
lib/core/services/ai/agent/agent_service.dart:337:19: Error: Too many positional arguments: 1 allowed, but 2 found.
Try removing the extra positional arguments.
    buffer.writeln('     �?核心设定与规则体�?);
                  ^
lib/core/services/ai/agent/agent_service.dart:342:19: Error: Too many positional arguments: 1 allowed, but 2 found.
Try removing the extra positional arguments.
    buffer.writeln('   - tags: 提取 3-5 个相关标�?);
                  ^
lib/core/services/ai/agent/agent_service.dart:341:19: Error: Too many positional arguments: 1 allowed, but 2 found.
Try removing the extra positional arguments.
    buffer.writeln('     �?常见剧情模式与套�?);
                  ^
lib/core/services/ai/agent/agent_service.dart:340:19: Error: Too many positional arguments: 1 allowed, but 2 found.
Try removing the extra positional arguments.
    buffer.writeln('     �?典型场景与氛围描�?);
                  ^
lib/core/services/ai/agent/agent_service.dart:339:19: Error: Too many positional arguments: 1 allowed, but 2 found.
Try removing the extra positional arguments.
    buffer.writeln('     �?世界背景与历史概�?);
                  ^
00:00 +0 -1: loading C:/Users/changw98/dev/writing_assistant/test/integration/agent_integration_test.dart [E]
  Failed to load "C:/Users/changw98/dev/writing_assistant/test/integration/agent_integration_test.dart":
  Compilation failed for testPath=C:/Users/changw98/dev/writing_assistant/test/integration/agent_integration_test.dart: lib/core/services/ai/agent/agent_service.dart:132:35: Error: String starting with ' must end with '.
          controller.add(AgentError('没有可用的工�?));
                                    ^^^^^^^^^^^^
  lib/core/services/ai/agent/agent_service.dart:132:34: Error: Can't find ')' to match '('.
          controller.add(AgentError('没有可用的工�?));
                                   ^
  lib/core/services/ai/agent/agent_service.dart:132:23: Error: Can't find ')' to match '('.
          controller.add(AgentError('没有可用的工�?));
                        ^
  lib/core/services/ai/agent/agent_service.dart:200:53: Error: String starting with ' must end with '.
                  ToolResult.fail('工具 ${toolCall.name} 不存�?),
                                                      ^^^^^^^
  lib/core/services/ai/agent/agent_service.dart:204:50: Error: String starting with ' must end with '.
                  content: '错误: 工具 ${toolCall.name} 不存�?,
                                                   ^^^^^^
  lib/core/services/ai/agent/agent_service.dart:199:29: Error: Can't find ')' to match '('.
                controller.add(AgentObservation(
                              ^
  lib/core/services/ai/agent/agent_service.dart:286:20: Error: String starting with ' must end with '.
      buffer.writeln('你是一位专业的小说写作助手 Agent�?);
                     ^^^^^^^^^^^^^^^^^^^^^^^^
  lib/core/services/ai/agent/agent_service.dart:287:20: Error: String starting with ' must end with '.
      buffer.writeln('你可以使用工具来完成任务，也可以直接回复用户�?);
                     ^^^^^^^^^^^^^^^^^^^^^^^^^^^
  lib/core/services/ai/agent/agent_service.dart:291:22: Error: String starting with ' must end with '.
        buffer.writeln('当前没有选中作品。如果用户需要操作特定作品（如创建章节、角色等），请先调用 list_works 查看所有作品并获取�?ID�?);
                       ^^^^^^^^^^^^^^^^^^^^^^^^^^^^^^^^^^^^^^^^^^^^^^^^^^^^^^^^^^^^^^^^^^^
  lib/core/services/ai/agent/agent_service.dart:291:21: Error: Can't find ')' to match '('.
        buffer.writeln('当前没有选中作品。如果用户需要操作特定作品（如创建章节、角色等），请先调用 list_works 查看所有作品并获取�?ID�?);
                      ^
  lib/core/services/ai/agent/agent_service.dart:294:20: Error: String starting with ' must end with '.
      buffer.writeln('工作流程�?);
                     ^^^^^^^^^
  lib/core/services/ai/agent/agent_service.dart:295:20: Error: String starting with ' must end with '.
      buffer.writeln('1. 分析用户需�?);
                     ^^^^^^^^^^^^^
  lib/core/services/ai/agent/agent_service.dart:298:20: Error: String starting with ' must end with '.
      buffer.writeln('4. 如果需要检查问题，调用分析/一致性检查工�?);
                     ^^^^^^^^^^^^^^^^^^^^^^^^^^^^
  lib/core/services/ai/agent/agent_service.dart:299:20: Error: String starting with ' must end with '.
      buffer.writeln('5. 综合结果，给出最终回�?);
                     ^^^^^^^^^^^^^^^^^^
  lib/core/services/ai/agent/agent_service.dart:301:20: Error: String starting with ' must end with '.
      buffer.writeln('注意事项�?);
                     ^^^^^^^^^
  lib/core/services/ai/agent/agent_service.dart:302:20: Error: String starting with ' must end with '.
      buffer.writeln('- 每次只调用一个工�?);
                     ^^^^^^^^^^^^^^^
  lib/core/services/ai/agent/agent_service.dart:304:20: Error: String starting with ' must end with '.
      buffer.writeln('- 如果信息不足，先搜索再行�?);
                     ^^^^^^^^^^^^^^^^^^^
  lib/core/services/ai/agent/agent_service.dart:305:20: Error: String starting with ' must end with '.
      buffer.writeln('- 最终回复必须是完整的中文内�?);
                     ^^^^^^^^^^^^^^^^^^^^
  lib/core/services/ai/agent/agent_service.dart:307:20: Error: String starting with ' must end with '.
      buffer.writeln('当用户要求创建角色、地点、物品、势力、关系、作品、卷、章节或素材时，请直接调用对应的 create_* 工具�?);
                     ^^^^^^^^^^^^^^^^^^^^^^^^^^^^^^^^^^^^^^^^^^^^^^^^^^^^^^^^^^^
  lib/core/services/ai/agent/agent_service.dart:308:20: Error: String starting with ' must end with '.
      buffer.writeln('创建实体后，用自然语言向用户确认创建结果�?);
                     ^^^^^^^^^^^^^^^^^^^^^^^^^
  lib/core/services/ai/agent/agent_service.dart:310:20: Error: String starting with ' must end with '.
      buffer.writeln('## 创建章节的完整流�?);
                     ^^^^^^^^^^^^^^^^
  lib/core/services/ai/agent/agent_service.dart:311:20: Error: String starting with ' must end with '.
      buffer.writeln('调用 create_chapter 时，必须�?content 参数中传入完整的章节正文内容�?);
                     ^^^^^^^^^^^^^^^^^^^^^^^^^^^^^^^^^^^^^^^^^^^^^^^^^^^
  lib/core/services/ai/agent/agent_service.dart:312:20: Error: String starting with ' must end with '.
      buffer.writeln('不要创建空章节！content 参数是必填的�?);
                     ^^^^^^^^^^^^^^^^^^^^^^^^^^^
  lib/core/services/ai/agent/agent_service.dart:313:20: Error: String starting with ' must end with '.
      buffer.writeln('你需要在调用工具前先构思好章节内容，然后一次性传入�?);
                     ^^^^^^^^^^^^^^^^^^^^^^^^^^^^^^
  lib/core/services/ai/agent/agent_service.dart:317:20: Error: String starting with ' must end with '.
      buffer.writeln('1. **剧情内容**：用户是否描述了本章要发生什么事？如果只�?写第一�?而没给任何剧情方向，应追�?);
                     ^^^^^^^^^^^^^^^^^^^^^^^^^^^^^^^^^^^^^^^^^^^^^^^^^^^^^^^
  lib/core/services/ai/agent/agent_service.dart:318:20: Error: String starting with ' must end with '.
      buffer.writeln('2. **节奏定位**：本章处于故事的什么位置？（开�?铺垫/高潮/过渡/结尾）是否需要提醒用户注意节�?);
                     ^^^^^^^^^^^^^^^^^^^^^^^^^^^^^^^^^^^^^^^^^^^^^^^^^^^^^^^^
  lib/core/services/ai/agent/agent_service.dart:320:20: Error: String starting with ' must end with '.
      buffer.writeln('4. **前文衔接**：如果不是第一章，是否有前文上下文可以衔接？如有，先搜索前文内�?);
                     ^^^^^^^^^^^^^^^^^^^^^^^^^^^^^^^^^^^^^^^^^^^^^^^
  lib/core/services/ai/agent/agent_service.dart:324:20: Error: String starting with ' must end with '.
      buffer.writeln('如果用户信息不足（如只说"帮我写一�?或剧情过于单薄），不要盲目创建�?);
                     ^^^^^^^^^^^^^^^^^^^^^^^^^^^^^^^^^^^^^^^
  lib/core/services/ai/agent/agent_service.dart:325:20: Error: String starting with ' must end with '.
      buffer.writeln('你应该礼貌地追问关键信息，例如：本章主要事件、涉及角色、情感基调、是否需要结尾钩子等�?);
                     ^^^^^^^^^^^^^^^^^^^^^^^^^^^^^^^^^^^^^^^^^^^^^^^
  lib/core/services/ai/agent/agent_service.dart:326:20: Error: String starting with ' must end with '.
      buffer.writeln('如果用户给了一句话剧情但缺少细节，你可以主动建议补充冲突点、情感转折、悬念钩子等，让章节更丰满�?);
                     ^^^^^^^^^^^^^^^^^^^^^^^^^^^^^^^^^^^^^^^^^^^^^^^^^^^^
  lib/core/services/ai/agent/agent_service.dart:327:20: Error: String starting with ' must end with '.
      buffer.writeln('但如果用户已经提供了足够的信息（有明确的剧情走向和关键事件），就可以直接创建�?);
                     ^^^^^^^^^^^^^^^^^^^^^^^^^^^^^^^^^^^^^^^^^^^
  lib/core/services/ai/agent/agent_service.dart:329:20: Error: String starting with ' must end with '.
      buffer.writeln('## 创建作品时的主题/世界观处理规�?);
                     ^^^^^^^^^^^^^^^^^^^^^^^
  lib/core/services/ai/agent/agent_service.dart:331:20: Error: String starting with ' must end with '.
      buffer.writeln('1. 先调�?create_work 创建作品（name 为作品名称，将主题关键词写入 type 字段�?);
                     ^^^^^^^^^^^^^^^^^^^^^^^^^^^^^^^^^^^^^^^^^^^^^^^^^^^^^^^^
  lib/core/services/ai/agent/agent_service.dart:333:20: Error: String starting with ' must end with '.
      buffer.writeln('   - title: 「{作品名} 世界观设定�?);
                     ^^^^^^^^^^^^^^^^^^^^^^^^^^^^^
  lib/core/services/ai/agent/agent_service.dart:337:20: Error: String starting with ' must end with '.
      buffer.writeln('     �?核心设定与规则体�?);
                     ^^^^^^^^^^^^^^^^^^^^
  lib/core/services/ai/agent/agent_service.dart:339:20: Error: String starting with ' must end with '.
      buffer.writeln('     �?世界背景与历史概�?);
                     ^^^^^^^^^^^^^^^^^^^^
  lib/core/services/ai/agent/agent_service.dart:340:20: Error: String starting with ' must end with '.
      buffer.writeln('     �?典型场景与氛围描�?);
                     ^^^^^^^^^^^^^^^^^^^^
  lib/core/services/ai/agent/agent_service.dart:341:20: Error: String starting with ' must end with '.
      buffer.writeln('     �?常见剧情模式与套�?);
                     ^^^^^^^^^^^^^^^^^^^^
  lib/core/services/ai/agent/agent_service.dart:342:20: Error: String starting with ' must end with '.
      buffer.writeln('   - tags: 提取 3-5 个相关标�?);
                     ^^^^^^^^^^^^^^^^^^^^^^^^^^^
  lib/core/services/ai/agent/agent_service.dart:343:20: Error: String starting with ' must end with '.
      buffer.writeln('3. 用自然语言向用户确认：作品已创建，并已根据主题自动生成世界观设�?);
                     ^^^^^^^^^^^^^^^^^^^^^^^^^^^^^^^^^^^^^^^
  lib/core/services/ai/agent/agent_service.dart:343:19: Error: Can't find ')' to match '('.
      buffer.writeln('3. 用自然语言向用户确认：作品已创建，并已根据主题自动生成世界观设�?);
                    ^
  lib/core/services/ai/agent/agent_service.dart:342:19: Error: Can't find ')' to match '('.
      buffer.writeln('   - tags: 提取 3-5 个相关标�?);
                    ^
  lib/core/services/ai/agent/agent_service.dart:341:19: Error: Can't find ')' to match '('.
      buffer.writeln('     �?常见剧情模式与套�?);
                    ^
  lib/core/services/ai/agent/agent_service.dart:340:19: Error: Can't find ')' to match '('.
      buffer.writeln('     �?典型场景与氛围描�?);
                    ^
  lib/core/services/ai/agent/agent_service.dart:339:19: Error: Can't find ')' to match '('.
      buffer.writeln('     �?世界背景与历史概�?);
                    ^
  lib/core/services/ai/agent/agent_service.dart:337:19: Error: Can't find ')' to match '('.
      buffer.writeln('     �?核心设定与规则体�?);
                    ^
  lib/core/services/ai/agent/agent_service.dart:333:19: Error: Can't find ')' to match '('.
      buffer.writeln('   - title: 「{作品名} 世界观设定�?);
                    ^
  lib/core/services/ai/agent/agent_service.dart:331:19: Error: Can't find ')' to match '('.
      buffer.writeln('1. 先调�?create_work 创建作品（name 为作品名称，将主题关键词写入 type 字段�?);
                    ^
  lib/core/services/ai/agent/agent_service.dart:329:19: Error: Can't find ')' to match '('.
      buffer.writeln('## 创建作品时的主题/世界观处理规�?);
                    ^
  lib/core/services/ai/agent/agent_service.dart:327:19: Error: Can't find ')' to match '('.
      buffer.writeln('但如果用户已经提供了足够的信息（有明确的剧情走向和关键事件），就可以直接创建�?);
                    ^
  lib/core/services/ai/agent/agent_service.dart:326:19: Error: Can't find ')' to match '('.
      buffer.writeln('如果用户给了一句话剧情但缺少细节，你可以主动建议补充冲突点、情感转折、悬念钩子等，让章节更丰满�?);
                    ^
  lib/core/services/ai/agent/agent_service.dart:325:19: Error: Can't find ')' to match '('.
      buffer.writeln('你应该礼貌地追问关键信息，例如：本章主要事件、涉及角色、情感基调、是否需要结尾钩子等�?);
                    ^
  lib/core/services/ai/agent/agent_service.dart:324:19: Error: Can't find ')' to match '('.
      buffer.writeln('如果用户信息不足（如只说"帮我写一�?或剧情过于单薄），不要盲目创建�?);
                    ^
  lib/core/services/ai/agent/agent_service.dart:320:19: Error: Can't find ')' to match '('.
      buffer.writeln('4. **前文衔接**：如果不是第一章，是否有前文上下文可以衔接？如有，先搜索前文内�?);
                    ^
  lib/core/services/ai/agent/agent_service.dart:318:19: Error: Can't find ')' to match '('.
      buffer.writeln('2. **节奏定位**：本章处于故事的什么位置？（开�?铺垫/高潮/过渡/结尾）是否需要提醒用户注意节�?);
                    ^
  lib/core/services/ai/agent/agent_service.dart:317:19: Error: Can't find ')' to match '('.
      buffer.writeln('1. **剧情内容**：用户是否描述了本章要发生什么事？如果只�?写第一�?而没给任何剧情方向，应追�?);
                    ^
  lib/core/services/ai/agent/agent_service.dart:313:19: Error: Can't find ')' to match '('.
      buffer.writeln('你需要在调用工具前先构思好章节内容，然后一次性传入�?);
                    ^
  lib/core/services/ai/agent/agent_service.dart:312:19: Error: Can't find ')' to match '('.
      buffer.writeln('不要创建空章节！content 参数是必填的�?);
                    ^
  lib/core/services/ai/agent/agent_service.dart:311:19: Error: Can't find ')' to match '('.
      buffer.writeln('调用 create_chapter 时，必须�?content 参数中传入完整的章节正文内容�?);
                    ^
  lib/core/services/ai/agent/agent_service.dart:310:19: Error: Can't find ')' to match '('.
      buffer.writeln('## 创建章节的完整流�?);
                    ^
  lib/core/services/ai/agent/agent_service.dart:308:19: Error: Can't find ')' to match '('.
      buffer.writeln('创建实体后，用自然语言向用户确认创建结果�?);
                    ^
  lib/core/services/ai/agent/agent_service.dart:307:19: Error: Can't find ')' to match '('.
      buffer.writeln('当用户要求创建角色、地点、物品、势力、关系、作品、卷、章节或素材时，请直接调用对应的 create_* 工具�?);
                    ^
  lib/core/services/ai/agent/agent_service.dart:305:19: Error: Can't find ')' to match '('.
      buffer.writeln('- 最终回复必须是完整的中文内�?);
                    ^
  lib/core/services/ai/agent/agent_service.dart:304:19: Error: Can't find ')' to match '('.
      buffer.writeln('- 如果信息不足，先搜索再行�?);
                    ^
  lib/core/services/ai/agent/agent_service.dart:302:19: Error: Can't find ')' to match '('.
      buffer.writeln('- 每次只调用一个工�?);
                    ^
  lib/core/services/ai/agent/agent_service.dart:301:19: Error: Can't find ')' to match '('.
      buffer.writeln('注意事项�?);
                    ^
  lib/core/services/ai/agent/agent_service.dart:299:19: Error: Can't find ')' to match '('.
      buffer.writeln('5. 综合结果，给出最终回�?);
                    ^
  lib/core/services/ai/agent/agent_service.dart:298:19: Error: Can't find ')' to match '('.
      buffer.writeln('4. 如果需要检查问题，调用分析/一致性检查工�?);
                    ^
  lib/core/services/ai/agent/agent_service.dart:295:19: Error: Can't find ')' to match '('.
      buffer.writeln('1. 分析用户需�?);
                    ^
  lib/core/services/ai/agent/agent_service.dart:294:19: Error: Can't find ')' to match '('.
      buffer.writeln('工作流程�?);
                    ^
  lib/core/services/ai/agent/agent_service.dart:287:19: Error: Can't find ')' to match '('.
      buffer.writeln('你可以使用工具来完成任务，也可以直接回复用户�?);
                    ^
  lib/core/services/ai/agent/agent_service.dart:286:19: Error: Can't find ')' to match '('.
      buffer.writeln('你是一位专业的小说写作助手 Agent�?);
                    ^
  lib/core/services/ai/agent/agent_service.dart:133:9: Error: Expected ',' before this.
          await controller.close();
          ^^^^^
  lib/core/services/ai/agent/agent_service.dart:132:34: Error: Too many positional arguments: 1 allowed, but 2 found.
  Try removing the extra positional arguments.
          controller.add(AgentError('没有可用的工�?));
                                   ^
  lib/core/services/ai/agent/agent_service.dart:54:3: Context: Found this candidate, but the arguments don't match.
    AgentError(this.error);
    ^^^^^^^^^^
  lib/core/services/ai/agent/agent_service.dart:205:17: Error: Expected ',' before this.
                  toolCallId: toolCall.id,
                  ^^^^^^^^^^
  lib/core/services/ai/agent/agent_service.dart:287:5: Error: Expected ',' before this.
      buffer.writeln('你可以使用工具来完成任务，也可以直接回复用户�?);
      ^^^^^^
  lib/core/services/ai/agent/agent_service.dart:287:20: Error: Expected ';' after this.
      buffer.writeln('你可以使用工具来完成任务，也可以直接回复用户�?);
                     ^^^^^^^^^^^^^^^^^^^^^^^^^^^
  lib/core/services/ai/agent/agent_service.dart:291:22: Error: Expected ';' after this.
        buffer.writeln('当前没有选中作品。如果用户需要操作特定作品（如创建章节、角色等），请先调用 list_works 查看所有作品并获取�?ID�?);
                       ^^^^^^^^^^^^^^^^^^^^^^^^^^^^^^^^^^^^^^^^^^^^^^^^^^^^^^^^^^^^^^^^^^^
  lib/core/services/ai/agent/agent_service.dart:295:5: Error: Expected ',' before this.
      buffer.writeln('1. 分析用户需�?);
      ^^^^^^
  lib/core/services/ai/agent/agent_service.dart:296:5: Error: Expected ',' before this.
      buffer.writeln('2. 如果需要信息，调用搜索工具');
      ^^^^^^
  lib/core/services/ai/agent/agent_service.dart:299:5: Error: Expected ',' before this.
      buffer.writeln('5. 综合结果，给出最终回�?);
      ^^^^^^
  lib/core/services/ai/agent/agent_service.dart:300:5: Error: Expected ',' before this.
      buffer.writeln();
      ^^^^^^
  lib/core/services/ai/agent/agent_service.dart:302:5: Error: Expected ',' before this.
      buffer.writeln('- 每次只调用一个工�?);
      ^^^^^^
  lib/core/services/ai/agent/agent_service.dart:303:5: Error: Expected ',' before this.
      buffer.writeln('- 如果不知道作�?ID 或卷 ID，先调用 list_works / list_volumes 获取');
      ^^^^^^
  lib/core/services/ai/agent/agent_service.dart:305:5: Error: Expected ',' before this.
      buffer.writeln('- 最终回复必须是完整的中文内�?);
      ^^^^^^
  lib/core/services/ai/agent/agent_service.dart:306:5: Error: Expected ',' before this.
      buffer.writeln();
      ^^^^^^
  lib/core/services/ai/agent/agent_service.dart:308:5: Error: Expected ',' before this.
      buffer.writeln('创建实体后，用自然语言向用户确认创建结果�?);
      ^^^^^^
  lib/core/services/ai/agent/agent_service.dart:309:5: Error: Expected ',' before this.
      buffer.writeln();
      ^^^^^^
  lib/core/services/ai/agent/agent_service.dart:311:5: Error: Expected ',' before this.
      buffer.writeln('调用 create_chapter 时，必须�?content 参数中传入完整的章节正文内容�?);
      ^^^^^^
  lib/core/services/ai/agent/agent_service.dart:312:5: Error: Expected ',' before this.
      buffer.writeln('不要创建空章节！content 参数是必填的�?);
      ^^^^^^
  lib/core/services/ai/agent/agent_service.dart:313:5: Error: Expected ',' before this.
      buffer.writeln('你需要在调用工具前先构思好章节内容，然后一次性传入�?);
      ^^^^^^
  lib/core/services/ai/agent/agent_service.dart:314:5: Error: Expected ',' before this.
      buffer.writeln();
      ^^^^^^
  lib/core/services/ai/agent/agent_service.dart:318:5: Error: Expected ',' before this.
      buffer.writeln('2. **节奏定位**：本章处于故事的什么位置？（开�?铺垫/高潮/过渡/结尾）是否需要提醒用户注意节�?);
      ^^^^^^
  lib/core/services/ai/agent/agent_service.dart:319:5: Error: Expected ',' before this.
      buffer.writeln('3. **钩子/悬念**：本章结尾是否需要留下悬念或钩子引导读者继续阅读？');
      ^^^^^^
  lib/core/services/ai/agent/agent_service.dart:321:5: Error: Expected ',' before this.
      buffer.writeln('5. **事件丰富�?*：用户提供的剧情是否足够展开为一整章？是否只有一句话概括而缺少具体事件、冲突、转折？');
      ^^^^^^
  lib/core/services/ai/agent/agent_service.dart:325:5: Error: Expected ',' before this.
      buffer.writeln('你应该礼貌地追问关键信息，例如：本章主要事件、涉及角色、情感基调、是否需要结尾钩子等�?);
      ^^^^^^
  lib/core/services/ai/agent/agent_service.dart:326:5: Error: Expected ',' before this.
      buffer.writeln('如果用户给了一句话剧情但缺少细节，你可以主动建议补充冲突点、情感转折、悬念钩子等，让章节更丰满�?);
      ^^^^^^
  lib/core/services/ai/agent/agent_service.dart:327:5: Error: Expected ',' before this.
      buffer.writeln('但如果用户已经提供了足够的信息（有明确的剧情走向和关键事件），就可以直接创建�?);
      ^^^^^^
  lib/core/services/ai/agent/agent_service.dart:328:5: Error: Expected ',' before this.
      buffer.writeln();
      ^^^^^^
  lib/core/services/ai/agent/agent_service.dart:330:5: Error: Expected ',' before this.
      buffer.writeln('当用户创建作品并附带「主题」「题材」「类型」「世界观」「风格」等描述时，你必须执行以下步骤：');
      ^^^^^^
  lib/core/services/ai/agent/agent_service.dart:332:5: Error: Expected ',' before this.
      buffer.writeln('2. 紧接着调用 create_inspiration，参数如下：');
      ^^^^^^
  lib/core/services/ai/agent/agent_service.dart:334:5: Error: Expected ',' before this.
      buffer.writeln('   - category: "worldbuilding"');
      ^^^^^^
  lib/core/services/ai/agent/agent_service.dart:338:5: Error: Expected ',' before this.
      buffer.writeln('     �?力量体系/等级划分');
      ^^^^^^
  lib/core/services/ai/agent/agent_service.dart:340:5: Error: Expected ',' before this.
      buffer.writeln('     �?典型场景与氛围描�?);
      ^^^^^^
  lib/core/services/ai/agent/agent_service.dart:341:5: Error: Expected ',' before this.
      buffer.writeln('     �?常见剧情模式与套�?);
      ^^^^^^
  lib/core/services/ai/agent/agent_service.dart:342:5: Error: Expected ',' before this.
      buffer.writeln('   - tags: 提取 3-5 个相关标�?);
      ^^^^^^
  lib/core/services/ai/agent/agent_service.dart:343:5: Error: Expected ',' before this.
      buffer.writeln('3. 用自然语言向用户确认：作品已创建，并已根据主题自动生成世界观设�?);
      ^^^^^^
  lib/core/services/ai/agent/agent_service.dart:343:20: Error: Expected ';' after this.
      buffer.writeln('3. 用自然语言向用户确认：作品已创建，并已根据主题自动生成世界观设�?);
                     ^^^^^^^^^^^^^^^^^^^^^^^^^^^^^^^^^^^^^^^
  lib/core/services/ai/agent/agent_service.dart:286:19: Error: Too many positional arguments: 1 allowed, but 2 found.
  Try removing the extra positional arguments.
      buffer.writeln('你是一位专业的小说写作助手 Agent�?);
                    ^
  lib/core/services/ai/agent/agent_service.dart:295:19: Error: Too many positional arguments: 1 allowed, but 2 found.
  Try removing the extra positional arguments.
      buffer.writeln('1. 分析用户需�?);
                    ^
  lib/core/services/ai/agent/agent_service.dart:294:19: Error: Too many positional arguments: 1 allowed, but 2 found.
  Try removing the extra positional arguments.
      buffer.writeln('工作流程�?);
                    ^
  lib/core/services/ai/agent/agent_service.dart:299:19: Error: Too many positional arguments: 1 allowed, but 2 found.
  Try removing the extra positional arguments.
      buffer.writeln('5. 综合结果，给出最终回�?);
                    ^
  lib/core/services/ai/agent/agent_service.dart:298:19: Error: Too many positional arguments: 1 allowed, but 2 found.
  Try removing the extra positional arguments.
      buffer.writeln('4. 如果需要检查问题，调用分析/一致性检查工�?);
                    ^
  lib/core/services/ai/agent/agent_service.dart:302:19: Error: Too many positional arguments: 1 allowed, but 2 found.
  Try removing the extra positional arguments.
      buffer.writeln('- 每次只调用一个工�?);
                    ^
  lib/core/services/ai/agent/agent_service.dart:301:19: Error: Too many positional arguments: 1 allowed, but 2 found.
  Try removing the extra positional arguments.
      buffer.writeln('注意事项�?);
                    ^
  lib/core/services/ai/agent/agent_service.dart:305:19: Error: Too many positional arguments: 1 allowed, but 2 found.
  Try removing the extra positional arguments.
      buffer.writeln('- 最终回复必须是完整的中文内�?);
                    ^
  lib/core/services/ai/agent/agent_service.dart:304:19: Error: Too many positional arguments: 1 allowed, but 2 found.
  Try removing the extra positional arguments.
      buffer.writeln('- 如果信息不足，先搜索再行�?);
                    ^
  lib/core/services/ai/agent/agent_service.dart:308:19: Error: Too many positional arguments: 1 allowed, but 2 found.
  Try removing the extra positional arguments.
      buffer.writeln('创建实体后，用自然语言向用户确认创建结果�?);
                    ^
  lib/core/services/ai/agent/agent_service.dart:307:19: Error: Too many positional arguments: 1 allowed, but 2 found.
  Try removing the extra positional arguments.
      buffer.writeln('当用户要求创建角色、地点、物品、势力、关系、作品、卷、章节或素材时，请直接调用对应的 create_* 工具�?);
                    ^
  lib/core/services/ai/agent/agent_service.dart:313:19: Error: Too many positional arguments: 1 allowed, but 2 found.
  Try removing the extra positional arguments.
      buffer.writeln('你需要在调用工具前先构思好章节内容，然后一次性传入�?);
                    ^
  lib/core/services/ai/agent/agent_service.dart:312:19: Error: Too many positional arguments: 1 allowed, but 2 found.
  Try removing the extra positional arguments.
      buffer.writeln('不要创建空章节！content 参数是必填的�?);
                    ^
  lib/core/services/ai/agent/agent_service.dart:311:19: Error: Too many positional arguments: 1 allowed, but 2 found.
  Try removing the extra positional arguments.
      buffer.writeln('调用 create_chapter 时，必须�?content 参数中传入完整的章节正文内容�?);
                    ^
  lib/core/services/ai/agent/agent_service.dart:310:19: Error: Too many positional arguments: 1 allowed, but 2 found.
  Try removing the extra positional arguments.
      buffer.writeln('## 创建章节的完整流�?);
                    ^
  lib/core/services/ai/agent/agent_service.dart:318:19: Error: Too many positional arguments: 1 allowed, but 2 found.
  Try removing the extra positional arguments.
      buffer.writeln('2. **节奏定位**：本章处于故事的什么位置？（开�?铺垫/高潮/过渡/结尾）是否需要提醒用户注意节�?);
                    ^
  lib/core/services/ai/agent/agent_service.dart:317:19: Error: Too many positional arguments: 1 allowed, but 2 found.
  Try removing the extra positional arguments.
      buffer.writeln('1. **剧情内容**：用户是否描述了本章要发生什么事？如果只�?写第一�?而没给任何剧情方向，应追�?);
                    ^
  lib/core/services/ai/agent/agent_service.dart:320:19: Error: Too many positional arguments: 1 allowed, but 2 found.
  Try removing the extra positional arguments.
      buffer.writeln('4. **前文衔接**：如果不是第一章，是否有前文上下文可以衔接？如有，先搜索前文内�?);
                    ^
  lib/core/services/ai/agent/agent_service.dart:327:19: Error: Too many positional arguments: 1 allowed, but 2 found.
  Try removing the extra positional arguments.
      buffer.writeln('但如果用户已经提供了足够的信息（有明确的剧情走向和关键事件），就可以直接创建�?);
                    ^
  lib/core/services/ai/agent/agent_service.dart:326:19: Error: Too many positional arguments: 1 allowed, but 2 found.
  Try removing the extra positional arguments.
      buffer.writeln('如果用户给了一句话剧情但缺少细节，你可以主动建议补充冲突点、情感转折、悬念钩子等，让章节更丰满�?);
                    ^
  lib/core/services/ai/agent/agent_service.dart:325:19: Error: Too many positional arguments: 1 allowed, but 2 found.
  Try removing the extra positional arguments.
      buffer.writeln('你应该礼貌地追问关键信息，例如：本章主要事件、涉及角色、情感基调、是否需要结尾钩子等�?);
                    ^
  lib/core/services/ai/agent/agent_service.dart:324:19: Error: Too many positional arguments: 1 allowed, but 2 found.
  Try removing the extra positional arguments.
      buffer.writeln('如果用户信息不足（如只说"帮我写一�?或剧情过于单薄），不要盲目创建�?);
                    ^
  lib/core/services/ai/agent/agent_service.dart:329:19: Error: Too many positional arguments: 1 allowed, but 2 found.
  Try removing the extra positional arguments.
      buffer.writeln('## 创建作品时的主题/世界观处理规�?);
                    ^
  lib/core/services/ai/agent/agent_service.dart:331:19: Error: Too many positional arguments: 1 allowed, but 2 found.
  Try removing the extra positional arguments.
      buffer.writeln('1. 先调�?create_work 创建作品（name 为作品名称，将主题关键词写入 type 字段�?);
                    ^
  lib/core/services/ai/agent/agent_service.dart:333:19: Error: Too many positional arguments: 1 allowed, but 2 found.
  Try removing the extra positional arguments.
      buffer.writeln('   - title: 「{作品名} 世界观设定�?);
                    ^
  lib/core/services/ai/agent/agent_service.dart:337:19: Error: Too many positional arguments: 1 allowed, but 2 found.
  Try removing the extra positional arguments.
      buffer.writeln('     �?核心设定与规则体�?);
                    ^
  lib/core/services/ai/agent/agent_service.dart:342:19: Error: Too many positional arguments: 1 allowed, but 2 found.
  Try removing the extra positional arguments.
      buffer.writeln('   - tags: 提取 3-5 个相关标�?);
                    ^
  lib/core/services/ai/agent/agent_service.dart:341:19: Error: Too many positional arguments: 1 allowed, but 2 found.
  Try removing the extra positional arguments.
      buffer.writeln('     �?常见剧情模式与套�?);
                    ^
  lib/core/services/ai/agent/agent_service.dart:340:19: Error: Too many positional arguments: 1 allowed, but 2 found.
  Try removing the extra positional arguments.
      buffer.writeln('     �?典型场景与氛围描�?);
                    ^
  lib/core/services/ai/agent/agent_service.dart:339:19: Error: Too many positional arguments: 1 allowed, but 2 found.
  Try removing the extra positional arguments.
      buffer.writeln('     �?世界背景与历史概�?);
                    ^
  .
00:00 +0 -2: loading C:/Users/changw98/dev/writing_assistant/test/driver/full_workflow_test.dart [E]
  Error: The Dart compiler exited unexpectedly.
  package:flutter_tools/src/base/common.dart 34:3  throwToolExit
  package:flutter_tools/src/compile.dart 939:11    DefaultResidentCompiler._compile.<fn>
  dart:async/zone_root.dart 48:47                  _rootRunUnary
  dart:async/zone.dart 733:19                      _CustomZone.runUnary
  dart:async/future_impl.dart 948:45               Future._propagateToListeners.handleValueCallback
  dart:async/future_impl.dart 977:13               Future._propagateToListeners
  dart:async/future_impl.dart 862:9                Future._propagateToListeners
  dart:async/future_impl.dart 720:5                Future._completeWithValue
  dart:async/future_impl.dart 804:7                Future._asyncCompleteWithValue.<fn>
  dart:async/zone_root.dart 35:13                  _rootRun
  dart:async/zone.dart 726:19                      _CustomZone.run
  dart:async/zone.dart 625:7                       _CustomZone.runGuarded
  dart:async/zone.dart 666:23                      _CustomZone.bindCallbackGuarded.<fn>
  dart:async/schedule_microtask.dart 40:35         _microtaskLoop
  dart:async/schedule_microtask.dart 49:5          _startMicrotaskLoop
  dart:isolate-patch/isolate_patch.dart 127:13     _runPendingImmediateCallback
  dart:isolate-patch/isolate_patch.dart 194:5      _RawReceivePort._handleMessage
  
00:00 +0 -2: C:/Users/changw98/dev/writing_assistant/test/driver/full_workflow_test.dart: 完整 AI 小说创作全流程 (setUpAll)
00:00 +0 -3: C:/Users/changw98/dev/writing_assistant/test/driver/full_workflow_test.dart: 完整 AI 小说创作全流程 (setUpAll) [E]
  DriverError: Could not determine URL to connect to application.
  Either the VM_SERVICE_URL environment variable should be set, or an explicit URL should be provided to the FlutterDriver.connect() method.
  
  package:flutter_driver/src/driver/vmservice_driver.dart 81:7  VMServiceFlutterDriver.connect
  package:flutter_driver/src/driver/driver.dart 172:35          FlutterDriver.connect
  test\driver\full_workflow_test.dart 12:36                     main.<fn>.<fn>
  
00:00 +0 -3: C:/Users/changw98/dev/writing_assistant/test/driver/full_workflow_test.dart: 完整 AI 小说创作全流程 (tearDownAll)
00:00 +0 -4: C:/Users/changw98/dev/writing_assistant/test/driver/full_workflow_test.dart: 完整 AI 小说创作全流程 (tearDownAll) [E]
  LateInitializationError: Local 'driver' has not been initialized.
  dart:_internal                       LateError._throwLocalNotInitialized
  test\driver\full_workflow_test.dart  main.<fn>.<fn>
  
lib/core/services/ai/agent/agent_service.dart:132:35: Error: String starting with ' must end with '.
        controller.add(AgentError('没有可用的工�?));
                                  ^^^^^^^^^^^^
lib/core/services/ai/agent/agent_service.dart:132:34: Error: Can't find ')' to match '('.
        controller.add(AgentError('没有可用的工�?));
                                 ^
lib/core/services/ai/agent/agent_service.dart:132:23: Error: Can't find ')' to match '('.
        controller.add(AgentError('没有可用的工�?));
                      ^
lib/core/services/ai/agent/agent_service.dart:200:53: Error: String starting with ' must end with '.
                ToolResult.fail('工具 ${toolCall.name} 不存�?),
                                                    ^^^^^^^
lib/core/services/ai/agent/agent_service.dart:204:50: Error: String starting with ' must end with '.
                content: '错误: 工具 ${toolCall.name} 不存�?,
                                                 ^^^^^^
lib/core/services/ai/agent/agent_service.dart:199:29: Error: Can't find ')' to match '('.
              controller.add(AgentObservation(
                            ^
lib/core/services/ai/agent/agent_service.dart:286:20: Error: String starting with ' must end with '.
    buffer.writeln('你是一位专业的小说写作助手 Agent�?);
                   ^^^^^^^^^^^^^^^^^^^^^^^^
lib/core/services/ai/agent/agent_service.dart:287:20: Error: String starting with ' must end with '.
    buffer.writeln('你可以使用工具来完成任务，也可以直接回复用户�?);
                   ^^^^^^^^^^^^^^^^^^^^^^^^^^^
lib/core/services/ai/agent/agent_service.dart:291:22: Error: String starting with ' must end with '.
      buffer.writeln('当前没有选中作品。如果用户需要操作特定作品（如创建章节、角色等），请先调用 list_works 查看所有作品并获取�?ID�?);
                     ^^^^^^^^^^^^^^^^^^^^^^^^^^^^^^^^^^^^^^^^^^^^^^^^^^^^^^^^^^^^^^^^^^^
lib/core/services/ai/agent/agent_service.dart:291:21: Error: Can't find ')' to match '('.
      buffer.writeln('当前没有选中作品。如果用户需要操作特定作品（如创建章节、角色等），请先调用 list_works 查看所有作品并获取�?ID�?);
                    ^
lib/core/services/ai/agent/agent_service.dart:294:20: Error: String starting with ' must end with '.
    buffer.writeln('工作流程�?);
                   ^^^^^^^^^
lib/core/services/ai/agent/agent_service.dart:295:20: Error: String starting with ' must end with '.
    buffer.writeln('1. 分析用户需�?);
                   ^^^^^^^^^^^^^
lib/core/services/ai/agent/agent_service.dart:298:20: Error: String starting with ' must end with '.
    buffer.writeln('4. 如果需要检查问题，调用分析/一致性检查工�?);
                   ^^^^^^^^^^^^^^^^^^^^^^^^^^^^
lib/core/services/ai/agent/agent_service.dart:299:20: Error: String starting with ' must end with '.
    buffer.writeln('5. 综合结果，给出最终回�?);
                   ^^^^^^^^^^^^^^^^^^
lib/core/services/ai/agent/agent_service.dart:301:20: Error: String starting with ' must end with '.
    buffer.writeln('注意事项�?);
                   ^^^^^^^^^
lib/core/services/ai/agent/agent_service.dart:302:20: Error: String starting with ' must end with '.
    buffer.writeln('- 每次只调用一个工�?);
                   ^^^^^^^^^^^^^^^
lib/core/services/ai/agent/agent_service.dart:304:20: Error: String starting with ' must end with '.
    buffer.writeln('- 如果信息不足，先搜索再行�?);
                   ^^^^^^^^^^^^^^^^^^^
lib/core/services/ai/agent/agent_service.dart:305:20: Error: String starting with ' must end with '.
    buffer.writeln('- 最终回复必须是完整的中文内�?);
                   ^^^^^^^^^^^^^^^^^^^^
lib/core/services/ai/agent/agent_service.dart:307:20: Error: String starting with ' must end with '.
    buffer.writeln('当用户要求创建角色、地点、物品、势力、关系、作品、卷、章节或素材时，请直接调用对应的 create_* 工具�?);
                   ^^^^^^^^^^^^^^^^^^^^^^^^^^^^^^^^^^^^^^^^^^^^^^^^^^^^^^^^^^^
lib/core/services/ai/agent/agent_service.dart:308:20: Error: String starting with ' must end with '.
    buffer.writeln('创建实体后，用自然语言向用户确认创建结果�?);
                   ^^^^^^^^^^^^^^^^^^^^^^^^^
lib/core/services/ai/agent/agent_service.dart:310:20: Error: String starting with ' must end with '.
    buffer.writeln('## 创建章节的完整流�?);
                   ^^^^^^^^^^^^^^^^
lib/core/services/ai/agent/agent_service.dart:311:20: Error: String starting with ' must end with '.
    buffer.writeln('调用 create_chapter 时，必须�?content 参数中传入完整的章节正文内容�?);
                   ^^^^^^^^^^^^^^^^^^^^^^^^^^^^^^^^^^^^^^^^^^^^^^^^^^^
lib/core/services/ai/agent/agent_service.dart:312:20: Error: String starting with ' must end with '.
    buffer.writeln('不要创建空章节！content 参数是必填的�?);
                   ^^^^^^^^^^^^^^^^^^^^^^^^^^^
lib/core/services/ai/agent/agent_service.dart:313:20: Error: String starting with ' must end with '.
    buffer.writeln('你需要在调用工具前先构思好章节内容，然后一次性传入�?);
                   ^^^^^^^^^^^^^^^^^^^^^^^^^^^^^^
lib/core/services/ai/agent/agent_service.dart:317:20: Error: String starting with ' must end with '.
    buffer.writeln('1. **剧情内容**：用户是否描述了本章要发生什么事？如果只�?写第一�?而没给任何剧情方向，应追�?);
                   ^^^^^^^^^^^^^^^^^^^^^^^^^^^^^^^^^^^^^^^^^^^^^^^^^^^^^^^
lib/core/services/ai/agent/agent_service.dart:318:20: Error: String starting with ' must end with '.
    buffer.writeln('2. **节奏定位**：本章处于故事的什么位置？（开�?铺垫/高潮/过渡/结尾）是否需要提醒用户注意节�?);
                   ^^^^^^^^^^^^^^^^^^^^^^^^^^^^^^^^^^^^^^^^^^^^^^^^^^^^^^^^
lib/core/services/ai/agent/agent_service.dart:320:20: Error: String starting with ' must end with '.
    buffer.writeln('4. **前文衔接**：如果不是第一章，是否有前文上下文可以衔接？如有，先搜索前文内�?);
                   ^^^^^^^^^^^^^^^^^^^^^^^^^^^^^^^^^^^^^^^^^^^^^^^
lib/core/services/ai/agent/agent_service.dart:324:20: Error: String starting with ' must end with '.
    buffer.writeln('如果用户信息不足（如只说"帮我写一�?或剧情过于单薄），不要盲目创建�?);
                   ^^^^^^^^^^^^^^^^^^^^^^^^^^^^^^^^^^^^^^^
lib/core/services/ai/agent/agent_service.dart:325:20: Error: String starting with ' must end with '.
    buffer.writeln('你应该礼貌地追问关键信息，例如：本章主要事件、涉及角色、情感基调、是否需要结尾钩子等�?);
                   ^^^^^^^^^^^^^^^^^^^^^^^^^^^^^^^^^^^^^^^^^^^^^^^
lib/core/services/ai/agent/agent_service.dart:326:20: Error: String starting with ' must end with '.
    buffer.writeln('如果用户给了一句话剧情但缺少细节，你可以主动建议补充冲突点、情感转折、悬念钩子等，让章节更丰满�?);
                   ^^^^^^^^^^^^^^^^^^^^^^^^^^^^^^^^^^^^^^^^^^^^^^^^^^^^
lib/core/services/ai/agent/agent_service.dart:327:20: Error: String starting with ' must end with '.
    buffer.writeln('但如果用户已经提供了足够的信息（有明确的剧情走向和关键事件），就可以直接创建�?);
                   ^^^^^^^^^^^^^^^^^^^^^^^^^^^^^^^^^^^^^^^^^^^
lib/core/services/ai/agent/agent_service.dart:329:20: Error: String starting with ' must end with '.
    buffer.writeln('## 创建作品时的主题/世界观处理规�?);
                   ^^^^^^^^^^^^^^^^^^^^^^^
lib/core/services/ai/agent/agent_service.dart:331:20: Error: String starting with ' must end with '.
    buffer.writeln('1. 先调�?create_work 创建作品（name 为作品名称，将主题关键词写入 type 字段�?);
                   ^^^^^^^^^^^^^^^^^^^^^^^^^^^^^^^^^^^^^^^^^^^^^^^^^^^^^^^^
lib/core/services/ai/agent/agent_service.dart:333:20: Error: String starting with ' must end with '.
    buffer.writeln('   - title: 「{作品名} 世界观设定�?);
                   ^^^^^^^^^^^^^^^^^^^^^^^^^^^^^
lib/core/services/ai/agent/agent_service.dart:337:20: Error: String starting with ' must end with '.
    buffer.writeln('     �?核心设定与规则体�?);
                   ^^^^^^^^^^^^^^^^^^^^
lib/core/services/ai/agent/agent_service.dart:339:20: Error: String starting with ' must end with '.
    buffer.writeln('     �?世界背景与历史概�?);
                   ^^^^^^^^^^^^^^^^^^^^
lib/core/services/ai/agent/agent_service.dart:340:20: Error: String starting with ' must end with '.
    buffer.writeln('     �?典型场景与氛围描�?);
                   ^^^^^^^^^^^^^^^^^^^^
lib/core/services/ai/agent/agent_service.dart:341:20: Error: String starting with ' must end with '.
    buffer.writeln('     �?常见剧情模式与套�?);
                   ^^^^^^^^^^^^^^^^^^^^
lib/core/services/ai/agent/agent_service.dart:342:20: Error: String starting with ' must end with '.
    buffer.writeln('   - tags: 提取 3-5 个相关标�?);
                   ^^^^^^^^^^^^^^^^^^^^^^^^^^^
lib/core/services/ai/agent/agent_service.dart:343:20: Error: String starting with ' must end with '.
    buffer.writeln('3. 用自然语言向用户确认：作品已创建，并已根据主题自动生成世界观设�?);
                   ^^^^^^^^^^^^^^^^^^^^^^^^^^^^^^^^^^^^^^^
lib/core/services/ai/agent/agent_service.dart:343:19: Error: Can't find ')' to match '('.
    buffer.writeln('3. 用自然语言向用户确认：作品已创建，并已根据主题自动生成世界观设�?);
                  ^
lib/core/services/ai/agent/agent_service.dart:342:19: Error: Can't find ')' to match '('.
    buffer.writeln('   - tags: 提取 3-5 个相关标�?);
                  ^
lib/core/services/ai/agent/agent_service.dart:341:19: Error: Can't find ')' to match '('.
    buffer.writeln('     �?常见剧情模式与套�?);
                  ^
lib/core/services/ai/agent/agent_service.dart:340:19: Error: Can't find ')' to match '('.
    buffer.writeln('     �?典型场景与氛围描�?);
                  ^
lib/core/services/ai/agent/agent_service.dart:339:19: Error: Can't find ')' to match '('.
    buffer.writeln('     �?世界背景与历史概�?);
                  ^
lib/core/services/ai/agent/agent_service.dart:337:19: Error: Can't find ')' to match '('.
    buffer.writeln('     �?核心设定与规则体�?);
                  ^
lib/core/services/ai/agent/agent_service.dart:333:19: Error: Can't find ')' to match '('.
    buffer.writeln('   - title: 「{作品名} 世界观设定�?);
                  ^
lib/core/services/ai/agent/agent_service.dart:331:19: Error: Can't find ')' to match '('.
    buffer.writeln('1. 先调�?create_work 创建作品（name 为作品名称，将主题关键词写入 type 字段�?);
                  ^
lib/core/services/ai/agent/agent_service.dart:329:19: Error: Can't find ')' to match '('.
    buffer.writeln('## 创建作品时的主题/世界观处理规�?);
                  ^
lib/core/services/ai/agent/agent_service.dart:327:19: Error: Can't find ')' to match '('.
    buffer.writeln('但如果用户已经提供了足够的信息（有明确的剧情走向和关键事件），就可以直接创建�?);
                  ^
lib/core/services/ai/agent/agent_service.dart:326:19: Error: Can't find ')' to match '('.
    buffer.writeln('如果用户给了一句话剧情但缺少细节，你可以主动建议补充冲突点、情感转折、悬念钩子等，让章节更丰满�?);
                  ^
lib/core/services/ai/agent/agent_service.dart:325:19: Error: Can't find ')' to match '('.
    buffer.writeln('你应该礼貌地追问关键信息，例如：本章主要事件、涉及角色、情感基调、是否需要结尾钩子等�?);
                  ^
lib/core/services/ai/agent/agent_service.dart:324:19: Error: Can't find ')' to match '('.
    buffer.writeln('如果用户信息不足（如只说"帮我写一�?或剧情过于单薄），不要盲目创建�?);
                  ^
lib/core/services/ai/agent/agent_service.dart:320:19: Error: Can't find ')' to match '('.
    buffer.writeln('4. **前文衔接**：如果不是第一章，是否有前文上下文可以衔接？如有，先搜索前文内�?);
                  ^
lib/core/services/ai/agent/agent_service.dart:318:19: Error: Can't find ')' to match '('.
    buffer.writeln('2. **节奏定位**：本章处于故事的什么位置？（开�?铺垫/高潮/过渡/结尾）是否需要提醒用户注意节�?);
                  ^
lib/core/services/ai/agent/agent_service.dart:317:19: Error: Can't find ')' to match '('.
    buffer.writeln('1. **剧情内容**：用户是否描述了本章要发生什么事？如果只�?写第一�?而没给任何剧情方向，应追�?);
                  ^
lib/core/services/ai/agent/agent_service.dart:313:19: Error: Can't find ')' to match '('.
    buffer.writeln('你需要在调用工具前先构思好章节内容，然后一次性传入�?);
                  ^
lib/core/services/ai/agent/agent_service.dart:312:19: Error: Can't find ')' to match '('.
    buffer.writeln('不要创建空章节！content 参数是必填的�?);
                  ^
lib/core/services/ai/agent/agent_service.dart:311:19: Error: Can't find ')' to match '('.
    buffer.writeln('调用 create_chapter 时，必须�?content 参数中传入完整的章节正文内容�?);
                  ^
lib/core/services/ai/agent/agent_service.dart:310:19: Error: Can't find ')' to match '('.
    buffer.writeln('## 创建章节的完整流�?);
                  ^
lib/core/services/ai/agent/agent_service.dart:308:19: Error: Can't find ')' to match '('.
    buffer.writeln('创建实体后，用自然语言向用户确认创建结果�?);
                  ^
lib/core/services/ai/agent/agent_service.dart:307:19: Error: Can't find ')' to match '('.
    buffer.writeln('当用户要求创建角色、地点、物品、势力、关系、作品、卷、章节或素材时，请直接调用对应的 create_* 工具�?);
                  ^
lib/core/services/ai/agent/agent_service.dart:305:19: Error: Can't find ')' to match '('.
    buffer.writeln('- 最终回复必须是完整的中文内�?);
                  ^
lib/core/services/ai/agent/agent_service.dart:304:19: Error: Can't find ')' to match '('.
    buffer.writeln('- 如果信息不足，先搜索再行�?);
                  ^
lib/core/services/ai/agent/agent_service.dart:302:19: Error: Can't find ')' to match '('.
    buffer.writeln('- 每次只调用一个工�?);
                  ^
lib/core/services/ai/agent/agent_service.dart:301:19: Error: Can't find ')' to match '('.
    buffer.writeln('注意事项�?);
                  ^
lib/core/services/ai/agent/agent_service.dart:299:19: Error: Can't find ')' to match '('.
    buffer.writeln('5. 综合结果，给出最终回�?);
                  ^
lib/core/services/ai/agent/agent_service.dart:298:19: Error: Can't find ')' to match '('.
    buffer.writeln('4. 如果需要检查问题，调用分析/一致性检查工�?);
                  ^
lib/core/services/ai/agent/agent_service.dart:295:19: Error: Can't find ')' to match '('.
    buffer.writeln('1. 分析用户需�?);
                  ^
lib/core/services/ai/agent/agent_service.dart:294:19: Error: Can't find ')' to match '('.
    buffer.writeln('工作流程�?);
                  ^
lib/core/services/ai/agent/agent_service.dart:287:19: Error: Can't find ')' to match '('.
    buffer.writeln('你可以使用工具来完成任务，也可以直接回复用户�?);
                  ^
lib/core/services/ai/agent/agent_service.dart:286:19: Error: Can't find ')' to match '('.
    buffer.writeln('你是一位专业的小说写作助手 Agent�?);
                  ^
lib/core/services/ai/agent/agent_service.dart:133:9: Error: Expected ',' before this.
        await controller.close();
        ^^^^^
lib/core/services/ai/agent/agent_service.dart:132:34: Error: Too many positional arguments: 1 allowed, but 2 found.
Try removing the extra positional arguments.
        controller.add(AgentError('没有可用的工�?));
                                 ^
lib/core/services/ai/agent/agent_service.dart:54:3: Context: Found this candidate, but the arguments don't match.
  AgentError(this.error);
  ^^^^^^^^^^
lib/core/services/ai/agent/agent_service.dart:205:17: Error: Expected ',' before this.
                toolCallId: toolCall.id,
                ^^^^^^^^^^
lib/core/services/ai/agent/agent_service.dart:287:5: Error: Expected ',' before this.
    buffer.writeln('你可以使用工具来完成任务，也可以直接回复用户�?);
    ^^^^^^
lib/core/services/ai/agent/agent_service.dart:287:20: Error: Expected ';' after this.
    buffer.writeln('你可以使用工具来完成任务，也可以直接回复用户�?);
                   ^^^^^^^^^^^^^^^^^^^^^^^^^^^
lib/core/services/ai/agent/agent_service.dart:291:22: Error: Expected ';' after this.
      buffer.writeln('当前没有选中作品。如果用户需要操作特定作品（如创建章节、角色等），请先调用 list_works 查看所有作品并获取�?ID�?);
                     ^^^^^^^^^^^^^^^^^^^^^^^^^^^^^^^^^^^^^^^^^^^^^^^^^^^^^^^^^^^^^^^^^^^
lib/core/services/ai/agent/agent_service.dart:295:5: Error: Expected ',' before this.
    buffer.writeln('1. 分析用户需�?);
    ^^^^^^
lib/core/services/ai/agent/agent_service.dart:296:5: Error: Expected ',' before this.
    buffer.writeln('2. 如果需要信息，调用搜索工具');
    ^^^^^^
lib/core/services/ai/agent/agent_service.dart:299:5: Error: Expected ',' before this.
    buffer.writeln('5. 综合结果，给出最终回�?);
    ^^^^^^
lib/core/services/ai/agent/agent_service.dart:300:5: Error: Expected ',' before this.
    buffer.writeln();
    ^^^^^^
lib/core/services/ai/agent/agent_service.dart:302:5: Error: Expected ',' before this.
    buffer.writeln('- 每次只调用一个工�?);
    ^^^^^^
lib/core/services/ai/agent/agent_service.dart:303:5: Error: Expected ',' before this.
    buffer.writeln('- 如果不知道作�?ID 或卷 ID，先调用 list_works / list_volumes 获取');
    ^^^^^^
lib/core/services/ai/agent/agent_service.dart:305:5: Error: Expected ',' before this.
    buffer.writeln('- 最终回复必须是完整的中文内�?);
    ^^^^^^
lib/core/services/ai/agent/agent_service.dart:306:5: Error: Expected ',' before this.
    buffer.writeln();
    ^^^^^^
lib/core/services/ai/agent/agent_service.dart:308:5: Error: Expected ',' before this.
    buffer.writeln('创建实体后，用自然语言向用户确认创建结果�?);
    ^^^^^^
lib/core/services/ai/agent/agent_service.dart:309:5: Error: Expected ',' before this.
    buffer.writeln();
    ^^^^^^
lib/core/services/ai/agent/agent_service.dart:311:5: Error: Expected ',' before this.
    buffer.writeln('调用 create_chapter 时，必须�?content 参数中传入完整的章节正文内容�?);
    ^^^^^^
lib/core/services/ai/agent/agent_service.dart:312:5: Error: Expected ',' before this.
    buffer.writeln('不要创建空章节！content 参数是必填的�?);
    ^^^^^^
lib/core/services/ai/agent/agent_service.dart:313:5: Error: Expected ',' before this.
    buffer.writeln('你需要在调用工具前先构思好章节内容，然后一次性传入�?);
    ^^^^^^
lib/core/services/ai/agent/agent_service.dart:314:5: Error: Expected ',' before this.
    buffer.writeln();
    ^^^^^^
lib/core/services/ai/agent/agent_service.dart:318:5: Error: Expected ',' before this.
    buffer.writeln('2. **节奏定位**：本章处于故事的什么位置？（开�?铺垫/高潮/过渡/结尾）是否需要提醒用户注意节�?);
    ^^^^^^
lib/core/services/ai/agent/agent_service.dart:319:5: Error: Expected ',' before this.
    buffer.writeln('3. **钩子/悬念**：本章结尾是否需要留下悬念或钩子引导读者继续阅读？');
    ^^^^^^
lib/core/services/ai/agent/agent_service.dart:321:5: Error: Expected ',' before this.
    buffer.writeln('5. **事件丰富�?*：用户提供的剧情是否足够展开为一整章？是否只有一句话概括而缺少具体事件、冲突、转折？');
    ^^^^^^
lib/core/services/ai/agent/agent_service.dart:325:5: Error: Expected ',' before this.
    buffer.writeln('你应该礼貌地追问关键信息，例如：本章主要事件、涉及角色、情感基调、是否需要结尾钩子等�?);
    ^^^^^^
lib/core/services/ai/agent/agent_service.dart:326:5: Error: Expected ',' before this.
    buffer.writeln('如果用户给了一句话剧情但缺少细节，你可以主动建议补充冲突点、情感转折、悬念钩子等，让章节更丰满�?);
    ^^^^^^
lib/core/services/ai/agent/agent_service.dart:327:5: Error: Expected ',' before this.
    buffer.writeln('但如果用户已经提供了足够的信息（有明确的剧情走向和关键事件），就可以直接创建�?);
    ^^^^^^
lib/core/services/ai/agent/agent_service.dart:328:5: Error: Expected ',' before this.
    buffer.writeln();
    ^^^^^^
lib/core/services/ai/agent/agent_service.dart:330:5: Error: Expected ',' before this.
    buffer.writeln('当用户创建作品并附带「主题」「题材」「类型」「世界观」「风格」等描述时，你必须执行以下步骤：');
    ^^^^^^
lib/core/services/ai/agent/agent_service.dart:332:5: Error: Expected ',' before this.
    buffer.writeln('2. 紧接着调用 create_inspiration，参数如下：');
    ^^^^^^
lib/core/services/ai/agent/agent_service.dart:334:5: Error: Expected ',' before this.
    buffer.writeln('   - category: "worldbuilding"');
    ^^^^^^
lib/core/services/ai/agent/agent_service.dart:338:5: Error: Expected ',' before this.
    buffer.writeln('     �?力量体系/等级划分');
    ^^^^^^
lib/core/services/ai/agent/agent_service.dart:340:5: Error: Expected ',' before this.
    buffer.writeln('     �?典型场景与氛围描�?);
    ^^^^^^
lib/core/services/ai/agent/agent_service.dart:341:5: Error: Expected ',' before this.
    buffer.writeln('     �?常见剧情模式与套�?);
    ^^^^^^
lib/core/services/ai/agent/agent_service.dart:342:5: Error: Expected ',' before this.
    buffer.writeln('   - tags: 提取 3-5 个相关标�?);
    ^^^^^^
lib/core/services/ai/agent/agent_service.dart:343:5: Error: Expected ',' before this.
    buffer.writeln('3. 用自然语言向用户确认：作品已创建，并已根据主题自动生成世界观设�?);
    ^^^^^^
lib/core/services/ai/agent/agent_service.dart:343:20: Error: Expected ';' after this.
    buffer.writeln('3. 用自然语言向用户确认：作品已创建，并已根据主题自动生成世界观设�?);
                   ^^^^^^^^^^^^^^^^^^^^^^^^^^^^^^^^^^^^^^^
lib/core/services/ai/agent/agent_service.dart:286:19: Error: Too many positional arguments: 1 allowed, but 2 found.
Try removing the extra positional arguments.
    buffer.writeln('你是一位专业的小说写作助手 Agent�?);
                  ^
lib/core/services/ai/agent/agent_service.dart:295:19: Error: Too many positional arguments: 1 allowed, but 2 found.
Try removing the extra positional arguments.
    buffer.writeln('1. 分析用户需�?);
                  ^
lib/core/services/ai/agent/agent_service.dart:294:19: Error: Too many positional arguments: 1 allowed, but 2 found.
Try removing the extra positional arguments.
    buffer.writeln('工作流程�?);
                  ^
lib/core/services/ai/agent/agent_service.dart:299:19: Error: Too many positional arguments: 1 allowed, but 2 found.
Try removing the extra positional arguments.
    buffer.writeln('5. 综合结果，给出最终回�?);
                  ^
lib/core/services/ai/agent/agent_service.dart:298:19: Error: Too many positional arguments: 1 allowed, but 2 found.
Try removing the extra positional arguments.
    buffer.writeln('4. 如果需要检查问题，调用分析/一致性检查工�?);
                  ^
lib/core/services/ai/agent/agent_service.dart:302:19: Error: Too many positional arguments: 1 allowed, but 2 found.
Try removing the extra positional arguments.
    buffer.writeln('- 每次只调用一个工�?);
                  ^
lib/core/services/ai/agent/agent_service.dart:301:19: Error: Too many positional arguments: 1 allowed, but 2 found.
Try removing the extra positional arguments.
    buffer.writeln('注意事项�?);
                  ^
lib/core/services/ai/agent/agent_service.dart:305:19: Error: Too many positional arguments: 1 allowed, but 2 found.
Try removing the extra positional arguments.
    buffer.writeln('- 最终回复必须是完整的中文内�?);
                  ^
lib/core/services/ai/agent/agent_service.dart:304:19: Error: Too many positional arguments: 1 allowed, but 2 found.
Try removing the extra positional arguments.
    buffer.writeln('- 如果信息不足，先搜索再行�?);
                  ^
lib/core/services/ai/agent/agent_service.dart:308:19: Error: Too many positional arguments: 1 allowed, but 2 found.
Try removing the extra positional arguments.
    buffer.writeln('创建实体后，用自然语言向用户确认创建结果�?);
                  ^
lib/core/services/ai/agent/agent_service.dart:307:19: Error: Too many positional arguments: 1 allowed, but 2 found.
Try removing the extra positional arguments.
    buffer.writeln('当用户要求创建角色、地点、物品、势力、关系、作品、卷、章节或素材时，请直接调用对应的 create_* 工具�?);
                  ^
lib/core/services/ai/agent/agent_service.dart:313:19: Error: Too many positional arguments: 1 allowed, but 2 found.
Try removing the extra positional arguments.
    buffer.writeln('你需要在调用工具前先构思好章节内容，然后一次性传入�?);
                  ^
lib/core/services/ai/agent/agent_service.dart:312:19: Error: Too many positional arguments: 1 allowed, but 2 found.
Try removing the extra positional arguments.
    buffer.writeln('不要创建空章节！content 参数是必填的�?);
                  ^
lib/core/services/ai/agent/agent_service.dart:311:19: Error: Too many positional arguments: 1 allowed, but 2 found.
Try removing the extra positional arguments.
    buffer.writeln('调用 create_chapter 时，必须�?content 参数中传入完整的章节正文内容�?);
                  ^
lib/core/services/ai/agent/agent_service.dart:310:19: Error: Too many positional arguments: 1 allowed, but 2 found.
Try removing the extra positional arguments.
    buffer.writeln('## 创建章节的完整流�?);
                  ^
lib/core/services/ai/agent/agent_service.dart:318:19: Error: Too many positional arguments: 1 allowed, but 2 found.
Try removing the extra positional arguments.
    buffer.writeln('2. **节奏定位**：本章处于故事的什么位置？（开�?铺垫/高潮/过渡/结尾）是否需要提醒用户注意节�?);
                  ^
lib/core/services/ai/agent/agent_service.dart:317:19: Error: Too many positional arguments: 1 allowed, but 2 found.
Try removing the extra positional arguments.
    buffer.writeln('1. **剧情内容**：用户是否描述了本章要发生什么事？如果只�?写第一�?而没给任何剧情方向，应追�?);
                  ^
lib/core/services/ai/agent/agent_service.dart:320:19: Error: Too many positional arguments: 1 allowed, but 2 found.
Try removing the extra positional arguments.
    buffer.writeln('4. **前文衔接**：如果不是第一章，是否有前文上下文可以衔接？如有，先搜索前文内�?);
                  ^
lib/core/services/ai/agent/agent_service.dart:327:19: Error: Too many positional arguments: 1 allowed, but 2 found.
Try removing the extra positional arguments.
    buffer.writeln('但如果用户已经提供了足够的信息（有明确的剧情走向和关键事件），就可以直接创建�?);
                  ^
lib/core/services/ai/agent/agent_service.dart:326:19: Error: Too many positional arguments: 1 allowed, but 2 found.
Try removing the extra positional arguments.
    buffer.writeln('如果用户给了一句话剧情但缺少细节，你可以主动建议补充冲突点、情感转折、悬念钩子等，让章节更丰满�?);
                  ^
lib/core/services/ai/agent/agent_service.dart:325:19: Error: Too many positional arguments: 1 allowed, but 2 found.
Try removing the extra positional arguments.
    buffer.writeln('你应该礼貌地追问关键信息，例如：本章主要事件、涉及角色、情感基调、是否需要结尾钩子等�?);
                  ^
lib/core/services/ai/agent/agent_service.dart:324:19: Error: Too many positional arguments: 1 allowed, but 2 found.
Try removing the extra positional arguments.
    buffer.writeln('如果用户信息不足（如只说"帮我写一�?或剧情过于单薄），不要盲目创建�?);
                  ^
lib/core/services/ai/agent/agent_service.dart:329:19: Error: Too many positional arguments: 1 allowed, but 2 found.
Try removing the extra positional arguments.
    buffer.writeln('## 创建作品时的主题/世界观处理规�?);
                  ^
lib/core/services/ai/agent/agent_service.dart:331:19: Error: Too many positional arguments: 1 allowed, but 2 found.
Try removing the extra positional arguments.
    buffer.writeln('1. 先调�?create_work 创建作品（name 为作品名称，将主题关键词写入 type 字段�?);
                  ^
lib/core/services/ai/agent/agent_service.dart:333:19: Error: Too many positional arguments: 1 allowed, but 2 found.
Try removing the extra positional arguments.
    buffer.writeln('   - title: 「{作品名} 世界观设定�?);
                  ^
lib/core/services/ai/agent/agent_service.dart:337:19: Error: Too many positional arguments: 1 allowed, but 2 found.
Try removing the extra positional arguments.
    buffer.writeln('     �?核心设定与规则体�?);
                  ^
lib/core/services/ai/agent/agent_service.dart:342:19: Error: Too many positional arguments: 1 allowed, but 2 found.
Try removing the extra positional arguments.
    buffer.writeln('   - tags: 提取 3-5 个相关标�?);
                  ^
lib/core/services/ai/agent/agent_service.dart:341:19: Error: Too many positional arguments: 1 allowed, but 2 found.
Try removing the extra positional arguments.
    buffer.writeln('     �?常见剧情模式与套�?);
                  ^
lib/core/services/ai/agent/agent_service.dart:340:19: Error: Too many positional arguments: 1 allowed, but 2 found.
Try removing the extra positional arguments.
    buffer.writeln('     �?典型场景与氛围描�?);
                  ^
lib/core/services/ai/agent/agent_service.dart:339:19: Error: Too many positional arguments: 1 allowed, but 2 found.
Try removing the extra positional arguments.
    buffer.writeln('     �?世界背景与历史概�?);
                  ^
00:01 +0 -5: loading C:/Users/changw98/dev/writing_assistant/test/integration/black_wuchang_probe_test.dart [E]
  Failed to load "C:/Users/changw98/dev/writing_assistant/test/integration/black_wuchang_probe_test.dart":
  Compilation failed for testPath=C:/Users/changw98/dev/writing_assistant/test/integration/black_wuchang_probe_test.dart: lib/core/services/ai/agent/agent_service.dart:132:35: Error: String starting with ' must end with '.
          controller.add(AgentError('没有可用的工�?));
                                    ^^^^^^^^^^^^
  lib/core/services/ai/agent/agent_service.dart:132:34: Error: Can't find ')' to match '('.
          controller.add(AgentError('没有可用的工�?));
                                   ^
  lib/core/services/ai/agent/agent_service.dart:132:23: Error: Can't find ')' to match '('.
          controller.add(AgentError('没有可用的工�?));
                        ^
  lib/core/services/ai/agent/agent_service.dart:200:53: Error: String starting with ' must end with '.
                  ToolResult.fail('工具 ${toolCall.name} 不存�?),
                                                      ^^^^^^^
  lib/core/services/ai/agent/agent_service.dart:204:50: Error: String starting with ' must end with '.
                  content: '错误: 工具 ${toolCall.name} 不存�?,
                                                   ^^^^^^
  lib/core/services/ai/agent/agent_service.dart:199:29: Error: Can't find ')' to match '('.
                controller.add(AgentObservation(
                              ^
  lib/core/services/ai/agent/agent_service.dart:286:20: Error: String starting with ' must end with '.
      buffer.writeln('你是一位专业的小说写作助手 Agent�?);
                     ^^^^^^^^^^^^^^^^^^^^^^^^
  lib/core/services/ai/agent/agent_service.dart:287:20: Error: String starting with ' must end with '.
      buffer.writeln('你可以使用工具来完成任务，也可以直接回复用户�?);
                     ^^^^^^^^^^^^^^^^^^^^^^^^^^^
  lib/core/services/ai/agent/agent_service.dart:291:22: Error: String starting with ' must end with '.
        buffer.writeln('当前没有选中作品。如果用户需要操作特定作品（如创建章节、角色等），请先调用 list_works 查看所有作品并获取�?ID�?);
                       ^^^^^^^^^^^^^^^^^^^^^^^^^^^^^^^^^^^^^^^^^^^^^^^^^^^^^^^^^^^^^^^^^^^
  lib/core/services/ai/agent/agent_service.dart:291:21: Error: Can't find ')' to match '('.
        buffer.writeln('当前没有选中作品。如果用户需要操作特定作品（如创建章节、角色等），请先调用 list_works 查看所有作品并获取�?ID�?);
                      ^
  lib/core/services/ai/agent/agent_service.dart:294:20: Error: String starting with ' must end with '.
      buffer.writeln('工作流程�?);
                     ^^^^^^^^^
  lib/core/services/ai/agent/agent_service.dart:295:20: Error: String starting with ' must end with '.
      buffer.writeln('1. 分析用户需�?);
                     ^^^^^^^^^^^^^
  lib/core/services/ai/agent/agent_service.dart:298:20: Error: String starting with ' must end with '.
      buffer.writeln('4. 如果需要检查问题，调用分析/一致性检查工�?);
                     ^^^^^^^^^^^^^^^^^^^^^^^^^^^^
  lib/core/services/ai/agent/agent_service.dart:299:20: Error: String starting with ' must end with '.
      buffer.writeln('5. 综合结果，给出最终回�?);
                     ^^^^^^^^^^^^^^^^^^
  lib/core/services/ai/agent/agent_service.dart:301:20: Error: String starting with ' must end with '.
      buffer.writeln('注意事项�?);
                     ^^^^^^^^^
  lib/core/services/ai/agent/agent_service.dart:302:20: Error: String starting with ' must end with '.
      buffer.writeln('- 每次只调用一个工�?);
                     ^^^^^^^^^^^^^^^
  lib/core/services/ai/agent/agent_service.dart:304:20: Error: String starting with ' must end with '.
      buffer.writeln('- 如果信息不足，先搜索再行�?);
                     ^^^^^^^^^^^^^^^^^^^
  lib/core/services/ai/agent/agent_service.dart:305:20: Error: String starting with ' must end with '.
      buffer.writeln('- 最终回复必须是完整的中文内�?);
                     ^^^^^^^^^^^^^^^^^^^^
  lib/core/services/ai/agent/agent_service.dart:307:20: Error: String starting with ' must end with '.
      buffer.writeln('当用户要求创建角色、地点、物品、势力、关系、作品、卷、章节或素材时，请直接调用对应的 create_* 工具�?);
                     ^^^^^^^^^^^^^^^^^^^^^^^^^^^^^^^^^^^^^^^^^^^^^^^^^^^^^^^^^^^
  lib/core/services/ai/agent/agent_service.dart:308:20: Error: String starting with ' must end with '.
      buffer.writeln('创建实体后，用自然语言向用户确认创建结果�?);
                     ^^^^^^^^^^^^^^^^^^^^^^^^^
  lib/core/services/ai/agent/agent_service.dart:310:20: Error: String starting with ' must end with '.
      buffer.writeln('## 创建章节的完整流�?);
                     ^^^^^^^^^^^^^^^^
  lib/core/services/ai/agent/agent_service.dart:311:20: Error: String starting with ' must end with '.
      buffer.writeln('调用 create_chapter 时，必须�?content 参数中传入完整的章节正文内容�?);
                     ^^^^^^^^^^^^^^^^^^^^^^^^^^^^^^^^^^^^^^^^^^^^^^^^^^^
  lib/core/services/ai/agent/agent_service.dart:312:20: Error: String starting with ' must end with '.
      buffer.writeln('不要创建空章节！content 参数是必填的�?);
                     ^^^^^^^^^^^^^^^^^^^^^^^^^^^
  lib/core/services/ai/agent/agent_service.dart:313:20: Error: String starting with ' must end with '.
      buffer.writeln('你需要在调用工具前先构思好章节内容，然后一次性传入�?);
                     ^^^^^^^^^^^^^^^^^^^^^^^^^^^^^^
  lib/core/services/ai/agent/agent_service.dart:317:20: Error: String starting with ' must end with '.
      buffer.writeln('1. **剧情内容**：用户是否描述了本章要发生什么事？如果只�?写第一�?而没给任何剧情方向，应追�?);
                     ^^^^^^^^^^^^^^^^^^^^^^^^^^^^^^^^^^^^^^^^^^^^^^^^^^^^^^^
  lib/core/services/ai/agent/agent_service.dart:318:20: Error: String starting with ' must end with '.
      buffer.writeln('2. **节奏定位**：本章处于故事的什么位置？（开�?铺垫/高潮/过渡/结尾）是否需要提醒用户注意节�?);
                     ^^^^^^^^^^^^^^^^^^^^^^^^^^^^^^^^^^^^^^^^^^^^^^^^^^^^^^^^
  lib/core/services/ai/agent/agent_service.dart:320:20: Error: String starting with ' must end with '.
      buffer.writeln('4. **前文衔接**：如果不是第一章，是否有前文上下文可以衔接？如有，先搜索前文内�?);
                     ^^^^^^^^^^^^^^^^^^^^^^^^^^^^^^^^^^^^^^^^^^^^^^^
  lib/core/services/ai/agent/agent_service.dart:324:20: Error: String starting with ' must end with '.
      buffer.writeln('如果用户信息不足（如只说"帮我写一�?或剧情过于单薄），不要盲目创建�?);
                     ^^^^^^^^^^^^^^^^^^^^^^^^^^^^^^^^^^^^^^^
  lib/core/services/ai/agent/agent_service.dart:325:20: Error: String starting with ' must end with '.
      buffer.writeln('你应该礼貌地追问关键信息，例如：本章主要事件、涉及角色、情感基调、是否需要结尾钩子等�?);
                     ^^^^^^^^^^^^^^^^^^^^^^^^^^^^^^^^^^^^^^^^^^^^^^^
  lib/core/services/ai/agent/agent_service.dart:326:20: Error: String starting with ' must end with '.
      buffer.writeln('如果用户给了一句话剧情但缺少细节，你可以主动建议补充冲突点、情感转折、悬念钩子等，让章节更丰满�?);
                     ^^^^^^^^^^^^^^^^^^^^^^^^^^^^^^^^^^^^^^^^^^^^^^^^^^^^
  lib/core/services/ai/agent/agent_service.dart:327:20: Error: String starting with ' must end with '.
      buffer.writeln('但如果用户已经提供了足够的信息（有明确的剧情走向和关键事件），就可以直接创建�?);
                     ^^^^^^^^^^^^^^^^^^^^^^^^^^^^^^^^^^^^^^^^^^^
  lib/core/services/ai/agent/agent_service.dart:329:20: Error: String starting with ' must end with '.
      buffer.writeln('## 创建作品时的主题/世界观处理规�?);
                     ^^^^^^^^^^^^^^^^^^^^^^^
  lib/core/services/ai/agent/agent_service.dart:331:20: Error: String starting with ' must end with '.
      buffer.writeln('1. 先调�?create_work 创建作品（name 为作品名称，将主题关键词写入 type 字段�?);
                     ^^^^^^^^^^^^^^^^^^^^^^^^^^^^^^^^^^^^^^^^^^^^^^^^^^^^^^^^
  lib/core/services/ai/agent/agent_service.dart:333:20: Error: String starting with ' must end with '.
      buffer.writeln('   - title: 「{作品名} 世界观设定�?);
                     ^^^^^^^^^^^^^^^^^^^^^^^^^^^^^
  lib/core/services/ai/agent/agent_service.dart:337:20: Error: String starting with ' must end with '.
      buffer.writeln('     �?核心设定与规则体�?);
                     ^^^^^^^^^^^^^^^^^^^^
  lib/core/services/ai/agent/agent_service.dart:339:20: Error: String starting with ' must end with '.
      buffer.writeln('     �?世界背景与历史概�?);
                     ^^^^^^^^^^^^^^^^^^^^
  lib/core/services/ai/agent/agent_service.dart:340:20: Error: String starting with ' must end with '.
      buffer.writeln('     �?典型场景与氛围描�?);
                     ^^^^^^^^^^^^^^^^^^^^
  lib/core/services/ai/agent/agent_service.dart:341:20: Error: String starting with ' must end with '.
      buffer.writeln('     �?常见剧情模式与套�?);
                     ^^^^^^^^^^^^^^^^^^^^
  lib/core/services/ai/agent/agent_service.dart:342:20: Error: String starting with ' must end with '.
      buffer.writeln('   - tags: 提取 3-5 个相关标�?);
                     ^^^^^^^^^^^^^^^^^^^^^^^^^^^
  lib/core/services/ai/agent/agent_service.dart:343:20: Error: String starting with ' must end with '.
      buffer.writeln('3. 用自然语言向用户确认：作品已创建，并已根据主题自动生成世界观设�?);
                     ^^^^^^^^^^^^^^^^^^^^^^^^^^^^^^^^^^^^^^^
  lib/core/services/ai/agent/agent_service.dart:343:19: Error: Can't find ')' to match '('.
      buffer.writeln('3. 用自然语言向用户确认：作品已创建，并已根据主题自动生成世界观设�?);
                    ^
  lib/core/services/ai/agent/agent_service.dart:342:19: Error: Can't find ')' to match '('.
      buffer.writeln('   - tags: 提取 3-5 个相关标�?);
                    ^
  lib/core/services/ai/agent/agent_service.dart:341:19: Error: Can't find ')' to match '('.
      buffer.writeln('     �?常见剧情模式与套�?);
                    ^
  lib/core/services/ai/agent/agent_service.dart:340:19: Error: Can't find ')' to match '('.
      buffer.writeln('     �?典型场景与氛围描�?);
                    ^
  lib/core/services/ai/agent/agent_service.dart:339:19: Error: Can't find ')' to match '('.
      buffer.writeln('     �?世界背景与历史概�?);
                    ^
  lib/core/services/ai/agent/agent_service.dart:337:19: Error: Can't find ')' to match '('.
      buffer.writeln('     �?核心设定与规则体�?);
                    ^
  lib/core/services/ai/agent/agent_service.dart:333:19: Error: Can't find ')' to match '('.
      buffer.writeln('   - title: 「{作品名} 世界观设定�?);
                    ^
  lib/core/services/ai/agent/agent_service.dart:331:19: Error: Can't find ')' to match '('.
      buffer.writeln('1. 先调�?create_work 创建作品（name 为作品名称，将主题关键词写入 type 字段�?);
                    ^
  lib/core/services/ai/agent/agent_service.dart:329:19: Error: Can't find ')' to match '('.
      buffer.writeln('## 创建作品时的主题/世界观处理规�?);
                    ^
  lib/core/services/ai/agent/agent_service.dart:327:19: Error: Can't find ')' to match '('.
      buffer.writeln('但如果用户已经提供了足够的信息（有明确的剧情走向和关键事件），就可以直接创建�?);
                    ^
  lib/core/services/ai/agent/agent_service.dart:326:19: Error: Can't find ')' to match '('.
      buffer.writeln('如果用户给了一句话剧情但缺少细节，你可以主动建议补充冲突点、情感转折、悬念钩子等，让章节更丰满�?);
                    ^
  lib/core/services/ai/agent/agent_service.dart:325:19: Error: Can't find ')' to match '('.
      buffer.writeln('你应该礼貌地追问关键信息，例如：本章主要事件、涉及角色、情感基调、是否需要结尾钩子等�?);
                    ^
  lib/core/services/ai/agent/agent_service.dart:324:19: Error: Can't find ')' to match '('.
      buffer.writeln('如果用户信息不足（如只说"帮我写一�?或剧情过于单薄），不要盲目创建�?);
                    ^
  lib/core/services/ai/agent/agent_service.dart:320:19: Error: Can't find ')' to match '('.
      buffer.writeln('4. **前文衔接**：如果不是第一章，是否有前文上下文可以衔接？如有，先搜索前文内�?);
                    ^
  lib/core/services/ai/agent/agent_service.dart:318:19: Error: Can't find ')' to match '('.
      buffer.writeln('2. **节奏定位**：本章处于故事的什么位置？（开�?铺垫/高潮/过渡/结尾）是否需要提醒用户注意节�?);
                    ^
  lib/core/services/ai/agent/agent_service.dart:317:19: Error: Can't find ')' to match '('.
      buffer.writeln('1. **剧情内容**：用户是否描述了本章要发生什么事？如果只�?写第一�?而没给任何剧情方向，应追�?);
                    ^
  lib/core/services/ai/agent/agent_service.dart:313:19: Error: Can't find ')' to match '('.
      buffer.writeln('你需要在调用工具前先构思好章节内容，然后一次性传入�?);
                    ^
  lib/core/services/ai/agent/agent_service.dart:312:19: Error: Can't find ')' to match '('.
      buffer.writeln('不要创建空章节！content 参数是必填的�?);
                    ^
  lib/core/services/ai/agent/agent_service.dart:311:19: Error: Can't find ')' to match '('.
      buffer.writeln('调用 create_chapter 时，必须�?content 参数中传入完整的章节正文内容�?);
                    ^
  lib/core/services/ai/agent/agent_service.dart:310:19: Error: Can't find ')' to match '('.
      buffer.writeln('## 创建章节的完整流�?);
                    ^
  lib/core/services/ai/agent/agent_service.dart:308:19: Error: Can't find ')' to match '('.
      buffer.writeln('创建实体后，用自然语言向用户确认创建结果�?);
                    ^
  lib/core/services/ai/agent/agent_service.dart:307:19: Error: Can't find ')' to match '('.
      buffer.writeln('当用户要求创建角色、地点、物品、势力、关系、作品、卷、章节或素材时，请直接调用对应的 create_* 工具�?);
                    ^
  lib/core/services/ai/agent/agent_service.dart:305:19: Error: Can't find ')' to match '('.
      buffer.writeln('- 最终回复必须是完整的中文内�?);
                    ^
  lib/core/services/ai/agent/agent_service.dart:304:19: Error: Can't find ')' to match '('.
      buffer.writeln('- 如果信息不足，先搜索再行�?);
                    ^
  lib/core/services/ai/agent/agent_service.dart:302:19: Error: Can't find ')' to match '('.
      buffer.writeln('- 每次只调用一个工�?);
                    ^
  lib/core/services/ai/agent/agent_service.dart:301:19: Error: Can't find ')' to match '('.
      buffer.writeln('注意事项�?);
                    ^
  lib/core/services/ai/agent/agent_service.dart:299:19: Error: Can't find ')' to match '('.
      buffer.writeln('5. 综合结果，给出最终回�?);
                    ^
  lib/core/services/ai/agent/agent_service.dart:298:19: Error: Can't find ')' to match '('.
      buffer.writeln('4. 如果需要检查问题，调用分析/一致性检查工�?);
                    ^
  lib/core/services/ai/agent/agent_service.dart:295:19: Error: Can't find ')' to match '('.
      buffer.writeln('1. 分析用户需�?);
                    ^
  lib/core/services/ai/agent/agent_service.dart:294:19: Error: Can't find ')' to match '('.
      buffer.writeln('工作流程�?);
                    ^
  lib/core/services/ai/agent/agent_service.dart:287:19: Error: Can't find ')' to match '('.
      buffer.writeln('你可以使用工具来完成任务，也可以直接回复用户�?);
                    ^
  lib/core/services/ai/agent/agent_service.dart:286:19: Error: Can't find ')' to match '('.
      buffer.writeln('你是一位专业的小说写作助手 Agent�?);
                    ^
  lib/core/services/ai/agent/agent_service.dart:133:9: Error: Expected ',' before this.
          await controller.close();
          ^^^^^
  lib/core/services/ai/agent/agent_service.dart:132:34: Error: Too many positional arguments: 1 allowed, but 2 found.
  Try removing the extra positional arguments.
          controller.add(AgentError('没有可用的工�?));
                                   ^
  lib/core/services/ai/agent/agent_service.dart:54:3: Context: Found this candidate, but the arguments don't match.
    AgentError(this.error);
    ^^^^^^^^^^
  lib/core/services/ai/agent/agent_service.dart:205:17: Error: Expected ',' before this.
                  toolCallId: toolCall.id,
                  ^^^^^^^^^^
  lib/core/services/ai/agent/agent_service.dart:287:5: Error: Expected ',' before this.
      buffer.writeln('你可以使用工具来完成任务，也可以直接回复用户�?);
      ^^^^^^
  lib/core/services/ai/agent/agent_service.dart:287:20: Error: Expected ';' after this.
      buffer.writeln('你可以使用工具来完成任务，也可以直接回复用户�?);
                     ^^^^^^^^^^^^^^^^^^^^^^^^^^^
  lib/core/services/ai/agent/agent_service.dart:291:22: Error: Expected ';' after this.
        buffer.writeln('当前没有选中作品。如果用户需要操作特定作品（如创建章节、角色等），请先调用 list_works 查看所有作品并获取�?ID�?);
                       ^^^^^^^^^^^^^^^^^^^^^^^^^^^^^^^^^^^^^^^^^^^^^^^^^^^^^^^^^^^^^^^^^^^
  lib/core/services/ai/agent/agent_service.dart:295:5: Error: Expected ',' before this.
      buffer.writeln('1. 分析用户需�?);
      ^^^^^^
  lib/core/services/ai/agent/agent_service.dart:296:5: Error: Expected ',' before this.
      buffer.writeln('2. 如果需要信息，调用搜索工具');
      ^^^^^^
  lib/core/services/ai/agent/agent_service.dart:299:5: Error: Expected ',' before this.
      buffer.writeln('5. 综合结果，给出最终回�?);
      ^^^^^^
  lib/core/services/ai/agent/agent_service.dart:300:5: Error: Expected ',' before this.
      buffer.writeln();
      ^^^^^^
  lib/core/services/ai/agent/agent_service.dart:302:5: Error: Expected ',' before this.
      buffer.writeln('- 每次只调用一个工�?);
      ^^^^^^
  lib/core/services/ai/agent/agent_service.dart:303:5: Error: Expected ',' before this.
      buffer.writeln('- 如果不知道作�?ID 或卷 ID，先调用 list_works / list_volumes 获取');
      ^^^^^^
  lib/core/services/ai/agent/agent_service.dart:305:5: Error: Expected ',' before this.
      buffer.writeln('- 最终回复必须是完整的中文内�?);
      ^^^^^^
  lib/core/services/ai/agent/agent_service.dart:306:5: Error: Expected ',' before this.
      buffer.writeln();
      ^^^^^^
  lib/core/services/ai/agent/agent_service.dart:308:5: Error: Expected ',' before this.
      buffer.writeln('创建实体后，用自然语言向用户确认创建结果�?);
      ^^^^^^
  lib/core/services/ai/agent/agent_service.dart:309:5: Error: Expected ',' before this.
      buffer.writeln();
      ^^^^^^
  lib/core/services/ai/agent/agent_service.dart:311:5: Error: Expected ',' before this.
      buffer.writeln('调用 create_chapter 时，必须�?content 参数中传入完整的章节正文内容�?);
      ^^^^^^
  lib/core/services/ai/agent/agent_service.dart:312:5: Error: Expected ',' before this.
      buffer.writeln('不要创建空章节！content 参数是必填的�?);
      ^^^^^^
  lib/core/services/ai/agent/agent_service.dart:313:5: Error: Expected ',' before this.
      buffer.writeln('你需要在调用工具前先构思好章节内容，然后一次性传入�?);
      ^^^^^^
  lib/core/services/ai/agent/agent_service.dart:314:5: Error: Expected ',' before this.
      buffer.writeln();
      ^^^^^^
  lib/core/services/ai/agent/agent_service.dart:318:5: Error: Expected ',' before this.
      buffer.writeln('2. **节奏定位**：本章处于故事的什么位置？（开�?铺垫/高潮/过渡/结尾）是否需要提醒用户注意节�?);
      ^^^^^^
  lib/core/services/ai/agent/agent_service.dart:319:5: Error: Expected ',' before this.
      buffer.writeln('3. **钩子/悬念**：本章结尾是否需要留下悬念或钩子引导读者继续阅读？');
      ^^^^^^
  lib/core/services/ai/agent/agent_service.dart:321:5: Error: Expected ',' before this.
      buffer.writeln('5. **事件丰富�?*：用户提供的剧情是否足够展开为一整章？是否只有一句话概括而缺少具体事件、冲突、转折？');
      ^^^^^^
  lib/core/services/ai/agent/agent_service.dart:325:5: Error: Expected ',' before this.
      buffer.writeln('你应该礼貌地追问关键信息，例如：本章主要事件、涉及角色、情感基调、是否需要结尾钩子等�?);
      ^^^^^^
  lib/core/services/ai/agent/agent_service.dart:326:5: Error: Expected ',' before this.
      buffer.writeln('如果用户给了一句话剧情但缺少细节，你可以主动建议补充冲突点、情感转折、悬念钩子等，让章节更丰满�?);
      ^^^^^^
  lib/core/services/ai/agent/agent_service.dart:327:5: Error: Expected ',' before this.
      buffer.writeln('但如果用户已经提供了足够的信息（有明确的剧情走向和关键事件），就可以直接创建�?);
      ^^^^^^
  lib/core/services/ai/agent/agent_service.dart:328:5: Error: Expected ',' before this.
      buffer.writeln();
      ^^^^^^
  lib/core/services/ai/agent/agent_service.dart:330:5: Error: Expected ',' before this.
      buffer.writeln('当用户创建作品并附带「主题」「题材」「类型」「世界观」「风格」等描述时，你必须执行以下步骤：');
      ^^^^^^
  lib/core/services/ai/agent/agent_service.dart:332:5: Error: Expected ',' before this.
      buffer.writeln('2. 紧接着调用 create_inspiration，参数如下：');
      ^^^^^^
  lib/core/services/ai/agent/agent_service.dart:334:5: Error: Expected ',' before this.
      buffer.writeln('   - category: "worldbuilding"');
      ^^^^^^
  lib/core/services/ai/agent/agent_service.dart:338:5: Error: Expected ',' before this.
      buffer.writeln('     �?力量体系/等级划分');
      ^^^^^^
  lib/core/services/ai/agent/agent_service.dart:340:5: Error: Expected ',' before this.
      buffer.writeln('     �?典型场景与氛围描�?);
      ^^^^^^
  lib/core/services/ai/agent/agent_service.dart:341:5: Error: Expected ',' before this.
      buffer.writeln('     �?常见剧情模式与套�?);
      ^^^^^^
  lib/core/services/ai/agent/agent_service.dart:342:5: Error: Expected ',' before this.
      buffer.writeln('   - tags: 提取 3-5 个相关标�?);
      ^^^^^^
  lib/core/services/ai/agent/agent_service.dart:343:5: Error: Expected ',' before this.
      buffer.writeln('3. 用自然语言向用户确认：作品已创建，并已根据主题自动生成世界观设�?);
      ^^^^^^
  lib/core/services/ai/agent/agent_service.dart:343:20: Error: Expected ';' after this.
      buffer.writeln('3. 用自然语言向用户确认：作品已创建，并已根据主题自动生成世界观设�?);
                     ^^^^^^^^^^^^^^^^^^^^^^^^^^^^^^^^^^^^^^^
  lib/core/services/ai/agent/agent_service.dart:286:19: Error: Too many positional arguments: 1 allowed, but 2 found.
  Try removing the extra positional arguments.
      buffer.writeln('你是一位专业的小说写作助手 Agent�?);
                    ^
  lib/core/services/ai/agent/agent_service.dart:295:19: Error: Too many positional arguments: 1 allowed, but 2 found.
  Try removing the extra positional arguments.
      buffer.writeln('1. 分析用户需�?);
                    ^
  lib/core/services/ai/agent/agent_service.dart:294:19: Error: Too many positional arguments: 1 allowed, but 2 found.
  Try removing the extra positional arguments.
      buffer.writeln('工作流程�?);
                    ^
  lib/core/services/ai/agent/agent_service.dart:299:19: Error: Too many positional arguments: 1 allowed, but 2 found.
  Try removing the extra positional arguments.
      buffer.writeln('5. 综合结果，给出最终回�?);
                    ^
  lib/core/services/ai/agent/agent_service.dart:298:19: Error: Too many positional arguments: 1 allowed, but 2 found.
  Try removing the extra positional arguments.
      buffer.writeln('4. 如果需要检查问题，调用分析/一致性检查工�?);
                    ^
  lib/core/services/ai/agent/agent_service.dart:302:19: Error: Too many positional arguments: 1 allowed, but 2 found.
  Try removing the extra positional arguments.
      buffer.writeln('- 每次只调用一个工�?);
                    ^
  lib/core/services/ai/agent/agent_service.dart:301:19: Error: Too many positional arguments: 1 allowed, but 2 found.
  Try removing the extra positional arguments.
      buffer.writeln('注意事项�?);
                    ^
  lib/core/services/ai/agent/agent_service.dart:305:19: Error: Too many positional arguments: 1 allowed, but 2 found.
  Try removing the extra positional arguments.
      buffer.writeln('- 最终回复必须是完整的中文内�?);
                    ^
  lib/core/services/ai/agent/agent_service.dart:304:19: Error: Too many positional arguments: 1 allowed, but 2 found.
  Try removing the extra positional arguments.
      buffer.writeln('- 如果信息不足，先搜索再行�?);
                    ^
  lib/core/services/ai/agent/agent_service.dart:308:19: Error: Too many positional arguments: 1 allowed, but 2 found.
  Try removing the extra positional arguments.
      buffer.writeln('创建实体后，用自然语言向用户确认创建结果�?);
                    ^
  lib/core/services/ai/agent/agent_service.dart:307:19: Error: Too many positional arguments: 1 allowed, but 2 found.
  Try removing the extra positional arguments.
      buffer.writeln('当用户要求创建角色、地点、物品、势力、关系、作品、卷、章节或素材时，请直接调用对应的 create_* 工具�?);
                    ^
  lib/core/services/ai/agent/agent_service.dart:313:19: Error: Too many positional arguments: 1 allowed, but 2 found.
  Try removing the extra positional arguments.
      buffer.writeln('你需要在调用工具前先构思好章节内容，然后一次性传入�?);
                    ^
  lib/core/services/ai/agent/agent_service.dart:312:19: Error: Too many positional arguments: 1 allowed, but 2 found.
  Try removing the extra positional arguments.
      buffer.writeln('不要创建空章节！content 参数是必填的�?);
                    ^
  lib/core/services/ai/agent/agent_service.dart:311:19: Error: Too many positional arguments: 1 allowed, but 2 found.
  Try removing the extra positional arguments.
      buffer.writeln('调用 create_chapter 时，必须�?content 参数中传入完整的章节正文内容�?);
                    ^
  lib/core/services/ai/agent/agent_service.dart:310:19: Error: Too many positional arguments: 1 allowed, but 2 found.
  Try removing the extra positional arguments.
      buffer.writeln('## 创建章节的完整流�?);
                    ^
  lib/core/services/ai/agent/agent_service.dart:318:19: Error: Too many positional arguments: 1 allowed, but 2 found.
  Try removing the extra positional arguments.
      buffer.writeln('2. **节奏定位**：本章处于故事的什么位置？（开�?铺垫/高潮/过渡/结尾）是否需要提醒用户注意节�?);
                    ^
  lib/core/services/ai/agent/agent_service.dart:317:19: Error: Too many positional arguments: 1 allowed, but 2 found.
  Try removing the extra positional arguments.
      buffer.writeln('1. **剧情内容**：用户是否描述了本章要发生什么事？如果只�?写第一�?而没给任何剧情方向，应追�?);
                    ^
  lib/core/services/ai/agent/agent_service.dart:320:19: Error: Too many positional arguments: 1 allowed, but 2 found.
  Try removing the extra positional arguments.
      buffer.writeln('4. **前文衔接**：如果不是第一章，是否有前文上下文可以衔接？如有，先搜索前文内�?);
                    ^
  lib/core/services/ai/agent/agent_service.dart:327:19: Error: Too many positional arguments: 1 allowed, but 2 found.
  Try removing the extra positional arguments.
      buffer.writeln('但如果用户已经提供了足够的信息（有明确的剧情走向和关键事件），就可以直接创建�?);
                    ^
  lib/core/services/ai/agent/agent_service.dart:326:19: Error: Too many positional arguments: 1 allowed, but 2 found.
  Try removing the extra positional arguments.
      buffer.writeln('如果用户给了一句话剧情但缺少细节，你可以主动建议补充冲突点、情感转折、悬念钩子等，让章节更丰满�?);
                    ^
  lib/core/services/ai/agent/agent_service.dart:325:19: Error: Too many positional arguments: 1 allowed, but 2 found.
  Try removing the extra positional arguments.
      buffer.writeln('你应该礼貌地追问关键信息，例如：本章主要事件、涉及角色、情感基调、是否需要结尾钩子等�?);
                    ^
  lib/core/services/ai/agent/agent_service.dart:324:19: Error: Too many positional arguments: 1 allowed, but 2 found.
  Try removing the extra positional arguments.
      buffer.writeln('如果用户信息不足（如只说"帮我写一�?或剧情过于单薄），不要盲目创建�?);
                    ^
  lib/core/services/ai/agent/agent_service.dart:329:19: Error: Too many positional arguments: 1 allowed, but 2 found.
  Try removing the extra positional arguments.
      buffer.writeln('## 创建作品时的主题/世界观处理规�?);
                    ^
  lib/core/services/ai/agent/agent_service.dart:331:19: Error: Too many positional arguments: 1 allowed, but 2 found.
  Try removing the extra positional arguments.
      buffer.writeln('1. 先调�?create_work 创建作品（name 为作品名称，将主题关键词写入 type 字段�?);
                    ^
  lib/core/services/ai/agent/agent_service.dart:333:19: Error: Too many positional arguments: 1 allowed, but 2 found.
  Try removing the extra positional arguments.
      buffer.writeln('   - title: 「{作品名} 世界观设定�?);
                    ^
  lib/core/services/ai/agent/agent_service.dart:337:19: Error: Too many positional arguments: 1 allowed, but 2 found.
  Try removing the extra positional arguments.
      buffer.writeln('     �?核心设定与规则体�?);
                    ^
  lib/core/services/ai/agent/agent_service.dart:342:19: Error: Too many positional arguments: 1 allowed, but 2 found.
  Try removing the extra positional arguments.
      buffer.writeln('   - tags: 提取 3-5 个相关标�?);
                    ^
  lib/core/services/ai/agent/agent_service.dart:341:19: Error: Too many positional arguments: 1 allowed, but 2 found.
  Try removing the extra positional arguments.
      buffer.writeln('     �?常见剧情模式与套�?);
                    ^
  lib/core/services/ai/agent/agent_service.dart:340:19: Error: Too many positional arguments: 1 allowed, but 2 found.
  Try removing the extra positional arguments.
      buffer.writeln('     �?典型场景与氛围描�?);
                    ^
  lib/core/services/ai/agent/agent_service.dart:339:19: Error: Too many positional arguments: 1 allowed, but 2 found.
  Try removing the extra positional arguments.
      buffer.writeln('     �?世界背景与历史概�?);
                    ^
  .
00:03 +0 -5: C:/Users/changw98/dev/writing_assistant/test/integration/chapter_delete_real_db_test.dart: 删除真实数据库中的章节
=== 真实数据库章节列表 ===
共 0 个章节（显示前10个）
没有章节可测试
lib/core/services/ai/agent/agent_service.dart:132:35: Error: String starting with ' must end with '.
        controller.add(AgentError('没有可用的工�?));
                                  ^^^^^^^^^^^^
lib/core/services/ai/agent/agent_service.dart:132:34: Error: Can't find ')' to match '('.
        controller.add(AgentError('没有可用的工�?));
                                 ^
lib/core/services/ai/agent/agent_service.dart:132:23: Error: Can't find ')' to match '('.
        controller.add(AgentError('没有可用的工�?));
                      ^
lib/core/services/ai/agent/agent_service.dart:200:53: Error: String starting with ' must end with '.
                ToolResult.fail('工具 ${toolCall.name} 不存�?),
                                                    ^^^^^^^
lib/core/services/ai/agent/agent_service.dart:204:50: Error: String starting with ' must end with '.
                content: '错误: 工具 ${toolCall.name} 不存�?,
                                                 ^^^^^^
lib/core/services/ai/agent/agent_service.dart:199:29: Error: Can't find ')' to match '('.
              controller.add(AgentObservation(
                            ^
lib/core/services/ai/agent/agent_service.dart:286:20: Error: String starting with ' must end with '.
    buffer.writeln('你是一位专业的小说写作助手 Agent�?);
                   ^^^^^^^^^^^^^^^^^^^^^^^^
lib/core/services/ai/agent/agent_service.dart:287:20: Error: String starting with ' must end with '.
    buffer.writeln('你可以使用工具来完成任务，也可以直接回复用户�?);
                   ^^^^^^^^^^^^^^^^^^^^^^^^^^^
lib/core/services/ai/agent/agent_service.dart:291:22: Error: String starting with ' must end with '.
      buffer.writeln('当前没有选中作品。如果用户需要操作特定作品（如创建章节、角色等），请先调用 list_works 查看所有作品并获取�?ID�?);
                     ^^^^^^^^^^^^^^^^^^^^^^^^^^^^^^^^^^^^^^^^^^^^^^^^^^^^^^^^^^^^^^^^^^^
lib/core/services/ai/agent/agent_service.dart:291:21: Error: Can't find ')' to match '('.
      buffer.writeln('当前没有选中作品。如果用户需要操作特定作品（如创建章节、角色等），请先调用 list_works 查看所有作品并获取�?ID�?);
                    ^
lib/core/services/ai/agent/agent_service.dart:294:20: Error: String starting with ' must end with '.
    buffer.writeln('工作流程�?);
                   ^^^^^^^^^
lib/core/services/ai/agent/agent_service.dart:295:20: Error: String starting with ' must end with '.
    buffer.writeln('1. 分析用户需�?);
                   ^^^^^^^^^^^^^
lib/core/services/ai/agent/agent_service.dart:298:20: Error: String starting with ' must end with '.
    buffer.writeln('4. 如果需要检查问题，调用分析/一致性检查工�?);
                   ^^^^^^^^^^^^^^^^^^^^^^^^^^^^
lib/core/services/ai/agent/agent_service.dart:299:20: Error: String starting with ' must end with '.
    buffer.writeln('5. 综合结果，给出最终回�?);
                   ^^^^^^^^^^^^^^^^^^
lib/core/services/ai/agent/agent_service.dart:301:20: Error: String starting with ' must end with '.
    buffer.writeln('注意事项�?);
                   ^^^^^^^^^
lib/core/services/ai/agent/agent_service.dart:302:20: Error: String starting with ' must end with '.
    buffer.writeln('- 每次只调用一个工�?);
                   ^^^^^^^^^^^^^^^
lib/core/services/ai/agent/agent_service.dart:304:20: Error: String starting with ' must end with '.
    buffer.writeln('- 如果信息不足，先搜索再行�?);
                   ^^^^^^^^^^^^^^^^^^^
lib/core/services/ai/agent/agent_service.dart:305:20: Error: String starting with ' must end with '.
    buffer.writeln('- 最终回复必须是完整的中文内�?);
                   ^^^^^^^^^^^^^^^^^^^^
lib/core/services/ai/agent/agent_service.dart:307:20: Error: String starting with ' must end with '.
    buffer.writeln('当用户要求创建角色、地点、物品、势力、关系、作品、卷、章节或素材时，请直接调用对应的 create_* 工具�?);
                   ^^^^^^^^^^^^^^^^^^^^^^^^^^^^^^^^^^^^^^^^^^^^^^^^^^^^^^^^^^^
lib/core/services/ai/agent/agent_service.dart:308:20: Error: String starting with ' must end with '.
    buffer.writeln('创建实体后，用自然语言向用户确认创建结果�?);
                   ^^^^^^^^^^^^^^^^^^^^^^^^^
lib/core/services/ai/agent/agent_service.dart:310:20: Error: String starting with ' must end with '.
    buffer.writeln('## 创建章节的完整流�?);
                   ^^^^^^^^^^^^^^^^
lib/core/services/ai/agent/agent_service.dart:311:20: Error: String starting with ' must end with '.
    buffer.writeln('调用 create_chapter 时，必须�?content 参数中传入完整的章节正文内容�?);
                   ^^^^^^^^^^^^^^^^^^^^^^^^^^^^^^^^^^^^^^^^^^^^^^^^^^^
lib/core/services/ai/agent/agent_service.dart:312:20: Error: String starting with ' must end with '.
    buffer.writeln('不要创建空章节！content 参数是必填的�?);
                   ^^^^^^^^^^^^^^^^^^^^^^^^^^^
lib/core/services/ai/agent/agent_service.dart:313:20: Error: String starting with ' must end with '.
    buffer.writeln('你需要在调用工具前先构思好章节内容，然后一次性传入�?);
                   ^^^^^^^^^^^^^^^^^^^^^^^^^^^^^^
lib/core/services/ai/agent/agent_service.dart:317:20: Error: String starting with ' must end with '.
    buffer.writeln('1. **剧情内容**：用户是否描述了本章要发生什么事？如果只�?写第一�?而没给任何剧情方向，应追�?);
                   ^^^^^^^^^^^^^^^^^^^^^^^^^^^^^^^^^^^^^^^^^^^^^^^^^^^^^^^
lib/core/services/ai/agent/agent_service.dart:318:20: Error: String starting with ' must end with '.
    buffer.writeln('2. **节奏定位**：本章处于故事的什么位置？（开�?铺垫/高潮/过渡/结尾）是否需要提醒用户注意节�?);
                   ^^^^^^^^^^^^^^^^^^^^^^^^^^^^^^^^^^^^^^^^^^^^^^^^^^^^^^^^
lib/core/services/ai/agent/agent_service.dart:320:20: Error: String starting with ' must end with '.
    buffer.writeln('4. **前文衔接**：如果不是第一章，是否有前文上下文可以衔接？如有，先搜索前文内�?);
                   ^^^^^^^^^^^^^^^^^^^^^^^^^^^^^^^^^^^^^^^^^^^^^^^
lib/core/services/ai/agent/agent_service.dart:324:20: Error: String starting with ' must end with '.
    buffer.writeln('如果用户信息不足（如只说"帮我写一�?或剧情过于单薄），不要盲目创建�?);
                   ^^^^^^^^^^^^^^^^^^^^^^^^^^^^^^^^^^^^^^^
lib/core/services/ai/agent/agent_service.dart:325:20: Error: String starting with ' must end with '.
    buffer.writeln('你应该礼貌地追问关键信息，例如：本章主要事件、涉及角色、情感基调、是否需要结尾钩子等�?);
                   ^^^^^^^^^^^^^^^^^^^^^^^^^^^^^^^^^^^^^^^^^^^^^^^
lib/core/services/ai/agent/agent_service.dart:326:20: Error: String starting with ' must end with '.
    buffer.writeln('如果用户给了一句话剧情但缺少细节，你可以主动建议补充冲突点、情感转折、悬念钩子等，让章节更丰满�?);
                   ^^^^^^^^^^^^^^^^^^^^^^^^^^^^^^^^^^^^^^^^^^^^^^^^^^^^
lib/core/services/ai/agent/agent_service.dart:327:20: Error: String starting with ' must end with '.
    buffer.writeln('但如果用户已经提供了足够的信息（有明确的剧情走向和关键事件），就可以直接创建�?);
                   ^^^^^^^^^^^^^^^^^^^^^^^^^^^^^^^^^^^^^^^^^^^
lib/core/services/ai/agent/agent_service.dart:329:20: Error: String starting with ' must end with '.
    buffer.writeln('## 创建作品时的主题/世界观处理规�?);
                   ^^^^^^^^^^^^^^^^^^^^^^^
lib/core/services/ai/agent/agent_service.dart:331:20: Error: String starting with ' must end with '.
    buffer.writeln('1. 先调�?create_work 创建作品（name 为作品名称，将主题关键词写入 type 字段�?);
                   ^^^^^^^^^^^^^^^^^^^^^^^^^^^^^^^^^^^^^^^^^^^^^^^^^^^^^^^^
lib/core/services/ai/agent/agent_service.dart:333:20: Error: String starting with ' must end with '.
    buffer.writeln('   - title: 「{作品名} 世界观设定�?);
                   ^^^^^^^^^^^^^^^^^^^^^^^^^^^^^
lib/core/services/ai/agent/agent_service.dart:337:20: Error: String starting with ' must end with '.
    buffer.writeln('     �?核心设定与规则体�?);
                   ^^^^^^^^^^^^^^^^^^^^
lib/core/services/ai/agent/agent_service.dart:339:20: Error: String starting with ' must end with '.
    buffer.writeln('     �?世界背景与历史概�?);
                   ^^^^^^^^^^^^^^^^^^^^
lib/core/services/ai/agent/agent_service.dart:340:20: Error: String starting with ' must end with '.
    buffer.writeln('     �?典型场景与氛围描�?);
                   ^^^^^^^^^^^^^^^^^^^^
lib/core/services/ai/agent/agent_service.dart:341:20: Error: String starting with ' must end with '.
    buffer.writeln('     �?常见剧情模式与套�?);
                   ^^^^^^^^^^^^^^^^^^^^
lib/core/services/ai/agent/agent_service.dart:342:20: Error: String starting with ' must end with '.
    buffer.writeln('   - tags: 提取 3-5 个相关标�?);
                   ^^^^^^^^^^^^^^^^^^^^^^^^^^^
lib/core/services/ai/agent/agent_service.dart:343:20: Error: String starting with ' must end with '.
    buffer.writeln('3. 用自然语言向用户确认：作品已创建，并已根据主题自动生成世界观设�?);
                   ^^^^^^^^^^^^^^^^^^^^^^^^^^^^^^^^^^^^^^^
lib/core/services/ai/agent/agent_service.dart:343:19: Error: Can't find ')' to match '('.
    buffer.writeln('3. 用自然语言向用户确认：作品已创建，并已根据主题自动生成世界观设�?);
                  ^
lib/core/services/ai/agent/agent_service.dart:342:19: Error: Can't find ')' to match '('.
    buffer.writeln('   - tags: 提取 3-5 个相关标�?);
                  ^
lib/core/services/ai/agent/agent_service.dart:341:19: Error: Can't find ')' to match '('.
    buffer.writeln('     �?常见剧情模式与套�?);
                  ^
lib/core/services/ai/agent/agent_service.dart:340:19: Error: Can't find ')' to match '('.
    buffer.writeln('     �?典型场景与氛围描�?);
                  ^
lib/core/services/ai/agent/agent_service.dart:339:19: Error: Can't find ')' to match '('.
    buffer.writeln('     �?世界背景与历史概�?);
                  ^
lib/core/services/ai/agent/agent_service.dart:337:19: Error: Can't find ')' to match '('.
    buffer.writeln('     �?核心设定与规则体�?);
                  ^
lib/core/services/ai/agent/agent_service.dart:333:19: Error: Can't find ')' to match '('.
    buffer.writeln('   - title: 「{作品名} 世界观设定�?);
                  ^
lib/core/services/ai/agent/agent_service.dart:331:19: Error: Can't find ')' to match '('.
    buffer.writeln('1. 先调�?create_work 创建作品（name 为作品名称，将主题关键词写入 type 字段�?);
                  ^
lib/core/services/ai/agent/agent_service.dart:329:19: Error: Can't find ')' to match '('.
    buffer.writeln('## 创建作品时的主题/世界观处理规�?);
                  ^
lib/core/services/ai/agent/agent_service.dart:327:19: Error: Can't find ')' to match '('.
    buffer.writeln('但如果用户已经提供了足够的信息（有明确的剧情走向和关键事件），就可以直接创建�?);
                  ^
lib/core/services/ai/agent/agent_service.dart:326:19: Error: Can't find ')' to match '('.
    buffer.writeln('如果用户给了一句话剧情但缺少细节，你可以主动建议补充冲突点、情感转折、悬念钩子等，让章节更丰满�?);
                  ^
lib/core/services/ai/agent/agent_service.dart:325:19: Error: Can't find ')' to match '('.
    buffer.writeln('你应该礼貌地追问关键信息，例如：本章主要事件、涉及角色、情感基调、是否需要结尾钩子等�?);
                  ^
lib/core/services/ai/agent/agent_service.dart:324:19: Error: Can't find ')' to match '('.
    buffer.writeln('如果用户信息不足（如只说"帮我写一�?或剧情过于单薄），不要盲目创建�?);
                  ^
lib/core/services/ai/agent/agent_service.dart:320:19: Error: Can't find ')' to match '('.
    buffer.writeln('4. **前文衔接**：如果不是第一章，是否有前文上下文可以衔接？如有，先搜索前文内�?);
                  ^
lib/core/services/ai/agent/agent_service.dart:318:19: Error: Can't find ')' to match '('.
    buffer.writeln('2. **节奏定位**：本章处于故事的什么位置？（开�?铺垫/高潮/过渡/结尾）是否需要提醒用户注意节�?);
                  ^
lib/core/services/ai/agent/agent_service.dart:317:19: Error: Can't find ')' to match '('.
    buffer.writeln('1. **剧情内容**：用户是否描述了本章要发生什么事？如果只�?写第一�?而没给任何剧情方向，应追�?);
                  ^
lib/core/services/ai/agent/agent_service.dart:313:19: Error: Can't find ')' to match '('.
    buffer.writeln('你需要在调用工具前先构思好章节内容，然后一次性传入�?);
                  ^
lib/core/services/ai/agent/agent_service.dart:312:19: Error: Can't find ')' to match '('.
    buffer.writeln('不要创建空章节！content 参数是必填的�?);
                  ^
lib/core/services/ai/agent/agent_service.dart:311:19: Error: Can't find ')' to match '('.
    buffer.writeln('调用 create_chapter 时，必须�?content 参数中传入完整的章节正文内容�?);
                  ^
lib/core/services/ai/agent/agent_service.dart:310:19: Error: Can't find ')' to match '('.
    buffer.writeln('## 创建章节的完整流�?);
                  ^
lib/core/services/ai/agent/agent_service.dart:308:19: Error: Can't find ')' to match '('.
    buffer.writeln('创建实体后，用自然语言向用户确认创建结果�?);
                  ^
lib/core/services/ai/agent/agent_service.dart:307:19: Error: Can't find ')' to match '('.
    buffer.writeln('当用户要求创建角色、地点、物品、势力、关系、作品、卷、章节或素材时，请直接调用对应的 create_* 工具�?);
                  ^
lib/core/services/ai/agent/agent_service.dart:305:19: Error: Can't find ')' to match '('.
    buffer.writeln('- 最终回复必须是完整的中文内�?);
                  ^
lib/core/services/ai/agent/agent_service.dart:304:19: Error: Can't find ')' to match '('.
    buffer.writeln('- 如果信息不足，先搜索再行�?);
                  ^
lib/core/services/ai/agent/agent_service.dart:302:19: Error: Can't find ')' to match '('.
    buffer.writeln('- 每次只调用一个工�?);
                  ^
lib/core/services/ai/agent/agent_service.dart:301:19: Error: Can't find ')' to match '('.
    buffer.writeln('注意事项�?);
                  ^
lib/core/services/ai/agent/agent_service.dart:299:19: Error: Can't find ')' to match '('.
    buffer.writeln('5. 综合结果，给出最终回�?);
                  ^
lib/core/services/ai/agent/agent_service.dart:298:19: Error: Can't find ')' to match '('.
    buffer.writeln('4. 如果需要检查问题，调用分析/一致性检查工�?);
                  ^
lib/core/services/ai/agent/agent_service.dart:295:19: Error: Can't find ')' to match '('.
    buffer.writeln('1. 分析用户需�?);
                  ^
lib/core/services/ai/agent/agent_service.dart:294:19: Error: Can't find ')' to match '('.
    buffer.writeln('工作流程�?);
                  ^
lib/core/services/ai/agent/agent_service.dart:287:19: Error: Can't find ')' to match '('.
    buffer.writeln('你可以使用工具来完成任务，也可以直接回复用户�?);
                  ^
lib/core/services/ai/agent/agent_service.dart:286:19: Error: Can't find ')' to match '('.
    buffer.writeln('你是一位专业的小说写作助手 Agent�?);
                  ^
test/integration/full_pipeline_test.dart:732:44: Error: 'AgentReflection' isn't a type.
      final reflections = events.whereType<AgentReflection>().toList();
                                           ^^^^^^^^^^^^^^^
test/integration/full_pipeline_test.dart:818:44: Error: 'AgentReflection' isn't a type.
      final reflections = events.whereType<AgentReflection>().toList();
                                           ^^^^^^^^^^^^^^^
test/integration/full_pipeline_test.dart:819:36: Error: The getter 'toolsFailed' isn't defined for the type 'Object?'.
 - 'Object' is from 'dart:core'.
Try correcting the name to the name of an existing getter, or defining a getter or field named 'toolsFailed'.
      if (reflections.any((r) => r.toolsFailed > 0)) {
                                   ^^^^^^^^^^^
lib/core/services/ai/agent/agent_service.dart:133:9: Error: Expected ',' before this.
        await controller.close();
        ^^^^^
lib/core/services/ai/agent/agent_service.dart:132:34: Error: Too many positional arguments: 1 allowed, but 2 found.
Try removing the extra positional arguments.
        controller.add(AgentError('没有可用的工�?));
                                 ^
lib/core/services/ai/agent/agent_service.dart:54:3: Context: Found this candidate, but the arguments don't match.
  AgentError(this.error);
  ^^^^^^^^^^
lib/core/services/ai/agent/agent_service.dart:205:17: Error: Expected ',' before this.
                toolCallId: toolCall.id,
                ^^^^^^^^^^
lib/core/services/ai/agent/agent_service.dart:287:5: Error: Expected ',' before this.
    buffer.writeln('你可以使用工具来完成任务，也可以直接回复用户�?);
    ^^^^^^
lib/core/services/ai/agent/agent_service.dart:287:20: Error: Expected ';' after this.
    buffer.writeln('你可以使用工具来完成任务，也可以直接回复用户�?);
                   ^^^^^^^^^^^^^^^^^^^^^^^^^^^
lib/core/services/ai/agent/agent_service.dart:291:22: Error: Expected ';' after this.
      buffer.writeln('当前没有选中作品。如果用户需要操作特定作品（如创建章节、角色等），请先调用 list_works 查看所有作品并获取�?ID�?);
                     ^^^^^^^^^^^^^^^^^^^^^^^^^^^^^^^^^^^^^^^^^^^^^^^^^^^^^^^^^^^^^^^^^^^
lib/core/services/ai/agent/agent_service.dart:295:5: Error: Expected ',' before this.
    buffer.writeln('1. 分析用户需�?);
    ^^^^^^
lib/core/services/ai/agent/agent_service.dart:296:5: Error: Expected ',' before this.
    buffer.writeln('2. 如果需要信息，调用搜索工具');
    ^^^^^^
lib/core/services/ai/agent/agent_service.dart:299:5: Error: Expected ',' before this.
    buffer.writeln('5. 综合结果，给出最终回�?);
    ^^^^^^
lib/core/services/ai/agent/agent_service.dart:300:5: Error: Expected ',' before this.
    buffer.writeln();
    ^^^^^^
lib/core/services/ai/agent/agent_service.dart:302:5: Error: Expected ',' before this.
    buffer.writeln('- 每次只调用一个工�?);
    ^^^^^^
lib/core/services/ai/agent/agent_service.dart:303:5: Error: Expected ',' before this.
    buffer.writeln('- 如果不知道作�?ID 或卷 ID，先调用 list_works / list_volumes 获取');
    ^^^^^^
lib/core/services/ai/agent/agent_service.dart:305:5: Error: Expected ',' before this.
    buffer.writeln('- 最终回复必须是完整的中文内�?);
    ^^^^^^
lib/core/services/ai/agent/agent_service.dart:306:5: Error: Expected ',' before this.
    buffer.writeln();
    ^^^^^^
lib/core/services/ai/agent/agent_service.dart:308:5: Error: Expected ',' before this.
    buffer.writeln('创建实体后，用自然语言向用户确认创建结果�?);
    ^^^^^^
lib/core/services/ai/agent/agent_service.dart:309:5: Error: Expected ',' before this.
    buffer.writeln();
    ^^^^^^
lib/core/services/ai/agent/agent_service.dart:311:5: Error: Expected ',' before this.
    buffer.writeln('调用 create_chapter 时，必须�?content 参数中传入完整的章节正文内容�?);
    ^^^^^^
lib/core/services/ai/agent/agent_service.dart:312:5: Error: Expected ',' before this.
    buffer.writeln('不要创建空章节！content 参数是必填的�?);
    ^^^^^^
lib/core/services/ai/agent/agent_service.dart:313:5: Error: Expected ',' before this.
    buffer.writeln('你需要在调用工具前先构思好章节内容，然后一次性传入�?);
    ^^^^^^
lib/core/services/ai/agent/agent_service.dart:314:5: Error: Expected ',' before this.
    buffer.writeln();
    ^^^^^^
lib/core/services/ai/agent/agent_service.dart:318:5: Error: Expected ',' before this.
    buffer.writeln('2. **节奏定位**：本章处于故事的什么位置？（开�?铺垫/高潮/过渡/结尾）是否需要提醒用户注意节�?);
    ^^^^^^
lib/core/services/ai/agent/agent_service.dart:319:5: Error: Expected ',' before this.
    buffer.writeln('3. **钩子/悬念**：本章结尾是否需要留下悬念或钩子引导读者继续阅读？');
    ^^^^^^
lib/core/services/ai/agent/agent_service.dart:321:5: Error: Expected ',' before this.
    buffer.writeln('5. **事件丰富�?*：用户提供的剧情是否足够展开为一整章？是否只有一句话概括而缺少具体事件、冲突、转折？');
    ^^^^^^
lib/core/services/ai/agent/agent_service.dart:325:5: Error: Expected ',' before this.
    buffer.writeln('你应该礼貌地追问关键信息，例如：本章主要事件、涉及角色、情感基调、是否需要结尾钩子等�?);
    ^^^^^^
lib/core/services/ai/agent/agent_service.dart:326:5: Error: Expected ',' before this.
    buffer.writeln('如果用户给了一句话剧情但缺少细节，你可以主动建议补充冲突点、情感转折、悬念钩子等，让章节更丰满�?);
    ^^^^^^
lib/core/services/ai/agent/agent_service.dart:327:5: Error: Expected ',' before this.
    buffer.writeln('但如果用户已经提供了足够的信息（有明确的剧情走向和关键事件），就可以直接创建�?);
    ^^^^^^
lib/core/services/ai/agent/agent_service.dart:328:5: Error: Expected ',' before this.
    buffer.writeln();
    ^^^^^^
lib/core/services/ai/agent/agent_service.dart:330:5: Error: Expected ',' before this.
    buffer.writeln('当用户创建作品并附带「主题」「题材」「类型」「世界观」「风格」等描述时，你必须执行以下步骤：');
    ^^^^^^
lib/core/services/ai/agent/agent_service.dart:332:5: Error: Expected ',' before this.
    buffer.writeln('2. 紧接着调用 create_inspiration，参数如下：');
    ^^^^^^
lib/core/services/ai/agent/agent_service.dart:334:5: Error: Expected ',' before this.
    buffer.writeln('   - category: "worldbuilding"');
    ^^^^^^
lib/core/services/ai/agent/agent_service.dart:338:5: Error: Expected ',' before this.
    buffer.writeln('     �?力量体系/等级划分');
    ^^^^^^
lib/core/services/ai/agent/agent_service.dart:340:5: Error: Expected ',' before this.
    buffer.writeln('     �?典型场景与氛围描�?);
    ^^^^^^
lib/core/services/ai/agent/agent_service.dart:341:5: Error: Expected ',' before this.
    buffer.writeln('     �?常见剧情模式与套�?);
    ^^^^^^
lib/core/services/ai/agent/agent_service.dart:342:5: Error: Expected ',' before this.
    buffer.writeln('   - tags: 提取 3-5 个相关标�?);
    ^^^^^^
lib/core/services/ai/agent/agent_service.dart:343:5: Error: Expected ',' before this.
    buffer.writeln('3. 用自然语言向用户确认：作品已创建，并已根据主题自动生成世界观设�?);
    ^^^^^^
lib/core/services/ai/agent/agent_service.dart:343:20: Error: Expected ';' after this.
    buffer.writeln('3. 用自然语言向用户确认：作品已创建，并已根据主题自动生成世界观设�?);
                   ^^^^^^^^^^^^^^^^^^^^^^^^^^^^^^^^^^^^^^^
lib/core/services/ai/agent/agent_service.dart:286:19: Error: Too many positional arguments: 1 allowed, but 2 found.
Try removing the extra positional arguments.
    buffer.writeln('你是一位专业的小说写作助手 Agent�?);
                  ^
lib/core/services/ai/agent/agent_service.dart:295:19: Error: Too many positional arguments: 1 allowed, but 2 found.
Try removing the extra positional arguments.
    buffer.writeln('1. 分析用户需�?);
                  ^
lib/core/services/ai/agent/agent_service.dart:294:19: Error: Too many positional arguments: 1 allowed, but 2 found.
Try removing the extra positional arguments.
    buffer.writeln('工作流程�?);
                  ^
lib/core/services/ai/agent/agent_service.dart:299:19: Error: Too many positional arguments: 1 allowed, but 2 found.
Try removing the extra positional arguments.
    buffer.writeln('5. 综合结果，给出最终回�?);
                  ^
lib/core/services/ai/agent/agent_service.dart:298:19: Error: Too many positional arguments: 1 allowed, but 2 found.
Try removing the extra positional arguments.
    buffer.writeln('4. 如果需要检查问题，调用分析/一致性检查工�?);
                  ^
lib/core/services/ai/agent/agent_service.dart:302:19: Error: Too many positional arguments: 1 allowed, but 2 found.
Try removing the extra positional arguments.
    buffer.writeln('- 每次只调用一个工�?);
                  ^
lib/core/services/ai/agent/agent_service.dart:301:19: Error: Too many positional arguments: 1 allowed, but 2 found.
Try removing the extra positional arguments.
    buffer.writeln('注意事项�?);
                  ^
lib/core/services/ai/agent/agent_service.dart:305:19: Error: Too many positional arguments: 1 allowed, but 2 found.
Try removing the extra positional arguments.
    buffer.writeln('- 最终回复必须是完整的中文内�?);
                  ^
lib/core/services/ai/agent/agent_service.dart:304:19: Error: Too many positional arguments: 1 allowed, but 2 found.
Try removing the extra positional arguments.
    buffer.writeln('- 如果信息不足，先搜索再行�?);
                  ^
lib/core/services/ai/agent/agent_service.dart:308:19: Error: Too many positional arguments: 1 allowed, but 2 found.
Try removing the extra positional arguments.
    buffer.writeln('创建实体后，用自然语言向用户确认创建结果�?);
                  ^
lib/core/services/ai/agent/agent_service.dart:307:19: Error: Too many positional arguments: 1 allowed, but 2 found.
Try removing the extra positional arguments.
    buffer.writeln('当用户要求创建角色、地点、物品、势力、关系、作品、卷、章节或素材时，请直接调用对应的 create_* 工具�?);
                  ^
lib/core/services/ai/agent/agent_service.dart:313:19: Error: Too many positional arguments: 1 allowed, but 2 found.
Try removing the extra positional arguments.
    buffer.writeln('你需要在调用工具前先构思好章节内容，然后一次性传入�?);
                  ^
lib/core/services/ai/agent/agent_service.dart:312:19: Error: Too many positional arguments: 1 allowed, but 2 found.
Try removing the extra positional arguments.
    buffer.writeln('不要创建空章节！content 参数是必填的�?);
                  ^
lib/core/services/ai/agent/agent_service.dart:311:19: Error: Too many positional arguments: 1 allowed, but 2 found.
Try removing the extra positional arguments.
    buffer.writeln('调用 create_chapter 时，必须�?content 参数中传入完整的章节正文内容�?);
                  ^
lib/core/services/ai/agent/agent_service.dart:310:19: Error: Too many positional arguments: 1 allowed, but 2 found.
Try removing the extra positional arguments.
    buffer.writeln('## 创建章节的完整流�?);
                  ^
lib/core/services/ai/agent/agent_service.dart:318:19: Error: Too many positional arguments: 1 allowed, but 2 found.
Try removing the extra positional arguments.
    buffer.writeln('2. **节奏定位**：本章处于故事的什么位置？（开�?铺垫/高潮/过渡/结尾）是否需要提醒用户注意节�?);
                  ^
lib/core/services/ai/agent/agent_service.dart:317:19: Error: Too many positional arguments: 1 allowed, but 2 found.
Try removing the extra positional arguments.
    buffer.writeln('1. **剧情内容**：用户是否描述了本章要发生什么事？如果只�?写第一�?而没给任何剧情方向，应追�?);
                  ^
lib/core/services/ai/agent/agent_service.dart:320:19: Error: Too many positional arguments: 1 allowed, but 2 found.
Try removing the extra positional arguments.
    buffer.writeln('4. **前文衔接**：如果不是第一章，是否有前文上下文可以衔接？如有，先搜索前文内�?);
                  ^
lib/core/services/ai/agent/agent_service.dart:327:19: Error: Too many positional arguments: 1 allowed, but 2 found.
Try removing the extra positional arguments.
    buffer.writeln('但如果用户已经提供了足够的信息（有明确的剧情走向和关键事件），就可以直接创建�?);
                  ^
lib/core/services/ai/agent/agent_service.dart:326:19: Error: Too many positional arguments: 1 allowed, but 2 found.
Try removing the extra positional arguments.
    buffer.writeln('如果用户给了一句话剧情但缺少细节，你可以主动建议补充冲突点、情感转折、悬念钩子等，让章节更丰满�?);
                  ^
lib/core/services/ai/agent/agent_service.dart:325:19: Error: Too many positional arguments: 1 allowed, but 2 found.
Try removing the extra positional arguments.
    buffer.writeln('你应该礼貌地追问关键信息，例如：本章主要事件、涉及角色、情感基调、是否需要结尾钩子等�?);
                  ^
lib/core/services/ai/agent/agent_service.dart:324:19: Error: Too many positional arguments: 1 allowed, but 2 found.
Try removing the extra positional arguments.
    buffer.writeln('如果用户信息不足（如只说"帮我写一�?或剧情过于单薄），不要盲目创建�?);
                  ^
lib/core/services/ai/agent/agent_service.dart:329:19: Error: Too many positional arguments: 1 allowed, but 2 found.
Try removing the extra positional arguments.
    buffer.writeln('## 创建作品时的主题/世界观处理规�?);
                  ^
lib/core/services/ai/agent/agent_service.dart:331:19: Error: Too many positional arguments: 1 allowed, but 2 found.
Try removing the extra positional arguments.
    buffer.writeln('1. 先调�?create_work 创建作品（name 为作品名称，将主题关键词写入 type 字段�?);
                  ^
lib/core/services/ai/agent/agent_service.dart:333:19: Error: Too many positional arguments: 1 allowed, but 2 found.
Try removing the extra positional arguments.
    buffer.writeln('   - title: 「{作品名} 世界观设定�?);
                  ^
lib/core/services/ai/agent/agent_service.dart:337:19: Error: Too many positional arguments: 1 allowed, but 2 found.
Try removing the extra positional arguments.
    buffer.writeln('     �?核心设定与规则体�?);
                  ^
lib/core/services/ai/agent/agent_service.dart:342:19: Error: Too many positional arguments: 1 allowed, but 2 found.
Try removing the extra positional arguments.
    buffer.writeln('   - tags: 提取 3-5 个相关标�?);
                  ^
lib/core/services/ai/agent/agent_service.dart:341:19: Error: Too many positional arguments: 1 allowed, but 2 found.
Try removing the extra positional arguments.
    buffer.writeln('     �?常见剧情模式与套�?);
                  ^
lib/core/services/ai/agent/agent_service.dart:340:19: Error: Too many positional arguments: 1 allowed, but 2 found.
Try removing the extra positional arguments.
    buffer.writeln('     �?典型场景与氛围描�?);
                  ^
lib/core/services/ai/agent/agent_service.dart:339:19: Error: Too many positional arguments: 1 allowed, but 2 found.
Try removing the extra positional arguments.
    buffer.writeln('     �?世界背景与历史概�?);
                  ^
00:04 +1 -6: loading C:/Users/changw98/dev/writing_assistant/test/integration/full_pipeline_test.dart [E]
  Failed to load "C:/Users/changw98/dev/writing_assistant/test/integration/full_pipeline_test.dart":
  Compilation failed for testPath=C:/Users/changw98/dev/writing_assistant/test/integration/full_pipeline_test.dart: lib/core/services/ai/agent/agent_service.dart:132:35: Error: String starting with ' must end with '.
          controller.add(AgentError('没有可用的工�?));
                                    ^^^^^^^^^^^^
  lib/core/services/ai/agent/agent_service.dart:132:34: Error: Can't find ')' to match '('.
          controller.add(AgentError('没有可用的工�?));
                                   ^
  lib/core/services/ai/agent/agent_service.dart:132:23: Error: Can't find ')' to match '('.
          controller.add(AgentError('没有可用的工�?));
                        ^
  lib/core/services/ai/agent/agent_service.dart:200:53: Error: String starting with ' must end with '.
                  ToolResult.fail('工具 ${toolCall.name} 不存�?),
                                                      ^^^^^^^
  lib/core/services/ai/agent/agent_service.dart:204:50: Error: String starting with ' must end with '.
                  content: '错误: 工具 ${toolCall.name} 不存�?,
                                                   ^^^^^^
  lib/core/services/ai/agent/agent_service.dart:199:29: Error: Can't find ')' to match '('.
                controller.add(AgentObservation(
                              ^
  lib/core/services/ai/agent/agent_service.dart:286:20: Error: String starting with ' must end with '.
      buffer.writeln('你是一位专业的小说写作助手 Agent�?);
                     ^^^^^^^^^^^^^^^^^^^^^^^^
  lib/core/services/ai/agent/agent_service.dart:287:20: Error: String starting with ' must end with '.
      buffer.writeln('你可以使用工具来完成任务，也可以直接回复用户�?);
                     ^^^^^^^^^^^^^^^^^^^^^^^^^^^
  lib/core/services/ai/agent/agent_service.dart:291:22: Error: String starting with ' must end with '.
        buffer.writeln('当前没有选中作品。如果用户需要操作特定作品（如创建章节、角色等），请先调用 list_works 查看所有作品并获取�?ID�?);
                       ^^^^^^^^^^^^^^^^^^^^^^^^^^^^^^^^^^^^^^^^^^^^^^^^^^^^^^^^^^^^^^^^^^^
  lib/core/services/ai/agent/agent_service.dart:291:21: Error: Can't find ')' to match '('.
        buffer.writeln('当前没有选中作品。如果用户需要操作特定作品（如创建章节、角色等），请先调用 list_works 查看所有作品并获取�?ID�?);
                      ^
  lib/core/services/ai/agent/agent_service.dart:294:20: Error: String starting with ' must end with '.
      buffer.writeln('工作流程�?);
                     ^^^^^^^^^
  lib/core/services/ai/agent/agent_service.dart:295:20: Error: String starting with ' must end with '.
      buffer.writeln('1. 分析用户需�?);
                     ^^^^^^^^^^^^^
  lib/core/services/ai/agent/agent_service.dart:298:20: Error: String starting with ' must end with '.
      buffer.writeln('4. 如果需要检查问题，调用分析/一致性检查工�?);
                     ^^^^^^^^^^^^^^^^^^^^^^^^^^^^
  lib/core/services/ai/agent/agent_service.dart:299:20: Error: String starting with ' must end with '.
      buffer.writeln('5. 综合结果，给出最终回�?);
                     ^^^^^^^^^^^^^^^^^^
  lib/core/services/ai/agent/agent_service.dart:301:20: Error: String starting with ' must end with '.
      buffer.writeln('注意事项�?);
                     ^^^^^^^^^
  lib/core/services/ai/agent/agent_service.dart:302:20: Error: String starting with ' must end with '.
      buffer.writeln('- 每次只调用一个工�?);
                     ^^^^^^^^^^^^^^^
  lib/core/services/ai/agent/agent_service.dart:304:20: Error: String starting with ' must end with '.
      buffer.writeln('- 如果信息不足，先搜索再行�?);
                     ^^^^^^^^^^^^^^^^^^^
  lib/core/services/ai/agent/agent_service.dart:305:20: Error: String starting with ' must end with '.
      buffer.writeln('- 最终回复必须是完整的中文内�?);
                     ^^^^^^^^^^^^^^^^^^^^
  lib/core/services/ai/agent/agent_service.dart:307:20: Error: String starting with ' must end with '.
      buffer.writeln('当用户要求创建角色、地点、物品、势力、关系、作品、卷、章节或素材时，请直接调用对应的 create_* 工具�?);
                     ^^^^^^^^^^^^^^^^^^^^^^^^^^^^^^^^^^^^^^^^^^^^^^^^^^^^^^^^^^^
  lib/core/services/ai/agent/agent_service.dart:308:20: Error: String starting with ' must end with '.
      buffer.writeln('创建实体后，用自然语言向用户确认创建结果�?);
                     ^^^^^^^^^^^^^^^^^^^^^^^^^
  lib/core/services/ai/agent/agent_service.dart:310:20: Error: String starting with ' must end with '.
      buffer.writeln('## 创建章节的完整流�?);
                     ^^^^^^^^^^^^^^^^
  lib/core/services/ai/agent/agent_service.dart:311:20: Error: String starting with ' must end with '.
      buffer.writeln('调用 create_chapter 时，必须�?content 参数中传入完整的章节正文内容�?);
                     ^^^^^^^^^^^^^^^^^^^^^^^^^^^^^^^^^^^^^^^^^^^^^^^^^^^
  lib/core/services/ai/agent/agent_service.dart:312:20: Error: String starting with ' must end with '.
      buffer.writeln('不要创建空章节！content 参数是必填的�?);
                     ^^^^^^^^^^^^^^^^^^^^^^^^^^^
  lib/core/services/ai/agent/agent_service.dart:313:20: Error: String starting with ' must end with '.
      buffer.writeln('你需要在调用工具前先构思好章节内容，然后一次性传入�?);
                     ^^^^^^^^^^^^^^^^^^^^^^^^^^^^^^
  lib/core/services/ai/agent/agent_service.dart:317:20: Error: String starting with ' must end with '.
      buffer.writeln('1. **剧情内容**：用户是否描述了本章要发生什么事？如果只�?写第一�?而没给任何剧情方向，应追�?);
                     ^^^^^^^^^^^^^^^^^^^^^^^^^^^^^^^^^^^^^^^^^^^^^^^^^^^^^^^
  lib/core/services/ai/agent/agent_service.dart:318:20: Error: String starting with ' must end with '.
      buffer.writeln('2. **节奏定位**：本章处于故事的什么位置？（开�?铺垫/高潮/过渡/结尾）是否需要提醒用户注意节�?);
                     ^^^^^^^^^^^^^^^^^^^^^^^^^^^^^^^^^^^^^^^^^^^^^^^^^^^^^^^^
  lib/core/services/ai/agent/agent_service.dart:320:20: Error: String starting with ' must end with '.
      buffer.writeln('4. **前文衔接**：如果不是第一章，是否有前文上下文可以衔接？如有，先搜索前文内�?);
                     ^^^^^^^^^^^^^^^^^^^^^^^^^^^^^^^^^^^^^^^^^^^^^^^
  lib/core/services/ai/agent/agent_service.dart:324:20: Error: String starting with ' must end with '.
      buffer.writeln('如果用户信息不足（如只说"帮我写一�?或剧情过于单薄），不要盲目创建�?);
                     ^^^^^^^^^^^^^^^^^^^^^^^^^^^^^^^^^^^^^^^
  lib/core/services/ai/agent/agent_service.dart:325:20: Error: String starting with ' must end with '.
      buffer.writeln('你应该礼貌地追问关键信息，例如：本章主要事件、涉及角色、情感基调、是否需要结尾钩子等�?);
                     ^^^^^^^^^^^^^^^^^^^^^^^^^^^^^^^^^^^^^^^^^^^^^^^
  lib/core/services/ai/agent/agent_service.dart:326:20: Error: String starting with ' must end with '.
      buffer.writeln('如果用户给了一句话剧情但缺少细节，你可以主动建议补充冲突点、情感转折、悬念钩子等，让章节更丰满�?);
                     ^^^^^^^^^^^^^^^^^^^^^^^^^^^^^^^^^^^^^^^^^^^^^^^^^^^^
  lib/core/services/ai/agent/agent_service.dart:327:20: Error: String starting with ' must end with '.
      buffer.writeln('但如果用户已经提供了足够的信息（有明确的剧情走向和关键事件），就可以直接创建�?);
                     ^^^^^^^^^^^^^^^^^^^^^^^^^^^^^^^^^^^^^^^^^^^
  lib/core/services/ai/agent/agent_service.dart:329:20: Error: String starting with ' must end with '.
      buffer.writeln('## 创建作品时的主题/世界观处理规�?);
                     ^^^^^^^^^^^^^^^^^^^^^^^
  lib/core/services/ai/agent/agent_service.dart:331:20: Error: String starting with ' must end with '.
      buffer.writeln('1. 先调�?create_work 创建作品（name 为作品名称，将主题关键词写入 type 字段�?);
                     ^^^^^^^^^^^^^^^^^^^^^^^^^^^^^^^^^^^^^^^^^^^^^^^^^^^^^^^^
  lib/core/services/ai/agent/agent_service.dart:333:20: Error: String starting with ' must end with '.
      buffer.writeln('   - title: 「{作品名} 世界观设定�?);
                     ^^^^^^^^^^^^^^^^^^^^^^^^^^^^^
  lib/core/services/ai/agent/agent_service.dart:337:20: Error: String starting with ' must end with '.
      buffer.writeln('     �?核心设定与规则体�?);
                     ^^^^^^^^^^^^^^^^^^^^
  lib/core/services/ai/agent/agent_service.dart:339:20: Error: String starting with ' must end with '.
      buffer.writeln('     �?世界背景与历史概�?);
                     ^^^^^^^^^^^^^^^^^^^^
  lib/core/services/ai/agent/agent_service.dart:340:20: Error: String starting with ' must end with '.
      buffer.writeln('     �?典型场景与氛围描�?);
                     ^^^^^^^^^^^^^^^^^^^^
  lib/core/services/ai/agent/agent_service.dart:341:20: Error: String starting with ' must end with '.
      buffer.writeln('     �?常见剧情模式与套�?);
                     ^^^^^^^^^^^^^^^^^^^^
  lib/core/services/ai/agent/agent_service.dart:342:20: Error: String starting with ' must end with '.
      buffer.writeln('   - tags: 提取 3-5 个相关标�?);
                     ^^^^^^^^^^^^^^^^^^^^^^^^^^^
  lib/core/services/ai/agent/agent_service.dart:343:20: Error: String starting with ' must end with '.
      buffer.writeln('3. 用自然语言向用户确认：作品已创建，并已根据主题自动生成世界观设�?);
                     ^^^^^^^^^^^^^^^^^^^^^^^^^^^^^^^^^^^^^^^
  lib/core/services/ai/agent/agent_service.dart:343:19: Error: Can't find ')' to match '('.
      buffer.writeln('3. 用自然语言向用户确认：作品已创建，并已根据主题自动生成世界观设�?);
                    ^
  lib/core/services/ai/agent/agent_service.dart:342:19: Error: Can't find ')' to match '('.
      buffer.writeln('   - tags: 提取 3-5 个相关标�?);
                    ^
  lib/core/services/ai/agent/agent_service.dart:341:19: Error: Can't find ')' to match '('.
      buffer.writeln('     �?常见剧情模式与套�?);
                    ^
  lib/core/services/ai/agent/agent_service.dart:340:19: Error: Can't find ')' to match '('.
      buffer.writeln('     �?典型场景与氛围描�?);
                    ^
  lib/core/services/ai/agent/agent_service.dart:339:19: Error: Can't find ')' to match '('.
      buffer.writeln('     �?世界背景与历史概�?);
                    ^
  lib/core/services/ai/agent/agent_service.dart:337:19: Error: Can't find ')' to match '('.
      buffer.writeln('     �?核心设定与规则体�?);
                    ^
  lib/core/services/ai/agent/agent_service.dart:333:19: Error: Can't find ')' to match '('.
      buffer.writeln('   - title: 「{作品名} 世界观设定�?);
                    ^
  lib/core/services/ai/agent/agent_service.dart:331:19: Error: Can't find ')' to match '('.
      buffer.writeln('1. 先调�?create_work 创建作品（name 为作品名称，将主题关键词写入 type 字段�?);
                    ^
  lib/core/services/ai/agent/agent_service.dart:329:19: Error: Can't find ')' to match '('.
      buffer.writeln('## 创建作品时的主题/世界观处理规�?);
                    ^
  lib/core/services/ai/agent/agent_service.dart:327:19: Error: Can't find ')' to match '('.
      buffer.writeln('但如果用户已经提供了足够的信息（有明确的剧情走向和关键事件），就可以直接创建�?);
                    ^
  lib/core/services/ai/agent/agent_service.dart:326:19: Error: Can't find ')' to match '('.
      buffer.writeln('如果用户给了一句话剧情但缺少细节，你可以主动建议补充冲突点、情感转折、悬念钩子等，让章节更丰满�?);
                    ^
  lib/core/services/ai/agent/agent_service.dart:325:19: Error: Can't find ')' to match '('.
      buffer.writeln('你应该礼貌地追问关键信息，例如：本章主要事件、涉及角色、情感基调、是否需要结尾钩子等�?);
                    ^
  lib/core/services/ai/agent/agent_service.dart:324:19: Error: Can't find ')' to match '('.
      buffer.writeln('如果用户信息不足（如只说"帮我写一�?或剧情过于单薄），不要盲目创建�?);
                    ^
  lib/core/services/ai/agent/agent_service.dart:320:19: Error: Can't find ')' to match '('.
      buffer.writeln('4. **前文衔接**：如果不是第一章，是否有前文上下文可以衔接？如有，先搜索前文内�?);
                    ^
  lib/core/services/ai/agent/agent_service.dart:318:19: Error: Can't find ')' to match '('.
      buffer.writeln('2. **节奏定位**：本章处于故事的什么位置？（开�?铺垫/高潮/过渡/结尾）是否需要提醒用户注意节�?);
                    ^
  lib/core/services/ai/agent/agent_service.dart:317:19: Error: Can't find ')' to match '('.
      buffer.writeln('1. **剧情内容**：用户是否描述了本章要发生什么事？如果只�?写第一�?而没给任何剧情方向，应追�?);
                    ^
  lib/core/services/ai/agent/agent_service.dart:313:19: Error: Can't find ')' to match '('.
      buffer.writeln('你需要在调用工具前先构思好章节内容，然后一次性传入�?);
                    ^
  lib/core/services/ai/agent/agent_service.dart:312:19: Error: Can't find ')' to match '('.
      buffer.writeln('不要创建空章节！content 参数是必填的�?);
                    ^
  lib/core/services/ai/agent/agent_service.dart:311:19: Error: Can't find ')' to match '('.
      buffer.writeln('调用 create_chapter 时，必须�?content 参数中传入完整的章节正文内容�?);
                    ^
  lib/core/services/ai/agent/agent_service.dart:310:19: Error: Can't find ')' to match '('.
      buffer.writeln('## 创建章节的完整流�?);
                    ^
  lib/core/services/ai/agent/agent_service.dart:308:19: Error: Can't find ')' to match '('.
      buffer.writeln('创建实体后，用自然语言向用户确认创建结果�?);
                    ^
  lib/core/services/ai/agent/agent_service.dart:307:19: Error: Can't find ')' to match '('.
      buffer.writeln('当用户要求创建角色、地点、物品、势力、关系、作品、卷、章节或素材时，请直接调用对应的 create_* 工具�?);
                    ^
  lib/core/services/ai/agent/agent_service.dart:305:19: Error: Can't find ')' to match '('.
      buffer.writeln('- 最终回复必须是完整的中文内�?);
                    ^
  lib/core/services/ai/agent/agent_service.dart:304:19: Error: Can't find ')' to match '('.
      buffer.writeln('- 如果信息不足，先搜索再行�?);
                    ^
  lib/core/services/ai/agent/agent_service.dart:302:19: Error: Can't find ')' to match '('.
      buffer.writeln('- 每次只调用一个工�?);
                    ^
  lib/core/services/ai/agent/agent_service.dart:301:19: Error: Can't find ')' to match '('.
      buffer.writeln('注意事项�?);
                    ^
  lib/core/services/ai/agent/agent_service.dart:299:19: Error: Can't find ')' to match '('.
      buffer.writeln('5. 综合结果，给出最终回�?);
                    ^
  lib/core/services/ai/agent/agent_service.dart:298:19: Error: Can't find ')' to match '('.
      buffer.writeln('4. 如果需要检查问题，调用分析/一致性检查工�?);
                    ^
  lib/core/services/ai/agent/agent_service.dart:295:19: Error: Can't find ')' to match '('.
      buffer.writeln('1. 分析用户需�?);
                    ^
  lib/core/services/ai/agent/agent_service.dart:294:19: Error: Can't find ')' to match '('.
      buffer.writeln('工作流程�?);
                    ^
  lib/core/services/ai/agent/agent_service.dart:287:19: Error: Can't find ')' to match '('.
      buffer.writeln('你可以使用工具来完成任务，也可以直接回复用户�?);
                    ^
  lib/core/services/ai/agent/agent_service.dart:286:19: Error: Can't find ')' to match '('.
      buffer.writeln('你是一位专业的小说写作助手 Agent�?);
                    ^
  test/integration/full_pipeline_test.dart:732:44: Error: 'AgentReflection' isn't a type.
        final reflections = events.whereType<AgentReflection>().toList();
                                             ^^^^^^^^^^^^^^^
  test/integration/full_pipeline_test.dart:818:44: Error: 'AgentReflection' isn't a type.
        final reflections = events.whereType<AgentReflection>().toList();
                                             ^^^^^^^^^^^^^^^
  test/integration/full_pipeline_test.dart:819:36: Error: The getter 'toolsFailed' isn't defined for the type 'Object?'.
   - 'Object' is from 'dart:core'.
  Try correcting the name to the name of an existing getter, or defining a getter or field named 'toolsFailed'.
        if (reflections.any((r) => r.toolsFailed > 0)) {
                                     ^^^^^^^^^^^
  lib/core/services/ai/agent/agent_service.dart:133:9: Error: Expected ',' before this.
          await controller.close();
          ^^^^^
  lib/core/services/ai/agent/agent_service.dart:132:34: Error: Too many positional arguments: 1 allowed, but 2 found.
  Try removing the extra positional arguments.
          controller.add(AgentError('没有可用的工�?));
                                   ^
  lib/core/services/ai/agent/agent_service.dart:54:3: Context: Found this candidate, but the arguments don't match.
    AgentError(this.error);
    ^^^^^^^^^^
  lib/core/services/ai/agent/agent_service.dart:205:17: Error: Expected ',' before this.
                  toolCallId: toolCall.id,
                  ^^^^^^^^^^
  lib/core/services/ai/agent/agent_service.dart:287:5: Error: Expected ',' before this.
      buffer.writeln('你可以使用工具来完成任务，也可以直接回复用户�?);
      ^^^^^^
  lib/core/services/ai/agent/agent_service.dart:287:20: Error: Expected ';' after this.
      buffer.writeln('你可以使用工具来完成任务，也可以直接回复用户�?);
                     ^^^^^^^^^^^^^^^^^^^^^^^^^^^
  lib/core/services/ai/agent/agent_service.dart:291:22: Error: Expected ';' after this.
        buffer.writeln('当前没有选中作品。如果用户需要操作特定作品（如创建章节、角色等），请先调用 list_works 查看所有作品并获取�?ID�?);
                       ^^^^^^^^^^^^^^^^^^^^^^^^^^^^^^^^^^^^^^^^^^^^^^^^^^^^^^^^^^^^^^^^^^^
  lib/core/services/ai/agent/agent_service.dart:295:5: Error: Expected ',' before this.
      buffer.writeln('1. 分析用户需�?);
      ^^^^^^
  lib/core/services/ai/agent/agent_service.dart:296:5: Error: Expected ',' before this.
      buffer.writeln('2. 如果需要信息，调用搜索工具');
      ^^^^^^
  lib/core/services/ai/agent/agent_service.dart:299:5: Error: Expected ',' before this.
      buffer.writeln('5. 综合结果，给出最终回�?);
      ^^^^^^
  lib/core/services/ai/agent/agent_service.dart:300:5: Error: Expected ',' before this.
      buffer.writeln();
      ^^^^^^
  lib/core/services/ai/agent/agent_service.dart:302:5: Error: Expected ',' before this.
      buffer.writeln('- 每次只调用一个工�?);
      ^^^^^^
  lib/core/services/ai/agent/agent_service.dart:303:5: Error: Expected ',' before this.
      buffer.writeln('- 如果不知道作�?ID 或卷 ID，先调用 list_works / list_volumes 获取');
      ^^^^^^
  lib/core/services/ai/agent/agent_service.dart:305:5: Error: Expected ',' before this.
      buffer.writeln('- 最终回复必须是完整的中文内�?);
      ^^^^^^
  lib/core/services/ai/agent/agent_service.dart:306:5: Error: Expected ',' before this.
      buffer.writeln();
      ^^^^^^
  lib/core/services/ai/agent/agent_service.dart:308:5: Error: Expected ',' before this.
      buffer.writeln('创建实体后，用自然语言向用户确认创建结果�?);
      ^^^^^^
  lib/core/services/ai/agent/agent_service.dart:309:5: Error: Expected ',' before this.
      buffer.writeln();
      ^^^^^^
  lib/core/services/ai/agent/agent_service.dart:311:5: Error: Expected ',' before this.
      buffer.writeln('调用 create_chapter 时，必须�?content 参数中传入完整的章节正文内容�?);
      ^^^^^^
  lib/core/services/ai/agent/agent_service.dart:312:5: Error: Expected ',' before this.
      buffer.writeln('不要创建空章节！content 参数是必填的�?);
      ^^^^^^
  lib/core/services/ai/agent/agent_service.dart:313:5: Error: Expected ',' before this.
      buffer.writeln('你需要在调用工具前先构思好章节内容，然后一次性传入�?);
      ^^^^^^
  lib/core/services/ai/agent/agent_service.dart:314:5: Error: Expected ',' before this.
      buffer.writeln();
      ^^^^^^
  lib/core/services/ai/agent/agent_service.dart:318:5: Error: Expected ',' before this.
      buffer.writeln('2. **节奏定位**：本章处于故事的什么位置？（开�?铺垫/高潮/过渡/结尾）是否需要提醒用户注意节�?);
      ^^^^^^
  lib/core/services/ai/agent/agent_service.dart:319:5: Error: Expected ',' before this.
      buffer.writeln('3. **钩子/悬念**：本章结尾是否需要留下悬念或钩子引导读者继续阅读？');
      ^^^^^^
  lib/core/services/ai/agent/agent_service.dart:321:5: Error: Expected ',' before this.
      buffer.writeln('5. **事件丰富�?*：用户提供的剧情是否足够展开为一整章？是否只有一句话概括而缺少具体事件、冲突、转折？');
      ^^^^^^
  lib/core/services/ai/agent/agent_service.dart:325:5: Error: Expected ',' before this.
      buffer.writeln('你应该礼貌地追问关键信息，例如：本章主要事件、涉及角色、情感基调、是否需要结尾钩子等�?);
      ^^^^^^
  lib/core/services/ai/agent/agent_service.dart:326:5: Error: Expected ',' before this.
      buffer.writeln('如果用户给了一句话剧情但缺少细节，你可以主动建议补充冲突点、情感转折、悬念钩子等，让章节更丰满�?);
      ^^^^^^
  lib/core/services/ai/agent/agent_service.dart:327:5: Error: Expected ',' before this.
      buffer.writeln('但如果用户已经提供了足够的信息（有明确的剧情走向和关键事件），就可以直接创建�?);
      ^^^^^^
  lib/core/services/ai/agent/agent_service.dart:328:5: Error: Expected ',' before this.
      buffer.writeln();
      ^^^^^^
  lib/core/services/ai/agent/agent_service.dart:330:5: Error: Expected ',' before this.
      buffer.writeln('当用户创建作品并附带「主题」「题材」「类型」「世界观」「风格」等描述时，你必须执行以下步骤：');
      ^^^^^^
  lib/core/services/ai/agent/agent_service.dart:332:5: Error: Expected ',' before this.
      buffer.writeln('2. 紧接着调用 create_inspiration，参数如下：');
      ^^^^^^
  lib/core/services/ai/agent/agent_service.dart:334:5: Error: Expected ',' before this.
      buffer.writeln('   - category: "worldbuilding"');
      ^^^^^^
  lib/core/services/ai/agent/agent_service.dart:338:5: Error: Expected ',' before this.
      buffer.writeln('     �?力量体系/等级划分');
      ^^^^^^
  lib/core/services/ai/agent/agent_service.dart:340:5: Error: Expected ',' before this.
      buffer.writeln('     �?典型场景与氛围描�?);
      ^^^^^^
  lib/core/services/ai/agent/agent_service.dart:341:5: Error: Expected ',' before this.
      buffer.writeln('     �?常见剧情模式与套�?);
      ^^^^^^
  lib/core/services/ai/agent/agent_service.dart:342:5: Error: Expected ',' before this.
      buffer.writeln('   - tags: 提取 3-5 个相关标�?);
      ^^^^^^
  lib/core/services/ai/agent/agent_service.dart:343:5: Error: Expected ',' before this.
      buffer.writeln('3. 用自然语言向用户确认：作品已创建，并已根据主题自动生成世界观设�?);
      ^^^^^^
  lib/core/services/ai/agent/agent_service.dart:343:20: Error: Expected ';' after this.
      buffer.writeln('3. 用自然语言向用户确认：作品已创建，并已根据主题自动生成世界观设�?);
                     ^^^^^^^^^^^^^^^^^^^^^^^^^^^^^^^^^^^^^^^
  lib/core/services/ai/agent/agent_service.dart:286:19: Error: Too many positional arguments: 1 allowed, but 2 found.
  Try removing the extra positional arguments.
      buffer.writeln('你是一位专业的小说写作助手 Agent�?);
                    ^
  lib/core/services/ai/agent/agent_service.dart:295:19: Error: Too many positional arguments: 1 allowed, but 2 found.
  Try removing the extra positional arguments.
      buffer.writeln('1. 分析用户需�?);
                    ^
  lib/core/services/ai/agent/agent_service.dart:294:19: Error: Too many positional arguments: 1 allowed, but 2 found.
  Try removing the extra positional arguments.
      buffer.writeln('工作流程�?);
                    ^
  lib/core/services/ai/agent/agent_service.dart:299:19: Error: Too many positional arguments: 1 allowed, but 2 found.
  Try removing the extra positional arguments.
      buffer.writeln('5. 综合结果，给出最终回�?);
                    ^
  lib/core/services/ai/agent/agent_service.dart:298:19: Error: Too many positional arguments: 1 allowed, but 2 found.
  Try removing the extra positional arguments.
      buffer.writeln('4. 如果需要检查问题，调用分析/一致性检查工�?);
                    ^
  lib/core/services/ai/agent/agent_service.dart:302:19: Error: Too many positional arguments: 1 allowed, but 2 found.
  Try removing the extra positional arguments.
      buffer.writeln('- 每次只调用一个工�?);
                    ^
  lib/core/services/ai/agent/agent_service.dart:301:19: Error: Too many positional arguments: 1 allowed, but 2 found.
  Try removing the extra positional arguments.
      buffer.writeln('注意事项�?);
                    ^
  lib/core/services/ai/agent/agent_service.dart:305:19: Error: Too many positional arguments: 1 allowed, but 2 found.
  Try removing the extra positional arguments.
      buffer.writeln('- 最终回复必须是完整的中文内�?);
                    ^
  lib/core/services/ai/agent/agent_service.dart:304:19: Error: Too many positional arguments: 1 allowed, but 2 found.
  Try removing the extra positional arguments.
      buffer.writeln('- 如果信息不足，先搜索再行�?);
                    ^
  lib/core/services/ai/agent/agent_service.dart:308:19: Error: Too many positional arguments: 1 allowed, but 2 found.
  Try removing the extra positional arguments.
      buffer.writeln('创建实体后，用自然语言向用户确认创建结果�?);
                    ^
  lib/core/services/ai/agent/agent_service.dart:307:19: Error: Too many positional arguments: 1 allowed, but 2 found.
  Try removing the extra positional arguments.
      buffer.writeln('当用户要求创建角色、地点、物品、势力、关系、作品、卷、章节或素材时，请直接调用对应的 create_* 工具�?);
                    ^
  lib/core/services/ai/agent/agent_service.dart:313:19: Error: Too many positional arguments: 1 allowed, but 2 found.
  Try removing the extra positional arguments.
      buffer.writeln('你需要在调用工具前先构思好章节内容，然后一次性传入�?);
                    ^
  lib/core/services/ai/agent/agent_service.dart:312:19: Error: Too many positional arguments: 1 allowed, but 2 found.
  Try removing the extra positional arguments.
      buffer.writeln('不要创建空章节！content 参数是必填的�?);
                    ^
  lib/core/services/ai/agent/agent_service.dart:311:19: Error: Too many positional arguments: 1 allowed, but 2 found.
  Try removing the extra positional arguments.
      buffer.writeln('调用 create_chapter 时，必须�?content 参数中传入完整的章节正文内容�?);
                    ^
  lib/core/services/ai/agent/agent_service.dart:310:19: Error: Too many positional arguments: 1 allowed, but 2 found.
  Try removing the extra positional arguments.
      buffer.writeln('## 创建章节的完整流�?);
                    ^
  lib/core/services/ai/agent/agent_service.dart:318:19: Error: Too many positional arguments: 1 allowed, but 2 found.
  Try removing the extra positional arguments.
      buffer.writeln('2. **节奏定位**：本章处于故事的什么位置？（开�?铺垫/高潮/过渡/结尾）是否需要提醒用户注意节�?);
                    ^
  lib/core/services/ai/agent/agent_service.dart:317:19: Error: Too many positional arguments: 1 allowed, but 2 found.
  Try removing the extra positional arguments.
      buffer.writeln('1. **剧情内容**：用户是否描述了本章要发生什么事？如果只�?写第一�?而没给任何剧情方向，应追�?);
                    ^
  lib/core/services/ai/agent/agent_service.dart:320:19: Error: Too many positional arguments: 1 allowed, but 2 found.
  Try removing the extra positional arguments.
      buffer.writeln('4. **前文衔接**：如果不是第一章，是否有前文上下文可以衔接？如有，先搜索前文内�?);
                    ^
  lib/core/services/ai/agent/agent_service.dart:327:19: Error: Too many positional arguments: 1 allowed, but 2 found.
  Try removing the extra positional arguments.
      buffer.writeln('但如果用户已经提供了足够的信息（有明确的剧情走向和关键事件），就可以直接创建�?);
                    ^
  lib/core/services/ai/agent/agent_service.dart:326:19: Error: Too many positional arguments: 1 allowed, but 2 found.
  Try removing the extra positional arguments.
      buffer.writeln('如果用户给了一句话剧情但缺少细节，你可以主动建议补充冲突点、情感转折、悬念钩子等，让章节更丰满�?);
                    ^
  lib/core/services/ai/agent/agent_service.dart:325:19: Error: Too many positional arguments: 1 allowed, but 2 found.
  Try removing the extra positional arguments.
      buffer.writeln('你应该礼貌地追问关键信息，例如：本章主要事件、涉及角色、情感基调、是否需要结尾钩子等�?);
                    ^
  lib/core/services/ai/agent/agent_service.dart:324:19: Error: Too many positional arguments: 1 allowed, but 2 found.
  Try removing the extra positional arguments.
      buffer.writeln('如果用户信息不足（如只说"帮我写一�?或剧情过于单薄），不要盲目创建�?);
                    ^
  lib/core/services/ai/agent/agent_service.dart:329:19: Error: Too many positional arguments: 1 allowed, but 2 found.
  Try removing the extra positional arguments.
      buffer.writeln('## 创建作品时的主题/世界观处理规�?);
                    ^
  lib/core/services/ai/agent/agent_service.dart:331:19: Error: Too many positional arguments: 1 allowed, but 2 found.
  Try removing the extra positional arguments.
      buffer.writeln('1. 先调�?create_work 创建作品（name 为作品名称，将主题关键词写入 type 字段�?);
                    ^
  lib/core/services/ai/agent/agent_service.dart:333:19: Error: Too many positional arguments: 1 allowed, but 2 found.
  Try removing the extra positional arguments.
      buffer.writeln('   - title: 「{作品名} 世界观设定�?);
                    ^
  lib/core/services/ai/agent/agent_service.dart:337:19: Error: Too many positional arguments: 1 allowed, but 2 found.
  Try removing the extra positional arguments.
      buffer.writeln('     �?核心设定与规则体�?);
                    ^
  lib/core/services/ai/agent/agent_service.dart:342:19: Error: Too many positional arguments: 1 allowed, but 2 found.
  Try removing the extra positional arguments.
      buffer.writeln('   - tags: 提取 3-5 个相关标�?);
                    ^
  lib/core/services/ai/agent/agent_service.dart:341:19: Error: Too many positional arguments: 1 allowed, but 2 found.
  Try removing the extra positional arguments.
      buffer.writeln('     �?常见剧情模式与套�?);
                    ^
  lib/core/services/ai/agent/agent_service.dart:340:19: Error: Too many positional arguments: 1 allowed, but 2 found.
  Try removing the extra positional arguments.
      buffer.writeln('     �?典型场景与氛围描�?);
                    ^
  lib/core/services/ai/agent/agent_service.dart:339:19: Error: Too many positional arguments: 1 allowed, but 2 found.
  Try removing the extra positional arguments.
      buffer.writeln('     �?世界背景与历史概�?);
                    ^
  .
00:04 +1 -6: loading C:/Users/changw98/dev/writing_assistant/test/integration/full_novel_test.dart
Warning: A tag was used that wasn't specified in dart_test.yaml.
  integration was used in the suite itself

00:04 +1 -6: C:/Users/changw98/dev/writing_assistant/test/integration/full_novel_test.dart: (setUpAll)
00:04 +1 -6: C:/Users/changw98/dev/writing_assistant/test/integration/full_novel_test.dart: 完整小说创作（AI 生成 + 真实 DB） 清空数据库 → AI 生成完整小说 → 写入 DB → 客户端可见
🧹 清空数据库...
✅ 数据库已清空
📝 AI 生成作品设定...
lib/core/services/ai/agent/agent_service.dart:132:35: Error: String starting with ' must end with '.
        controller.add(AgentError('没有可用的工�?));
                                  ^^^^^^^^^^^^
lib/core/services/ai/agent/agent_service.dart:132:34: Error: Can't find ')' to match '('.
        controller.add(AgentError('没有可用的工�?));
                                 ^
lib/core/services/ai/agent/agent_service.dart:132:23: Error: Can't find ')' to match '('.
        controller.add(AgentError('没有可用的工�?));
                      ^
lib/core/services/ai/agent/agent_service.dart:200:53: Error: String starting with ' must end with '.
                ToolResult.fail('工具 ${toolCall.name} 不存�?),
                                                    ^^^^^^^
lib/core/services/ai/agent/agent_service.dart:204:50: Error: String starting with ' must end with '.
                content: '错误: 工具 ${toolCall.name} 不存�?,
                                                 ^^^^^^
lib/core/services/ai/agent/agent_service.dart:199:29: Error: Can't find ')' to match '('.
              controller.add(AgentObservation(
                            ^
lib/core/services/ai/agent/agent_service.dart:286:20: Error: String starting with ' must end with '.
    buffer.writeln('你是一位专业的小说写作助手 Agent�?);
                   ^^^^^^^^^^^^^^^^^^^^^^^^
lib/core/services/ai/agent/agent_service.dart:287:20: Error: String starting with ' must end with '.
    buffer.writeln('你可以使用工具来完成任务，也可以直接回复用户�?);
                   ^^^^^^^^^^^^^^^^^^^^^^^^^^^
lib/core/services/ai/agent/agent_service.dart:291:22: Error: String starting with ' must end with '.
      buffer.writeln('当前没有选中作品。如果用户需要操作特定作品（如创建章节、角色等），请先调用 list_works 查看所有作品并获取�?ID�?);
                     ^^^^^^^^^^^^^^^^^^^^^^^^^^^^^^^^^^^^^^^^^^^^^^^^^^^^^^^^^^^^^^^^^^^
lib/core/services/ai/agent/agent_service.dart:291:21: Error: Can't find ')' to match '('.
      buffer.writeln('当前没有选中作品。如果用户需要操作特定作品（如创建章节、角色等），请先调用 list_works 查看所有作品并获取�?ID�?);
                    ^
lib/core/services/ai/agent/agent_service.dart:294:20: Error: String starting with ' must end with '.
    buffer.writeln('工作流程�?);
                   ^^^^^^^^^
lib/core/services/ai/agent/agent_service.dart:295:20: Error: String starting with ' must end with '.
    buffer.writeln('1. 分析用户需�?);
                   ^^^^^^^^^^^^^
lib/core/services/ai/agent/agent_service.dart:298:20: Error: String starting with ' must end with '.
    buffer.writeln('4. 如果需要检查问题，调用分析/一致性检查工�?);
                   ^^^^^^^^^^^^^^^^^^^^^^^^^^^^
lib/core/services/ai/agent/agent_service.dart:299:20: Error: String starting with ' must end with '.
    buffer.writeln('5. 综合结果，给出最终回�?);
                   ^^^^^^^^^^^^^^^^^^
lib/core/services/ai/agent/agent_service.dart:301:20: Error: String starting with ' must end with '.
    buffer.writeln('注意事项�?);
                   ^^^^^^^^^
lib/core/services/ai/agent/agent_service.dart:302:20: Error: String starting with ' must end with '.
    buffer.writeln('- 每次只调用一个工�?);
                   ^^^^^^^^^^^^^^^
lib/core/services/ai/agent/agent_service.dart:304:20: Error: String starting with ' must end with '.
    buffer.writeln('- 如果信息不足，先搜索再行�?);
                   ^^^^^^^^^^^^^^^^^^^
lib/core/services/ai/agent/agent_service.dart:305:20: Error: String starting with ' must end with '.
    buffer.writeln('- 最终回复必须是完整的中文内�?);
                   ^^^^^^^^^^^^^^^^^^^^
lib/core/services/ai/agent/agent_service.dart:307:20: Error: String starting with ' must end with '.
    buffer.writeln('当用户要求创建角色、地点、物品、势力、关系、作品、卷、章节或素材时，请直接调用对应的 create_* 工具�?);
                   ^^^^^^^^^^^^^^^^^^^^^^^^^^^^^^^^^^^^^^^^^^^^^^^^^^^^^^^^^^^
lib/core/services/ai/agent/agent_service.dart:308:20: Error: String starting with ' must end with '.
    buffer.writeln('创建实体后，用自然语言向用户确认创建结果�?);
                   ^^^^^^^^^^^^^^^^^^^^^^^^^
lib/core/services/ai/agent/agent_service.dart:310:20: Error: String starting with ' must end with '.
    buffer.writeln('## 创建章节的完整流�?);
                   ^^^^^^^^^^^^^^^^
lib/core/services/ai/agent/agent_service.dart:311:20: Error: String starting with ' must end with '.
    buffer.writeln('调用 create_chapter 时，必须�?content 参数中传入完整的章节正文内容�?);
                   ^^^^^^^^^^^^^^^^^^^^^^^^^^^^^^^^^^^^^^^^^^^^^^^^^^^
lib/core/services/ai/agent/agent_service.dart:312:20: Error: String starting with ' must end with '.
    buffer.writeln('不要创建空章节！content 参数是必填的�?);
                   ^^^^^^^^^^^^^^^^^^^^^^^^^^^
lib/core/services/ai/agent/agent_service.dart:313:20: Error: String starting with ' must end with '.
    buffer.writeln('你需要在调用工具前先构思好章节内容，然后一次性传入�?);
                   ^^^^^^^^^^^^^^^^^^^^^^^^^^^^^^
lib/core/services/ai/agent/agent_service.dart:317:20: Error: String starting with ' must end with '.
    buffer.writeln('1. **剧情内容**：用户是否描述了本章要发生什么事？如果只�?写第一�?而没给任何剧情方向，应追�?);
                   ^^^^^^^^^^^^^^^^^^^^^^^^^^^^^^^^^^^^^^^^^^^^^^^^^^^^^^^
lib/core/services/ai/agent/agent_service.dart:318:20: Error: String starting with ' must end with '.
    buffer.writeln('2. **节奏定位**：本章处于故事的什么位置？（开�?铺垫/高潮/过渡/结尾）是否需要提醒用户注意节�?);
                   ^^^^^^^^^^^^^^^^^^^^^^^^^^^^^^^^^^^^^^^^^^^^^^^^^^^^^^^^
lib/core/services/ai/agent/agent_service.dart:320:20: Error: String starting with ' must end with '.
    buffer.writeln('4. **前文衔接**：如果不是第一章，是否有前文上下文可以衔接？如有，先搜索前文内�?);
                   ^^^^^^^^^^^^^^^^^^^^^^^^^^^^^^^^^^^^^^^^^^^^^^^
lib/core/services/ai/agent/agent_service.dart:324:20: Error: String starting with ' must end with '.
    buffer.writeln('如果用户信息不足（如只说"帮我写一�?或剧情过于单薄），不要盲目创建�?);
                   ^^^^^^^^^^^^^^^^^^^^^^^^^^^^^^^^^^^^^^^
lib/core/services/ai/agent/agent_service.dart:325:20: Error: String starting with ' must end with '.
    buffer.writeln('你应该礼貌地追问关键信息，例如：本章主要事件、涉及角色、情感基调、是否需要结尾钩子等�?);
                   ^^^^^^^^^^^^^^^^^^^^^^^^^^^^^^^^^^^^^^^^^^^^^^^
lib/core/services/ai/agent/agent_service.dart:326:20: Error: String starting with ' must end with '.
    buffer.writeln('如果用户给了一句话剧情但缺少细节，你可以主动建议补充冲突点、情感转折、悬念钩子等，让章节更丰满�?);
                   ^^^^^^^^^^^^^^^^^^^^^^^^^^^^^^^^^^^^^^^^^^^^^^^^^^^^
lib/core/services/ai/agent/agent_service.dart:327:20: Error: String starting with ' must end with '.
    buffer.writeln('但如果用户已经提供了足够的信息（有明确的剧情走向和关键事件），就可以直接创建�?);
                   ^^^^^^^^^^^^^^^^^^^^^^^^^^^^^^^^^^^^^^^^^^^
lib/core/services/ai/agent/agent_service.dart:329:20: Error: String starting with ' must end with '.
    buffer.writeln('## 创建作品时的主题/世界观处理规�?);
                   ^^^^^^^^^^^^^^^^^^^^^^^
lib/core/services/ai/agent/agent_service.dart:331:20: Error: String starting with ' must end with '.
    buffer.writeln('1. 先调�?create_work 创建作品（name 为作品名称，将主题关键词写入 type 字段�?);
                   ^^^^^^^^^^^^^^^^^^^^^^^^^^^^^^^^^^^^^^^^^^^^^^^^^^^^^^^^
lib/core/services/ai/agent/agent_service.dart:333:20: Error: String starting with ' must end with '.
    buffer.writeln('   - title: 「{作品名} 世界观设定�?);
                   ^^^^^^^^^^^^^^^^^^^^^^^^^^^^^
lib/core/services/ai/agent/agent_service.dart:337:20: Error: String starting with ' must end with '.
    buffer.writeln('     �?核心设定与规则体�?);
                   ^^^^^^^^^^^^^^^^^^^^
lib/core/services/ai/agent/agent_service.dart:339:20: Error: String starting with ' must end with '.
    buffer.writeln('     �?世界背景与历史概�?);
                   ^^^^^^^^^^^^^^^^^^^^
lib/core/services/ai/agent/agent_service.dart:340:20: Error: String starting with ' must end with '.
    buffer.writeln('     �?典型场景与氛围描�?);
                   ^^^^^^^^^^^^^^^^^^^^
lib/core/services/ai/agent/agent_service.dart:341:20: Error: String starting with ' must end with '.
    buffer.writeln('     �?常见剧情模式与套�?);
                   ^^^^^^^^^^^^^^^^^^^^
lib/core/services/ai/agent/agent_service.dart:342:20: Error: String starting with ' must end with '.
    buffer.writeln('   - tags: 提取 3-5 个相关标�?);
                   ^^^^^^^^^^^^^^^^^^^^^^^^^^^
lib/core/services/ai/agent/agent_service.dart:343:20: Error: String starting with ' must end with '.
    buffer.writeln('3. 用自然语言向用户确认：作品已创建，并已根据主题自动生成世界观设�?);
                   ^^^^^^^^^^^^^^^^^^^^^^^^^^^^^^^^^^^^^^^
lib/core/services/ai/agent/agent_service.dart:343:19: Error: Can't find ')' to match '('.
    buffer.writeln('3. 用自然语言向用户确认：作品已创建，并已根据主题自动生成世界观设�?);
                  ^
lib/core/services/ai/agent/agent_service.dart:342:19: Error: Can't find ')' to match '('.
    buffer.writeln('   - tags: 提取 3-5 个相关标�?);
                  ^
lib/core/services/ai/agent/agent_service.dart:341:19: Error: Can't find ')' to match '('.
    buffer.writeln('     �?常见剧情模式与套�?);
                  ^
lib/core/services/ai/agent/agent_service.dart:340:19: Error: Can't find ')' to match '('.
    buffer.writeln('     �?典型场景与氛围描�?);
                  ^
lib/core/services/ai/agent/agent_service.dart:339:19: Error: Can't find ')' to match '('.
    buffer.writeln('     �?世界背景与历史概�?);
                  ^
lib/core/services/ai/agent/agent_service.dart:337:19: Error: Can't find ')' to match '('.
    buffer.writeln('     �?核心设定与规则体�?);
                  ^
lib/core/services/ai/agent/agent_service.dart:333:19: Error: Can't find ')' to match '('.
    buffer.writeln('   - title: 「{作品名} 世界观设定�?);
                  ^
lib/core/services/ai/agent/agent_service.dart:331:19: Error: Can't find ')' to match '('.
    buffer.writeln('1. 先调�?create_work 创建作品（name 为作品名称，将主题关键词写入 type 字段�?);
                  ^
lib/core/services/ai/agent/agent_service.dart:329:19: Error: Can't find ')' to match '('.
    buffer.writeln('## 创建作品时的主题/世界观处理规�?);
                  ^
lib/core/services/ai/agent/agent_service.dart:327:19: Error: Can't find ')' to match '('.
    buffer.writeln('但如果用户已经提供了足够的信息（有明确的剧情走向和关键事件），就可以直接创建�?);
                  ^
lib/core/services/ai/agent/agent_service.dart:326:19: Error: Can't find ')' to match '('.
    buffer.writeln('如果用户给了一句话剧情但缺少细节，你可以主动建议补充冲突点、情感转折、悬念钩子等，让章节更丰满�?);
                  ^
lib/core/services/ai/agent/agent_service.dart:325:19: Error: Can't find ')' to match '('.
    buffer.writeln('你应该礼貌地追问关键信息，例如：本章主要事件、涉及角色、情感基调、是否需要结尾钩子等�?);
                  ^
lib/core/services/ai/agent/agent_service.dart:324:19: Error: Can't find ')' to match '('.
    buffer.writeln('如果用户信息不足（如只说"帮我写一�?或剧情过于单薄），不要盲目创建�?);
                  ^
lib/core/services/ai/agent/agent_service.dart:320:19: Error: Can't find ')' to match '('.
    buffer.writeln('4. **前文衔接**：如果不是第一章，是否有前文上下文可以衔接？如有，先搜索前文内�?);
                  ^
lib/core/services/ai/agent/agent_service.dart:318:19: Error: Can't find ')' to match '('.
    buffer.writeln('2. **节奏定位**：本章处于故事的什么位置？（开�?铺垫/高潮/过渡/结尾）是否需要提醒用户注意节�?);
                  ^
lib/core/services/ai/agent/agent_service.dart:317:19: Error: Can't find ')' to match '('.
    buffer.writeln('1. **剧情内容**：用户是否描述了本章要发生什么事？如果只�?写第一�?而没给任何剧情方向，应追�?);
                  ^
lib/core/services/ai/agent/agent_service.dart:313:19: Error: Can't find ')' to match '('.
    buffer.writeln('你需要在调用工具前先构思好章节内容，然后一次性传入�?);
                  ^
lib/core/services/ai/agent/agent_service.dart:312:19: Error: Can't find ')' to match '('.
    buffer.writeln('不要创建空章节！content 参数是必填的�?);
                  ^
lib/core/services/ai/agent/agent_service.dart:311:19: Error: Can't find ')' to match '('.
    buffer.writeln('调用 create_chapter 时，必须�?content 参数中传入完整的章节正文内容�?);
                  ^
lib/core/services/ai/agent/agent_service.dart:310:19: Error: Can't find ')' to match '('.
    buffer.writeln('## 创建章节的完整流�?);
                  ^
lib/core/services/ai/agent/agent_service.dart:308:19: Error: Can't find ')' to match '('.
    buffer.writeln('创建实体后，用自然语言向用户确认创建结果�?);
                  ^
lib/core/services/ai/agent/agent_service.dart:307:19: Error: Can't find ')' to match '('.
    buffer.writeln('当用户要求创建角色、地点、物品、势力、关系、作品、卷、章节或素材时，请直接调用对应的 create_* 工具�?);
                  ^
lib/core/services/ai/agent/agent_service.dart:305:19: Error: Can't find ')' to match '('.
    buffer.writeln('- 最终回复必须是完整的中文内�?);
                  ^
lib/core/services/ai/agent/agent_service.dart:304:19: Error: Can't find ')' to match '('.
    buffer.writeln('- 如果信息不足，先搜索再行�?);
                  ^
lib/core/services/ai/agent/agent_service.dart:302:19: Error: Can't find ')' to match '('.
    buffer.writeln('- 每次只调用一个工�?);
                  ^
lib/core/services/ai/agent/agent_service.dart:301:19: Error: Can't find ')' to match '('.
    buffer.writeln('注意事项�?);
                  ^
lib/core/services/ai/agent/agent_service.dart:299:19: Error: Can't find ')' to match '('.
    buffer.writeln('5. 综合结果，给出最终回�?);
                  ^
lib/core/services/ai/agent/agent_service.dart:298:19: Error: Can't find ')' to match '('.
    buffer.writeln('4. 如果需要检查问题，调用分析/一致性检查工�?);
                  ^
lib/core/services/ai/agent/agent_service.dart:295:19: Error: Can't find ')' to match '('.
    buffer.writeln('1. 分析用户需�?);
                  ^
lib/core/services/ai/agent/agent_service.dart:294:19: Error: Can't find ')' to match '('.
    buffer.writeln('工作流程�?);
                  ^
lib/core/services/ai/agent/agent_service.dart:287:19: Error: Can't find ')' to match '('.
    buffer.writeln('你可以使用工具来完成任务，也可以直接回复用户�?);
                  ^
lib/core/services/ai/agent/agent_service.dart:286:19: Error: Can't find ')' to match '('.
    buffer.writeln('你是一位专业的小说写作助手 Agent�?);
                  ^
test/integration/wuchang_chatservice_reimport_test.dart:484:37: Error: No named parameter with the name 'guidanceLoader
'.
        final aiService = AIService(guidanceLoader: guidanceLoader);
                                    ^^^^^^^^^^^^^^
lib/core/services/ai/ai_service.dart:146:3: Context: Found this candidate, but the arguments don't match.
  AIService()
  ^^^^^^^^^
test/integration/wuchang_chatservice_reimport_test.dart:503:13: Error: No named parameter with the name 'runtimeHooks'.
            runtimeHooks: runtimeHooks,
            ^^^^^^^^^^^^
lib/core/services/ai/tools/create_work_tool.dart:12:3: Context: Found this candidate, but the arguments don't match.
  CreateWorkTool({required createFn}) : _createFn = createFn;
  ^^^^^^^^^^^^^^
test/integration/wuchang_chatservice_reimport_test.dart:531:13: Error: No named parameter with the name 'runtimeHooks'.
            runtimeHooks: runtimeHooks,
            ^^^^^^^^^^^^
lib/core/services/ai/tools/create_chapter_tool.dart:14:3: Context: Found this candidate, but the arguments don't match.
  CreateChapterTool({required createFn}) : _createFn = createFn;
  ^^^^^^^^^^^^^^^^^
test/integration/wuchang_chatservice_reimport_test.dart:553:13: Error: No named parameter with the name 'runtimeHooks'.
            runtimeHooks: runtimeHooks,
            ^^^^^^^^^^^^
lib/core/services/ai/tools/create_character_tool.dart:32:3: Context: Found this candidate, but the arguments don't matc
h.
  CreateCharacterTool({required createFn}) : _createFn = createFn;
  ^^^^^^^^^^^^^^^^^^^
test/integration/wuchang_chatservice_reimport_test.dart:590:13: Error: No named parameter with the name 'runtimeHooks'.
            runtimeHooks: runtimeHooks,
            ^^^^^^^^^^^^
lib/core/services/ai/tools/create_location_tool.dart:14:3: Context: Found this candidate, but the arguments don't match
.
  CreateLocationTool({required createFn}) : _createFn = createFn;
  ^^^^^^^^^^^^^^^^^^
test/integration/wuchang_chatservice_reimport_test.dart:635:13: Error: No named parameter with the name 'runtimeHooks'.
            runtimeHooks: runtimeHooks,
            ^^^^^^^^^^^^
lib/core/services/ai/tools/create_inspiration_tool.dart:32:3: Context: Found this candidate, but the arguments don't ma
tch.
  CreateInspirationTool({required createFn}) : _createFn = createFn;
  ^^^^^^^^^^^^^^^^^^^^^
test/integration/wuchang_chatservice_reimport_test.dart:690:11: Error: No named parameter with the name 'guidanceLoader
'.
          guidanceLoader: guidanceLoader,
          ^^^^^^^^^^^^^^
lib/core/services/ai/agent/agent_service.dart:67:3: Context: Found this candidate, but the arguments don't match.
  AgentService({
  ^^^^^^^^^^^^
test/integration/wuchang_chatservice_reimport_test.dart:712:11: Error: No named parameter with the name 'contextBuilder
'.
          contextBuilder: contextBuilder,
          ^^^^^^^^^^^^^^
lib/core/services/chat_service.dart:136:3: Context: Found this candidate, but the arguments don't match.
  ChatService({
  ^^^^^^^^^^^
lib/core/services/ai/agent/agent_service.dart:133:9: Error: Expected ',' before this.
        await controller.close();
        ^^^^^
lib/core/services/ai/agent/agent_service.dart:132:34: Error: Too many positional arguments: 1 allowed, but 2 found.
Try removing the extra positional arguments.
        controller.add(AgentError('没有可用的工�?));
                                 ^
lib/core/services/ai/agent/agent_service.dart:54:3: Context: Found this candidate, but the arguments don't match.
  AgentError(this.error);
  ^^^^^^^^^^
lib/core/services/ai/agent/agent_service.dart:205:17: Error: Expected ',' before this.
                toolCallId: toolCall.id,
                ^^^^^^^^^^
lib/core/services/ai/agent/agent_service.dart:287:5: Error: Expected ',' before this.
    buffer.writeln('你可以使用工具来完成任务，也可以直接回复用户�?);
    ^^^^^^
lib/core/services/ai/agent/agent_service.dart:287:20: Error: Expected ';' after this.
    buffer.writeln('你可以使用工具来完成任务，也可以直接回复用户�?);
                   ^^^^^^^^^^^^^^^^^^^^^^^^^^^
lib/core/services/ai/agent/agent_service.dart:291:22: Error: Expected ';' after this.
      buffer.writeln('当前没有选中作品。如果用户需要操作特定作品（如创建章节、角色等），请先调用 list_works 查看所有作品并获取�?ID�?);
                     ^^^^^^^^^^^^^^^^^^^^^^^^^^^^^^^^^^^^^^^^^^^^^^^^^^^^^^^^^^^^^^^^^^^
lib/core/services/ai/agent/agent_service.dart:295:5: Error: Expected ',' before this.
    buffer.writeln('1. 分析用户需�?);
    ^^^^^^
lib/core/services/ai/agent/agent_service.dart:296:5: Error: Expected ',' before this.
    buffer.writeln('2. 如果需要信息，调用搜索工具');
    ^^^^^^
lib/core/services/ai/agent/agent_service.dart:299:5: Error: Expected ',' before this.
    buffer.writeln('5. 综合结果，给出最终回�?);
    ^^^^^^
lib/core/services/ai/agent/agent_service.dart:300:5: Error: Expected ',' before this.
    buffer.writeln();
    ^^^^^^
lib/core/services/ai/agent/agent_service.dart:302:5: Error: Expected ',' before this.
    buffer.writeln('- 每次只调用一个工�?);
    ^^^^^^
lib/core/services/ai/agent/agent_service.dart:303:5: Error: Expected ',' before this.
    buffer.writeln('- 如果不知道作�?ID 或卷 ID，先调用 list_works / list_volumes 获取');
    ^^^^^^
lib/core/services/ai/agent/agent_service.dart:305:5: Error: Expected ',' before this.
    buffer.writeln('- 最终回复必须是完整的中文内�?);
    ^^^^^^
lib/core/services/ai/agent/agent_service.dart:306:5: Error: Expected ',' before this.
    buffer.writeln();
    ^^^^^^
lib/core/services/ai/agent/agent_service.dart:308:5: Error: Expected ',' before this.
    buffer.writeln('创建实体后，用自然语言向用户确认创建结果�?);
    ^^^^^^
lib/core/services/ai/agent/agent_service.dart:309:5: Error: Expected ',' before this.
    buffer.writeln();
    ^^^^^^
lib/core/services/ai/agent/agent_service.dart:311:5: Error: Expected ',' before this.
    buffer.writeln('调用 create_chapter 时，必须�?content 参数中传入完整的章节正文内容�?);
    ^^^^^^
lib/core/services/ai/agent/agent_service.dart:312:5: Error: Expected ',' before this.
    buffer.writeln('不要创建空章节！content 参数是必填的�?);
    ^^^^^^
lib/core/services/ai/agent/agent_service.dart:313:5: Error: Expected ',' before this.
    buffer.writeln('你需要在调用工具前先构思好章节内容，然后一次性传入�?);
    ^^^^^^
lib/core/services/ai/agent/agent_service.dart:314:5: Error: Expected ',' before this.
    buffer.writeln();
    ^^^^^^
lib/core/services/ai/agent/agent_service.dart:318:5: Error: Expected ',' before this.
    buffer.writeln('2. **节奏定位**：本章处于故事的什么位置？（开�?铺垫/高潮/过渡/结尾）是否需要提醒用户注意节�?);
    ^^^^^^
lib/core/services/ai/agent/agent_service.dart:319:5: Error: Expected ',' before this.
    buffer.writeln('3. **钩子/悬念**：本章结尾是否需要留下悬念或钩子引导读者继续阅读？');
    ^^^^^^
lib/core/services/ai/agent/agent_service.dart:321:5: Error: Expected ',' before this.
    buffer.writeln('5. **事件丰富�?*：用户提供的剧情是否足够展开为一整章？是否只有一句话概括而缺少具体事件、冲突、转折？');
    ^^^^^^
lib/core/services/ai/agent/agent_service.dart:325:5: Error: Expected ',' before this.
    buffer.writeln('你应该礼貌地追问关键信息，例如：本章主要事件、涉及角色、情感基调、是否需要结尾钩子等�?);
    ^^^^^^
lib/core/services/ai/agent/agent_service.dart:326:5: Error: Expected ',' before this.
    buffer.writeln('如果用户给了一句话剧情但缺少细节，你可以主动建议补充冲突点、情感转折、悬念钩子等，让章节更丰满�?);
    ^^^^^^
lib/core/services/ai/agent/agent_service.dart:327:5: Error: Expected ',' before this.
    buffer.writeln('但如果用户已经提供了足够的信息（有明确的剧情走向和关键事件），就可以直接创建�?);
    ^^^^^^
lib/core/services/ai/agent/agent_service.dart:328:5: Error: Expected ',' before this.
    buffer.writeln();
    ^^^^^^
lib/core/services/ai/agent/agent_service.dart:330:5: Error: Expected ',' before this.
    buffer.writeln('当用户创建作品并附带「主题」「题材」「类型」「世界观」「风格」等描述时，你必须执行以下步骤：');
    ^^^^^^
lib/core/services/ai/agent/agent_service.dart:332:5: Error: Expected ',' before this.
    buffer.writeln('2. 紧接着调用 create_inspiration，参数如下：');
    ^^^^^^
lib/core/services/ai/agent/agent_service.dart:334:5: Error: Expected ',' before this.
    buffer.writeln('   - category: "worldbuilding"');
    ^^^^^^
lib/core/services/ai/agent/agent_service.dart:338:5: Error: Expected ',' before this.
    buffer.writeln('     �?力量体系/等级划分');
    ^^^^^^
lib/core/services/ai/agent/agent_service.dart:340:5: Error: Expected ',' before this.
    buffer.writeln('     �?典型场景与氛围描�?);
    ^^^^^^
lib/core/services/ai/agent/agent_service.dart:341:5: Error: Expected ',' before this.
    buffer.writeln('     �?常见剧情模式与套�?);
    ^^^^^^
lib/core/services/ai/agent/agent_service.dart:342:5: Error: Expected ',' before this.
    buffer.writeln('   - tags: 提取 3-5 个相关标�?);
    ^^^^^^
lib/core/services/ai/agent/agent_service.dart:343:5: Error: Expected ',' before this.
    buffer.writeln('3. 用自然语言向用户确认：作品已创建，并已根据主题自动生成世界观设�?);
    ^^^^^^
lib/core/services/ai/agent/agent_service.dart:343:20: Error: Expected ';' after this.
    buffer.writeln('3. 用自然语言向用户确认：作品已创建，并已根据主题自动生成世界观设�?);
                   ^^^^^^^^^^^^^^^^^^^^^^^^^^^^^^^^^^^^^^^
lib/core/services/ai/agent/agent_service.dart:286:19: Error: Too many positional arguments: 1 allowed, but 2 found.
Try removing the extra positional arguments.
    buffer.writeln('你是一位专业的小说写作助手 Agent�?);
                  ^
lib/core/services/ai/agent/agent_service.dart:295:19: Error: Too many positional arguments: 1 allowed, but 2 found.
Try removing the extra positional arguments.
    buffer.writeln('1. 分析用户需�?);
                  ^
lib/core/services/ai/agent/agent_service.dart:294:19: Error: Too many positional arguments: 1 allowed, but 2 found.
Try removing the extra positional arguments.
    buffer.writeln('工作流程�?);
                  ^
lib/core/services/ai/agent/agent_service.dart:299:19: Error: Too many positional arguments: 1 allowed, but 2 found.
Try removing the extra positional arguments.
    buffer.writeln('5. 综合结果，给出最终回�?);
                  ^
lib/core/services/ai/agent/agent_service.dart:298:19: Error: Too many positional arguments: 1 allowed, but 2 found.
Try removing the extra positional arguments.
    buffer.writeln('4. 如果需要检查问题，调用分析/一致性检查工�?);
                  ^
lib/core/services/ai/agent/agent_service.dart:302:19: Error: Too many positional arguments: 1 allowed, but 2 found.
Try removing the extra positional arguments.
    buffer.writeln('- 每次只调用一个工�?);
                  ^
lib/core/services/ai/agent/agent_service.dart:301:19: Error: Too many positional arguments: 1 allowed, but 2 found.
Try removing the extra positional arguments.
    buffer.writeln('注意事项�?);
                  ^
lib/core/services/ai/agent/agent_service.dart:305:19: Error: Too many positional arguments: 1 allowed, but 2 found.
Try removing the extra positional arguments.
    buffer.writeln('- 最终回复必须是完整的中文内�?);
                  ^
lib/core/services/ai/agent/agent_service.dart:304:19: Error: Too many positional arguments: 1 allowed, but 2 found.
Try removing the extra positional arguments.
    buffer.writeln('- 如果信息不足，先搜索再行�?);
                  ^
lib/core/services/ai/agent/agent_service.dart:308:19: Error: Too many positional arguments: 1 allowed, but 2 found.
Try removing the extra positional arguments.
    buffer.writeln('创建实体后，用自然语言向用户确认创建结果�?);
                  ^
lib/core/services/ai/agent/agent_service.dart:307:19: Error: Too many positional arguments: 1 allowed, but 2 found.
Try removing the extra positional arguments.
    buffer.writeln('当用户要求创建角色、地点、物品、势力、关系、作品、卷、章节或素材时，请直接调用对应的 create_* 工具�?);
                  ^
lib/core/services/ai/agent/agent_service.dart:313:19: Error: Too many positional arguments: 1 allowed, but 2 found.
Try removing the extra positional arguments.
    buffer.writeln('你需要在调用工具前先构思好章节内容，然后一次性传入�?);
                  ^
lib/core/services/ai/agent/agent_service.dart:312:19: Error: Too many positional arguments: 1 allowed, but 2 found.
Try removing the extra positional arguments.
    buffer.writeln('不要创建空章节！content 参数是必填的�?);
                  ^
lib/core/services/ai/agent/agent_service.dart:311:19: Error: Too many positional arguments: 1 allowed, but 2 found.
Try removing the extra positional arguments.
    buffer.writeln('调用 create_chapter 时，必须�?content 参数中传入完整的章节正文内容�?);
                  ^
lib/core/services/ai/agent/agent_service.dart:310:19: Error: Too many positional arguments: 1 allowed, but 2 found.
Try removing the extra positional arguments.
    buffer.writeln('## 创建章节的完整流�?);
                  ^
lib/core/services/ai/agent/agent_service.dart:318:19: Error: Too many positional arguments: 1 allowed, but 2 found.
Try removing the extra positional arguments.
    buffer.writeln('2. **节奏定位**：本章处于故事的什么位置？（开�?铺垫/高潮/过渡/结尾）是否需要提醒用户注意节�?);
                  ^
lib/core/services/ai/agent/agent_service.dart:317:19: Error: Too many positional arguments: 1 allowed, but 2 found.
Try removing the extra positional arguments.
    buffer.writeln('1. **剧情内容**：用户是否描述了本章要发生什么事？如果只�?写第一�?而没给任何剧情方向，应追�?);
                  ^
lib/core/services/ai/agent/agent_service.dart:320:19: Error: Too many positional arguments: 1 allowed, but 2 found.
Try removing the extra positional arguments.
    buffer.writeln('4. **前文衔接**：如果不是第一章，是否有前文上下文可以衔接？如有，先搜索前文内�?);
                  ^
lib/core/services/ai/agent/agent_service.dart:327:19: Error: Too many positional arguments: 1 allowed, but 2 found.
Try removing the extra positional arguments.
    buffer.writeln('但如果用户已经提供了足够的信息（有明确的剧情走向和关键事件），就可以直接创建�?);
                  ^
lib/core/services/ai/agent/agent_service.dart:326:19: Error: Too many positional arguments: 1 allowed, but 2 found.
Try removing the extra positional arguments.
    buffer.writeln('如果用户给了一句话剧情但缺少细节，你可以主动建议补充冲突点、情感转折、悬念钩子等，让章节更丰满�?);
                  ^
lib/core/services/ai/agent/agent_service.dart:325:19: Error: Too many positional arguments: 1 allowed, but 2 found.
Try removing the extra positional arguments.
    buffer.writeln('你应该礼貌地追问关键信息，例如：本章主要事件、涉及角色、情感基调、是否需要结尾钩子等�?);
                  ^
lib/core/services/ai/agent/agent_service.dart:324:19: Error: Too many positional arguments: 1 allowed, but 2 found.
Try removing the extra positional arguments.
    buffer.writeln('如果用户信息不足（如只说"帮我写一�?或剧情过于单薄），不要盲目创建�?);
                  ^
lib/core/services/ai/agent/agent_service.dart:329:19: Error: Too many positional arguments: 1 allowed, but 2 found.
Try removing the extra positional arguments.
    buffer.writeln('## 创建作品时的主题/世界观处理规�?);
                  ^
lib/core/services/ai/agent/agent_service.dart:331:19: Error: Too many positional arguments: 1 allowed, but 2 found.
Try removing the extra positional arguments.
    buffer.writeln('1. 先调�?create_work 创建作品（name 为作品名称，将主题关键词写入 type 字段�?);
                  ^
lib/core/services/ai/agent/agent_service.dart:333:19: Error: Too many positional arguments: 1 allowed, but 2 found.
Try removing the extra positional arguments.
    buffer.writeln('   - title: 「{作品名} 世界观设定�?);
                  ^
lib/core/services/ai/agent/agent_service.dart:337:19: Error: Too many positional arguments: 1 allowed, but 2 found.
Try removing the extra positional arguments.
    buffer.writeln('     �?核心设定与规则体�?);
                  ^
lib/core/services/ai/agent/agent_service.dart:342:19: Error: Too many positional arguments: 1 allowed, but 2 found.
Try removing the extra positional arguments.
    buffer.writeln('   - tags: 提取 3-5 个相关标�?);
                  ^
lib/core/services/ai/agent/agent_service.dart:341:19: Error: Too many positional arguments: 1 allowed, but 2 found.
Try removing the extra positional arguments.
    buffer.writeln('     �?常见剧情模式与套�?);
                  ^
lib/core/services/ai/agent/agent_service.dart:340:19: Error: Too many positional arguments: 1 allowed, but 2 found.
Try removing the extra positional arguments.
    buffer.writeln('     �?典型场景与氛围描�?);
                  ^
lib/core/services/ai/agent/agent_service.dart:339:19: Error: Too many positional arguments: 1 allowed, but 2 found.
Try removing the extra positional arguments.
    buffer.writeln('     �?世界背景与历史概�?);
                  ^
00:05 +1 -7: loading C:/Users/changw98/dev/writing_assistant/test/integration/wuchang_chatservice_reimport_test.dart [E]
  Failed to load "C:/Users/changw98/dev/writing_assistant/test/integration/wuchang_chatservice_reimport_test.dart":
  Compilation failed for testPath=C:/Users/changw98/dev/writing_assistant/test/integration/wuchang_chatservice_reimport_test.dart: lib/core/services/ai/agent/agent_service.dart:132:35: Error: String starting with ' must end with '.
          controller.add(AgentError('没有可用的工�?));
                                    ^^^^^^^^^^^^
  lib/core/services/ai/agent/agent_service.dart:132:34: Error: Can't find ')' to match '('.
          controller.add(AgentError('没有可用的工�?));
                                   ^
  lib/core/services/ai/agent/agent_service.dart:132:23: Error: Can't find ')' to match '('.
          controller.add(AgentError('没有可用的工�?));
                        ^
  lib/core/services/ai/agent/agent_service.dart:200:53: Error: String starting with ' must end with '.
                  ToolResult.fail('工具 ${toolCall.name} 不存�?),
                                                      ^^^^^^^
  lib/core/services/ai/agent/agent_service.dart:204:50: Error: String starting with ' must end with '.
                  content: '错误: 工具 ${toolCall.name} 不存�?,
                                                   ^^^^^^
  lib/core/services/ai/agent/agent_service.dart:199:29: Error: Can't find ')' to match '('.
                controller.add(AgentObservation(
                              ^
  lib/core/services/ai/agent/agent_service.dart:286:20: Error: String starting with ' must end with '.
      buffer.writeln('你是一位专业的小说写作助手 Agent�?);
                     ^^^^^^^^^^^^^^^^^^^^^^^^
  lib/core/services/ai/agent/agent_service.dart:287:20: Error: String starting with ' must end with '.
      buffer.writeln('你可以使用工具来完成任务，也可以直接回复用户�?);
                     ^^^^^^^^^^^^^^^^^^^^^^^^^^^
  lib/core/services/ai/agent/agent_service.dart:291:22: Error: String starting with ' must end with '.
        buffer.writeln('当前没有选中作品。如果用户需要操作特定作品（如创建章节、角色等），请先调用 list_works 查看所有作品并获取�?ID�?);
                       ^^^^^^^^^^^^^^^^^^^^^^^^^^^^^^^^^^^^^^^^^^^^^^^^^^^^^^^^^^^^^^^^^^^
  lib/core/services/ai/agent/agent_service.dart:291:21: Error: Can't find ')' to match '('.
        buffer.writeln('当前没有选中作品。如果用户需要操作特定作品（如创建章节、角色等），请先调用 list_works 查看所有作品并获取�?ID�?);
                      ^
  lib/core/services/ai/agent/agent_service.dart:294:20: Error: String starting with ' must end with '.
      buffer.writeln('工作流程�?);
                     ^^^^^^^^^
  lib/core/services/ai/agent/agent_service.dart:295:20: Error: String starting with ' must end with '.
      buffer.writeln('1. 分析用户需�?);
                     ^^^^^^^^^^^^^
  lib/core/services/ai/agent/agent_service.dart:298:20: Error: String starting with ' must end with '.
      buffer.writeln('4. 如果需要检查问题，调用分析/一致性检查工�?);
                     ^^^^^^^^^^^^^^^^^^^^^^^^^^^^
  lib/core/services/ai/agent/agent_service.dart:299:20: Error: String starting with ' must end with '.
      buffer.writeln('5. 综合结果，给出最终回�?);
                     ^^^^^^^^^^^^^^^^^^
  lib/core/services/ai/agent/agent_service.dart:301:20: Error: String starting with ' must end with '.
      buffer.writeln('注意事项�?);
                     ^^^^^^^^^
  lib/core/services/ai/agent/agent_service.dart:302:20: Error: String starting with ' must end with '.
      buffer.writeln('- 每次只调用一个工�?);
                     ^^^^^^^^^^^^^^^
  lib/core/services/ai/agent/agent_service.dart:304:20: Error: String starting with ' must end with '.
      buffer.writeln('- 如果信息不足，先搜索再行�?);
                     ^^^^^^^^^^^^^^^^^^^
  lib/core/services/ai/agent/agent_service.dart:305:20: Error: String starting with ' must end with '.
      buffer.writeln('- 最终回复必须是完整的中文内�?);
                     ^^^^^^^^^^^^^^^^^^^^
  lib/core/services/ai/agent/agent_service.dart:307:20: Error: String starting with ' must end with '.
      buffer.writeln('当用户要求创建角色、地点、物品、势力、关系、作品、卷、章节或素材时，请直接调用对应的 create_* 工具�?);
                     ^^^^^^^^^^^^^^^^^^^^^^^^^^^^^^^^^^^^^^^^^^^^^^^^^^^^^^^^^^^
  lib/core/services/ai/agent/agent_service.dart:308:20: Error: String starting with ' must end with '.
      buffer.writeln('创建实体后，用自然语言向用户确认创建结果�?);
                     ^^^^^^^^^^^^^^^^^^^^^^^^^
  lib/core/services/ai/agent/agent_service.dart:310:20: Error: String starting with ' must end with '.
      buffer.writeln('## 创建章节的完整流�?);
                     ^^^^^^^^^^^^^^^^
  lib/core/services/ai/agent/agent_service.dart:311:20: Error: String starting with ' must end with '.
      buffer.writeln('调用 create_chapter 时，必须�?content 参数中传入完整的章节正文内容�?);
                     ^^^^^^^^^^^^^^^^^^^^^^^^^^^^^^^^^^^^^^^^^^^^^^^^^^^
  lib/core/services/ai/agent/agent_service.dart:312:20: Error: String starting with ' must end with '.
      buffer.writeln('不要创建空章节！content 参数是必填的�?);
                     ^^^^^^^^^^^^^^^^^^^^^^^^^^^
  lib/core/services/ai/agent/agent_service.dart:313:20: Error: String starting with ' must end with '.
      buffer.writeln('你需要在调用工具前先构思好章节内容，然后一次性传入�?);
                     ^^^^^^^^^^^^^^^^^^^^^^^^^^^^^^
  lib/core/services/ai/agent/agent_service.dart:317:20: Error: String starting with ' must end with '.
      buffer.writeln('1. **剧情内容**：用户是否描述了本章要发生什么事？如果只�?写第一�?而没给任何剧情方向，应追�?);
                     ^^^^^^^^^^^^^^^^^^^^^^^^^^^^^^^^^^^^^^^^^^^^^^^^^^^^^^^
  lib/core/services/ai/agent/agent_service.dart:318:20: Error: String starting with ' must end with '.
      buffer.writeln('2. **节奏定位**：本章处于故事的什么位置？（开�?铺垫/高潮/过渡/结尾）是否需要提醒用户注意节�?);
                     ^^^^^^^^^^^^^^^^^^^^^^^^^^^^^^^^^^^^^^^^^^^^^^^^^^^^^^^^
  lib/core/services/ai/agent/agent_service.dart:320:20: Error: String starting with ' must end with '.
      buffer.writeln('4. **前文衔接**：如果不是第一章，是否有前文上下文可以衔接？如有，先搜索前文内�?);
                     ^^^^^^^^^^^^^^^^^^^^^^^^^^^^^^^^^^^^^^^^^^^^^^^
  lib/core/services/ai/agent/agent_service.dart:324:20: Error: String starting with ' must end with '.
      buffer.writeln('如果用户信息不足（如只说"帮我写一�?或剧情过于单薄），不要盲目创建�?);
                     ^^^^^^^^^^^^^^^^^^^^^^^^^^^^^^^^^^^^^^^
  lib/core/services/ai/agent/agent_service.dart:325:20: Error: String starting with ' must end with '.
      buffer.writeln('你应该礼貌地追问关键信息，例如：本章主要事件、涉及角色、情感基调、是否需要结尾钩子等�?);
                     ^^^^^^^^^^^^^^^^^^^^^^^^^^^^^^^^^^^^^^^^^^^^^^^
  lib/core/services/ai/agent/agent_service.dart:326:20: Error: String starting with ' must end with '.
      buffer.writeln('如果用户给了一句话剧情但缺少细节，你可以主动建议补充冲突点、情感转折、悬念钩子等，让章节更丰满�?);
                     ^^^^^^^^^^^^^^^^^^^^^^^^^^^^^^^^^^^^^^^^^^^^^^^^^^^^
  lib/core/services/ai/agent/agent_service.dart:327:20: Error: String starting with ' must end with '.
      buffer.writeln('但如果用户已经提供了足够的信息（有明确的剧情走向和关键事件），就可以直接创建�?);
                     ^^^^^^^^^^^^^^^^^^^^^^^^^^^^^^^^^^^^^^^^^^^
  lib/core/services/ai/agent/agent_service.dart:329:20: Error: String starting with ' must end with '.
      buffer.writeln('## 创建作品时的主题/世界观处理规�?);
                     ^^^^^^^^^^^^^^^^^^^^^^^
  lib/core/services/ai/agent/agent_service.dart:331:20: Error: String starting with ' must end with '.
      buffer.writeln('1. 先调�?create_work 创建作品（name 为作品名称，将主题关键词写入 type 字段�?);
                     ^^^^^^^^^^^^^^^^^^^^^^^^^^^^^^^^^^^^^^^^^^^^^^^^^^^^^^^^
  lib/core/services/ai/agent/agent_service.dart:333:20: Error: String starting with ' must end with '.
      buffer.writeln('   - title: 「{作品名} 世界观设定�?);
                     ^^^^^^^^^^^^^^^^^^^^^^^^^^^^^
  lib/core/services/ai/agent/agent_service.dart:337:20: Error: String starting with ' must end with '.
      buffer.writeln('     �?核心设定与规则体�?);
                     ^^^^^^^^^^^^^^^^^^^^
  lib/core/services/ai/agent/agent_service.dart:339:20: Error: String starting with ' must end with '.
      buffer.writeln('     �?世界背景与历史概�?);
                     ^^^^^^^^^^^^^^^^^^^^
  lib/core/services/ai/agent/agent_service.dart:340:20: Error: String starting with ' must end with '.
      buffer.writeln('     �?典型场景与氛围描�?);
                     ^^^^^^^^^^^^^^^^^^^^
  lib/core/services/ai/agent/agent_service.dart:341:20: Error: String starting with ' must end with '.
      buffer.writeln('     �?常见剧情模式与套�?);
                     ^^^^^^^^^^^^^^^^^^^^
  lib/core/services/ai/agent/agent_service.dart:342:20: Error: String starting with ' must end with '.
      buffer.writeln('   - tags: 提取 3-5 个相关标�?);
                     ^^^^^^^^^^^^^^^^^^^^^^^^^^^
  lib/core/services/ai/agent/agent_service.dart:343:20: Error: String starting with ' must end with '.
      buffer.writeln('3. 用自然语言向用户确认：作品已创建，并已根据主题自动生成世界观设�?);
                     ^^^^^^^^^^^^^^^^^^^^^^^^^^^^^^^^^^^^^^^
  lib/core/services/ai/agent/agent_service.dart:343:19: Error: Can't find ')' to match '('.
      buffer.writeln('3. 用自然语言向用户确认：作品已创建，并已根据主题自动生成世界观设�?);
                    ^
  lib/core/services/ai/agent/agent_service.dart:342:19: Error: Can't find ')' to match '('.
      buffer.writeln('   - tags: 提取 3-5 个相关标�?);
                    ^
  lib/core/services/ai/agent/agent_service.dart:341:19: Error: Can't find ')' to match '('.
      buffer.writeln('     �?常见剧情模式与套�?);
                    ^
  lib/core/services/ai/agent/agent_service.dart:340:19: Error: Can't find ')' to match '('.
      buffer.writeln('     �?典型场景与氛围描�?);
                    ^
  lib/core/services/ai/agent/agent_service.dart:339:19: Error: Can't find ')' to match '('.
      buffer.writeln('     �?世界背景与历史概�?);
                    ^
  lib/core/services/ai/agent/agent_service.dart:337:19: Error: Can't find ')' to match '('.
      buffer.writeln('     �?核心设定与规则体�?);
                    ^
  lib/core/services/ai/agent/agent_service.dart:333:19: Error: Can't find ')' to match '('.
      buffer.writeln('   - title: 「{作品名} 世界观设定�?);
                    ^
  lib/core/services/ai/agent/agent_service.dart:331:19: Error: Can't find ')' to match '('.
      buffer.writeln('1. 先调�?create_work 创建作品（name 为作品名称，将主题关键词写入 type 字段�?);
                    ^
  lib/core/services/ai/agent/agent_service.dart:329:19: Error: Can't find ')' to match '('.
      buffer.writeln('## 创建作品时的主题/世界观处理规�?);
                    ^
  lib/core/services/ai/agent/agent_service.dart:327:19: Error: Can't find ')' to match '('.
      buffer.writeln('但如果用户已经提供了足够的信息（有明确的剧情走向和关键事件），就可以直接创建�?);
                    ^
  lib/core/services/ai/agent/agent_service.dart:326:19: Error: Can't find ')' to match '('.
      buffer.writeln('如果用户给了一句话剧情但缺少细节，你可以主动建议补充冲突点、情感转折、悬念钩子等，让章节更丰满�?);
                    ^
  lib/core/services/ai/agent/agent_service.dart:325:19: Error: Can't find ')' to match '('.
      buffer.writeln('你应该礼貌地追问关键信息，例如：本章主要事件、涉及角色、情感基调、是否需要结尾钩子等�?);
                    ^
  lib/core/services/ai/agent/agent_service.dart:324:19: Error: Can't find ')' to match '('.
      buffer.writeln('如果用户信息不足（如只说"帮我写一�?或剧情过于单薄），不要盲目创建�?);
                    ^
  lib/core/services/ai/agent/agent_service.dart:320:19: Error: Can't find ')' to match '('.
      buffer.writeln('4. **前文衔接**：如果不是第一章，是否有前文上下文可以衔接？如有，先搜索前文内�?);
                    ^
  lib/core/services/ai/agent/agent_service.dart:318:19: Error: Can't find ')' to match '('.
      buffer.writeln('2. **节奏定位**：本章处于故事的什么位置？（开�?铺垫/高潮/过渡/结尾）是否需要提醒用户注意节�?);
                    ^
  lib/core/services/ai/agent/agent_service.dart:317:19: Error: Can't find ')' to match '('.
      buffer.writeln('1. **剧情内容**：用户是否描述了本章要发生什么事？如果只�?写第一�?而没给任何剧情方向，应追�?);
                    ^
  lib/core/services/ai/agent/agent_service.dart:313:19: Error: Can't find ')' to match '('.
      buffer.writeln('你需要在调用工具前先构思好章节内容，然后一次性传入�?);
                    ^
  lib/core/services/ai/agent/agent_service.dart:312:19: Error: Can't find ')' to match '('.
      buffer.writeln('不要创建空章节！content 参数是必填的�?);
                    ^
  lib/core/services/ai/agent/agent_service.dart:311:19: Error: Can't find ')' to match '('.
      buffer.writeln('调用 create_chapter 时，必须�?content 参数中传入完整的章节正文内容�?);
                    ^
  lib/core/services/ai/agent/agent_service.dart:310:19: Error: Can't find ')' to match '('.
      buffer.writeln('## 创建章节的完整流�?);
                    ^
  lib/core/services/ai/agent/agent_service.dart:308:19: Error: Can't find ')' to match '('.
      buffer.writeln('创建实体后，用自然语言向用户确认创建结果�?);
                    ^
  lib/core/services/ai/agent/agent_service.dart:307:19: Error: Can't find ')' to match '('.
      buffer.writeln('当用户要求创建角色、地点、物品、势力、关系、作品、卷、章节或素材时，请直接调用对应的 create_* 工具�?);
                    ^
  lib/core/services/ai/agent/agent_service.dart:305:19: Error: Can't find ')' to match '('.
      buffer.writeln('- 最终回复必须是完整的中文内�?);
                    ^
  lib/core/services/ai/agent/agent_service.dart:304:19: Error: Can't find ')' to match '('.
      buffer.writeln('- 如果信息不足，先搜索再行�?);
                    ^
  lib/core/services/ai/agent/agent_service.dart:302:19: Error: Can't find ')' to match '('.
      buffer.writeln('- 每次只调用一个工�?);
                    ^
  lib/core/services/ai/agent/agent_service.dart:301:19: Error: Can't find ')' to match '('.
      buffer.writeln('注意事项�?);
                    ^
  lib/core/services/ai/agent/agent_service.dart:299:19: Error: Can't find ')' to match '('.
      buffer.writeln('5. 综合结果，给出最终回�?);
                    ^
  lib/core/services/ai/agent/agent_service.dart:298:19: Error: Can't find ')' to match '('.
      buffer.writeln('4. 如果需要检查问题，调用分析/一致性检查工�?);
                    ^
  lib/core/services/ai/agent/agent_service.dart:295:19: Error: Can't find ')' to match '('.
      buffer.writeln('1. 分析用户需�?);
                    ^
  lib/core/services/ai/agent/agent_service.dart:294:19: Error: Can't find ')' to match '('.
      buffer.writeln('工作流程�?);
                    ^
  lib/core/services/ai/agent/agent_service.dart:287:19: Error: Can't find ')' to match '('.
      buffer.writeln('你可以使用工具来完成任务，也可以直接回复用户�?);
                    ^
  lib/core/services/ai/agent/agent_service.dart:286:19: Error: Can't find ')' to match '('.
      buffer.writeln('你是一位专业的小说写作助手 Agent�?);
                    ^
  test/integration/wuchang_chatservice_reimport_test.dart:484:37: Error: No named parameter with the name 'guidanceLoader'.
          final aiService = AIService(guidanceLoader: guidanceLoader);
                                      ^^^^^^^^^^^^^^
  lib/core/services/ai/ai_service.dart:146:3: Context: Found this candidate, but the arguments don't match.
    AIService()
    ^^^^^^^^^
  test/integration/wuchang_chatservice_reimport_test.dart:503:13: Error: No named parameter with the name 'runtimeHooks'.
              runtimeHooks: runtimeHooks,
              ^^^^^^^^^^^^
  lib/core/services/ai/tools/create_work_tool.dart:12:3: Context: Found this candidate, but the arguments don't match.
    CreateWorkTool({required createFn}) : _createFn = createFn;
    ^^^^^^^^^^^^^^
  test/integration/wuchang_chatservice_reimport_test.dart:531:13: Error: No named parameter with the name 'runtimeHooks'.
              runtimeHooks: runtimeHooks,
              ^^^^^^^^^^^^
  lib/core/services/ai/tools/create_chapter_tool.dart:14:3: Context: Found this candidate, but the arguments don't match.
    CreateChapterTool({required createFn}) : _createFn = createFn;
    ^^^^^^^^^^^^^^^^^
  test/integration/wuchang_chatservice_reimport_test.dart:553:13: Error: No named parameter with the name 'runtimeHooks'.
              runtimeHooks: runtimeHooks,
              ^^^^^^^^^^^^
  lib/core/services/ai/tools/create_character_tool.dart:32:3: Context: Found this candidate, but the arguments don't match.
    CreateCharacterTool({required createFn}) : _createFn = createFn;
    ^^^^^^^^^^^^^^^^^^^
  test/integration/wuchang_chatservice_reimport_test.dart:590:13: Error: No named parameter with the name 'runtimeHooks'.
              runtimeHooks: runtimeHooks,
              ^^^^^^^^^^^^
  lib/core/services/ai/tools/create_location_tool.dart:14:3: Context: Found this candidate, but the arguments don't match.
    CreateLocationTool({required createFn}) : _createFn = createFn;
    ^^^^^^^^^^^^^^^^^^
  test/integration/wuchang_chatservice_reimport_test.dart:635:13: Error: No named parameter with the name 'runtimeHooks'.
              runtimeHooks: runtimeHooks,
              ^^^^^^^^^^^^
  lib/core/services/ai/tools/create_inspiration_tool.dart:32:3: Context: Found this candidate, but the arguments don't match.
    CreateInspirationTool({required createFn}) : _createFn = createFn;
    ^^^^^^^^^^^^^^^^^^^^^
  test/integration/wuchang_chatservice_reimport_test.dart:690:11: Error: No named parameter with the name 'guidanceLoader'.
            guidanceLoader: guidanceLoader,
            ^^^^^^^^^^^^^^
  lib/core/services/ai/agent/agent_service.dart:67:3: Context: Found this candidate, but the arguments don't match.
    AgentService({
    ^^^^^^^^^^^^
  test/integration/wuchang_chatservice_reimport_test.dart:712:11: Error: No named parameter with the name 'contextBuilder'.
            contextBuilder: contextBuilder,
            ^^^^^^^^^^^^^^
  lib/core/services/chat_service.dart:136:3: Context: Found this candidate, but the arguments don't match.
    ChatService({
    ^^^^^^^^^^^
  lib/core/services/ai/agent/agent_service.dart:133:9: Error: Expected ',' before this.
          await controller.close();
          ^^^^^
  lib/core/services/ai/agent/agent_service.dart:132:34: Error: Too many positional arguments: 1 allowed, but 2 found.
  Try removing the extra positional arguments.
          controller.add(AgentError('没有可用的工�?));
                                   ^
  lib/core/services/ai/agent/agent_service.dart:54:3: Context: Found this candidate, but the arguments don't match.
    AgentError(this.error);
    ^^^^^^^^^^
  lib/core/services/ai/agent/agent_service.dart:205:17: Error: Expected ',' before this.
                  toolCallId: toolCall.id,
                  ^^^^^^^^^^
  lib/core/services/ai/agent/agent_service.dart:287:5: Error: Expected ',' before this.
      buffer.writeln('你可以使用工具来完成任务，也可以直接回复用户�?);
      ^^^^^^
  lib/core/services/ai/agent/agent_service.dart:287:20: Error: Expected ';' after this.
      buffer.writeln('你可以使用工具来完成任务，也可以直接回复用户�?);
                     ^^^^^^^^^^^^^^^^^^^^^^^^^^^
  lib/core/services/ai/agent/agent_service.dart:291:22: Error: Expected ';' after this.
        buffer.writeln('当前没有选中作品。如果用户需要操作特定作品（如创建章节、角色等），请先调用 list_works 查看所有作品并获取�?ID�?);
                       ^^^^^^^^^^^^^^^^^^^^^^^^^^^^^^^^^^^^^^^^^^^^^^^^^^^^^^^^^^^^^^^^^^^
  lib/core/services/ai/agent/agent_service.dart:295:5: Error: Expected ',' before this.
      buffer.writeln('1. 分析用户需�?);
      ^^^^^^
  lib/core/services/ai/agent/agent_service.dart:296:5: Error: Expected ',' before this.
      buffer.writeln('2. 如果需要信息，调用搜索工具');
      ^^^^^^
  lib/core/services/ai/agent/agent_service.dart:299:5: Error: Expected ',' before this.
      buffer.writeln('5. 综合结果，给出最终回�?);
      ^^^^^^
  lib/core/services/ai/agent/agent_service.dart:300:5: Error: Expected ',' before this.
      buffer.writeln();
      ^^^^^^
  lib/core/services/ai/agent/agent_service.dart:302:5: Error: Expected ',' before this.
      buffer.writeln('- 每次只调用一个工�?);
      ^^^^^^
  lib/core/services/ai/agent/agent_service.dart:303:5: Error: Expected ',' before this.
      buffer.writeln('- 如果不知道作�?ID 或卷 ID，先调用 list_works / list_volumes 获取');
      ^^^^^^
  lib/core/services/ai/agent/agent_service.dart:305:5: Error: Expected ',' before this.
      buffer.writeln('- 最终回复必须是完整的中文内�?);
      ^^^^^^
  lib/core/services/ai/agent/agent_service.dart:306:5: Error: Expected ',' before this.
      buffer.writeln();
      ^^^^^^
  lib/core/services/ai/agent/agent_service.dart:308:5: Error: Expected ',' before this.
      buffer.writeln('创建实体后，用自然语言向用户确认创建结果�?);
      ^^^^^^
  lib/core/services/ai/agent/agent_service.dart:309:5: Error: Expected ',' before this.
      buffer.writeln();
      ^^^^^^
  lib/core/services/ai/agent/agent_service.dart:311:5: Error: Expected ',' before this.
      buffer.writeln('调用 create_chapter 时，必须�?content 参数中传入完整的章节正文内容�?);
      ^^^^^^
  lib/core/services/ai/agent/agent_service.dart:312:5: Error: Expected ',' before this.
      buffer.writeln('不要创建空章节！content 参数是必填的�?);
      ^^^^^^
  lib/core/services/ai/agent/agent_service.dart:313:5: Error: Expected ',' before this.
      buffer.writeln('你需要在调用工具前先构思好章节内容，然后一次性传入�?);
      ^^^^^^
  lib/core/services/ai/agent/agent_service.dart:314:5: Error: Expected ',' before this.
      buffer.writeln();
      ^^^^^^
  lib/core/services/ai/agent/agent_service.dart:318:5: Error: Expected ',' before this.
      buffer.writeln('2. **节奏定位**：本章处于故事的什么位置？（开�?铺垫/高潮/过渡/结尾）是否需要提醒用户注意节�?);
      ^^^^^^
  lib/core/services/ai/agent/agent_service.dart:319:5: Error: Expected ',' before this.
      buffer.writeln('3. **钩子/悬念**：本章结尾是否需要留下悬念或钩子引导读者继续阅读？');
      ^^^^^^
  lib/core/services/ai/agent/agent_service.dart:321:5: Error: Expected ',' before this.
      buffer.writeln('5. **事件丰富�?*：用户提供的剧情是否足够展开为一整章？是否只有一句话概括而缺少具体事件、冲突、转折？');
      ^^^^^^
  lib/core/services/ai/agent/agent_service.dart:325:5: Error: Expected ',' before this.
      buffer.writeln('你应该礼貌地追问关键信息，例如：本章主要事件、涉及角色、情感基调、是否需要结尾钩子等�?);
      ^^^^^^
  lib/core/services/ai/agent/agent_service.dart:326:5: Error: Expected ',' before this.
      buffer.writeln('如果用户给了一句话剧情但缺少细节，你可以主动建议补充冲突点、情感转折、悬念钩子等，让章节更丰满�?);
      ^^^^^^
  lib/core/services/ai/agent/agent_service.dart:327:5: Error: Expected ',' before this.
      buffer.writeln('但如果用户已经提供了足够的信息（有明确的剧情走向和关键事件），就可以直接创建�?);
      ^^^^^^
  lib/core/services/ai/agent/agent_service.dart:328:5: Error: Expected ',' before this.
      buffer.writeln();
      ^^^^^^
  lib/core/services/ai/agent/agent_service.dart:330:5: Error: Expected ',' before this.
      buffer.writeln('当用户创建作品并附带「主题」「题材」「类型」「世界观」「风格」等描述时，你必须执行以下步骤：');
      ^^^^^^
  lib/core/services/ai/agent/agent_service.dart:332:5: Error: Expected ',' before this.
      buffer.writeln('2. 紧接着调用 create_inspiration，参数如下：');
      ^^^^^^
  lib/core/services/ai/agent/agent_service.dart:334:5: Error: Expected ',' before this.
      buffer.writeln('   - category: "worldbuilding"');
      ^^^^^^
  lib/core/services/ai/agent/agent_service.dart:338:5: Error: Expected ',' before this.
      buffer.writeln('     �?力量体系/等级划分');
      ^^^^^^
  lib/core/services/ai/agent/agent_service.dart:340:5: Error: Expected ',' before this.
      buffer.writeln('     �?典型场景与氛围描�?);
      ^^^^^^
  lib/core/services/ai/agent/agent_service.dart:341:5: Error: Expected ',' before this.
      buffer.writeln('     �?常见剧情模式与套�?);
      ^^^^^^
  lib/core/services/ai/agent/agent_service.dart:342:5: Error: Expected ',' before this.
      buffer.writeln('   - tags: 提取 3-5 个相关标�?);
      ^^^^^^
  lib/core/services/ai/agent/agent_service.dart:343:5: Error: Expected ',' before this.
      buffer.writeln('3. 用自然语言向用户确认：作品已创建，并已根据主题自动生成世界观设�?);
      ^^^^^^
  lib/core/services/ai/agent/agent_service.dart:343:20: Error: Expected ';' after this.
      buffer.writeln('3. 用自然语言向用户确认：作品已创建，并已根据主题自动生成世界观设�?);
                     ^^^^^^^^^^^^^^^^^^^^^^^^^^^^^^^^^^^^^^^
  lib/core/services/ai/agent/agent_service.dart:286:19: Error: Too many positional arguments: 1 allowed, but 2 found.
  Try removing the extra positional arguments.
      buffer.writeln('你是一位专业的小说写作助手 Agent�?);
                    ^
  lib/core/services/ai/agent/agent_service.dart:295:19: Error: Too many positional arguments: 1 allowed, but 2 found.
  Try removing the extra positional arguments.
      buffer.writeln('1. 分析用户需�?);
                    ^
  lib/core/services/ai/agent/agent_service.dart:294:19: Error: Too many positional arguments: 1 allowed, but 2 found.
  Try removing the extra positional arguments.
      buffer.writeln('工作流程�?);
                    ^
  lib/core/services/ai/agent/agent_service.dart:299:19: Error: Too many positional arguments: 1 allowed, but 2 found.
  Try removing the extra positional arguments.
      buffer.writeln('5. 综合结果，给出最终回�?);
                    ^
  lib/core/services/ai/agent/agent_service.dart:298:19: Error: Too many positional arguments: 1 allowed, but 2 found.
  Try removing the extra positional arguments.
      buffer.writeln('4. 如果需要检查问题，调用分析/一致性检查工�?);
                    ^
  lib/core/services/ai/agent/agent_service.dart:302:19: Error: Too many positional arguments: 1 allowed, but 2 found.
  Try removing the extra positional arguments.
      buffer.writeln('- 每次只调用一个工�?);
                    ^
  lib/core/services/ai/agent/agent_service.dart:301:19: Error: Too many positional arguments: 1 allowed, but 2 found.
  Try removing the extra positional arguments.
      buffer.writeln('注意事项�?);
                    ^
  lib/core/services/ai/agent/agent_service.dart:305:19: Error: Too many positional arguments: 1 allowed, but 2 found.
  Try removing the extra positional arguments.
      buffer.writeln('- 最终回复必须是完整的中文内�?);
                    ^
  lib/core/services/ai/agent/agent_service.dart:304:19: Error: Too many positional arguments: 1 allowed, but 2 found.
  Try removing the extra positional arguments.
      buffer.writeln('- 如果信息不足，先搜索再行�?);
                    ^
  lib/core/services/ai/agent/agent_service.dart:308:19: Error: Too many positional arguments: 1 allowed, but 2 found.
  Try removing the extra positional arguments.
      buffer.writeln('创建实体后，用自然语言向用户确认创建结果�?);
                    ^
  lib/core/services/ai/agent/agent_service.dart:307:19: Error: Too many positional arguments: 1 allowed, but 2 found.
  Try removing the extra positional arguments.
      buffer.writeln('当用户要求创建角色、地点、物品、势力、关系、作品、卷、章节或素材时，请直接调用对应的 create_* 工具�?);
                    ^
  lib/core/services/ai/agent/agent_service.dart:313:19: Error: Too many positional arguments: 1 allowed, but 2 found.
  Try removing the extra positional arguments.
      buffer.writeln('你需要在调用工具前先构思好章节内容，然后一次性传入�?);
                    ^
  lib/core/services/ai/agent/agent_service.dart:312:19: Error: Too many positional arguments: 1 allowed, but 2 found.
  Try removing the extra positional arguments.
      buffer.writeln('不要创建空章节！content 参数是必填的�?);
                    ^
  lib/core/services/ai/agent/agent_service.dart:311:19: Error: Too many positional arguments: 1 allowed, but 2 found.
  Try removing the extra positional arguments.
      buffer.writeln('调用 create_chapter 时，必须�?content 参数中传入完整的章节正文内容�?);
                    ^
  lib/core/services/ai/agent/agent_service.dart:310:19: Error: Too many positional arguments: 1 allowed, but 2 found.
  Try removing the extra positional arguments.
      buffer.writeln('## 创建章节的完整流�?);
                    ^
  lib/core/services/ai/agent/agent_service.dart:318:19: Error: Too many positional arguments: 1 allowed, but 2 found.
  Try removing the extra positional arguments.
      buffer.writeln('2. **节奏定位**：本章处于故事的什么位置？（开�?铺垫/高潮/过渡/结尾）是否需要提醒用户注意节�?);
                    ^
  lib/core/services/ai/agent/agent_service.dart:317:19: Error: Too many positional arguments: 1 allowed, but 2 found.
  Try removing the extra positional arguments.
      buffer.writeln('1. **剧情内容**：用户是否描述了本章要发生什么事？如果只�?写第一�?而没给任何剧情方向，应追�?);
                    ^
  lib/core/services/ai/agent/agent_service.dart:320:19: Error: Too many positional arguments: 1 allowed, but 2 found.
  Try removing the extra positional arguments.
      buffer.writeln('4. **前文衔接**：如果不是第一章，是否有前文上下文可以衔接？如有，先搜索前文内�?);
                    ^
  lib/core/services/ai/agent/agent_service.dart:327:19: Error: Too many positional arguments: 1 allowed, but 2 found.
  Try removing the extra positional arguments.
      buffer.writeln('但如果用户已经提供了足够的信息（有明确的剧情走向和关键事件），就可以直接创建�?);
                    ^
  lib/core/services/ai/agent/agent_service.dart:326:19: Error: Too many positional arguments: 1 allowed, but 2 found.
  Try removing the extra positional arguments.
      buffer.writeln('如果用户给了一句话剧情但缺少细节，你可以主动建议补充冲突点、情感转折、悬念钩子等，让章节更丰满�?);
                    ^
  lib/core/services/ai/agent/agent_service.dart:325:19: Error: Too many positional arguments: 1 allowed, but 2 found.
  Try removing the extra positional arguments.
      buffer.writeln('你应该礼貌地追问关键信息，例如：本章主要事件、涉及角色、情感基调、是否需要结尾钩子等�?);
                    ^
  lib/core/services/ai/agent/agent_service.dart:324:19: Error: Too many positional arguments: 1 allowed, but 2 found.
  Try removing the extra positional arguments.
      buffer.writeln('如果用户信息不足（如只说"帮我写一�?或剧情过于单薄），不要盲目创建�?);
                    ^
  lib/core/services/ai/agent/agent_service.dart:329:19: Error: Too many positional arguments: 1 allowed, but 2 found.
  Try removing the extra positional arguments.
      buffer.writeln('## 创建作品时的主题/世界观处理规�?);
                    ^
  lib/core/services/ai/agent/agent_service.dart:331:19: Error: Too many positional arguments: 1 allowed, but 2 found.
  Try removing the extra positional arguments.
      buffer.writeln('1. 先调�?create_work 创建作品（name 为作品名称，将主题关键词写入 type 字段�?);
                    ^
  lib/core/services/ai/agent/agent_service.dart:333:19: Error: Too many positional arguments: 1 allowed, but 2 found.
  Try removing the extra positional arguments.
      buffer.writeln('   - title: 「{作品名} 世界观设定�?);
                    ^
  lib/core/services/ai/agent/agent_service.dart:337:19: Error: Too many positional arguments: 1 allowed, but 2 found.
  Try removing the extra positional arguments.
      buffer.writeln('     �?核心设定与规则体�?);
                    ^
  lib/core/services/ai/agent/agent_service.dart:342:19: Error: Too many positional arguments: 1 allowed, but 2 found.
  Try removing the extra positional arguments.
      buffer.writeln('   - tags: 提取 3-5 个相关标�?);
                    ^
  lib/core/services/ai/agent/agent_service.dart:341:19: Error: Too many positional arguments: 1 allowed, but 2 found.
  Try removing the extra positional arguments.
      buffer.writeln('     �?常见剧情模式与套�?);
                    ^
  lib/core/services/ai/agent/agent_service.dart:340:19: Error: Too many positional arguments: 1 allowed, but 2 found.
  Try removing the extra positional arguments.
      buffer.writeln('     �?典型场景与氛围描�?);
                    ^
  lib/core/services/ai/agent/agent_service.dart:339:19: Error: Too many positional arguments: 1 allowed, but 2 found.
  Try removing the extra positional arguments.
      buffer.writeln('     �?世界背景与历史概�?);
                    ^
  .
lib/core/services/ai/agent/agent_service.dart:132:35: Error: String starting with ' must end with '.
        controller.add(AgentError('没有可用的工�?));
                                  ^^^^^^^^^^^^
lib/core/services/ai/agent/agent_service.dart:132:34: Error: Can't find ')' to match '('.
        controller.add(AgentError('没有可用的工�?));
                                 ^
lib/core/services/ai/agent/agent_service.dart:132:23: Error: Can't find ')' to match '('.
        controller.add(AgentError('没有可用的工�?));
                      ^
lib/core/services/ai/agent/agent_service.dart:200:53: Error: String starting with ' must end with '.
                ToolResult.fail('工具 ${toolCall.name} 不存�?),
                                                    ^^^^^^^
lib/core/services/ai/agent/agent_service.dart:204:50: Error: String starting with ' must end with '.
                content: '错误: 工具 ${toolCall.name} 不存�?,
                                                 ^^^^^^
lib/core/services/ai/agent/agent_service.dart:199:29: Error: Can't find ')' to match '('.
              controller.add(AgentObservation(
                            ^
lib/core/services/ai/agent/agent_service.dart:286:20: Error: String starting with ' must end with '.
    buffer.writeln('你是一位专业的小说写作助手 Agent�?);
                   ^^^^^^^^^^^^^^^^^^^^^^^^
lib/core/services/ai/agent/agent_service.dart:287:20: Error: String starting with ' must end with '.
    buffer.writeln('你可以使用工具来完成任务，也可以直接回复用户�?);
                   ^^^^^^^^^^^^^^^^^^^^^^^^^^^
lib/core/services/ai/agent/agent_service.dart:291:22: Error: String starting with ' must end with '.
      buffer.writeln('当前没有选中作品。如果用户需要操作特定作品（如创建章节、角色等），请先调用 list_works 查看所有作品并获取�?ID�?);
                     ^^^^^^^^^^^^^^^^^^^^^^^^^^^^^^^^^^^^^^^^^^^^^^^^^^^^^^^^^^^^^^^^^^^
lib/core/services/ai/agent/agent_service.dart:291:21: Error: Can't find ')' to match '('.
      buffer.writeln('当前没有选中作品。如果用户需要操作特定作品（如创建章节、角色等），请先调用 list_works 查看所有作品并获取�?ID�?);
                    ^
lib/core/services/ai/agent/agent_service.dart:294:20: Error: String starting with ' must end with '.
    buffer.writeln('工作流程�?);
                   ^^^^^^^^^
lib/core/services/ai/agent/agent_service.dart:295:20: Error: String starting with ' must end with '.
    buffer.writeln('1. 分析用户需�?);
                   ^^^^^^^^^^^^^
lib/core/services/ai/agent/agent_service.dart:298:20: Error: String starting with ' must end with '.
    buffer.writeln('4. 如果需要检查问题，调用分析/一致性检查工�?);
                   ^^^^^^^^^^^^^^^^^^^^^^^^^^^^
lib/core/services/ai/agent/agent_service.dart:299:20: Error: String starting with ' must end with '.
    buffer.writeln('5. 综合结果，给出最终回�?);
                   ^^^^^^^^^^^^^^^^^^
lib/core/services/ai/agent/agent_service.dart:301:20: Error: String starting with ' must end with '.
    buffer.writeln('注意事项�?);
                   ^^^^^^^^^
lib/core/services/ai/agent/agent_service.dart:302:20: Error: String starting with ' must end with '.
    buffer.writeln('- 每次只调用一个工�?);
                   ^^^^^^^^^^^^^^^
lib/core/services/ai/agent/agent_service.dart:304:20: Error: String starting with ' must end with '.
    buffer.writeln('- 如果信息不足，先搜索再行�?);
                   ^^^^^^^^^^^^^^^^^^^
lib/core/services/ai/agent/agent_service.dart:305:20: Error: String starting with ' must end with '.
    buffer.writeln('- 最终回复必须是完整的中文内�?);
                   ^^^^^^^^^^^^^^^^^^^^
lib/core/services/ai/agent/agent_service.dart:307:20: Error: String starting with ' must end with '.
    buffer.writeln('当用户要求创建角色、地点、物品、势力、关系、作品、卷、章节或素材时，请直接调用对应的 create_* 工具�?);
                   ^^^^^^^^^^^^^^^^^^^^^^^^^^^^^^^^^^^^^^^^^^^^^^^^^^^^^^^^^^^
lib/core/services/ai/agent/agent_service.dart:308:20: Error: String starting with ' must end with '.
    buffer.writeln('创建实体后，用自然语言向用户确认创建结果�?);
                   ^^^^^^^^^^^^^^^^^^^^^^^^^
lib/core/services/ai/agent/agent_service.dart:310:20: Error: String starting with ' must end with '.
    buffer.writeln('## 创建章节的完整流�?);
                   ^^^^^^^^^^^^^^^^
lib/core/services/ai/agent/agent_service.dart:311:20: Error: String starting with ' must end with '.
    buffer.writeln('调用 create_chapter 时，必须�?content 参数中传入完整的章节正文内容�?);
                   ^^^^^^^^^^^^^^^^^^^^^^^^^^^^^^^^^^^^^^^^^^^^^^^^^^^
lib/core/services/ai/agent/agent_service.dart:312:20: Error: String starting with ' must end with '.
    buffer.writeln('不要创建空章节！content 参数是必填的�?);
                   ^^^^^^^^^^^^^^^^^^^^^^^^^^^
lib/core/services/ai/agent/agent_service.dart:313:20: Error: String starting with ' must end with '.
    buffer.writeln('你需要在调用工具前先构思好章节内容，然后一次性传入�?);
                   ^^^^^^^^^^^^^^^^^^^^^^^^^^^^^^
lib/core/services/ai/agent/agent_service.dart:317:20: Error: String starting with ' must end with '.
    buffer.writeln('1. **剧情内容**：用户是否描述了本章要发生什么事？如果只�?写第一�?而没给任何剧情方向，应追�?);
                   ^^^^^^^^^^^^^^^^^^^^^^^^^^^^^^^^^^^^^^^^^^^^^^^^^^^^^^^
lib/core/services/ai/agent/agent_service.dart:318:20: Error: String starting with ' must end with '.
    buffer.writeln('2. **节奏定位**：本章处于故事的什么位置？（开�?铺垫/高潮/过渡/结尾）是否需要提醒用户注意节�?);
                   ^^^^^^^^^^^^^^^^^^^^^^^^^^^^^^^^^^^^^^^^^^^^^^^^^^^^^^^^
lib/core/services/ai/agent/agent_service.dart:320:20: Error: String starting with ' must end with '.
    buffer.writeln('4. **前文衔接**：如果不是第一章，是否有前文上下文可以衔接？如有，先搜索前文内�?);
                   ^^^^^^^^^^^^^^^^^^^^^^^^^^^^^^^^^^^^^^^^^^^^^^^
lib/core/services/ai/agent/agent_service.dart:324:20: Error: String starting with ' must end with '.
    buffer.writeln('如果用户信息不足（如只说"帮我写一�?或剧情过于单薄），不要盲目创建�?);
                   ^^^^^^^^^^^^^^^^^^^^^^^^^^^^^^^^^^^^^^^
lib/core/services/ai/agent/agent_service.dart:325:20: Error: String starting with ' must end with '.
    buffer.writeln('你应该礼貌地追问关键信息，例如：本章主要事件、涉及角色、情感基调、是否需要结尾钩子等�?);
                   ^^^^^^^^^^^^^^^^^^^^^^^^^^^^^^^^^^^^^^^^^^^^^^^
lib/core/services/ai/agent/agent_service.dart:326:20: Error: String starting with ' must end with '.
    buffer.writeln('如果用户给了一句话剧情但缺少细节，你可以主动建议补充冲突点、情感转折、悬念钩子等，让章节更丰满�?);
                   ^^^^^^^^^^^^^^^^^^^^^^^^^^^^^^^^^^^^^^^^^^^^^^^^^^^^
lib/core/services/ai/agent/agent_service.dart:327:20: Error: String starting with ' must end with '.
    buffer.writeln('但如果用户已经提供了足够的信息（有明确的剧情走向和关键事件），就可以直接创建�?);
                   ^^^^^^^^^^^^^^^^^^^^^^^^^^^^^^^^^^^^^^^^^^^
lib/core/services/ai/agent/agent_service.dart:329:20: Error: String starting with ' must end with '.
    buffer.writeln('## 创建作品时的主题/世界观处理规�?);
                   ^^^^^^^^^^^^^^^^^^^^^^^
lib/core/services/ai/agent/agent_service.dart:331:20: Error: String starting with ' must end with '.
    buffer.writeln('1. 先调�?create_work 创建作品（name 为作品名称，将主题关键词写入 type 字段�?);
                   ^^^^^^^^^^^^^^^^^^^^^^^^^^^^^^^^^^^^^^^^^^^^^^^^^^^^^^^^
lib/core/services/ai/agent/agent_service.dart:333:20: Error: String starting with ' must end with '.
    buffer.writeln('   - title: 「{作品名} 世界观设定�?);
                   ^^^^^^^^^^^^^^^^^^^^^^^^^^^^^
lib/core/services/ai/agent/agent_service.dart:337:20: Error: String starting with ' must end with '.
    buffer.writeln('     �?核心设定与规则体�?);
                   ^^^^^^^^^^^^^^^^^^^^
lib/core/services/ai/agent/agent_service.dart:339:20: Error: String starting with ' must end with '.
    buffer.writeln('     �?世界背景与历史概�?);
                   ^^^^^^^^^^^^^^^^^^^^
lib/core/services/ai/agent/agent_service.dart:340:20: Error: String starting with ' must end with '.
    buffer.writeln('     �?典型场景与氛围描�?);
                   ^^^^^^^^^^^^^^^^^^^^
lib/core/services/ai/agent/agent_service.dart:341:20: Error: String starting with ' must end with '.
    buffer.writeln('     �?常见剧情模式与套�?);
                   ^^^^^^^^^^^^^^^^^^^^
lib/core/services/ai/agent/agent_service.dart:342:20: Error: String starting with ' must end with '.
    buffer.writeln('   - tags: 提取 3-5 个相关标�?);
                   ^^^^^^^^^^^^^^^^^^^^^^^^^^^
lib/core/services/ai/agent/agent_service.dart:343:20: Error: String starting with ' must end with '.
    buffer.writeln('3. 用自然语言向用户确认：作品已创建，并已根据主题自动生成世界观设�?);
                   ^^^^^^^^^^^^^^^^^^^^^^^^^^^^^^^^^^^^^^^
lib/core/services/ai/agent/agent_service.dart:343:19: Error: Can't find ')' to match '('.
    buffer.writeln('3. 用自然语言向用户确认：作品已创建，并已根据主题自动生成世界观设�?);
                  ^
lib/core/services/ai/agent/agent_service.dart:342:19: Error: Can't find ')' to match '('.
    buffer.writeln('   - tags: 提取 3-5 个相关标�?);
                  ^
lib/core/services/ai/agent/agent_service.dart:341:19: Error: Can't find ')' to match '('.
    buffer.writeln('     �?常见剧情模式与套�?);
                  ^
lib/core/services/ai/agent/agent_service.dart:340:19: Error: Can't find ')' to match '('.
    buffer.writeln('     �?典型场景与氛围描�?);
                  ^
lib/core/services/ai/agent/agent_service.dart:339:19: Error: Can't find ')' to match '('.
    buffer.writeln('     �?世界背景与历史概�?);
                  ^
lib/core/services/ai/agent/agent_service.dart:337:19: Error: Can't find ')' to match '('.
    buffer.writeln('     �?核心设定与规则体�?);
                  ^
lib/core/services/ai/agent/agent_service.dart:333:19: Error: Can't find ')' to match '('.
    buffer.writeln('   - title: 「{作品名} 世界观设定�?);
                  ^
lib/core/services/ai/agent/agent_service.dart:331:19: Error: Can't find ')' to match '('.
    buffer.writeln('1. 先调�?create_work 创建作品（name 为作品名称，将主题关键词写入 type 字段�?);
                  ^
lib/core/services/ai/agent/agent_service.dart:329:19: Error: Can't find ')' to match '('.
    buffer.writeln('## 创建作品时的主题/世界观处理规�?);
                  ^
lib/core/services/ai/agent/agent_service.dart:327:19: Error: Can't find ')' to match '('.
    buffer.writeln('但如果用户已经提供了足够的信息（有明确的剧情走向和关键事件），就可以直接创建�?);
                  ^
lib/core/services/ai/agent/agent_service.dart:326:19: Error: Can't find ')' to match '('.
    buffer.writeln('如果用户给了一句话剧情但缺少细节，你可以主动建议补充冲突点、情感转折、悬念钩子等，让章节更丰满�?);
                  ^
lib/core/services/ai/agent/agent_service.dart:325:19: Error: Can't find ')' to match '('.
    buffer.writeln('你应该礼貌地追问关键信息，例如：本章主要事件、涉及角色、情感基调、是否需要结尾钩子等�?);
                  ^
lib/core/services/ai/agent/agent_service.dart:324:19: Error: Can't find ')' to match '('.
    buffer.writeln('如果用户信息不足（如只说"帮我写一�?或剧情过于单薄），不要盲目创建�?);
                  ^
lib/core/services/ai/agent/agent_service.dart:320:19: Error: Can't find ')' to match '('.
    buffer.writeln('4. **前文衔接**：如果不是第一章，是否有前文上下文可以衔接？如有，先搜索前文内�?);
                  ^
lib/core/services/ai/agent/agent_service.dart:318:19: Error: Can't find ')' to match '('.
    buffer.writeln('2. **节奏定位**：本章处于故事的什么位置？（开�?铺垫/高潮/过渡/结尾）是否需要提醒用户注意节�?);
                  ^
lib/core/services/ai/agent/agent_service.dart:317:19: Error: Can't find ')' to match '('.
    buffer.writeln('1. **剧情内容**：用户是否描述了本章要发生什么事？如果只�?写第一�?而没给任何剧情方向，应追�?);
                  ^
lib/core/services/ai/agent/agent_service.dart:313:19: Error: Can't find ')' to match '('.
    buffer.writeln('你需要在调用工具前先构思好章节内容，然后一次性传入�?);
                  ^
lib/core/services/ai/agent/agent_service.dart:312:19: Error: Can't find ')' to match '('.
    buffer.writeln('不要创建空章节！content 参数是必填的�?);
                  ^
lib/core/services/ai/agent/agent_service.dart:311:19: Error: Can't find ')' to match '('.
    buffer.writeln('调用 create_chapter 时，必须�?content 参数中传入完整的章节正文内容�?);
                  ^
lib/core/services/ai/agent/agent_service.dart:310:19: Error: Can't find ')' to match '('.
    buffer.writeln('## 创建章节的完整流�?);
                  ^
lib/core/services/ai/agent/agent_service.dart:308:19: Error: Can't find ')' to match '('.
    buffer.writeln('创建实体后，用自然语言向用户确认创建结果�?);
                  ^
lib/core/services/ai/agent/agent_service.dart:307:19: Error: Can't find ')' to match '('.
    buffer.writeln('当用户要求创建角色、地点、物品、势力、关系、作品、卷、章节或素材时，请直接调用对应的 create_* 工具�?);
                  ^
lib/core/services/ai/agent/agent_service.dart:305:19: Error: Can't find ')' to match '('.
    buffer.writeln('- 最终回复必须是完整的中文内�?);
                  ^
lib/core/services/ai/agent/agent_service.dart:304:19: Error: Can't find ')' to match '('.
    buffer.writeln('- 如果信息不足，先搜索再行�?);
                  ^
lib/core/services/ai/agent/agent_service.dart:302:19: Error: Can't find ')' to match '('.
    buffer.writeln('- 每次只调用一个工�?);
                  ^
lib/core/services/ai/agent/agent_service.dart:301:19: Error: Can't find ')' to match '('.
    buffer.writeln('注意事项�?);
                  ^
lib/core/services/ai/agent/agent_service.dart:299:19: Error: Can't find ')' to match '('.
    buffer.writeln('5. 综合结果，给出最终回�?);
                  ^
lib/core/services/ai/agent/agent_service.dart:298:19: Error: Can't find ')' to match '('.
    buffer.writeln('4. 如果需要检查问题，调用分析/一致性检查工�?);
                  ^
lib/core/services/ai/agent/agent_service.dart:295:19: Error: Can't find ')' to match '('.
    buffer.writeln('1. 分析用户需�?);
                  ^
lib/core/services/ai/agent/agent_service.dart:294:19: Error: Can't find ')' to match '('.
    buffer.writeln('工作流程�?);
                  ^
lib/core/services/ai/agent/agent_service.dart:287:19: Error: Can't find ')' to match '('.
    buffer.writeln('你可以使用工具来完成任务，也可以直接回复用户�?);
                  ^
lib/core/services/ai/agent/agent_service.dart:286:19: Error: Can't find ')' to match '('.
    buffer.writeln('你是一位专业的小说写作助手 Agent�?);
                  ^
lib/core/services/ai/agent/agent_service.dart:133:9: Error: Expected ',' before this.
        await controller.close();
        ^^^^^
lib/core/services/ai/agent/agent_service.dart:132:34: Error: Too many positional arguments: 1 allowed, but 2 found.
Try removing the extra positional arguments.
        controller.add(AgentError('没有可用的工�?));
                                 ^
lib/core/services/ai/agent/agent_service.dart:54:3: Context: Found this candidate, but the arguments don't match.
  AgentError(this.error);
  ^^^^^^^^^^
lib/core/services/ai/agent/agent_service.dart:205:17: Error: Expected ',' before this.
                toolCallId: toolCall.id,
                ^^^^^^^^^^
lib/core/services/ai/agent/agent_service.dart:287:5: Error: Expected ',' before this.
    buffer.writeln('你可以使用工具来完成任务，也可以直接回复用户�?);
    ^^^^^^
lib/core/services/ai/agent/agent_service.dart:287:20: Error: Expected ';' after this.
    buffer.writeln('你可以使用工具来完成任务，也可以直接回复用户�?);
                   ^^^^^^^^^^^^^^^^^^^^^^^^^^^
lib/core/services/ai/agent/agent_service.dart:291:22: Error: Expected ';' after this.
      buffer.writeln('当前没有选中作品。如果用户需要操作特定作品（如创建章节、角色等），请先调用 list_works 查看所有作品并获取�?ID�?);
                     ^^^^^^^^^^^^^^^^^^^^^^^^^^^^^^^^^^^^^^^^^^^^^^^^^^^^^^^^^^^^^^^^^^^
lib/core/services/ai/agent/agent_service.dart:295:5: Error: Expected ',' before this.
    buffer.writeln('1. 分析用户需�?);
    ^^^^^^
lib/core/services/ai/agent/agent_service.dart:296:5: Error: Expected ',' before this.
    buffer.writeln('2. 如果需要信息，调用搜索工具');
    ^^^^^^
lib/core/services/ai/agent/agent_service.dart:299:5: Error: Expected ',' before this.
    buffer.writeln('5. 综合结果，给出最终回�?);
    ^^^^^^
lib/core/services/ai/agent/agent_service.dart:300:5: Error: Expected ',' before this.
    buffer.writeln();
    ^^^^^^
lib/core/services/ai/agent/agent_service.dart:302:5: Error: Expected ',' before this.
    buffer.writeln('- 每次只调用一个工�?);
    ^^^^^^
lib/core/services/ai/agent/agent_service.dart:303:5: Error: Expected ',' before this.
    buffer.writeln('- 如果不知道作�?ID 或卷 ID，先调用 list_works / list_volumes 获取');
    ^^^^^^
lib/core/services/ai/agent/agent_service.dart:305:5: Error: Expected ',' before this.
    buffer.writeln('- 最终回复必须是完整的中文内�?);
    ^^^^^^
lib/core/services/ai/agent/agent_service.dart:306:5: Error: Expected ',' before this.
    buffer.writeln();
    ^^^^^^
lib/core/services/ai/agent/agent_service.dart:308:5: Error: Expected ',' before this.
    buffer.writeln('创建实体后，用自然语言向用户确认创建结果�?);
    ^^^^^^
lib/core/services/ai/agent/agent_service.dart:309:5: Error: Expected ',' before this.
    buffer.writeln();
    ^^^^^^
lib/core/services/ai/agent/agent_service.dart:311:5: Error: Expected ',' before this.
    buffer.writeln('调用 create_chapter 时，必须�?content 参数中传入完整的章节正文内容�?);
    ^^^^^^
lib/core/services/ai/agent/agent_service.dart:312:5: Error: Expected ',' before this.
    buffer.writeln('不要创建空章节！content 参数是必填的�?);
    ^^^^^^
lib/core/services/ai/agent/agent_service.dart:313:5: Error: Expected ',' before this.
    buffer.writeln('你需要在调用工具前先构思好章节内容，然后一次性传入�?);
    ^^^^^^
lib/core/services/ai/agent/agent_service.dart:314:5: Error: Expected ',' before this.
    buffer.writeln();
    ^^^^^^
lib/core/services/ai/agent/agent_service.dart:318:5: Error: Expected ',' before this.
    buffer.writeln('2. **节奏定位**：本章处于故事的什么位置？（开�?铺垫/高潮/过渡/结尾）是否需要提醒用户注意节�?);
    ^^^^^^
lib/core/services/ai/agent/agent_service.dart:319:5: Error: Expected ',' before this.
    buffer.writeln('3. **钩子/悬念**：本章结尾是否需要留下悬念或钩子引导读者继续阅读？');
    ^^^^^^
lib/core/services/ai/agent/agent_service.dart:321:5: Error: Expected ',' before this.
    buffer.writeln('5. **事件丰富�?*：用户提供的剧情是否足够展开为一整章？是否只有一句话概括而缺少具体事件、冲突、转折？');
    ^^^^^^
lib/core/services/ai/agent/agent_service.dart:325:5: Error: Expected ',' before this.
    buffer.writeln('你应该礼貌地追问关键信息，例如：本章主要事件、涉及角色、情感基调、是否需要结尾钩子等�?);
    ^^^^^^
lib/core/services/ai/agent/agent_service.dart:326:5: Error: Expected ',' before this.
    buffer.writeln('如果用户给了一句话剧情但缺少细节，你可以主动建议补充冲突点、情感转折、悬念钩子等，让章节更丰满�?);
    ^^^^^^
lib/core/services/ai/agent/agent_service.dart:327:5: Error: Expected ',' before this.
    buffer.writeln('但如果用户已经提供了足够的信息（有明确的剧情走向和关键事件），就可以直接创建�?);
    ^^^^^^
lib/core/services/ai/agent/agent_service.dart:328:5: Error: Expected ',' before this.
    buffer.writeln();
    ^^^^^^
lib/core/services/ai/agent/agent_service.dart:330:5: Error: Expected ',' before this.
    buffer.writeln('当用户创建作品并附带「主题」「题材」「类型」「世界观」「风格」等描述时，你必须执行以下步骤：');
    ^^^^^^
lib/core/services/ai/agent/agent_service.dart:332:5: Error: Expected ',' before this.
    buffer.writeln('2. 紧接着调用 create_inspiration，参数如下：');
    ^^^^^^
lib/core/services/ai/agent/agent_service.dart:334:5: Error: Expected ',' before this.
    buffer.writeln('   - category: "worldbuilding"');
    ^^^^^^
lib/core/services/ai/agent/agent_service.dart:338:5: Error: Expected ',' before this.
    buffer.writeln('     �?力量体系/等级划分');
    ^^^^^^
lib/core/services/ai/agent/agent_service.dart:340:5: Error: Expected ',' before this.
    buffer.writeln('     �?典型场景与氛围描�?);
    ^^^^^^
lib/core/services/ai/agent/agent_service.dart:341:5: Error: Expected ',' before this.
    buffer.writeln('     �?常见剧情模式与套�?);
    ^^^^^^
lib/core/services/ai/agent/agent_service.dart:342:5: Error: Expected ',' before this.
    buffer.writeln('   - tags: 提取 3-5 个相关标�?);
    ^^^^^^
lib/core/services/ai/agent/agent_service.dart:343:5: Error: Expected ',' before this.
    buffer.writeln('3. 用自然语言向用户确认：作品已创建，并已根据主题自动生成世界观设�?);
    ^^^^^^
lib/core/services/ai/agent/agent_service.dart:343:20: Error: Expected ';' after this.
    buffer.writeln('3. 用自然语言向用户确认：作品已创建，并已根据主题自动生成世界观设�?);
                   ^^^^^^^^^^^^^^^^^^^^^^^^^^^^^^^^^^^^^^^
lib/core/services/ai/agent/agent_service.dart:286:19: Error: Too many positional arguments: 1 allowed, but 2 found.
Try removing the extra positional arguments.
    buffer.writeln('你是一位专业的小说写作助手 Agent�?);
                  ^
lib/core/services/ai/agent/agent_service.dart:295:19: Error: Too many positional arguments: 1 allowed, but 2 found.
Try removing the extra positional arguments.
    buffer.writeln('1. 分析用户需�?);
                  ^
lib/core/services/ai/agent/agent_service.dart:294:19: Error: Too many positional arguments: 1 allowed, but 2 found.
Try removing the extra positional arguments.
    buffer.writeln('工作流程�?);
                  ^
lib/core/services/ai/agent/agent_service.dart:299:19: Error: Too many positional arguments: 1 allowed, but 2 found.
Try removing the extra positional arguments.
    buffer.writeln('5. 综合结果，给出最终回�?);
                  ^
lib/core/services/ai/agent/agent_service.dart:298:19: Error: Too many positional arguments: 1 allowed, but 2 found.
Try removing the extra positional arguments.
    buffer.writeln('4. 如果需要检查问题，调用分析/一致性检查工�?);
                  ^
lib/core/services/ai/agent/agent_service.dart:302:19: Error: Too many positional arguments: 1 allowed, but 2 found.
Try removing the extra positional arguments.
    buffer.writeln('- 每次只调用一个工�?);
                  ^
lib/core/services/ai/agent/agent_service.dart:301:19: Error: Too many positional arguments: 1 allowed, but 2 found.
Try removing the extra positional arguments.
    buffer.writeln('注意事项�?);
                  ^
lib/core/services/ai/agent/agent_service.dart:305:19: Error: Too many positional arguments: 1 allowed, but 2 found.
Try removing the extra positional arguments.
    buffer.writeln('- 最终回复必须是完整的中文内�?);
                  ^
lib/core/services/ai/agent/agent_service.dart:304:19: Error: Too many positional arguments: 1 allowed, but 2 found.
Try removing the extra positional arguments.
    buffer.writeln('- 如果信息不足，先搜索再行�?);
                  ^
lib/core/services/ai/agent/agent_service.dart:308:19: Error: Too many positional arguments: 1 allowed, but 2 found.
Try removing the extra positional arguments.
    buffer.writeln('创建实体后，用自然语言向用户确认创建结果�?);
                  ^
lib/core/services/ai/agent/agent_service.dart:307:19: Error: Too many positional arguments: 1 allowed, but 2 found.
Try removing the extra positional arguments.
    buffer.writeln('当用户要求创建角色、地点、物品、势力、关系、作品、卷、章节或素材时，请直接调用对应的 create_* 工具�?);
                  ^
lib/core/services/ai/agent/agent_service.dart:313:19: Error: Too many positional arguments: 1 allowed, but 2 found.
Try removing the extra positional arguments.
    buffer.writeln('你需要在调用工具前先构思好章节内容，然后一次性传入�?);
                  ^
lib/core/services/ai/agent/agent_service.dart:312:19: Error: Too many positional arguments: 1 allowed, but 2 found.
Try removing the extra positional arguments.
    buffer.writeln('不要创建空章节！content 参数是必填的�?);
                  ^
lib/core/services/ai/agent/agent_service.dart:311:19: Error: Too many positional arguments: 1 allowed, but 2 found.
Try removing the extra positional arguments.
    buffer.writeln('调用 create_chapter 时，必须�?content 参数中传入完整的章节正文内容�?);
                  ^
lib/core/services/ai/agent/agent_service.dart:310:19: Error: Too many positional arguments: 1 allowed, but 2 found.
Try removing the extra positional arguments.
    buffer.writeln('## 创建章节的完整流�?);
                  ^
lib/core/services/ai/agent/agent_service.dart:318:19: Error: Too many positional arguments: 1 allowed, but 2 found.
Try removing the extra positional arguments.
    buffer.writeln('2. **节奏定位**：本章处于故事的什么位置？（开�?铺垫/高潮/过渡/结尾）是否需要提醒用户注意节�?);
                  ^
lib/core/services/ai/agent/agent_service.dart:317:19: Error: Too many positional arguments: 1 allowed, but 2 found.
Try removing the extra positional arguments.
    buffer.writeln('1. **剧情内容**：用户是否描述了本章要发生什么事？如果只�?写第一�?而没给任何剧情方向，应追�?);
                  ^
lib/core/services/ai/agent/agent_service.dart:320:19: Error: Too many positional arguments: 1 allowed, but 2 found.
Try removing the extra positional arguments.
    buffer.writeln('4. **前文衔接**：如果不是第一章，是否有前文上下文可以衔接？如有，先搜索前文内�?);
                  ^
lib/core/services/ai/agent/agent_service.dart:327:19: Error: Too many positional arguments: 1 allowed, but 2 found.
Try removing the extra positional arguments.
    buffer.writeln('但如果用户已经提供了足够的信息（有明确的剧情走向和关键事件），就可以直接创建�?);
                  ^
lib/core/services/ai/agent/agent_service.dart:326:19: Error: Too many positional arguments: 1 allowed, but 2 found.
Try removing the extra positional arguments.
    buffer.writeln('如果用户给了一句话剧情但缺少细节，你可以主动建议补充冲突点、情感转折、悬念钩子等，让章节更丰满�?);
                  ^
lib/core/services/ai/agent/agent_service.dart:325:19: Error: Too many positional arguments: 1 allowed, but 2 found.
Try removing the extra positional arguments.
    buffer.writeln('你应该礼貌地追问关键信息，例如：本章主要事件、涉及角色、情感基调、是否需要结尾钩子等�?);
                  ^
lib/core/services/ai/agent/agent_service.dart:324:19: Error: Too many positional arguments: 1 allowed, but 2 found.
Try removing the extra positional arguments.
    buffer.writeln('如果用户信息不足（如只说"帮我写一�?或剧情过于单薄），不要盲目创建�?);
                  ^
lib/core/services/ai/agent/agent_service.dart:329:19: Error: Too many positional arguments: 1 allowed, but 2 found.
Try removing the extra positional arguments.
    buffer.writeln('## 创建作品时的主题/世界观处理规�?);
                  ^
lib/core/services/ai/agent/agent_service.dart:331:19: Error: Too many positional arguments: 1 allowed, but 2 found.
Try removing the extra positional arguments.
    buffer.writeln('1. 先调�?create_work 创建作品（name 为作品名称，将主题关键词写入 type 字段�?);
                  ^
lib/core/services/ai/agent/agent_service.dart:333:19: Error: Too many positional arguments: 1 allowed, but 2 found.
Try removing the extra positional arguments.
    buffer.writeln('   - title: 「{作品名} 世界观设定�?);
                  ^
lib/core/services/ai/agent/agent_service.dart:337:19: Error: Too many positional arguments: 1 allowed, but 2 found.
Try removing the extra positional arguments.
    buffer.writeln('     �?核心设定与规则体�?);
                  ^
lib/core/services/ai/agent/agent_service.dart:342:19: Error: Too many positional arguments: 1 allowed, but 2 found.
Try removing the extra positional arguments.
    buffer.writeln('   - tags: 提取 3-5 个相关标�?);
                  ^
lib/core/services/ai/agent/agent_service.dart:341:19: Error: Too many positional arguments: 1 allowed, but 2 found.
Try removing the extra positional arguments.
    buffer.writeln('     �?常见剧情模式与套�?);
                  ^
lib/core/services/ai/agent/agent_service.dart:340:19: Error: Too many positional arguments: 1 allowed, but 2 found.
Try removing the extra positional arguments.
    buffer.writeln('     �?典型场景与氛围描�?);
                  ^
lib/core/services/ai/agent/agent_service.dart:339:19: Error: Too many positional arguments: 1 allowed, but 2 found.
Try removing the extra positional arguments.
    buffer.writeln('     �?世界背景与历史概�?);
                  ^
00:06 +1 -8: loading C:/Users/changw98/dev/writing_assistant/test/integration/wuchang_full_chain_test.dart [E]
  Failed to load "C:/Users/changw98/dev/writing_assistant/test/integration/wuchang_full_chain_test.dart":
  Compilation failed for testPath=C:/Users/changw98/dev/writing_assistant/test/integration/wuchang_full_chain_test.dart: lib/core/services/ai/agent/agent_service.dart:132:35: Error: String starting with ' must end with '.
          controller.add(AgentError('没有可用的工�?));
                                    ^^^^^^^^^^^^
  lib/core/services/ai/agent/agent_service.dart:132:34: Error: Can't find ')' to match '('.
          controller.add(AgentError('没有可用的工�?));
                                   ^
  lib/core/services/ai/agent/agent_service.dart:132:23: Error: Can't find ')' to match '('.
          controller.add(AgentError('没有可用的工�?));
                        ^
  lib/core/services/ai/agent/agent_service.dart:200:53: Error: String starting with ' must end with '.
                  ToolResult.fail('工具 ${toolCall.name} 不存�?),
                                                      ^^^^^^^
  lib/core/services/ai/agent/agent_service.dart:204:50: Error: String starting with ' must end with '.
                  content: '错误: 工具 ${toolCall.name} 不存�?,
                                                   ^^^^^^
  lib/core/services/ai/agent/agent_service.dart:199:29: Error: Can't find ')' to match '('.
                controller.add(AgentObservation(
                              ^
  lib/core/services/ai/agent/agent_service.dart:286:20: Error: String starting with ' must end with '.
      buffer.writeln('你是一位专业的小说写作助手 Agent�?);
                     ^^^^^^^^^^^^^^^^^^^^^^^^
  lib/core/services/ai/agent/agent_service.dart:287:20: Error: String starting with ' must end with '.
      buffer.writeln('你可以使用工具来完成任务，也可以直接回复用户�?);
                     ^^^^^^^^^^^^^^^^^^^^^^^^^^^
  lib/core/services/ai/agent/agent_service.dart:291:22: Error: String starting with ' must end with '.
        buffer.writeln('当前没有选中作品。如果用户需要操作特定作品（如创建章节、角色等），请先调用 list_works 查看所有作品并获取�?ID�?);
                       ^^^^^^^^^^^^^^^^^^^^^^^^^^^^^^^^^^^^^^^^^^^^^^^^^^^^^^^^^^^^^^^^^^^
  lib/core/services/ai/agent/agent_service.dart:291:21: Error: Can't find ')' to match '('.
        buffer.writeln('当前没有选中作品。如果用户需要操作特定作品（如创建章节、角色等），请先调用 list_works 查看所有作品并获取�?ID�?);
                      ^
  lib/core/services/ai/agent/agent_service.dart:294:20: Error: String starting with ' must end with '.
      buffer.writeln('工作流程�?);
                     ^^^^^^^^^
  lib/core/services/ai/agent/agent_service.dart:295:20: Error: String starting with ' must end with '.
      buffer.writeln('1. 分析用户需�?);
                     ^^^^^^^^^^^^^
  lib/core/services/ai/agent/agent_service.dart:298:20: Error: String starting with ' must end with '.
      buffer.writeln('4. 如果需要检查问题，调用分析/一致性检查工�?);
                     ^^^^^^^^^^^^^^^^^^^^^^^^^^^^
  lib/core/services/ai/agent/agent_service.dart:299:20: Error: String starting with ' must end with '.
      buffer.writeln('5. 综合结果，给出最终回�?);
                     ^^^^^^^^^^^^^^^^^^
  lib/core/services/ai/agent/agent_service.dart:301:20: Error: String starting with ' must end with '.
      buffer.writeln('注意事项�?);
                     ^^^^^^^^^
  lib/core/services/ai/agent/agent_service.dart:302:20: Error: String starting with ' must end with '.
      buffer.writeln('- 每次只调用一个工�?);
                     ^^^^^^^^^^^^^^^
  lib/core/services/ai/agent/agent_service.dart:304:20: Error: String starting with ' must end with '.
      buffer.writeln('- 如果信息不足，先搜索再行�?);
                     ^^^^^^^^^^^^^^^^^^^
  lib/core/services/ai/agent/agent_service.dart:305:20: Error: String starting with ' must end with '.
      buffer.writeln('- 最终回复必须是完整的中文内�?);
                     ^^^^^^^^^^^^^^^^^^^^
  lib/core/services/ai/agent/agent_service.dart:307:20: Error: String starting with ' must end with '.
      buffer.writeln('当用户要求创建角色、地点、物品、势力、关系、作品、卷、章节或素材时，请直接调用对应的 create_* 工具�?);
                     ^^^^^^^^^^^^^^^^^^^^^^^^^^^^^^^^^^^^^^^^^^^^^^^^^^^^^^^^^^^
  lib/core/services/ai/agent/agent_service.dart:308:20: Error: String starting with ' must end with '.
      buffer.writeln('创建实体后，用自然语言向用户确认创建结果�?);
                     ^^^^^^^^^^^^^^^^^^^^^^^^^
  lib/core/services/ai/agent/agent_service.dart:310:20: Error: String starting with ' must end with '.
      buffer.writeln('## 创建章节的完整流�?);
                     ^^^^^^^^^^^^^^^^
  lib/core/services/ai/agent/agent_service.dart:311:20: Error: String starting with ' must end with '.
      buffer.writeln('调用 create_chapter 时，必须�?content 参数中传入完整的章节正文内容�?);
                     ^^^^^^^^^^^^^^^^^^^^^^^^^^^^^^^^^^^^^^^^^^^^^^^^^^^
  lib/core/services/ai/agent/agent_service.dart:312:20: Error: String starting with ' must end with '.
      buffer.writeln('不要创建空章节！content 参数是必填的�?);
                     ^^^^^^^^^^^^^^^^^^^^^^^^^^^
  lib/core/services/ai/agent/agent_service.dart:313:20: Error: String starting with ' must end with '.
      buffer.writeln('你需要在调用工具前先构思好章节内容，然后一次性传入�?);
                     ^^^^^^^^^^^^^^^^^^^^^^^^^^^^^^
  lib/core/services/ai/agent/agent_service.dart:317:20: Error: String starting with ' must end with '.
      buffer.writeln('1. **剧情内容**：用户是否描述了本章要发生什么事？如果只�?写第一�?而没给任何剧情方向，应追�?);
                     ^^^^^^^^^^^^^^^^^^^^^^^^^^^^^^^^^^^^^^^^^^^^^^^^^^^^^^^
  lib/core/services/ai/agent/agent_service.dart:318:20: Error: String starting with ' must end with '.
      buffer.writeln('2. **节奏定位**：本章处于故事的什么位置？（开�?铺垫/高潮/过渡/结尾）是否需要提醒用户注意节�?);
                     ^^^^^^^^^^^^^^^^^^^^^^^^^^^^^^^^^^^^^^^^^^^^^^^^^^^^^^^^
  lib/core/services/ai/agent/agent_service.dart:320:20: Error: String starting with ' must end with '.
      buffer.writeln('4. **前文衔接**：如果不是第一章，是否有前文上下文可以衔接？如有，先搜索前文内�?);
                     ^^^^^^^^^^^^^^^^^^^^^^^^^^^^^^^^^^^^^^^^^^^^^^^
  lib/core/services/ai/agent/agent_service.dart:324:20: Error: String starting with ' must end with '.
      buffer.writeln('如果用户信息不足（如只说"帮我写一�?或剧情过于单薄），不要盲目创建�?);
                     ^^^^^^^^^^^^^^^^^^^^^^^^^^^^^^^^^^^^^^^
  lib/core/services/ai/agent/agent_service.dart:325:20: Error: String starting with ' must end with '.
      buffer.writeln('你应该礼貌地追问关键信息，例如：本章主要事件、涉及角色、情感基调、是否需要结尾钩子等�?);
                     ^^^^^^^^^^^^^^^^^^^^^^^^^^^^^^^^^^^^^^^^^^^^^^^
  lib/core/services/ai/agent/agent_service.dart:326:20: Error: String starting with ' must end with '.
      buffer.writeln('如果用户给了一句话剧情但缺少细节，你可以主动建议补充冲突点、情感转折、悬念钩子等，让章节更丰满�?);
                     ^^^^^^^^^^^^^^^^^^^^^^^^^^^^^^^^^^^^^^^^^^^^^^^^^^^^
  lib/core/services/ai/agent/agent_service.dart:327:20: Error: String starting with ' must end with '.
      buffer.writeln('但如果用户已经提供了足够的信息（有明确的剧情走向和关键事件），就可以直接创建�?);
                     ^^^^^^^^^^^^^^^^^^^^^^^^^^^^^^^^^^^^^^^^^^^
  lib/core/services/ai/agent/agent_service.dart:329:20: Error: String starting with ' must end with '.
      buffer.writeln('## 创建作品时的主题/世界观处理规�?);
                     ^^^^^^^^^^^^^^^^^^^^^^^
  lib/core/services/ai/agent/agent_service.dart:331:20: Error: String starting with ' must end with '.
      buffer.writeln('1. 先调�?create_work 创建作品（name 为作品名称，将主题关键词写入 type 字段�?);
                     ^^^^^^^^^^^^^^^^^^^^^^^^^^^^^^^^^^^^^^^^^^^^^^^^^^^^^^^^
  lib/core/services/ai/agent/agent_service.dart:333:20: Error: String starting with ' must end with '.
      buffer.writeln('   - title: 「{作品名} 世界观设定�?);
                     ^^^^^^^^^^^^^^^^^^^^^^^^^^^^^
  lib/core/services/ai/agent/agent_service.dart:337:20: Error: String starting with ' must end with '.
      buffer.writeln('     �?核心设定与规则体�?);
                     ^^^^^^^^^^^^^^^^^^^^
  lib/core/services/ai/agent/agent_service.dart:339:20: Error: String starting with ' must end with '.
      buffer.writeln('     �?世界背景与历史概�?);
                     ^^^^^^^^^^^^^^^^^^^^
  lib/core/services/ai/agent/agent_service.dart:340:20: Error: String starting with ' must end with '.
      buffer.writeln('     �?典型场景与氛围描�?);
                     ^^^^^^^^^^^^^^^^^^^^
  lib/core/services/ai/agent/agent_service.dart:341:20: Error: String starting with ' must end with '.
      buffer.writeln('     �?常见剧情模式与套�?);
                     ^^^^^^^^^^^^^^^^^^^^
  lib/core/services/ai/agent/agent_service.dart:342:20: Error: String starting with ' must end with '.
      buffer.writeln('   - tags: 提取 3-5 个相关标�?);
                     ^^^^^^^^^^^^^^^^^^^^^^^^^^^
  lib/core/services/ai/agent/agent_service.dart:343:20: Error: String starting with ' must end with '.
      buffer.writeln('3. 用自然语言向用户确认：作品已创建，并已根据主题自动生成世界观设�?);
                     ^^^^^^^^^^^^^^^^^^^^^^^^^^^^^^^^^^^^^^^
  lib/core/services/ai/agent/agent_service.dart:343:19: Error: Can't find ')' to match '('.
      buffer.writeln('3. 用自然语言向用户确认：作品已创建，并已根据主题自动生成世界观设�?);
                    ^
  lib/core/services/ai/agent/agent_service.dart:342:19: Error: Can't find ')' to match '('.
      buffer.writeln('   - tags: 提取 3-5 个相关标�?);
                    ^
  lib/core/services/ai/agent/agent_service.dart:341:19: Error: Can't find ')' to match '('.
      buffer.writeln('     �?常见剧情模式与套�?);
                    ^
  lib/core/services/ai/agent/agent_service.dart:340:19: Error: Can't find ')' to match '('.
      buffer.writeln('     �?典型场景与氛围描�?);
                    ^
  lib/core/services/ai/agent/agent_service.dart:339:19: Error: Can't find ')' to match '('.
      buffer.writeln('     �?世界背景与历史概�?);
                    ^
  lib/core/services/ai/agent/agent_service.dart:337:19: Error: Can't find ')' to match '('.
      buffer.writeln('     �?核心设定与规则体�?);
                    ^
  lib/core/services/ai/agent/agent_service.dart:333:19: Error: Can't find ')' to match '('.
      buffer.writeln('   - title: 「{作品名} 世界观设定�?);
                    ^
  lib/core/services/ai/agent/agent_service.dart:331:19: Error: Can't find ')' to match '('.
      buffer.writeln('1. 先调�?create_work 创建作品（name 为作品名称，将主题关键词写入 type 字段�?);
                    ^
  lib/core/services/ai/agent/agent_service.dart:329:19: Error: Can't find ')' to match '('.
      buffer.writeln('## 创建作品时的主题/世界观处理规�?);
                    ^
  lib/core/services/ai/agent/agent_service.dart:327:19: Error: Can't find ')' to match '('.
      buffer.writeln('但如果用户已经提供了足够的信息（有明确的剧情走向和关键事件），就可以直接创建�?);
                    ^
  lib/core/services/ai/agent/agent_service.dart:326:19: Error: Can't find ')' to match '('.
      buffer.writeln('如果用户给了一句话剧情但缺少细节，你可以主动建议补充冲突点、情感转折、悬念钩子等，让章节更丰满�?);
                    ^
  lib/core/services/ai/agent/agent_service.dart:325:19: Error: Can't find ')' to match '('.
      buffer.writeln('你应该礼貌地追问关键信息，例如：本章主要事件、涉及角色、情感基调、是否需要结尾钩子等�?);
                    ^
  lib/core/services/ai/agent/agent_service.dart:324:19: Error: Can't find ')' to match '('.
      buffer.writeln('如果用户信息不足（如只说"帮我写一�?或剧情过于单薄），不要盲目创建�?);
                    ^
  lib/core/services/ai/agent/agent_service.dart:320:19: Error: Can't find ')' to match '('.
      buffer.writeln('4. **前文衔接**：如果不是第一章，是否有前文上下文可以衔接？如有，先搜索前文内�?);
                    ^
  lib/core/services/ai/agent/agent_service.dart:318:19: Error: Can't find ')' to match '('.
      buffer.writeln('2. **节奏定位**：本章处于故事的什么位置？（开�?铺垫/高潮/过渡/结尾）是否需要提醒用户注意节�?);
                    ^
  lib/core/services/ai/agent/agent_service.dart:317:19: Error: Can't find ')' to match '('.
      buffer.writeln('1. **剧情内容**：用户是否描述了本章要发生什么事？如果只�?写第一�?而没给任何剧情方向，应追�?);
                    ^
  lib/core/services/ai/agent/agent_service.dart:313:19: Error: Can't find ')' to match '('.
      buffer.writeln('你需要在调用工具前先构思好章节内容，然后一次性传入�?);
                    ^
  lib/core/services/ai/agent/agent_service.dart:312:19: Error: Can't find ')' to match '('.
      buffer.writeln('不要创建空章节！content 参数是必填的�?);
                    ^
  lib/core/services/ai/agent/agent_service.dart:311:19: Error: Can't find ')' to match '('.
      buffer.writeln('调用 create_chapter 时，必须�?content 参数中传入完整的章节正文内容�?);
                    ^
  lib/core/services/ai/agent/agent_service.dart:310:19: Error: Can't find ')' to match '('.
      buffer.writeln('## 创建章节的完整流�?);
                    ^
  lib/core/services/ai/agent/agent_service.dart:308:19: Error: Can't find ')' to match '('.
      buffer.writeln('创建实体后，用自然语言向用户确认创建结果�?);
                    ^
  lib/core/services/ai/agent/agent_service.dart:307:19: Error: Can't find ')' to match '('.
      buffer.writeln('当用户要求创建角色、地点、物品、势力、关系、作品、卷、章节或素材时，请直接调用对应的 create_* 工具�?);
                    ^
  lib/core/services/ai/agent/agent_service.dart:305:19: Error: Can't find ')' to match '('.
      buffer.writeln('- 最终回复必须是完整的中文内�?);
                    ^
  lib/core/services/ai/agent/agent_service.dart:304:19: Error: Can't find ')' to match '('.
      buffer.writeln('- 如果信息不足，先搜索再行�?);
                    ^
  lib/core/services/ai/agent/agent_service.dart:302:19: Error: Can't find ')' to match '('.
      buffer.writeln('- 每次只调用一个工�?);
                    ^
  lib/core/services/ai/agent/agent_service.dart:301:19: Error: Can't find ')' to match '('.
      buffer.writeln('注意事项�?);
                    ^
  lib/core/services/ai/agent/agent_service.dart:299:19: Error: Can't find ')' to match '('.
      buffer.writeln('5. 综合结果，给出最终回�?);
                    ^
  lib/core/services/ai/agent/agent_service.dart:298:19: Error: Can't find ')' to match '('.
      buffer.writeln('4. 如果需要检查问题，调用分析/一致性检查工�?);
                    ^
  lib/core/services/ai/agent/agent_service.dart:295:19: Error: Can't find ')' to match '('.
      buffer.writeln('1. 分析用户需�?);
                    ^
  lib/core/services/ai/agent/agent_service.dart:294:19: Error: Can't find ')' to match '('.
      buffer.writeln('工作流程�?);
                    ^
  lib/core/services/ai/agent/agent_service.dart:287:19: Error: Can't find ')' to match '('.
      buffer.writeln('你可以使用工具来完成任务，也可以直接回复用户�?);
                    ^
  lib/core/services/ai/agent/agent_service.dart:286:19: Error: Can't find ')' to match '('.
      buffer.writeln('你是一位专业的小说写作助手 Agent�?);
                    ^
  lib/core/services/ai/agent/agent_service.dart:133:9: Error: Expected ',' before this.
          await controller.close();
          ^^^^^
  lib/core/services/ai/agent/agent_service.dart:132:34: Error: Too many positional arguments: 1 allowed, but 2 found.
  Try removing the extra positional arguments.
          controller.add(AgentError('没有可用的工�?));
                                   ^
  lib/core/services/ai/agent/agent_service.dart:54:3: Context: Found this candidate, but the arguments don't match.
    AgentError(this.error);
    ^^^^^^^^^^
  lib/core/services/ai/agent/agent_service.dart:205:17: Error: Expected ',' before this.
                  toolCallId: toolCall.id,
                  ^^^^^^^^^^
  lib/core/services/ai/agent/agent_service.dart:287:5: Error: Expected ',' before this.
      buffer.writeln('你可以使用工具来完成任务，也可以直接回复用户�?);
      ^^^^^^
  lib/core/services/ai/agent/agent_service.dart:287:20: Error: Expected ';' after this.
      buffer.writeln('你可以使用工具来完成任务，也可以直接回复用户�?);
                     ^^^^^^^^^^^^^^^^^^^^^^^^^^^
  lib/core/services/ai/agent/agent_service.dart:291:22: Error: Expected ';' after this.
        buffer.writeln('当前没有选中作品。如果用户需要操作特定作品（如创建章节、角色等），请先调用 list_works 查看所有作品并获取�?ID�?);
                       ^^^^^^^^^^^^^^^^^^^^^^^^^^^^^^^^^^^^^^^^^^^^^^^^^^^^^^^^^^^^^^^^^^^
  lib/core/services/ai/agent/agent_service.dart:295:5: Error: Expected ',' before this.
      buffer.writeln('1. 分析用户需�?);
      ^^^^^^
  lib/core/services/ai/agent/agent_service.dart:296:5: Error: Expected ',' before this.
      buffer.writeln('2. 如果需要信息，调用搜索工具');
      ^^^^^^
  lib/core/services/ai/agent/agent_service.dart:299:5: Error: Expected ',' before this.
      buffer.writeln('5. 综合结果，给出最终回�?);
      ^^^^^^
  lib/core/services/ai/agent/agent_service.dart:300:5: Error: Expected ',' before this.
      buffer.writeln();
      ^^^^^^
  lib/core/services/ai/agent/agent_service.dart:302:5: Error: Expected ',' before this.
      buffer.writeln('- 每次只调用一个工�?);
      ^^^^^^
  lib/core/services/ai/agent/agent_service.dart:303:5: Error: Expected ',' before this.
      buffer.writeln('- 如果不知道作�?ID 或卷 ID，先调用 list_works / list_volumes 获取');
      ^^^^^^
  lib/core/services/ai/agent/agent_service.dart:305:5: Error: Expected ',' before this.
      buffer.writeln('- 最终回复必须是完整的中文内�?);
      ^^^^^^
  lib/core/services/ai/agent/agent_service.dart:306:5: Error: Expected ',' before this.
      buffer.writeln();
      ^^^^^^
  lib/core/services/ai/agent/agent_service.dart:308:5: Error: Expected ',' before this.
      buffer.writeln('创建实体后，用自然语言向用户确认创建结果�?);
      ^^^^^^
  lib/core/services/ai/agent/agent_service.dart:309:5: Error: Expected ',' before this.
      buffer.writeln();
      ^^^^^^
  lib/core/services/ai/agent/agent_service.dart:311:5: Error: Expected ',' before this.
      buffer.writeln('调用 create_chapter 时，必须�?content 参数中传入完整的章节正文内容�?);
      ^^^^^^
  lib/core/services/ai/agent/agent_service.dart:312:5: Error: Expected ',' before this.
      buffer.writeln('不要创建空章节！content 参数是必填的�?);
      ^^^^^^
  lib/core/services/ai/agent/agent_service.dart:313:5: Error: Expected ',' before this.
      buffer.writeln('你需要在调用工具前先构思好章节内容，然后一次性传入�?);
      ^^^^^^
  lib/core/services/ai/agent/agent_service.dart:314:5: Error: Expected ',' before this.
      buffer.writeln();
      ^^^^^^
  lib/core/services/ai/agent/agent_service.dart:318:5: Error: Expected ',' before this.
      buffer.writeln('2. **节奏定位**：本章处于故事的什么位置？（开�?铺垫/高潮/过渡/结尾）是否需要提醒用户注意节�?);
      ^^^^^^
  lib/core/services/ai/agent/agent_service.dart:319:5: Error: Expected ',' before this.
      buffer.writeln('3. **钩子/悬念**：本章结尾是否需要留下悬念或钩子引导读者继续阅读？');
      ^^^^^^
  lib/core/services/ai/agent/agent_service.dart:321:5: Error: Expected ',' before this.
      buffer.writeln('5. **事件丰富�?*：用户提供的剧情是否足够展开为一整章？是否只有一句话概括而缺少具体事件、冲突、转折？');
      ^^^^^^
  lib/core/services/ai/agent/agent_service.dart:325:5: Error: Expected ',' before this.
      buffer.writeln('你应该礼貌地追问关键信息，例如：本章主要事件、涉及角色、情感基调、是否需要结尾钩子等�?);
      ^^^^^^
  lib/core/services/ai/agent/agent_service.dart:326:5: Error: Expected ',' before this.
      buffer.writeln('如果用户给了一句话剧情但缺少细节，你可以主动建议补充冲突点、情感转折、悬念钩子等，让章节更丰满�?);
      ^^^^^^
  lib/core/services/ai/agent/agent_service.dart:327:5: Error: Expected ',' before this.
      buffer.writeln('但如果用户已经提供了足够的信息（有明确的剧情走向和关键事件），就可以直接创建�?);
      ^^^^^^
  lib/core/services/ai/agent/agent_service.dart:328:5: Error: Expected ',' before this.
      buffer.writeln();
      ^^^^^^
  lib/core/services/ai/agent/agent_service.dart:330:5: Error: Expected ',' before this.
      buffer.writeln('当用户创建作品并附带「主题」「题材」「类型」「世界观」「风格」等描述时，你必须执行以下步骤：');
      ^^^^^^
  lib/core/services/ai/agent/agent_service.dart:332:5: Error: Expected ',' before this.
      buffer.writeln('2. 紧接着调用 create_inspiration，参数如下：');
      ^^^^^^
  lib/core/services/ai/agent/agent_service.dart:334:5: Error: Expected ',' before this.
      buffer.writeln('   - category: "worldbuilding"');
      ^^^^^^
  lib/core/services/ai/agent/agent_service.dart:338:5: Error: Expected ',' before this.
      buffer.writeln('     �?力量体系/等级划分');
      ^^^^^^
  lib/core/services/ai/agent/agent_service.dart:340:5: Error: Expected ',' before this.
      buffer.writeln('     �?典型场景与氛围描�?);
      ^^^^^^
  lib/core/services/ai/agent/agent_service.dart:341:5: Error: Expected ',' before this.
      buffer.writeln('     �?常见剧情模式与套�?);
      ^^^^^^
  lib/core/services/ai/agent/agent_service.dart:342:5: Error: Expected ',' before this.
      buffer.writeln('   - tags: 提取 3-5 个相关标�?);
      ^^^^^^
  lib/core/services/ai/agent/agent_service.dart:343:5: Error: Expected ',' before this.
      buffer.writeln('3. 用自然语言向用户确认：作品已创建，并已根据主题自动生成世界观设�?);
      ^^^^^^
  lib/core/services/ai/agent/agent_service.dart:343:20: Error: Expected ';' after this.
      buffer.writeln('3. 用自然语言向用户确认：作品已创建，并已根据主题自动生成世界观设�?);
                     ^^^^^^^^^^^^^^^^^^^^^^^^^^^^^^^^^^^^^^^
  lib/core/services/ai/agent/agent_service.dart:286:19: Error: Too many positional arguments: 1 allowed, but 2 found.
  Try removing the extra positional arguments.
      buffer.writeln('你是一位专业的小说写作助手 Agent�?);
                    ^
  lib/core/services/ai/agent/agent_service.dart:295:19: Error: Too many positional arguments: 1 allowed, but 2 found.
  Try removing the extra positional arguments.
      buffer.writeln('1. 分析用户需�?);
                    ^
  lib/core/services/ai/agent/agent_service.dart:294:19: Error: Too many positional arguments: 1 allowed, but 2 found.
  Try removing the extra positional arguments.
      buffer.writeln('工作流程�?);
                    ^
  lib/core/services/ai/agent/agent_service.dart:299:19: Error: Too many positional arguments: 1 allowed, but 2 found.
  Try removing the extra positional arguments.
      buffer.writeln('5. 综合结果，给出最终回�?);
                    ^
  lib/core/services/ai/agent/agent_service.dart:298:19: Error: Too many positional arguments: 1 allowed, but 2 found.
  Try removing the extra positional arguments.
      buffer.writeln('4. 如果需要检查问题，调用分析/一致性检查工�?);
                    ^
  lib/core/services/ai/agent/agent_service.dart:302:19: Error: Too many positional arguments: 1 allowed, but 2 found.
  Try removing the extra positional arguments.
      buffer.writeln('- 每次只调用一个工�?);
                    ^
  lib/core/services/ai/agent/agent_service.dart:301:19: Error: Too many positional arguments: 1 allowed, but 2 found.
  Try removing the extra positional arguments.
      buffer.writeln('注意事项�?);
                    ^
  lib/core/services/ai/agent/agent_service.dart:305:19: Error: Too many positional arguments: 1 allowed, but 2 found.
  Try removing the extra positional arguments.
      buffer.writeln('- 最终回复必须是完整的中文内�?);
                    ^
  lib/core/services/ai/agent/agent_service.dart:304:19: Error: Too many positional arguments: 1 allowed, but 2 found.
  Try removing the extra positional arguments.
      buffer.writeln('- 如果信息不足，先搜索再行�?);
                    ^
  lib/core/services/ai/agent/agent_service.dart:308:19: Error: Too many positional arguments: 1 allowed, but 2 found.
  Try removing the extra positional arguments.
      buffer.writeln('创建实体后，用自然语言向用户确认创建结果�?);
                    ^
  lib/core/services/ai/agent/agent_service.dart:307:19: Error: Too many positional arguments: 1 allowed, but 2 found.
  Try removing the extra positional arguments.
      buffer.writeln('当用户要求创建角色、地点、物品、势力、关系、作品、卷、章节或素材时，请直接调用对应的 create_* 工具�?);
                    ^
  lib/core/services/ai/agent/agent_service.dart:313:19: Error: Too many positional arguments: 1 allowed, but 2 found.
  Try removing the extra positional arguments.
      buffer.writeln('你需要在调用工具前先构思好章节内容，然后一次性传入�?);
                    ^
  lib/core/services/ai/agent/agent_service.dart:312:19: Error: Too many positional arguments: 1 allowed, but 2 found.
  Try removing the extra positional arguments.
      buffer.writeln('不要创建空章节！content 参数是必填的�?);
                    ^
  lib/core/services/ai/agent/agent_service.dart:311:19: Error: Too many positional arguments: 1 allowed, but 2 found.
  Try removing the extra positional arguments.
      buffer.writeln('调用 create_chapter 时，必须�?content 参数中传入完整的章节正文内容�?);
                    ^
  lib/core/services/ai/agent/agent_service.dart:310:19: Error: Too many positional arguments: 1 allowed, but 2 found.
  Try removing the extra positional arguments.
      buffer.writeln('## 创建章节的完整流�?);
                    ^
  lib/core/services/ai/agent/agent_service.dart:318:19: Error: Too many positional arguments: 1 allowed, but 2 found.
  Try removing the extra positional arguments.
      buffer.writeln('2. **节奏定位**：本章处于故事的什么位置？（开�?铺垫/高潮/过渡/结尾）是否需要提醒用户注意节�?);
                    ^
  lib/core/services/ai/agent/agent_service.dart:317:19: Error: Too many positional arguments: 1 allowed, but 2 found.
  Try removing the extra positional arguments.
      buffer.writeln('1. **剧情内容**：用户是否描述了本章要发生什么事？如果只�?写第一�?而没给任何剧情方向，应追�?);
                    ^
  lib/core/services/ai/agent/agent_service.dart:320:19: Error: Too many positional arguments: 1 allowed, but 2 found.
  Try removing the extra positional arguments.
      buffer.writeln('4. **前文衔接**：如果不是第一章，是否有前文上下文可以衔接？如有，先搜索前文内�?);
                    ^
  lib/core/services/ai/agent/agent_service.dart:327:19: Error: Too many positional arguments: 1 allowed, but 2 found.
  Try removing the extra positional arguments.
      buffer.writeln('但如果用户已经提供了足够的信息（有明确的剧情走向和关键事件），就可以直接创建�?);
                    ^
  lib/core/services/ai/agent/agent_service.dart:326:19: Error: Too many positional arguments: 1 allowed, but 2 found.
  Try removing the extra positional arguments.
      buffer.writeln('如果用户给了一句话剧情但缺少细节，你可以主动建议补充冲突点、情感转折、悬念钩子等，让章节更丰满�?);
                    ^
  lib/core/services/ai/agent/agent_service.dart:325:19: Error: Too many positional arguments: 1 allowed, but 2 found.
  Try removing the extra positional arguments.
      buffer.writeln('你应该礼貌地追问关键信息，例如：本章主要事件、涉及角色、情感基调、是否需要结尾钩子等�?);
                    ^
  lib/core/services/ai/agent/agent_service.dart:324:19: Error: Too many positional arguments: 1 allowed, but 2 found.
  Try removing the extra positional arguments.
      buffer.writeln('如果用户信息不足（如只说"帮我写一�?或剧情过于单薄），不要盲目创建�?);
                    ^
  lib/core/services/ai/agent/agent_service.dart:329:19: Error: Too many positional arguments: 1 allowed, but 2 found.
  Try removing the extra positional arguments.
      buffer.writeln('## 创建作品时的主题/世界观处理规�?);
                    ^
  lib/core/services/ai/agent/agent_service.dart:331:19: Error: Too many positional arguments: 1 allowed, but 2 found.
  Try removing the extra positional arguments.
      buffer.writeln('1. 先调�?create_work 创建作品（name 为作品名称，将主题关键词写入 type 字段�?);
                    ^
  lib/core/services/ai/agent/agent_service.dart:333:19: Error: Too many positional arguments: 1 allowed, but 2 found.
  Try removing the extra positional arguments.
      buffer.writeln('   - title: 「{作品名} 世界观设定�?);
                    ^
  lib/core/services/ai/agent/agent_service.dart:337:19: Error: Too many positional arguments: 1 allowed, but 2 found.
  Try removing the extra positional arguments.
      buffer.writeln('     �?核心设定与规则体�?);
                    ^
  lib/core/services/ai/agent/agent_service.dart:342:19: Error: Too many positional arguments: 1 allowed, but 2 found.
  Try removing the extra positional arguments.
      buffer.writeln('   - tags: 提取 3-5 个相关标�?);
                    ^
  lib/core/services/ai/agent/agent_service.dart:341:19: Error: Too many positional arguments: 1 allowed, but 2 found.
  Try removing the extra positional arguments.
      buffer.writeln('     �?常见剧情模式与套�?);
                    ^
  lib/core/services/ai/agent/agent_service.dart:340:19: Error: Too many positional arguments: 1 allowed, but 2 found.
  Try removing the extra positional arguments.
      buffer.writeln('     �?典型场景与氛围描�?);
                    ^
  lib/core/services/ai/agent/agent_service.dart:339:19: Error: Too many positional arguments: 1 allowed, but 2 found.
  Try removing the extra positional arguments.
      buffer.writeln('     �?世界背景与历史概�?);
                    ^
  .
lib/core/services/ai/agent/agent_service.dart:132:35: Error: String starting with ' must end with '.
        controller.add(AgentError('没有可用的工�?));
                                  ^^^^^^^^^^^^
lib/core/services/ai/agent/agent_service.dart:132:34: Error: Can't find ')' to match '('.
        controller.add(AgentError('没有可用的工�?));
                                 ^
lib/core/services/ai/agent/agent_service.dart:132:23: Error: Can't find ')' to match '('.
        controller.add(AgentError('没有可用的工�?));
                      ^
lib/core/services/ai/agent/agent_service.dart:200:53: Error: String starting with ' must end with '.
                ToolResult.fail('工具 ${toolCall.name} 不存�?),
                                                    ^^^^^^^
lib/core/services/ai/agent/agent_service.dart:204:50: Error: String starting with ' must end with '.
                content: '错误: 工具 ${toolCall.name} 不存�?,
                                                 ^^^^^^
lib/core/services/ai/agent/agent_service.dart:199:29: Error: Can't find ')' to match '('.
              controller.add(AgentObservation(
                            ^
lib/core/services/ai/agent/agent_service.dart:286:20: Error: String starting with ' must end with '.
    buffer.writeln('你是一位专业的小说写作助手 Agent�?);
                   ^^^^^^^^^^^^^^^^^^^^^^^^
lib/core/services/ai/agent/agent_service.dart:287:20: Error: String starting with ' must end with '.
    buffer.writeln('你可以使用工具来完成任务，也可以直接回复用户�?);
                   ^^^^^^^^^^^^^^^^^^^^^^^^^^^
lib/core/services/ai/agent/agent_service.dart:291:22: Error: String starting with ' must end with '.
      buffer.writeln('当前没有选中作品。如果用户需要操作特定作品（如创建章节、角色等），请先调用 list_works 查看所有作品并获取�?ID�?);
                     ^^^^^^^^^^^^^^^^^^^^^^^^^^^^^^^^^^^^^^^^^^^^^^^^^^^^^^^^^^^^^^^^^^^
lib/core/services/ai/agent/agent_service.dart:291:21: Error: Can't find ')' to match '('.
      buffer.writeln('当前没有选中作品。如果用户需要操作特定作品（如创建章节、角色等），请先调用 list_works 查看所有作品并获取�?ID�?);
                    ^
lib/core/services/ai/agent/agent_service.dart:294:20: Error: String starting with ' must end with '.
    buffer.writeln('工作流程�?);
                   ^^^^^^^^^
lib/core/services/ai/agent/agent_service.dart:295:20: Error: String starting with ' must end with '.
    buffer.writeln('1. 分析用户需�?);
                   ^^^^^^^^^^^^^
lib/core/services/ai/agent/agent_service.dart:298:20: Error: String starting with ' must end with '.
    buffer.writeln('4. 如果需要检查问题，调用分析/一致性检查工�?);
                   ^^^^^^^^^^^^^^^^^^^^^^^^^^^^
lib/core/services/ai/agent/agent_service.dart:299:20: Error: String starting with ' must end with '.
    buffer.writeln('5. 综合结果，给出最终回�?);
                   ^^^^^^^^^^^^^^^^^^
lib/core/services/ai/agent/agent_service.dart:301:20: Error: String starting with ' must end with '.
    buffer.writeln('注意事项�?);
                   ^^^^^^^^^
lib/core/services/ai/agent/agent_service.dart:302:20: Error: String starting with ' must end with '.
    buffer.writeln('- 每次只调用一个工�?);
                   ^^^^^^^^^^^^^^^
lib/core/services/ai/agent/agent_service.dart:304:20: Error: String starting with ' must end with '.
    buffer.writeln('- 如果信息不足，先搜索再行�?);
                   ^^^^^^^^^^^^^^^^^^^
lib/core/services/ai/agent/agent_service.dart:305:20: Error: String starting with ' must end with '.
    buffer.writeln('- 最终回复必须是完整的中文内�?);
                   ^^^^^^^^^^^^^^^^^^^^
lib/core/services/ai/agent/agent_service.dart:307:20: Error: String starting with ' must end with '.
    buffer.writeln('当用户要求创建角色、地点、物品、势力、关系、作品、卷、章节或素材时，请直接调用对应的 create_* 工具�?);
                   ^^^^^^^^^^^^^^^^^^^^^^^^^^^^^^^^^^^^^^^^^^^^^^^^^^^^^^^^^^^
lib/core/services/ai/agent/agent_service.dart:308:20: Error: String starting with ' must end with '.
    buffer.writeln('创建实体后，用自然语言向用户确认创建结果�?);
                   ^^^^^^^^^^^^^^^^^^^^^^^^^
lib/core/services/ai/agent/agent_service.dart:310:20: Error: String starting with ' must end with '.
    buffer.writeln('## 创建章节的完整流�?);
                   ^^^^^^^^^^^^^^^^
lib/core/services/ai/agent/agent_service.dart:311:20: Error: String starting with ' must end with '.
    buffer.writeln('调用 create_chapter 时，必须�?content 参数中传入完整的章节正文内容�?);
                   ^^^^^^^^^^^^^^^^^^^^^^^^^^^^^^^^^^^^^^^^^^^^^^^^^^^
lib/core/services/ai/agent/agent_service.dart:312:20: Error: String starting with ' must end with '.
    buffer.writeln('不要创建空章节！content 参数是必填的�?);
                   ^^^^^^^^^^^^^^^^^^^^^^^^^^^
lib/core/services/ai/agent/agent_service.dart:313:20: Error: String starting with ' must end with '.
    buffer.writeln('你需要在调用工具前先构思好章节内容，然后一次性传入�?);
                   ^^^^^^^^^^^^^^^^^^^^^^^^^^^^^^
lib/core/services/ai/agent/agent_service.dart:317:20: Error: String starting with ' must end with '.
    buffer.writeln('1. **剧情内容**：用户是否描述了本章要发生什么事？如果只�?写第一�?而没给任何剧情方向，应追�?);
                   ^^^^^^^^^^^^^^^^^^^^^^^^^^^^^^^^^^^^^^^^^^^^^^^^^^^^^^^
lib/core/services/ai/agent/agent_service.dart:318:20: Error: String starting with ' must end with '.
    buffer.writeln('2. **节奏定位**：本章处于故事的什么位置？（开�?铺垫/高潮/过渡/结尾）是否需要提醒用户注意节�?);
                   ^^^^^^^^^^^^^^^^^^^^^^^^^^^^^^^^^^^^^^^^^^^^^^^^^^^^^^^^
lib/core/services/ai/agent/agent_service.dart:320:20: Error: String starting with ' must end with '.
    buffer.writeln('4. **前文衔接**：如果不是第一章，是否有前文上下文可以衔接？如有，先搜索前文内�?);
                   ^^^^^^^^^^^^^^^^^^^^^^^^^^^^^^^^^^^^^^^^^^^^^^^
lib/core/services/ai/agent/agent_service.dart:324:20: Error: String starting with ' must end with '.
    buffer.writeln('如果用户信息不足（如只说"帮我写一�?或剧情过于单薄），不要盲目创建�?);
                   ^^^^^^^^^^^^^^^^^^^^^^^^^^^^^^^^^^^^^^^
lib/core/services/ai/agent/agent_service.dart:325:20: Error: String starting with ' must end with '.
    buffer.writeln('你应该礼貌地追问关键信息，例如：本章主要事件、涉及角色、情感基调、是否需要结尾钩子等�?);
                   ^^^^^^^^^^^^^^^^^^^^^^^^^^^^^^^^^^^^^^^^^^^^^^^
lib/core/services/ai/agent/agent_service.dart:326:20: Error: String starting with ' must end with '.
    buffer.writeln('如果用户给了一句话剧情但缺少细节，你可以主动建议补充冲突点、情感转折、悬念钩子等，让章节更丰满�?);
                   ^^^^^^^^^^^^^^^^^^^^^^^^^^^^^^^^^^^^^^^^^^^^^^^^^^^^
lib/core/services/ai/agent/agent_service.dart:327:20: Error: String starting with ' must end with '.
    buffer.writeln('但如果用户已经提供了足够的信息（有明确的剧情走向和关键事件），就可以直接创建�?);
                   ^^^^^^^^^^^^^^^^^^^^^^^^^^^^^^^^^^^^^^^^^^^
lib/core/services/ai/agent/agent_service.dart:329:20: Error: String starting with ' must end with '.
    buffer.writeln('## 创建作品时的主题/世界观处理规�?);
                   ^^^^^^^^^^^^^^^^^^^^^^^
lib/core/services/ai/agent/agent_service.dart:331:20: Error: String starting with ' must end with '.
    buffer.writeln('1. 先调�?create_work 创建作品（name 为作品名称，将主题关键词写入 type 字段�?);
                   ^^^^^^^^^^^^^^^^^^^^^^^^^^^^^^^^^^^^^^^^^^^^^^^^^^^^^^^^
lib/core/services/ai/agent/agent_service.dart:333:20: Error: String starting with ' must end with '.
    buffer.writeln('   - title: 「{作品名} 世界观设定�?);
                   ^^^^^^^^^^^^^^^^^^^^^^^^^^^^^
lib/core/services/ai/agent/agent_service.dart:337:20: Error: String starting with ' must end with '.
    buffer.writeln('     �?核心设定与规则体�?);
                   ^^^^^^^^^^^^^^^^^^^^
lib/core/services/ai/agent/agent_service.dart:339:20: Error: String starting with ' must end with '.
    buffer.writeln('     �?世界背景与历史概�?);
                   ^^^^^^^^^^^^^^^^^^^^
lib/core/services/ai/agent/agent_service.dart:340:20: Error: String starting with ' must end with '.
    buffer.writeln('     �?典型场景与氛围描�?);
                   ^^^^^^^^^^^^^^^^^^^^
lib/core/services/ai/agent/agent_service.dart:341:20: Error: String starting with ' must end with '.
    buffer.writeln('     �?常见剧情模式与套�?);
                   ^^^^^^^^^^^^^^^^^^^^
lib/core/services/ai/agent/agent_service.dart:342:20: Error: String starting with ' must end with '.
    buffer.writeln('   - tags: 提取 3-5 个相关标�?);
                   ^^^^^^^^^^^^^^^^^^^^^^^^^^^
lib/core/services/ai/agent/agent_service.dart:343:20: Error: String starting with ' must end with '.
    buffer.writeln('3. 用自然语言向用户确认：作品已创建，并已根据主题自动生成世界观设�?);
                   ^^^^^^^^^^^^^^^^^^^^^^^^^^^^^^^^^^^^^^^
lib/core/services/ai/agent/agent_service.dart:343:19: Error: Can't find ')' to match '('.
    buffer.writeln('3. 用自然语言向用户确认：作品已创建，并已根据主题自动生成世界观设�?);
                  ^
lib/core/services/ai/agent/agent_service.dart:342:19: Error: Can't find ')' to match '('.
    buffer.writeln('   - tags: 提取 3-5 个相关标�?);
                  ^
lib/core/services/ai/agent/agent_service.dart:341:19: Error: Can't find ')' to match '('.
    buffer.writeln('     �?常见剧情模式与套�?);
                  ^
lib/core/services/ai/agent/agent_service.dart:340:19: Error: Can't find ')' to match '('.
    buffer.writeln('     �?典型场景与氛围描�?);
                  ^
lib/core/services/ai/agent/agent_service.dart:339:19: Error: Can't find ')' to match '('.
    buffer.writeln('     �?世界背景与历史概�?);
                  ^
lib/core/services/ai/agent/agent_service.dart:337:19: Error: Can't find ')' to match '('.
    buffer.writeln('     �?核心设定与规则体�?);
                  ^
lib/core/services/ai/agent/agent_service.dart:333:19: Error: Can't find ')' to match '('.
    buffer.writeln('   - title: 「{作品名} 世界观设定�?);
                  ^
lib/core/services/ai/agent/agent_service.dart:331:19: Error: Can't find ')' to match '('.
    buffer.writeln('1. 先调�?create_work 创建作品（name 为作品名称，将主题关键词写入 type 字段�?);
                  ^
lib/core/services/ai/agent/agent_service.dart:329:19: Error: Can't find ')' to match '('.
    buffer.writeln('## 创建作品时的主题/世界观处理规�?);
                  ^
lib/core/services/ai/agent/agent_service.dart:327:19: Error: Can't find ')' to match '('.
    buffer.writeln('但如果用户已经提供了足够的信息（有明确的剧情走向和关键事件），就可以直接创建�?);
                  ^
lib/core/services/ai/agent/agent_service.dart:326:19: Error: Can't find ')' to match '('.
    buffer.writeln('如果用户给了一句话剧情但缺少细节，你可以主动建议补充冲突点、情感转折、悬念钩子等，让章节更丰满�?);
                  ^
lib/core/services/ai/agent/agent_service.dart:325:19: Error: Can't find ')' to match '('.
    buffer.writeln('你应该礼貌地追问关键信息，例如：本章主要事件、涉及角色、情感基调、是否需要结尾钩子等�?);
                  ^
lib/core/services/ai/agent/agent_service.dart:324:19: Error: Can't find ')' to match '('.
    buffer.writeln('如果用户信息不足（如只说"帮我写一�?或剧情过于单薄），不要盲目创建�?);
                  ^
lib/core/services/ai/agent/agent_service.dart:320:19: Error: Can't find ')' to match '('.
    buffer.writeln('4. **前文衔接**：如果不是第一章，是否有前文上下文可以衔接？如有，先搜索前文内�?);
                  ^
lib/core/services/ai/agent/agent_service.dart:318:19: Error: Can't find ')' to match '('.
    buffer.writeln('2. **节奏定位**：本章处于故事的什么位置？（开�?铺垫/高潮/过渡/结尾）是否需要提醒用户注意节�?);
                  ^
lib/core/services/ai/agent/agent_service.dart:317:19: Error: Can't find ')' to match '('.
    buffer.writeln('1. **剧情内容**：用户是否描述了本章要发生什么事？如果只�?写第一�?而没给任何剧情方向，应追�?);
                  ^
lib/core/services/ai/agent/agent_service.dart:313:19: Error: Can't find ')' to match '('.
    buffer.writeln('你需要在调用工具前先构思好章节内容，然后一次性传入�?);
                  ^
lib/core/services/ai/agent/agent_service.dart:312:19: Error: Can't find ')' to match '('.
    buffer.writeln('不要创建空章节！content 参数是必填的�?);
                  ^
lib/core/services/ai/agent/agent_service.dart:311:19: Error: Can't find ')' to match '('.
    buffer.writeln('调用 create_chapter 时，必须�?content 参数中传入完整的章节正文内容�?);
                  ^
lib/core/services/ai/agent/agent_service.dart:310:19: Error: Can't find ')' to match '('.
    buffer.writeln('## 创建章节的完整流�?);
                  ^
lib/core/services/ai/agent/agent_service.dart:308:19: Error: Can't find ')' to match '('.
    buffer.writeln('创建实体后，用自然语言向用户确认创建结果�?);
                  ^
lib/core/services/ai/agent/agent_service.dart:307:19: Error: Can't find ')' to match '('.
    buffer.writeln('当用户要求创建角色、地点、物品、势力、关系、作品、卷、章节或素材时，请直接调用对应的 create_* 工具�?);
                  ^
lib/core/services/ai/agent/agent_service.dart:305:19: Error: Can't find ')' to match '('.
    buffer.writeln('- 最终回复必须是完整的中文内�?);
                  ^
lib/core/services/ai/agent/agent_service.dart:304:19: Error: Can't find ')' to match '('.
    buffer.writeln('- 如果信息不足，先搜索再行�?);
                  ^
lib/core/services/ai/agent/agent_service.dart:302:19: Error: Can't find ')' to match '('.
    buffer.writeln('- 每次只调用一个工�?);
                  ^
lib/core/services/ai/agent/agent_service.dart:301:19: Error: Can't find ')' to match '('.
    buffer.writeln('注意事项�?);
                  ^
lib/core/services/ai/agent/agent_service.dart:299:19: Error: Can't find ')' to match '('.
    buffer.writeln('5. 综合结果，给出最终回�?);
                  ^
lib/core/services/ai/agent/agent_service.dart:298:19: Error: Can't find ')' to match '('.
    buffer.writeln('4. 如果需要检查问题，调用分析/一致性检查工�?);
                  ^
lib/core/services/ai/agent/agent_service.dart:295:19: Error: Can't find ')' to match '('.
    buffer.writeln('1. 分析用户需�?);
                  ^
lib/core/services/ai/agent/agent_service.dart:294:19: Error: Can't find ')' to match '('.
    buffer.writeln('工作流程�?);
                  ^
lib/core/services/ai/agent/agent_service.dart:287:19: Error: Can't find ')' to match '('.
    buffer.writeln('你可以使用工具来完成任务，也可以直接回复用户�?);
                  ^
lib/core/services/ai/agent/agent_service.dart:286:19: Error: Can't find ')' to match '('.
    buffer.writeln('你是一位专业的小说写作助手 Agent�?);
                  ^
test/integration/wuchang_volume1_assistant_import_test.dart:495:37: Error: No named parameter with the name 'guidanceLo
ader'.
        final aiService = AIService(guidanceLoader: guidanceLoader);
                                    ^^^^^^^^^^^^^^
lib/core/services/ai/ai_service.dart:146:3: Context: Found this candidate, but the arguments don't match.
  AIService()
  ^^^^^^^^^
test/integration/wuchang_volume1_assistant_import_test.dart:514:13: Error: No named parameter with the name 'runtimeHoo
ks'.
            runtimeHooks: runtimeHooks,
            ^^^^^^^^^^^^
lib/core/services/ai/tools/create_work_tool.dart:12:3: Context: Found this candidate, but the arguments don't match.
  CreateWorkTool({required createFn}) : _createFn = createFn;
  ^^^^^^^^^^^^^^
test/integration/wuchang_volume1_assistant_import_test.dart:542:13: Error: No named parameter with the name 'runtimeHoo
ks'.
            runtimeHooks: runtimeHooks,
            ^^^^^^^^^^^^
lib/core/services/ai/tools/create_chapter_tool.dart:14:3: Context: Found this candidate, but the arguments don't match.
  CreateChapterTool({required createFn}) : _createFn = createFn;
  ^^^^^^^^^^^^^^^^^
test/integration/wuchang_volume1_assistant_import_test.dart:564:13: Error: No named parameter with the name 'runtimeHoo
ks'.
            runtimeHooks: runtimeHooks,
            ^^^^^^^^^^^^
lib/core/services/ai/tools/create_character_tool.dart:32:3: Context: Found this candidate, but the arguments don't matc
h.
  CreateCharacterTool({required createFn}) : _createFn = createFn;
  ^^^^^^^^^^^^^^^^^^^
test/integration/wuchang_volume1_assistant_import_test.dart:622:13: Error: No named parameter with the name 'runtimeHoo
ks'.
            runtimeHooks: runtimeHooks,
            ^^^^^^^^^^^^
lib/core/services/ai/tools/create_inspiration_tool.dart:32:3: Context: Found this candidate, but the arguments don't ma
tch.
  CreateInspirationTool({required createFn}) : _createFn = createFn;
  ^^^^^^^^^^^^^^^^^^^^^
test/integration/wuchang_volume1_assistant_import_test.dart:646:13: Error: No named parameter with the name 'runtimeHoo
ks'.
            runtimeHooks: runtimeHooks,
            ^^^^^^^^^^^^
lib/core/services/ai/tools/create_location_tool.dart:14:3: Context: Found this candidate, but the arguments don't match
.
  CreateLocationTool({required createFn}) : _createFn = createFn;
  ^^^^^^^^^^^^^^^^^^
test/integration/wuchang_volume1_assistant_import_test.dart:705:11: Error: No named parameter with the name 'guidanceLo
ader'.
          guidanceLoader: guidanceLoader,
          ^^^^^^^^^^^^^^
lib/core/services/ai/agent/agent_service.dart:67:3: Context: Found this candidate, but the arguments don't match.
  AgentService({
  ^^^^^^^^^^^^
test/integration/wuchang_volume1_assistant_import_test.dart:728:11: Error: No named parameter with the name 'contextBui
lder'.
          contextBuilder: contextBuilder,
          ^^^^^^^^^^^^^^
lib/core/services/chat_service.dart:136:3: Context: Found this candidate, but the arguments don't match.
  ChatService({
  ^^^^^^^^^^^
lib/core/services/ai/agent/agent_service.dart:133:9: Error: Expected ',' before this.
        await controller.close();
        ^^^^^
lib/core/services/ai/agent/agent_service.dart:132:34: Error: Too many positional arguments: 1 allowed, but 2 found.
Try removing the extra positional arguments.
        controller.add(AgentError('没有可用的工�?));
                                 ^
lib/core/services/ai/agent/agent_service.dart:54:3: Context: Found this candidate, but the arguments don't match.
  AgentError(this.error);
  ^^^^^^^^^^
lib/core/services/ai/agent/agent_service.dart:205:17: Error: Expected ',' before this.
                toolCallId: toolCall.id,
                ^^^^^^^^^^
lib/core/services/ai/agent/agent_service.dart:287:5: Error: Expected ',' before this.
    buffer.writeln('你可以使用工具来完成任务，也可以直接回复用户�?);
    ^^^^^^
lib/core/services/ai/agent/agent_service.dart:287:20: Error: Expected ';' after this.
    buffer.writeln('你可以使用工具来完成任务，也可以直接回复用户�?);
                   ^^^^^^^^^^^^^^^^^^^^^^^^^^^
lib/core/services/ai/agent/agent_service.dart:291:22: Error: Expected ';' after this.
      buffer.writeln('当前没有选中作品。如果用户需要操作特定作品（如创建章节、角色等），请先调用 list_works 查看所有作品并获取�?ID�?);
                     ^^^^^^^^^^^^^^^^^^^^^^^^^^^^^^^^^^^^^^^^^^^^^^^^^^^^^^^^^^^^^^^^^^^
lib/core/services/ai/agent/agent_service.dart:295:5: Error: Expected ',' before this.
    buffer.writeln('1. 分析用户需�?);
    ^^^^^^
lib/core/services/ai/agent/agent_service.dart:296:5: Error: Expected ',' before this.
    buffer.writeln('2. 如果需要信息，调用搜索工具');
    ^^^^^^
lib/core/services/ai/agent/agent_service.dart:299:5: Error: Expected ',' before this.
    buffer.writeln('5. 综合结果，给出最终回�?);
    ^^^^^^
lib/core/services/ai/agent/agent_service.dart:300:5: Error: Expected ',' before this.
    buffer.writeln();
    ^^^^^^
lib/core/services/ai/agent/agent_service.dart:302:5: Error: Expected ',' before this.
    buffer.writeln('- 每次只调用一个工�?);
    ^^^^^^
lib/core/services/ai/agent/agent_service.dart:303:5: Error: Expected ',' before this.
    buffer.writeln('- 如果不知道作�?ID 或卷 ID，先调用 list_works / list_volumes 获取');
    ^^^^^^
lib/core/services/ai/agent/agent_service.dart:305:5: Error: Expected ',' before this.
    buffer.writeln('- 最终回复必须是完整的中文内�?);
    ^^^^^^
lib/core/services/ai/agent/agent_service.dart:306:5: Error: Expected ',' before this.
    buffer.writeln();
    ^^^^^^
lib/core/services/ai/agent/agent_service.dart:308:5: Error: Expected ',' before this.
    buffer.writeln('创建实体后，用自然语言向用户确认创建结果�?);
    ^^^^^^
lib/core/services/ai/agent/agent_service.dart:309:5: Error: Expected ',' before this.
    buffer.writeln();
    ^^^^^^
lib/core/services/ai/agent/agent_service.dart:311:5: Error: Expected ',' before this.
    buffer.writeln('调用 create_chapter 时，必须�?content 参数中传入完整的章节正文内容�?);
    ^^^^^^
lib/core/services/ai/agent/agent_service.dart:312:5: Error: Expected ',' before this.
    buffer.writeln('不要创建空章节！content 参数是必填的�?);
    ^^^^^^
lib/core/services/ai/agent/agent_service.dart:313:5: Error: Expected ',' before this.
    buffer.writeln('你需要在调用工具前先构思好章节内容，然后一次性传入�?);
    ^^^^^^
lib/core/services/ai/agent/agent_service.dart:314:5: Error: Expected ',' before this.
    buffer.writeln();
    ^^^^^^
lib/core/services/ai/agent/agent_service.dart:318:5: Error: Expected ',' before this.
    buffer.writeln('2. **节奏定位**：本章处于故事的什么位置？（开�?铺垫/高潮/过渡/结尾）是否需要提醒用户注意节�?);
    ^^^^^^
lib/core/services/ai/agent/agent_service.dart:319:5: Error: Expected ',' before this.
    buffer.writeln('3. **钩子/悬念**：本章结尾是否需要留下悬念或钩子引导读者继续阅读？');
    ^^^^^^
lib/core/services/ai/agent/agent_service.dart:321:5: Error: Expected ',' before this.
    buffer.writeln('5. **事件丰富�?*：用户提供的剧情是否足够展开为一整章？是否只有一句话概括而缺少具体事件、冲突、转折？');
    ^^^^^^
lib/core/services/ai/agent/agent_service.dart:325:5: Error: Expected ',' before this.
    buffer.writeln('你应该礼貌地追问关键信息，例如：本章主要事件、涉及角色、情感基调、是否需要结尾钩子等�?);
    ^^^^^^
lib/core/services/ai/agent/agent_service.dart:326:5: Error: Expected ',' before this.
    buffer.writeln('如果用户给了一句话剧情但缺少细节，你可以主动建议补充冲突点、情感转折、悬念钩子等，让章节更丰满�?);
    ^^^^^^
lib/core/services/ai/agent/agent_service.dart:327:5: Error: Expected ',' before this.
    buffer.writeln('但如果用户已经提供了足够的信息（有明确的剧情走向和关键事件），就可以直接创建�?);
    ^^^^^^
lib/core/services/ai/agent/agent_service.dart:328:5: Error: Expected ',' before this.
    buffer.writeln();
    ^^^^^^
lib/core/services/ai/agent/agent_service.dart:330:5: Error: Expected ',' before this.
    buffer.writeln('当用户创建作品并附带「主题」「题材」「类型」「世界观」「风格」等描述时，你必须执行以下步骤：');
    ^^^^^^
lib/core/services/ai/agent/agent_service.dart:332:5: Error: Expected ',' before this.
    buffer.writeln('2. 紧接着调用 create_inspiration，参数如下：');
    ^^^^^^
lib/core/services/ai/agent/agent_service.dart:334:5: Error: Expected ',' before this.
    buffer.writeln('   - category: "worldbuilding"');
    ^^^^^^
lib/core/services/ai/agent/agent_service.dart:338:5: Error: Expected ',' before this.
    buffer.writeln('     �?力量体系/等级划分');
    ^^^^^^
lib/core/services/ai/agent/agent_service.dart:340:5: Error: Expected ',' before this.
    buffer.writeln('     �?典型场景与氛围描�?);
    ^^^^^^
lib/core/services/ai/agent/agent_service.dart:341:5: Error: Expected ',' before this.
    buffer.writeln('     �?常见剧情模式与套�?);
    ^^^^^^
lib/core/services/ai/agent/agent_service.dart:342:5: Error: Expected ',' before this.
    buffer.writeln('   - tags: 提取 3-5 个相关标�?);
    ^^^^^^
lib/core/services/ai/agent/agent_service.dart:343:5: Error: Expected ',' before this.
    buffer.writeln('3. 用自然语言向用户确认：作品已创建，并已根据主题自动生成世界观设�?);
    ^^^^^^
lib/core/services/ai/agent/agent_service.dart:343:20: Error: Expected ';' after this.
    buffer.writeln('3. 用自然语言向用户确认：作品已创建，并已根据主题自动生成世界观设�?);
                   ^^^^^^^^^^^^^^^^^^^^^^^^^^^^^^^^^^^^^^^
lib/core/services/ai/agent/agent_service.dart:286:19: Error: Too many positional arguments: 1 allowed, but 2 found.
Try removing the extra positional arguments.
    buffer.writeln('你是一位专业的小说写作助手 Agent�?);
                  ^
lib/core/services/ai/agent/agent_service.dart:295:19: Error: Too many positional arguments: 1 allowed, but 2 found.
Try removing the extra positional arguments.
    buffer.writeln('1. 分析用户需�?);
                  ^
lib/core/services/ai/agent/agent_service.dart:294:19: Error: Too many positional arguments: 1 allowed, but 2 found.
Try removing the extra positional arguments.
    buffer.writeln('工作流程�?);
                  ^
lib/core/services/ai/agent/agent_service.dart:299:19: Error: Too many positional arguments: 1 allowed, but 2 found.
Try removing the extra positional arguments.
    buffer.writeln('5. 综合结果，给出最终回�?);
                  ^
lib/core/services/ai/agent/agent_service.dart:298:19: Error: Too many positional arguments: 1 allowed, but 2 found.
Try removing the extra positional arguments.
    buffer.writeln('4. 如果需要检查问题，调用分析/一致性检查工�?);
                  ^
lib/core/services/ai/agent/agent_service.dart:302:19: Error: Too many positional arguments: 1 allowed, but 2 found.
Try removing the extra positional arguments.
    buffer.writeln('- 每次只调用一个工�?);
                  ^
lib/core/services/ai/agent/agent_service.dart:301:19: Error: Too many positional arguments: 1 allowed, but 2 found.
Try removing the extra positional arguments.
    buffer.writeln('注意事项�?);
                  ^
lib/core/services/ai/agent/agent_service.dart:305:19: Error: Too many positional arguments: 1 allowed, but 2 found.
Try removing the extra positional arguments.
    buffer.writeln('- 最终回复必须是完整的中文内�?);
                  ^
lib/core/services/ai/agent/agent_service.dart:304:19: Error: Too many positional arguments: 1 allowed, but 2 found.
Try removing the extra positional arguments.
    buffer.writeln('- 如果信息不足，先搜索再行�?);
                  ^
lib/core/services/ai/agent/agent_service.dart:308:19: Error: Too many positional arguments: 1 allowed, but 2 found.
Try removing the extra positional arguments.
    buffer.writeln('创建实体后，用自然语言向用户确认创建结果�?);
                  ^
lib/core/services/ai/agent/agent_service.dart:307:19: Error: Too many positional arguments: 1 allowed, but 2 found.
Try removing the extra positional arguments.
    buffer.writeln('当用户要求创建角色、地点、物品、势力、关系、作品、卷、章节或素材时，请直接调用对应的 create_* 工具�?);
                  ^
lib/core/services/ai/agent/agent_service.dart:313:19: Error: Too many positional arguments: 1 allowed, but 2 found.
Try removing the extra positional arguments.
    buffer.writeln('你需要在调用工具前先构思好章节内容，然后一次性传入�?);
                  ^
lib/core/services/ai/agent/agent_service.dart:312:19: Error: Too many positional arguments: 1 allowed, but 2 found.
Try removing the extra positional arguments.
    buffer.writeln('不要创建空章节！content 参数是必填的�?);
                  ^
lib/core/services/ai/agent/agent_service.dart:311:19: Error: Too many positional arguments: 1 allowed, but 2 found.
Try removing the extra positional arguments.
    buffer.writeln('调用 create_chapter 时，必须�?content 参数中传入完整的章节正文内容�?);
                  ^
lib/core/services/ai/agent/agent_service.dart:310:19: Error: Too many positional arguments: 1 allowed, but 2 found.
Try removing the extra positional arguments.
    buffer.writeln('## 创建章节的完整流�?);
                  ^
lib/core/services/ai/agent/agent_service.dart:318:19: Error: Too many positional arguments: 1 allowed, but 2 found.
Try removing the extra positional arguments.
    buffer.writeln('2. **节奏定位**：本章处于故事的什么位置？（开�?铺垫/高潮/过渡/结尾）是否需要提醒用户注意节�?);
                  ^
lib/core/services/ai/agent/agent_service.dart:317:19: Error: Too many positional arguments: 1 allowed, but 2 found.
Try removing the extra positional arguments.
    buffer.writeln('1. **剧情内容**：用户是否描述了本章要发生什么事？如果只�?写第一�?而没给任何剧情方向，应追�?);
                  ^
lib/core/services/ai/agent/agent_service.dart:320:19: Error: Too many positional arguments: 1 allowed, but 2 found.
Try removing the extra positional arguments.
    buffer.writeln('4. **前文衔接**：如果不是第一章，是否有前文上下文可以衔接？如有，先搜索前文内�?);
                  ^
lib/core/services/ai/agent/agent_service.dart:327:19: Error: Too many positional arguments: 1 allowed, but 2 found.
Try removing the extra positional arguments.
    buffer.writeln('但如果用户已经提供了足够的信息（有明确的剧情走向和关键事件），就可以直接创建�?);
                  ^
lib/core/services/ai/agent/agent_service.dart:326:19: Error: Too many positional arguments: 1 allowed, but 2 found.
Try removing the extra positional arguments.
    buffer.writeln('如果用户给了一句话剧情但缺少细节，你可以主动建议补充冲突点、情感转折、悬念钩子等，让章节更丰满�?);
                  ^
lib/core/services/ai/agent/agent_service.dart:325:19: Error: Too many positional arguments: 1 allowed, but 2 found.
Try removing the extra positional arguments.
    buffer.writeln('你应该礼貌地追问关键信息，例如：本章主要事件、涉及角色、情感基调、是否需要结尾钩子等�?);
                  ^
lib/core/services/ai/agent/agent_service.dart:324:19: Error: Too many positional arguments: 1 allowed, but 2 found.
Try removing the extra positional arguments.
    buffer.writeln('如果用户信息不足（如只说"帮我写一�?或剧情过于单薄），不要盲目创建�?);
                  ^
lib/core/services/ai/agent/agent_service.dart:329:19: Error: Too many positional arguments: 1 allowed, but 2 found.
Try removing the extra positional arguments.
    buffer.writeln('## 创建作品时的主题/世界观处理规�?);
                  ^
lib/core/services/ai/agent/agent_service.dart:331:19: Error: Too many positional arguments: 1 allowed, but 2 found.
Try removing the extra positional arguments.
    buffer.writeln('1. 先调�?create_work 创建作品（name 为作品名称，将主题关键词写入 type 字段�?);
                  ^
lib/core/services/ai/agent/agent_service.dart:333:19: Error: Too many positional arguments: 1 allowed, but 2 found.
Try removing the extra positional arguments.
    buffer.writeln('   - title: 「{作品名} 世界观设定�?);
                  ^
lib/core/services/ai/agent/agent_service.dart:337:19: Error: Too many positional arguments: 1 allowed, but 2 found.
Try removing the extra positional arguments.
    buffer.writeln('     �?核心设定与规则体�?);
                  ^
lib/core/services/ai/agent/agent_service.dart:342:19: Error: Too many positional arguments: 1 allowed, but 2 found.
Try removing the extra positional arguments.
    buffer.writeln('   - tags: 提取 3-5 个相关标�?);
                  ^
lib/core/services/ai/agent/agent_service.dart:341:19: Error: Too many positional arguments: 1 allowed, but 2 found.
Try removing the extra positional arguments.
    buffer.writeln('     �?常见剧情模式与套�?);
                  ^
lib/core/services/ai/agent/agent_service.dart:340:19: Error: Too many positional arguments: 1 allowed, but 2 found.
Try removing the extra positional arguments.
    buffer.writeln('     �?典型场景与氛围描�?);
                  ^
lib/core/services/ai/agent/agent_service.dart:339:19: Error: Too many positional arguments: 1 allowed, but 2 found.
Try removing the extra positional arguments.
    buffer.writeln('     �?世界背景与历史概�?);
                  ^
00:08 +1 -9: loading C:/Users/changw98/dev/writing_assistant/test/integration/wuchang_volume1_assistant_import_test.dart [E]
  Failed to load "C:/Users/changw98/dev/writing_assistant/test/integration/wuchang_volume1_assistant_import_test.dart":
  Compilation failed for testPath=C:/Users/changw98/dev/writing_assistant/test/integration/wuchang_volume1_assistant_import_test.dart: lib/core/services/ai/agent/agent_service.dart:132:35: Error: String starting with ' must end with '.
          controller.add(AgentError('没有可用的工�?));
                                    ^^^^^^^^^^^^
  lib/core/services/ai/agent/agent_service.dart:132:34: Error: Can't find ')' to match '('.
          controller.add(AgentError('没有可用的工�?));
                                   ^
  lib/core/services/ai/agent/agent_service.dart:132:23: Error: Can't find ')' to match '('.
          controller.add(AgentError('没有可用的工�?));
                        ^
  lib/core/services/ai/agent/agent_service.dart:200:53: Error: String starting with ' must end with '.
                  ToolResult.fail('工具 ${toolCall.name} 不存�?),
                                                      ^^^^^^^
  lib/core/services/ai/agent/agent_service.dart:204:50: Error: String starting with ' must end with '.
                  content: '错误: 工具 ${toolCall.name} 不存�?,
                                                   ^^^^^^
  lib/core/services/ai/agent/agent_service.dart:199:29: Error: Can't find ')' to match '('.
                controller.add(AgentObservation(
                              ^
  lib/core/services/ai/agent/agent_service.dart:286:20: Error: String starting with ' must end with '.
      buffer.writeln('你是一位专业的小说写作助手 Agent�?);
                     ^^^^^^^^^^^^^^^^^^^^^^^^
  lib/core/services/ai/agent/agent_service.dart:287:20: Error: String starting with ' must end with '.
      buffer.writeln('你可以使用工具来完成任务，也可以直接回复用户�?);
                     ^^^^^^^^^^^^^^^^^^^^^^^^^^^
  lib/core/services/ai/agent/agent_service.dart:291:22: Error: String starting with ' must end with '.
        buffer.writeln('当前没有选中作品。如果用户需要操作特定作品（如创建章节、角色等），请先调用 list_works 查看所有作品并获取�?ID�?);
                       ^^^^^^^^^^^^^^^^^^^^^^^^^^^^^^^^^^^^^^^^^^^^^^^^^^^^^^^^^^^^^^^^^^^
  lib/core/services/ai/agent/agent_service.dart:291:21: Error: Can't find ')' to match '('.
        buffer.writeln('当前没有选中作品。如果用户需要操作特定作品（如创建章节、角色等），请先调用 list_works 查看所有作品并获取�?ID�?);
                      ^
  lib/core/services/ai/agent/agent_service.dart:294:20: Error: String starting with ' must end with '.
      buffer.writeln('工作流程�?);
                     ^^^^^^^^^
  lib/core/services/ai/agent/agent_service.dart:295:20: Error: String starting with ' must end with '.
      buffer.writeln('1. 分析用户需�?);
                     ^^^^^^^^^^^^^
  lib/core/services/ai/agent/agent_service.dart:298:20: Error: String starting with ' must end with '.
      buffer.writeln('4. 如果需要检查问题，调用分析/一致性检查工�?);
                     ^^^^^^^^^^^^^^^^^^^^^^^^^^^^
  lib/core/services/ai/agent/agent_service.dart:299:20: Error: String starting with ' must end with '.
      buffer.writeln('5. 综合结果，给出最终回�?);
                     ^^^^^^^^^^^^^^^^^^
  lib/core/services/ai/agent/agent_service.dart:301:20: Error: String starting with ' must end with '.
      buffer.writeln('注意事项�?);
                     ^^^^^^^^^
  lib/core/services/ai/agent/agent_service.dart:302:20: Error: String starting with ' must end with '.
      buffer.writeln('- 每次只调用一个工�?);
                     ^^^^^^^^^^^^^^^
  lib/core/services/ai/agent/agent_service.dart:304:20: Error: String starting with ' must end with '.
      buffer.writeln('- 如果信息不足，先搜索再行�?);
                     ^^^^^^^^^^^^^^^^^^^
  lib/core/services/ai/agent/agent_service.dart:305:20: Error: String starting with ' must end with '.
      buffer.writeln('- 最终回复必须是完整的中文内�?);
                     ^^^^^^^^^^^^^^^^^^^^
  lib/core/services/ai/agent/agent_service.dart:307:20: Error: String starting with ' must end with '.
      buffer.writeln('当用户要求创建角色、地点、物品、势力、关系、作品、卷、章节或素材时，请直接调用对应的 create_* 工具�?);
                     ^^^^^^^^^^^^^^^^^^^^^^^^^^^^^^^^^^^^^^^^^^^^^^^^^^^^^^^^^^^
  lib/core/services/ai/agent/agent_service.dart:308:20: Error: String starting with ' must end with '.
      buffer.writeln('创建实体后，用自然语言向用户确认创建结果�?);
                     ^^^^^^^^^^^^^^^^^^^^^^^^^
  lib/core/services/ai/agent/agent_service.dart:310:20: Error: String starting with ' must end with '.
      buffer.writeln('## 创建章节的完整流�?);
                     ^^^^^^^^^^^^^^^^
  lib/core/services/ai/agent/agent_service.dart:311:20: Error: String starting with ' must end with '.
      buffer.writeln('调用 create_chapter 时，必须�?content 参数中传入完整的章节正文内容�?);
                     ^^^^^^^^^^^^^^^^^^^^^^^^^^^^^^^^^^^^^^^^^^^^^^^^^^^
  lib/core/services/ai/agent/agent_service.dart:312:20: Error: String starting with ' must end with '.
      buffer.writeln('不要创建空章节！content 参数是必填的�?);
                     ^^^^^^^^^^^^^^^^^^^^^^^^^^^
  lib/core/services/ai/agent/agent_service.dart:313:20: Error: String starting with ' must end with '.
      buffer.writeln('你需要在调用工具前先构思好章节内容，然后一次性传入�?);
                     ^^^^^^^^^^^^^^^^^^^^^^^^^^^^^^
  lib/core/services/ai/agent/agent_service.dart:317:20: Error: String starting with ' must end with '.
      buffer.writeln('1. **剧情内容**：用户是否描述了本章要发生什么事？如果只�?写第一�?而没给任何剧情方向，应追�?);
                     ^^^^^^^^^^^^^^^^^^^^^^^^^^^^^^^^^^^^^^^^^^^^^^^^^^^^^^^
  lib/core/services/ai/agent/agent_service.dart:318:20: Error: String starting with ' must end with '.
      buffer.writeln('2. **节奏定位**：本章处于故事的什么位置？（开�?铺垫/高潮/过渡/结尾）是否需要提醒用户注意节�?);
                     ^^^^^^^^^^^^^^^^^^^^^^^^^^^^^^^^^^^^^^^^^^^^^^^^^^^^^^^^
  lib/core/services/ai/agent/agent_service.dart:320:20: Error: String starting with ' must end with '.
      buffer.writeln('4. **前文衔接**：如果不是第一章，是否有前文上下文可以衔接？如有，先搜索前文内�?);
                     ^^^^^^^^^^^^^^^^^^^^^^^^^^^^^^^^^^^^^^^^^^^^^^^
  lib/core/services/ai/agent/agent_service.dart:324:20: Error: String starting with ' must end with '.
      buffer.writeln('如果用户信息不足（如只说"帮我写一�?或剧情过于单薄），不要盲目创建�?);
                     ^^^^^^^^^^^^^^^^^^^^^^^^^^^^^^^^^^^^^^^
  lib/core/services/ai/agent/agent_service.dart:325:20: Error: String starting with ' must end with '.
      buffer.writeln('你应该礼貌地追问关键信息，例如：本章主要事件、涉及角色、情感基调、是否需要结尾钩子等�?);
                     ^^^^^^^^^^^^^^^^^^^^^^^^^^^^^^^^^^^^^^^^^^^^^^^
  lib/core/services/ai/agent/agent_service.dart:326:20: Error: String starting with ' must end with '.
      buffer.writeln('如果用户给了一句话剧情但缺少细节，你可以主动建议补充冲突点、情感转折、悬念钩子等，让章节更丰满�?);
                     ^^^^^^^^^^^^^^^^^^^^^^^^^^^^^^^^^^^^^^^^^^^^^^^^^^^^
  lib/core/services/ai/agent/agent_service.dart:327:20: Error: String starting with ' must end with '.
      buffer.writeln('但如果用户已经提供了足够的信息（有明确的剧情走向和关键事件），就可以直接创建�?);
                     ^^^^^^^^^^^^^^^^^^^^^^^^^^^^^^^^^^^^^^^^^^^
  lib/core/services/ai/agent/agent_service.dart:329:20: Error: String starting with ' must end with '.
      buffer.writeln('## 创建作品时的主题/世界观处理规�?);
                     ^^^^^^^^^^^^^^^^^^^^^^^
  lib/core/services/ai/agent/agent_service.dart:331:20: Error: String starting with ' must end with '.
      buffer.writeln('1. 先调�?create_work 创建作品（name 为作品名称，将主题关键词写入 type 字段�?);
                     ^^^^^^^^^^^^^^^^^^^^^^^^^^^^^^^^^^^^^^^^^^^^^^^^^^^^^^^^
  lib/core/services/ai/agent/agent_service.dart:333:20: Error: String starting with ' must end with '.
      buffer.writeln('   - title: 「{作品名} 世界观设定�?);
                     ^^^^^^^^^^^^^^^^^^^^^^^^^^^^^
  lib/core/services/ai/agent/agent_service.dart:337:20: Error: String starting with ' must end with '.
      buffer.writeln('     �?核心设定与规则体�?);
                     ^^^^^^^^^^^^^^^^^^^^
  lib/core/services/ai/agent/agent_service.dart:339:20: Error: String starting with ' must end with '.
      buffer.writeln('     �?世界背景与历史概�?);
                     ^^^^^^^^^^^^^^^^^^^^
  lib/core/services/ai/agent/agent_service.dart:340:20: Error: String starting with ' must end with '.
      buffer.writeln('     �?典型场景与氛围描�?);
                     ^^^^^^^^^^^^^^^^^^^^
  lib/core/services/ai/agent/agent_service.dart:341:20: Error: String starting with ' must end with '.
      buffer.writeln('     �?常见剧情模式与套�?);
                     ^^^^^^^^^^^^^^^^^^^^
  lib/core/services/ai/agent/agent_service.dart:342:20: Error: String starting with ' must end with '.
      buffer.writeln('   - tags: 提取 3-5 个相关标�?);
                     ^^^^^^^^^^^^^^^^^^^^^^^^^^^
  lib/core/services/ai/agent/agent_service.dart:343:20: Error: String starting with ' must end with '.
      buffer.writeln('3. 用自然语言向用户确认：作品已创建，并已根据主题自动生成世界观设�?);
                     ^^^^^^^^^^^^^^^^^^^^^^^^^^^^^^^^^^^^^^^
  lib/core/services/ai/agent/agent_service.dart:343:19: Error: Can't find ')' to match '('.
      buffer.writeln('3. 用自然语言向用户确认：作品已创建，并已根据主题自动生成世界观设�?);
                    ^
  lib/core/services/ai/agent/agent_service.dart:342:19: Error: Can't find ')' to match '('.
      buffer.writeln('   - tags: 提取 3-5 个相关标�?);
                    ^
  lib/core/services/ai/agent/agent_service.dart:341:19: Error: Can't find ')' to match '('.
      buffer.writeln('     �?常见剧情模式与套�?);
                    ^
  lib/core/services/ai/agent/agent_service.dart:340:19: Error: Can't find ')' to match '('.
      buffer.writeln('     �?典型场景与氛围描�?);
                    ^
  lib/core/services/ai/agent/agent_service.dart:339:19: Error: Can't find ')' to match '('.
      buffer.writeln('     �?世界背景与历史概�?);
                    ^
  lib/core/services/ai/agent/agent_service.dart:337:19: Error: Can't find ')' to match '('.
      buffer.writeln('     �?核心设定与规则体�?);
                    ^
  lib/core/services/ai/agent/agent_service.dart:333:19: Error: Can't find ')' to match '('.
      buffer.writeln('   - title: 「{作品名} 世界观设定�?);
                    ^
  lib/core/services/ai/agent/agent_service.dart:331:19: Error: Can't find ')' to match '('.
      buffer.writeln('1. 先调�?create_work 创建作品（name 为作品名称，将主题关键词写入 type 字段�?);
                    ^
  lib/core/services/ai/agent/agent_service.dart:329:19: Error: Can't find ')' to match '('.
      buffer.writeln('## 创建作品时的主题/世界观处理规�?);
                    ^
  lib/core/services/ai/agent/agent_service.dart:327:19: Error: Can't find ')' to match '('.
      buffer.writeln('但如果用户已经提供了足够的信息（有明确的剧情走向和关键事件），就可以直接创建�?);
                    ^
  lib/core/services/ai/agent/agent_service.dart:326:19: Error: Can't find ')' to match '('.
      buffer.writeln('如果用户给了一句话剧情但缺少细节，你可以主动建议补充冲突点、情感转折、悬念钩子等，让章节更丰满�?);
                    ^
  lib/core/services/ai/agent/agent_service.dart:325:19: Error: Can't find ')' to match '('.
      buffer.writeln('你应该礼貌地追问关键信息，例如：本章主要事件、涉及角色、情感基调、是否需要结尾钩子等�?);
                    ^
  lib/core/services/ai/agent/agent_service.dart:324:19: Error: Can't find ')' to match '('.
      buffer.writeln('如果用户信息不足（如只说"帮我写一�?或剧情过于单薄），不要盲目创建�?);
                    ^
  lib/core/services/ai/agent/agent_service.dart:320:19: Error: Can't find ')' to match '('.
      buffer.writeln('4. **前文衔接**：如果不是第一章，是否有前文上下文可以衔接？如有，先搜索前文内�?);
                    ^
  lib/core/services/ai/agent/agent_service.dart:318:19: Error: Can't find ')' to match '('.
      buffer.writeln('2. **节奏定位**：本章处于故事的什么位置？（开�?铺垫/高潮/过渡/结尾）是否需要提醒用户注意节�?);
                    ^
  lib/core/services/ai/agent/agent_service.dart:317:19: Error: Can't find ')' to match '('.
      buffer.writeln('1. **剧情内容**：用户是否描述了本章要发生什么事？如果只�?写第一�?而没给任何剧情方向，应追�?);
                    ^
  lib/core/services/ai/agent/agent_service.dart:313:19: Error: Can't find ')' to match '('.
      buffer.writeln('你需要在调用工具前先构思好章节内容，然后一次性传入�?);
                    ^
  lib/core/services/ai/agent/agent_service.dart:312:19: Error: Can't find ')' to match '('.
      buffer.writeln('不要创建空章节！content 参数是必填的�?);
                    ^
  lib/core/services/ai/agent/agent_service.dart:311:19: Error: Can't find ')' to match '('.
      buffer.writeln('调用 create_chapter 时，必须�?content 参数中传入完整的章节正文内容�?);
                    ^
  lib/core/services/ai/agent/agent_service.dart:310:19: Error: Can't find ')' to match '('.
      buffer.writeln('## 创建章节的完整流�?);
                    ^
  lib/core/services/ai/agent/agent_service.dart:308:19: Error: Can't find ')' to match '('.
      buffer.writeln('创建实体后，用自然语言向用户确认创建结果�?);
                    ^
  lib/core/services/ai/agent/agent_service.dart:307:19: Error: Can't find ')' to match '('.
      buffer.writeln('当用户要求创建角色、地点、物品、势力、关系、作品、卷、章节或素材时，请直接调用对应的 create_* 工具�?);
                    ^
  lib/core/services/ai/agent/agent_service.dart:305:19: Error: Can't find ')' to match '('.
      buffer.writeln('- 最终回复必须是完整的中文内�?);
                    ^
  lib/core/services/ai/agent/agent_service.dart:304:19: Error: Can't find ')' to match '('.
      buffer.writeln('- 如果信息不足，先搜索再行�?);
                    ^
  lib/core/services/ai/agent/agent_service.dart:302:19: Error: Can't find ')' to match '('.
      buffer.writeln('- 每次只调用一个工�?);
                    ^
  lib/core/services/ai/agent/agent_service.dart:301:19: Error: Can't find ')' to match '('.
      buffer.writeln('注意事项�?);
                    ^
  lib/core/services/ai/agent/agent_service.dart:299:19: Error: Can't find ')' to match '('.
      buffer.writeln('5. 综合结果，给出最终回�?);
                    ^
  lib/core/services/ai/agent/agent_service.dart:298:19: Error: Can't find ')' to match '('.
      buffer.writeln('4. 如果需要检查问题，调用分析/一致性检查工�?);
                    ^
  lib/core/services/ai/agent/agent_service.dart:295:19: Error: Can't find ')' to match '('.
      buffer.writeln('1. 分析用户需�?);
                    ^
  lib/core/services/ai/agent/agent_service.dart:294:19: Error: Can't find ')' to match '('.
      buffer.writeln('工作流程�?);
                    ^
  lib/core/services/ai/agent/agent_service.dart:287:19: Error: Can't find ')' to match '('.
      buffer.writeln('你可以使用工具来完成任务，也可以直接回复用户�?);
                    ^
  lib/core/services/ai/agent/agent_service.dart:286:19: Error: Can't find ')' to match '('.
      buffer.writeln('你是一位专业的小说写作助手 Agent�?);
                    ^
  test/integration/wuchang_volume1_assistant_import_test.dart:495:37: Error: No named parameter with the name 'guidanceLoader'.
          final aiService = AIService(guidanceLoader: guidanceLoader);
                                      ^^^^^^^^^^^^^^
  lib/core/services/ai/ai_service.dart:146:3: Context: Found this candidate, but the arguments don't match.
    AIService()
    ^^^^^^^^^
  test/integration/wuchang_volume1_assistant_import_test.dart:514:13: Error: No named parameter with the name 'runtimeHooks'.
              runtimeHooks: runtimeHooks,
              ^^^^^^^^^^^^
  lib/core/services/ai/tools/create_work_tool.dart:12:3: Context: Found this candidate, but the arguments don't match.
    CreateWorkTool({required createFn}) : _createFn = createFn;
    ^^^^^^^^^^^^^^
  test/integration/wuchang_volume1_assistant_import_test.dart:542:13: Error: No named parameter with the name 'runtimeHooks'.
              runtimeHooks: runtimeHooks,
              ^^^^^^^^^^^^
  lib/core/services/ai/tools/create_chapter_tool.dart:14:3: Context: Found this candidate, but the arguments don't match.
    CreateChapterTool({required createFn}) : _createFn = createFn;
    ^^^^^^^^^^^^^^^^^
  test/integration/wuchang_volume1_assistant_import_test.dart:564:13: Error: No named parameter with the name 'runtimeHooks'.
              runtimeHooks: runtimeHooks,
              ^^^^^^^^^^^^
  lib/core/services/ai/tools/create_character_tool.dart:32:3: Context: Found this candidate, but the arguments don't match.
    CreateCharacterTool({required createFn}) : _createFn = createFn;
    ^^^^^^^^^^^^^^^^^^^
  test/integration/wuchang_volume1_assistant_import_test.dart:622:13: Error: No named parameter with the name 'runtimeHooks'.
              runtimeHooks: runtimeHooks,
              ^^^^^^^^^^^^
  lib/core/services/ai/tools/create_inspiration_tool.dart:32:3: Context: Found this candidate, but the arguments don't match.
    CreateInspirationTool({required createFn}) : _createFn = createFn;
    ^^^^^^^^^^^^^^^^^^^^^
  test/integration/wuchang_volume1_assistant_import_test.dart:646:13: Error: No named parameter with the name 'runtimeHooks'.
              runtimeHooks: runtimeHooks,
              ^^^^^^^^^^^^
  lib/core/services/ai/tools/create_location_tool.dart:14:3: Context: Found this candidate, but the arguments don't match.
    CreateLocationTool({required createFn}) : _createFn = createFn;
    ^^^^^^^^^^^^^^^^^^
  test/integration/wuchang_volume1_assistant_import_test.dart:705:11: Error: No named parameter with the name 'guidanceLoader'.
            guidanceLoader: guidanceLoader,
            ^^^^^^^^^^^^^^
  lib/core/services/ai/agent/agent_service.dart:67:3: Context: Found this candidate, but the arguments don't match.
    AgentService({
    ^^^^^^^^^^^^
  test/integration/wuchang_volume1_assistant_import_test.dart:728:11: Error: No named parameter with the name 'contextBuilder'.
            contextBuilder: contextBuilder,
            ^^^^^^^^^^^^^^
  lib/core/services/chat_service.dart:136:3: Context: Found this candidate, but the arguments don't match.
    ChatService({
    ^^^^^^^^^^^
  lib/core/services/ai/agent/agent_service.dart:133:9: Error: Expected ',' before this.
          await controller.close();
          ^^^^^
  lib/core/services/ai/agent/agent_service.dart:132:34: Error: Too many positional arguments: 1 allowed, but 2 found.
  Try removing the extra positional arguments.
          controller.add(AgentError('没有可用的工�?));
                                   ^
  lib/core/services/ai/agent/agent_service.dart:54:3: Context: Found this candidate, but the arguments don't match.
    AgentError(this.error);
    ^^^^^^^^^^
  lib/core/services/ai/agent/agent_service.dart:205:17: Error: Expected ',' before this.
                  toolCallId: toolCall.id,
                  ^^^^^^^^^^
  lib/core/services/ai/agent/agent_service.dart:287:5: Error: Expected ',' before this.
      buffer.writeln('你可以使用工具来完成任务，也可以直接回复用户�?);
      ^^^^^^
  lib/core/services/ai/agent/agent_service.dart:287:20: Error: Expected ';' after this.
      buffer.writeln('你可以使用工具来完成任务，也可以直接回复用户�?);
                     ^^^^^^^^^^^^^^^^^^^^^^^^^^^
  lib/core/services/ai/agent/agent_service.dart:291:22: Error: Expected ';' after this.
        buffer.writeln('当前没有选中作品。如果用户需要操作特定作品（如创建章节、角色等），请先调用 list_works 查看所有作品并获取�?ID�?);
                       ^^^^^^^^^^^^^^^^^^^^^^^^^^^^^^^^^^^^^^^^^^^^^^^^^^^^^^^^^^^^^^^^^^^
  lib/core/services/ai/agent/agent_service.dart:295:5: Error: Expected ',' before this.
      buffer.writeln('1. 分析用户需�?);
      ^^^^^^
  lib/core/services/ai/agent/agent_service.dart:296:5: Error: Expected ',' before this.
      buffer.writeln('2. 如果需要信息，调用搜索工具');
      ^^^^^^
  lib/core/services/ai/agent/agent_service.dart:299:5: Error: Expected ',' before this.
      buffer.writeln('5. 综合结果，给出最终回�?);
      ^^^^^^
  lib/core/services/ai/agent/agent_service.dart:300:5: Error: Expected ',' before this.
      buffer.writeln();
      ^^^^^^
  lib/core/services/ai/agent/agent_service.dart:302:5: Error: Expected ',' before this.
      buffer.writeln('- 每次只调用一个工�?);
      ^^^^^^
  lib/core/services/ai/agent/agent_service.dart:303:5: Error: Expected ',' before this.
      buffer.writeln('- 如果不知道作�?ID 或卷 ID，先调用 list_works / list_volumes 获取');
      ^^^^^^
  lib/core/services/ai/agent/agent_service.dart:305:5: Error: Expected ',' before this.
      buffer.writeln('- 最终回复必须是完整的中文内�?);
      ^^^^^^
  lib/core/services/ai/agent/agent_service.dart:306:5: Error: Expected ',' before this.
      buffer.writeln();
      ^^^^^^
  lib/core/services/ai/agent/agent_service.dart:308:5: Error: Expected ',' before this.
      buffer.writeln('创建实体后，用自然语言向用户确认创建结果�?);
      ^^^^^^
  lib/core/services/ai/agent/agent_service.dart:309:5: Error: Expected ',' before this.
      buffer.writeln();
      ^^^^^^
  lib/core/services/ai/agent/agent_service.dart:311:5: Error: Expected ',' before this.
      buffer.writeln('调用 create_chapter 时，必须�?content 参数中传入完整的章节正文内容�?);
      ^^^^^^
  lib/core/services/ai/agent/agent_service.dart:312:5: Error: Expected ',' before this.
      buffer.writeln('不要创建空章节！content 参数是必填的�?);
      ^^^^^^
  lib/core/services/ai/agent/agent_service.dart:313:5: Error: Expected ',' before this.
      buffer.writeln('你需要在调用工具前先构思好章节内容，然后一次性传入�?);
      ^^^^^^
  lib/core/services/ai/agent/agent_service.dart:314:5: Error: Expected ',' before this.
      buffer.writeln();
      ^^^^^^
  lib/core/services/ai/agent/agent_service.dart:318:5: Error: Expected ',' before this.
      buffer.writeln('2. **节奏定位**：本章处于故事的什么位置？（开�?铺垫/高潮/过渡/结尾）是否需要提醒用户注意节�?);
      ^^^^^^
  lib/core/services/ai/agent/agent_service.dart:319:5: Error: Expected ',' before this.
      buffer.writeln('3. **钩子/悬念**：本章结尾是否需要留下悬念或钩子引导读者继续阅读？');
      ^^^^^^
  lib/core/services/ai/agent/agent_service.dart:321:5: Error: Expected ',' before this.
      buffer.writeln('5. **事件丰富�?*：用户提供的剧情是否足够展开为一整章？是否只有一句话概括而缺少具体事件、冲突、转折？');
      ^^^^^^
  lib/core/services/ai/agent/agent_service.dart:325:5: Error: Expected ',' before this.
      buffer.writeln('你应该礼貌地追问关键信息，例如：本章主要事件、涉及角色、情感基调、是否需要结尾钩子等�?);
      ^^^^^^
  lib/core/services/ai/agent/agent_service.dart:326:5: Error: Expected ',' before this.
      buffer.writeln('如果用户给了一句话剧情但缺少细节，你可以主动建议补充冲突点、情感转折、悬念钩子等，让章节更丰满�?);
      ^^^^^^
  lib/core/services/ai/agent/agent_service.dart:327:5: Error: Expected ',' before this.
      buffer.writeln('但如果用户已经提供了足够的信息（有明确的剧情走向和关键事件），就可以直接创建�?);
      ^^^^^^
  lib/core/services/ai/agent/agent_service.dart:328:5: Error: Expected ',' before this.
      buffer.writeln();
      ^^^^^^
  lib/core/services/ai/agent/agent_service.dart:330:5: Error: Expected ',' before this.
      buffer.writeln('当用户创建作品并附带「主题」「题材」「类型」「世界观」「风格」等描述时，你必须执行以下步骤：');
      ^^^^^^
  lib/core/services/ai/agent/agent_service.dart:332:5: Error: Expected ',' before this.
      buffer.writeln('2. 紧接着调用 create_inspiration，参数如下：');
      ^^^^^^
  lib/core/services/ai/agent/agent_service.dart:334:5: Error: Expected ',' before this.
      buffer.writeln('   - category: "worldbuilding"');
      ^^^^^^
  lib/core/services/ai/agent/agent_service.dart:338:5: Error: Expected ',' before this.
      buffer.writeln('     �?力量体系/等级划分');
      ^^^^^^
  lib/core/services/ai/agent/agent_service.dart:340:5: Error: Expected ',' before this.
      buffer.writeln('     �?典型场景与氛围描�?);
      ^^^^^^
  lib/core/services/ai/agent/agent_service.dart:341:5: Error: Expected ',' before this.
      buffer.writeln('     �?常见剧情模式与套�?);
      ^^^^^^
  lib/core/services/ai/agent/agent_service.dart:342:5: Error: Expected ',' before this.
      buffer.writeln('   - tags: 提取 3-5 个相关标�?);
      ^^^^^^
  lib/core/services/ai/agent/agent_service.dart:343:5: Error: Expected ',' before this.
      buffer.writeln('3. 用自然语言向用户确认：作品已创建，并已根据主题自动生成世界观设�?);
      ^^^^^^
  lib/core/services/ai/agent/agent_service.dart:343:20: Error: Expected ';' after this.
      buffer.writeln('3. 用自然语言向用户确认：作品已创建，并已根据主题自动生成世界观设�?);
                     ^^^^^^^^^^^^^^^^^^^^^^^^^^^^^^^^^^^^^^^
  lib/core/services/ai/agent/agent_service.dart:286:19: Error: Too many positional arguments: 1 allowed, but 2 found.
  Try removing the extra positional arguments.
      buffer.writeln('你是一位专业的小说写作助手 Agent�?);
                    ^
  lib/core/services/ai/agent/agent_service.dart:295:19: Error: Too many positional arguments: 1 allowed, but 2 found.
  Try removing the extra positional arguments.
      buffer.writeln('1. 分析用户需�?);
                    ^
  lib/core/services/ai/agent/agent_service.dart:294:19: Error: Too many positional arguments: 1 allowed, but 2 found.
  Try removing the extra positional arguments.
      buffer.writeln('工作流程�?);
                    ^
  lib/core/services/ai/agent/agent_service.dart:299:19: Error: Too many positional arguments: 1 allowed, but 2 found.
  Try removing the extra positional arguments.
      buffer.writeln('5. 综合结果，给出最终回�?);
                    ^
  lib/core/services/ai/agent/agent_service.dart:298:19: Error: Too many positional arguments: 1 allowed, but 2 found.
  Try removing the extra positional arguments.
      buffer.writeln('4. 如果需要检查问题，调用分析/一致性检查工�?);
                    ^
  lib/core/services/ai/agent/agent_service.dart:302:19: Error: Too many positional arguments: 1 allowed, but 2 found.
  Try removing the extra positional arguments.
      buffer.writeln('- 每次只调用一个工�?);
                    ^
  lib/core/services/ai/agent/agent_service.dart:301:19: Error: Too many positional arguments: 1 allowed, but 2 found.
  Try removing the extra positional arguments.
      buffer.writeln('注意事项�?);
                    ^
  lib/core/services/ai/agent/agent_service.dart:305:19: Error: Too many positional arguments: 1 allowed, but 2 found.
  Try removing the extra positional arguments.
      buffer.writeln('- 最终回复必须是完整的中文内�?);
                    ^
  lib/core/services/ai/agent/agent_service.dart:304:19: Error: Too many positional arguments: 1 allowed, but 2 found.
  Try removing the extra positional arguments.
      buffer.writeln('- 如果信息不足，先搜索再行�?);
                    ^
  lib/core/services/ai/agent/agent_service.dart:308:19: Error: Too many positional arguments: 1 allowed, but 2 found.
  Try removing the extra positional arguments.
      buffer.writeln('创建实体后，用自然语言向用户确认创建结果�?);
                    ^
  lib/core/services/ai/agent/agent_service.dart:307:19: Error: Too many positional arguments: 1 allowed, but 2 found.
  Try removing the extra positional arguments.
      buffer.writeln('当用户要求创建角色、地点、物品、势力、关系、作品、卷、章节或素材时，请直接调用对应的 create_* 工具�?);
                    ^
  lib/core/services/ai/agent/agent_service.dart:313:19: Error: Too many positional arguments: 1 allowed, but 2 found.
  Try removing the extra positional arguments.
      buffer.writeln('你需要在调用工具前先构思好章节内容，然后一次性传入�?);
                    ^
  lib/core/services/ai/agent/agent_service.dart:312:19: Error: Too many positional arguments: 1 allowed, but 2 found.
  Try removing the extra positional arguments.
      buffer.writeln('不要创建空章节！content 参数是必填的�?);
                    ^
  lib/core/services/ai/agent/agent_service.dart:311:19: Error: Too many positional arguments: 1 allowed, but 2 found.
  Try removing the extra positional arguments.
      buffer.writeln('调用 create_chapter 时，必须�?content 参数中传入完整的章节正文内容�?);
                    ^
  lib/core/services/ai/agent/agent_service.dart:310:19: Error: Too many positional arguments: 1 allowed, but 2 found.
  Try removing the extra positional arguments.
      buffer.writeln('## 创建章节的完整流�?);
                    ^
  lib/core/services/ai/agent/agent_service.dart:318:19: Error: Too many positional arguments: 1 allowed, but 2 found.
  Try removing the extra positional arguments.
      buffer.writeln('2. **节奏定位**：本章处于故事的什么位置？（开�?铺垫/高潮/过渡/结尾）是否需要提醒用户注意节�?);
                    ^
  lib/core/services/ai/agent/agent_service.dart:317:19: Error: Too many positional arguments: 1 allowed, but 2 found.
  Try removing the extra positional arguments.
      buffer.writeln('1. **剧情内容**：用户是否描述了本章要发生什么事？如果只�?写第一�?而没给任何剧情方向，应追�?);
                    ^
  lib/core/services/ai/agent/agent_service.dart:320:19: Error: Too many positional arguments: 1 allowed, but 2 found.
  Try removing the extra positional arguments.
      buffer.writeln('4. **前文衔接**：如果不是第一章，是否有前文上下文可以衔接？如有，先搜索前文内�?);
                    ^
  lib/core/services/ai/agent/agent_service.dart:327:19: Error: Too many positional arguments: 1 allowed, but 2 found.
  Try removing the extra positional arguments.
      buffer.writeln('但如果用户已经提供了足够的信息（有明确的剧情走向和关键事件），就可以直接创建�?);
                    ^
  lib/core/services/ai/agent/agent_service.dart:326:19: Error: Too many positional arguments: 1 allowed, but 2 found.
  Try removing the extra positional arguments.
      buffer.writeln('如果用户给了一句话剧情但缺少细节，你可以主动建议补充冲突点、情感转折、悬念钩子等，让章节更丰满�?);
                    ^
  lib/core/services/ai/agent/agent_service.dart:325:19: Error: Too many positional arguments: 1 allowed, but 2 found.
  Try removing the extra positional arguments.
      buffer.writeln('你应该礼貌地追问关键信息，例如：本章主要事件、涉及角色、情感基调、是否需要结尾钩子等�?);
                    ^
  lib/core/services/ai/agent/agent_service.dart:324:19: Error: Too many positional arguments: 1 allowed, but 2 found.
  Try removing the extra positional arguments.
      buffer.writeln('如果用户信息不足（如只说"帮我写一�?或剧情过于单薄），不要盲目创建�?);
                    ^
  lib/core/services/ai/agent/agent_service.dart:329:19: Error: Too many positional arguments: 1 allowed, but 2 found.
  Try removing the extra positional arguments.
      buffer.writeln('## 创建作品时的主题/世界观处理规�?);
                    ^
  lib/core/services/ai/agent/agent_service.dart:331:19: Error: Too many positional arguments: 1 allowed, but 2 found.
  Try removing the extra positional arguments.
      buffer.writeln('1. 先调�?create_work 创建作品（name 为作品名称，将主题关键词写入 type 字段�?);
                    ^
  lib/core/services/ai/agent/agent_service.dart:333:19: Error: Too many positional arguments: 1 allowed, but 2 found.
  Try removing the extra positional arguments.
      buffer.writeln('   - title: 「{作品名} 世界观设定�?);
                    ^
  lib/core/services/ai/agent/agent_service.dart:337:19: Error: Too many positional arguments: 1 allowed, but 2 found.
  Try removing the extra positional arguments.
      buffer.writeln('     �?核心设定与规则体�?);
                    ^
  lib/core/services/ai/agent/agent_service.dart:342:19: Error: Too many positional arguments: 1 allowed, but 2 found.
  Try removing the extra positional arguments.
      buffer.writeln('   - tags: 提取 3-5 个相关标�?);
                    ^
  lib/core/services/ai/agent/agent_service.dart:341:19: Error: Too many positional arguments: 1 allowed, but 2 found.
  Try removing the extra positional arguments.
      buffer.writeln('     �?常见剧情模式与套�?);
                    ^
  lib/core/services/ai/agent/agent_service.dart:340:19: Error: Too many positional arguments: 1 allowed, but 2 found.
  Try removing the extra positional arguments.
      buffer.writeln('     �?典型场景与氛围描�?);
                    ^
  lib/core/services/ai/agent/agent_service.dart:339:19: Error: Too many positional arguments: 1 allowed, but 2 found.
  Try removing the extra positional arguments.
      buffer.writeln('     �?世界背景与历史概�?);
                    ^
  .
lib/core/services/ai/agent/agent_service.dart:132:35: Error: String starting with ' must end with '.
        controller.add(AgentError('没有可用的工�?));
                                  ^^^^^^^^^^^^
lib/core/services/ai/agent/agent_service.dart:132:34: Error: Can't find ')' to match '('.
        controller.add(AgentError('没有可用的工�?));
                                 ^
lib/core/services/ai/agent/agent_service.dart:132:23: Error: Can't find ')' to match '('.
        controller.add(AgentError('没有可用的工�?));
                      ^
lib/core/services/ai/agent/agent_service.dart:200:53: Error: String starting with ' must end with '.
                ToolResult.fail('工具 ${toolCall.name} 不存�?),
                                                    ^^^^^^^
lib/core/services/ai/agent/agent_service.dart:204:50: Error: String starting with ' must end with '.
                content: '错误: 工具 ${toolCall.name} 不存�?,
                                                 ^^^^^^
lib/core/services/ai/agent/agent_service.dart:199:29: Error: Can't find ')' to match '('.
              controller.add(AgentObservation(
                            ^
lib/core/services/ai/agent/agent_service.dart:286:20: Error: String starting with ' must end with '.
    buffer.writeln('你是一位专业的小说写作助手 Agent�?);
                   ^^^^^^^^^^^^^^^^^^^^^^^^
lib/core/services/ai/agent/agent_service.dart:287:20: Error: String starting with ' must end with '.
    buffer.writeln('你可以使用工具来完成任务，也可以直接回复用户�?);
                   ^^^^^^^^^^^^^^^^^^^^^^^^^^^
lib/core/services/ai/agent/agent_service.dart:291:22: Error: String starting with ' must end with '.
      buffer.writeln('当前没有选中作品。如果用户需要操作特定作品（如创建章节、角色等），请先调用 list_works 查看所有作品并获取�?ID�?);
                     ^^^^^^^^^^^^^^^^^^^^^^^^^^^^^^^^^^^^^^^^^^^^^^^^^^^^^^^^^^^^^^^^^^^
lib/core/services/ai/agent/agent_service.dart:291:21: Error: Can't find ')' to match '('.
      buffer.writeln('当前没有选中作品。如果用户需要操作特定作品（如创建章节、角色等），请先调用 list_works 查看所有作品并获取�?ID�?);
                    ^
lib/core/services/ai/agent/agent_service.dart:294:20: Error: String starting with ' must end with '.
    buffer.writeln('工作流程�?);
                   ^^^^^^^^^
lib/core/services/ai/agent/agent_service.dart:295:20: Error: String starting with ' must end with '.
    buffer.writeln('1. 分析用户需�?);
                   ^^^^^^^^^^^^^
lib/core/services/ai/agent/agent_service.dart:298:20: Error: String starting with ' must end with '.
    buffer.writeln('4. 如果需要检查问题，调用分析/一致性检查工�?);
                   ^^^^^^^^^^^^^^^^^^^^^^^^^^^^
lib/core/services/ai/agent/agent_service.dart:299:20: Error: String starting with ' must end with '.
    buffer.writeln('5. 综合结果，给出最终回�?);
                   ^^^^^^^^^^^^^^^^^^
lib/core/services/ai/agent/agent_service.dart:301:20: Error: String starting with ' must end with '.
    buffer.writeln('注意事项�?);
                   ^^^^^^^^^
lib/core/services/ai/agent/agent_service.dart:302:20: Error: String starting with ' must end with '.
    buffer.writeln('- 每次只调用一个工�?);
                   ^^^^^^^^^^^^^^^
lib/core/services/ai/agent/agent_service.dart:304:20: Error: String starting with ' must end with '.
    buffer.writeln('- 如果信息不足，先搜索再行�?);
                   ^^^^^^^^^^^^^^^^^^^
lib/core/services/ai/agent/agent_service.dart:305:20: Error: String starting with ' must end with '.
    buffer.writeln('- 最终回复必须是完整的中文内�?);
                   ^^^^^^^^^^^^^^^^^^^^
lib/core/services/ai/agent/agent_service.dart:307:20: Error: String starting with ' must end with '.
    buffer.writeln('当用户要求创建角色、地点、物品、势力、关系、作品、卷、章节或素材时，请直接调用对应的 create_* 工具�?);
                   ^^^^^^^^^^^^^^^^^^^^^^^^^^^^^^^^^^^^^^^^^^^^^^^^^^^^^^^^^^^
lib/core/services/ai/agent/agent_service.dart:308:20: Error: String starting with ' must end with '.
    buffer.writeln('创建实体后，用自然语言向用户确认创建结果�?);
                   ^^^^^^^^^^^^^^^^^^^^^^^^^
lib/core/services/ai/agent/agent_service.dart:310:20: Error: String starting with ' must end with '.
    buffer.writeln('## 创建章节的完整流�?);
                   ^^^^^^^^^^^^^^^^
lib/core/services/ai/agent/agent_service.dart:311:20: Error: String starting with ' must end with '.
    buffer.writeln('调用 create_chapter 时，必须�?content 参数中传入完整的章节正文内容�?);
                   ^^^^^^^^^^^^^^^^^^^^^^^^^^^^^^^^^^^^^^^^^^^^^^^^^^^
lib/core/services/ai/agent/agent_service.dart:312:20: Error: String starting with ' must end with '.
    buffer.writeln('不要创建空章节！content 参数是必填的�?);
                   ^^^^^^^^^^^^^^^^^^^^^^^^^^^
lib/core/services/ai/agent/agent_service.dart:313:20: Error: String starting with ' must end with '.
    buffer.writeln('你需要在调用工具前先构思好章节内容，然后一次性传入�?);
                   ^^^^^^^^^^^^^^^^^^^^^^^^^^^^^^
lib/core/services/ai/agent/agent_service.dart:317:20: Error: String starting with ' must end with '.
    buffer.writeln('1. **剧情内容**：用户是否描述了本章要发生什么事？如果只�?写第一�?而没给任何剧情方向，应追�?);
                   ^^^^^^^^^^^^^^^^^^^^^^^^^^^^^^^^^^^^^^^^^^^^^^^^^^^^^^^
lib/core/services/ai/agent/agent_service.dart:318:20: Error: String starting with ' must end with '.
    buffer.writeln('2. **节奏定位**：本章处于故事的什么位置？（开�?铺垫/高潮/过渡/结尾）是否需要提醒用户注意节�?);
                   ^^^^^^^^^^^^^^^^^^^^^^^^^^^^^^^^^^^^^^^^^^^^^^^^^^^^^^^^
lib/core/services/ai/agent/agent_service.dart:320:20: Error: String starting with ' must end with '.
    buffer.writeln('4. **前文衔接**：如果不是第一章，是否有前文上下文可以衔接？如有，先搜索前文内�?);
                   ^^^^^^^^^^^^^^^^^^^^^^^^^^^^^^^^^^^^^^^^^^^^^^^
lib/core/services/ai/agent/agent_service.dart:324:20: Error: String starting with ' must end with '.
    buffer.writeln('如果用户信息不足（如只说"帮我写一�?或剧情过于单薄），不要盲目创建�?);
                   ^^^^^^^^^^^^^^^^^^^^^^^^^^^^^^^^^^^^^^^
lib/core/services/ai/agent/agent_service.dart:325:20: Error: String starting with ' must end with '.
    buffer.writeln('你应该礼貌地追问关键信息，例如：本章主要事件、涉及角色、情感基调、是否需要结尾钩子等�?);
                   ^^^^^^^^^^^^^^^^^^^^^^^^^^^^^^^^^^^^^^^^^^^^^^^
lib/core/services/ai/agent/agent_service.dart:326:20: Error: String starting with ' must end with '.
    buffer.writeln('如果用户给了一句话剧情但缺少细节，你可以主动建议补充冲突点、情感转折、悬念钩子等，让章节更丰满�?);
                   ^^^^^^^^^^^^^^^^^^^^^^^^^^^^^^^^^^^^^^^^^^^^^^^^^^^^
lib/core/services/ai/agent/agent_service.dart:327:20: Error: String starting with ' must end with '.
    buffer.writeln('但如果用户已经提供了足够的信息（有明确的剧情走向和关键事件），就可以直接创建�?);
                   ^^^^^^^^^^^^^^^^^^^^^^^^^^^^^^^^^^^^^^^^^^^
lib/core/services/ai/agent/agent_service.dart:329:20: Error: String starting with ' must end with '.
    buffer.writeln('## 创建作品时的主题/世界观处理规�?);
                   ^^^^^^^^^^^^^^^^^^^^^^^
lib/core/services/ai/agent/agent_service.dart:331:20: Error: String starting with ' must end with '.
    buffer.writeln('1. 先调�?create_work 创建作品（name 为作品名称，将主题关键词写入 type 字段�?);
                   ^^^^^^^^^^^^^^^^^^^^^^^^^^^^^^^^^^^^^^^^^^^^^^^^^^^^^^^^
lib/core/services/ai/agent/agent_service.dart:333:20: Error: String starting with ' must end with '.
    buffer.writeln('   - title: 「{作品名} 世界观设定�?);
                   ^^^^^^^^^^^^^^^^^^^^^^^^^^^^^
lib/core/services/ai/agent/agent_service.dart:337:20: Error: String starting with ' must end with '.
    buffer.writeln('     �?核心设定与规则体�?);
                   ^^^^^^^^^^^^^^^^^^^^
lib/core/services/ai/agent/agent_service.dart:339:20: Error: String starting with ' must end with '.
    buffer.writeln('     �?世界背景与历史概�?);
                   ^^^^^^^^^^^^^^^^^^^^
lib/core/services/ai/agent/agent_service.dart:340:20: Error: String starting with ' must end with '.
    buffer.writeln('     �?典型场景与氛围描�?);
                   ^^^^^^^^^^^^^^^^^^^^
lib/core/services/ai/agent/agent_service.dart:341:20: Error: String starting with ' must end with '.
    buffer.writeln('     �?常见剧情模式与套�?);
                   ^^^^^^^^^^^^^^^^^^^^
lib/core/services/ai/agent/agent_service.dart:342:20: Error: String starting with ' must end with '.
    buffer.writeln('   - tags: 提取 3-5 个相关标�?);
                   ^^^^^^^^^^^^^^^^^^^^^^^^^^^
lib/core/services/ai/agent/agent_service.dart:343:20: Error: String starting with ' must end with '.
    buffer.writeln('3. 用自然语言向用户确认：作品已创建，并已根据主题自动生成世界观设�?);
                   ^^^^^^^^^^^^^^^^^^^^^^^^^^^^^^^^^^^^^^^
lib/core/services/ai/agent/agent_service.dart:343:19: Error: Can't find ')' to match '('.
    buffer.writeln('3. 用自然语言向用户确认：作品已创建，并已根据主题自动生成世界观设�?);
                  ^
lib/core/services/ai/agent/agent_service.dart:342:19: Error: Can't find ')' to match '('.
    buffer.writeln('   - tags: 提取 3-5 个相关标�?);
                  ^
lib/core/services/ai/agent/agent_service.dart:341:19: Error: Can't find ')' to match '('.
    buffer.writeln('     �?常见剧情模式与套�?);
                  ^
lib/core/services/ai/agent/agent_service.dart:340:19: Error: Can't find ')' to match '('.
    buffer.writeln('     �?典型场景与氛围描�?);
                  ^
lib/core/services/ai/agent/agent_service.dart:339:19: Error: Can't find ')' to match '('.
    buffer.writeln('     �?世界背景与历史概�?);
                  ^
lib/core/services/ai/agent/agent_service.dart:337:19: Error: Can't find ')' to match '('.
    buffer.writeln('     �?核心设定与规则体�?);
                  ^
lib/core/services/ai/agent/agent_service.dart:333:19: Error: Can't find ')' to match '('.
    buffer.writeln('   - title: 「{作品名} 世界观设定�?);
                  ^
lib/core/services/ai/agent/agent_service.dart:331:19: Error: Can't find ')' to match '('.
    buffer.writeln('1. 先调�?create_work 创建作品（name 为作品名称，将主题关键词写入 type 字段�?);
                  ^
lib/core/services/ai/agent/agent_service.dart:329:19: Error: Can't find ')' to match '('.
    buffer.writeln('## 创建作品时的主题/世界观处理规�?);
                  ^
lib/core/services/ai/agent/agent_service.dart:327:19: Error: Can't find ')' to match '('.
    buffer.writeln('但如果用户已经提供了足够的信息（有明确的剧情走向和关键事件），就可以直接创建�?);
                  ^
lib/core/services/ai/agent/agent_service.dart:326:19: Error: Can't find ')' to match '('.
    buffer.writeln('如果用户给了一句话剧情但缺少细节，你可以主动建议补充冲突点、情感转折、悬念钩子等，让章节更丰满�?);
                  ^
lib/core/services/ai/agent/agent_service.dart:325:19: Error: Can't find ')' to match '('.
    buffer.writeln('你应该礼貌地追问关键信息，例如：本章主要事件、涉及角色、情感基调、是否需要结尾钩子等�?);
                  ^
lib/core/services/ai/agent/agent_service.dart:324:19: Error: Can't find ')' to match '('.
    buffer.writeln('如果用户信息不足（如只说"帮我写一�?或剧情过于单薄），不要盲目创建�?);
                  ^
lib/core/services/ai/agent/agent_service.dart:320:19: Error: Can't find ')' to match '('.
    buffer.writeln('4. **前文衔接**：如果不是第一章，是否有前文上下文可以衔接？如有，先搜索前文内�?);
                  ^
lib/core/services/ai/agent/agent_service.dart:318:19: Error: Can't find ')' to match '('.
    buffer.writeln('2. **节奏定位**：本章处于故事的什么位置？（开�?铺垫/高潮/过渡/结尾）是否需要提醒用户注意节�?);
                  ^
lib/core/services/ai/agent/agent_service.dart:317:19: Error: Can't find ')' to match '('.
    buffer.writeln('1. **剧情内容**：用户是否描述了本章要发生什么事？如果只�?写第一�?而没给任何剧情方向，应追�?);
                  ^
lib/core/services/ai/agent/agent_service.dart:313:19: Error: Can't find ')' to match '('.
    buffer.writeln('你需要在调用工具前先构思好章节内容，然后一次性传入�?);
                  ^
lib/core/services/ai/agent/agent_service.dart:312:19: Error: Can't find ')' to match '('.
    buffer.writeln('不要创建空章节！content 参数是必填的�?);
                  ^
lib/core/services/ai/agent/agent_service.dart:311:19: Error: Can't find ')' to match '('.
    buffer.writeln('调用 create_chapter 时，必须�?content 参数中传入完整的章节正文内容�?);
                  ^
lib/core/services/ai/agent/agent_service.dart:310:19: Error: Can't find ')' to match '('.
    buffer.writeln('## 创建章节的完整流�?);
                  ^
lib/core/services/ai/agent/agent_service.dart:308:19: Error: Can't find ')' to match '('.
    buffer.writeln('创建实体后，用自然语言向用户确认创建结果�?);
                  ^
lib/core/services/ai/agent/agent_service.dart:307:19: Error: Can't find ')' to match '('.
    buffer.writeln('当用户要求创建角色、地点、物品、势力、关系、作品、卷、章节或素材时，请直接调用对应的 create_* 工具�?);
                  ^
lib/core/services/ai/agent/agent_service.dart:305:19: Error: Can't find ')' to match '('.
    buffer.writeln('- 最终回复必须是完整的中文内�?);
                  ^
lib/core/services/ai/agent/agent_service.dart:304:19: Error: Can't find ')' to match '('.
    buffer.writeln('- 如果信息不足，先搜索再行�?);
                  ^
lib/core/services/ai/agent/agent_service.dart:302:19: Error: Can't find ')' to match '('.
    buffer.writeln('- 每次只调用一个工�?);
                  ^
lib/core/services/ai/agent/agent_service.dart:301:19: Error: Can't find ')' to match '('.
    buffer.writeln('注意事项�?);
                  ^
lib/core/services/ai/agent/agent_service.dart:299:19: Error: Can't find ')' to match '('.
    buffer.writeln('5. 综合结果，给出最终回�?);
                  ^
lib/core/services/ai/agent/agent_service.dart:298:19: Error: Can't find ')' to match '('.
    buffer.writeln('4. 如果需要检查问题，调用分析/一致性检查工�?);
                  ^
lib/core/services/ai/agent/agent_service.dart:295:19: Error: Can't find ')' to match '('.
    buffer.writeln('1. 分析用户需�?);
                  ^
lib/core/services/ai/agent/agent_service.dart:294:19: Error: Can't find ')' to match '('.
    buffer.writeln('工作流程�?);
                  ^
lib/core/services/ai/agent/agent_service.dart:287:19: Error: Can't find ')' to match '('.
    buffer.writeln('你可以使用工具来完成任务，也可以直接回复用户�?);
                  ^
lib/core/services/ai/agent/agent_service.dart:286:19: Error: Can't find ')' to match '('.
    buffer.writeln('你是一位专业的小说写作助手 Agent�?);
                  ^
lib/core/services/ai/agent/agent_service.dart:133:9: Error: Expected ',' before this.
        await controller.close();
        ^^^^^
lib/core/services/ai/agent/agent_service.dart:132:34: Error: Too many positional arguments: 1 allowed, but 2 found.
Try removing the extra positional arguments.
        controller.add(AgentError('没有可用的工�?));
                                 ^
lib/core/services/ai/agent/agent_service.dart:54:3: Context: Found this candidate, but the arguments don't match.
  AgentError(this.error);
  ^^^^^^^^^^
lib/core/services/ai/agent/agent_service.dart:205:17: Error: Expected ',' before this.
                toolCallId: toolCall.id,
                ^^^^^^^^^^
lib/core/services/ai/agent/agent_service.dart:287:5: Error: Expected ',' before this.
    buffer.writeln('你可以使用工具来完成任务，也可以直接回复用户�?);
    ^^^^^^
lib/core/services/ai/agent/agent_service.dart:287:20: Error: Expected ';' after this.
    buffer.writeln('你可以使用工具来完成任务，也可以直接回复用户�?);
                   ^^^^^^^^^^^^^^^^^^^^^^^^^^^
lib/core/services/ai/agent/agent_service.dart:291:22: Error: Expected ';' after this.
      buffer.writeln('当前没有选中作品。如果用户需要操作特定作品（如创建章节、角色等），请先调用 list_works 查看所有作品并获取�?ID�?);
                     ^^^^^^^^^^^^^^^^^^^^^^^^^^^^^^^^^^^^^^^^^^^^^^^^^^^^^^^^^^^^^^^^^^^
lib/core/services/ai/agent/agent_service.dart:295:5: Error: Expected ',' before this.
    buffer.writeln('1. 分析用户需�?);
    ^^^^^^
lib/core/services/ai/agent/agent_service.dart:296:5: Error: Expected ',' before this.
    buffer.writeln('2. 如果需要信息，调用搜索工具');
    ^^^^^^
lib/core/services/ai/agent/agent_service.dart:299:5: Error: Expected ',' before this.
    buffer.writeln('5. 综合结果，给出最终回�?);
    ^^^^^^
lib/core/services/ai/agent/agent_service.dart:300:5: Error: Expected ',' before this.
    buffer.writeln();
    ^^^^^^
lib/core/services/ai/agent/agent_service.dart:302:5: Error: Expected ',' before this.
    buffer.writeln('- 每次只调用一个工�?);
    ^^^^^^
lib/core/services/ai/agent/agent_service.dart:303:5: Error: Expected ',' before this.
    buffer.writeln('- 如果不知道作�?ID 或卷 ID，先调用 list_works / list_volumes 获取');
    ^^^^^^
lib/core/services/ai/agent/agent_service.dart:305:5: Error: Expected ',' before this.
    buffer.writeln('- 最终回复必须是完整的中文内�?);
    ^^^^^^
lib/core/services/ai/agent/agent_service.dart:306:5: Error: Expected ',' before this.
    buffer.writeln();
    ^^^^^^
lib/core/services/ai/agent/agent_service.dart:308:5: Error: Expected ',' before this.
    buffer.writeln('创建实体后，用自然语言向用户确认创建结果�?);
    ^^^^^^
lib/core/services/ai/agent/agent_service.dart:309:5: Error: Expected ',' before this.
    buffer.writeln();
    ^^^^^^
lib/core/services/ai/agent/agent_service.dart:311:5: Error: Expected ',' before this.
    buffer.writeln('调用 create_chapter 时，必须�?content 参数中传入完整的章节正文内容�?);
    ^^^^^^
lib/core/services/ai/agent/agent_service.dart:312:5: Error: Expected ',' before this.
    buffer.writeln('不要创建空章节！content 参数是必填的�?);
    ^^^^^^
lib/core/services/ai/agent/agent_service.dart:313:5: Error: Expected ',' before this.
    buffer.writeln('你需要在调用工具前先构思好章节内容，然后一次性传入�?);
    ^^^^^^
lib/core/services/ai/agent/agent_service.dart:314:5: Error: Expected ',' before this.
    buffer.writeln();
    ^^^^^^
lib/core/services/ai/agent/agent_service.dart:318:5: Error: Expected ',' before this.
    buffer.writeln('2. **节奏定位**：本章处于故事的什么位置？（开�?铺垫/高潮/过渡/结尾）是否需要提醒用户注意节�?);
    ^^^^^^
lib/core/services/ai/agent/agent_service.dart:319:5: Error: Expected ',' before this.
    buffer.writeln('3. **钩子/悬念**：本章结尾是否需要留下悬念或钩子引导读者继续阅读？');
    ^^^^^^
lib/core/services/ai/agent/agent_service.dart:321:5: Error: Expected ',' before this.
    buffer.writeln('5. **事件丰富�?*：用户提供的剧情是否足够展开为一整章？是否只有一句话概括而缺少具体事件、冲突、转折？');
    ^^^^^^
lib/core/services/ai/agent/agent_service.dart:325:5: Error: Expected ',' before this.
    buffer.writeln('你应该礼貌地追问关键信息，例如：本章主要事件、涉及角色、情感基调、是否需要结尾钩子等�?);
    ^^^^^^
lib/core/services/ai/agent/agent_service.dart:326:5: Error: Expected ',' before this.
    buffer.writeln('如果用户给了一句话剧情但缺少细节，你可以主动建议补充冲突点、情感转折、悬念钩子等，让章节更丰满�?);
    ^^^^^^
lib/core/services/ai/agent/agent_service.dart:327:5: Error: Expected ',' before this.
    buffer.writeln('但如果用户已经提供了足够的信息（有明确的剧情走向和关键事件），就可以直接创建�?);
    ^^^^^^
lib/core/services/ai/agent/agent_service.dart:328:5: Error: Expected ',' before this.
    buffer.writeln();
    ^^^^^^
lib/core/services/ai/agent/agent_service.dart:330:5: Error: Expected ',' before this.
    buffer.writeln('当用户创建作品并附带「主题」「题材」「类型」「世界观」「风格」等描述时，你必须执行以下步骤：');
    ^^^^^^
lib/core/services/ai/agent/agent_service.dart:332:5: Error: Expected ',' before this.
    buffer.writeln('2. 紧接着调用 create_inspiration，参数如下：');
    ^^^^^^
lib/core/services/ai/agent/agent_service.dart:334:5: Error: Expected ',' before this.
    buffer.writeln('   - category: "worldbuilding"');
    ^^^^^^
lib/core/services/ai/agent/agent_service.dart:338:5: Error: Expected ',' before this.
    buffer.writeln('     �?力量体系/等级划分');
    ^^^^^^
lib/core/services/ai/agent/agent_service.dart:340:5: Error: Expected ',' before this.
    buffer.writeln('     �?典型场景与氛围描�?);
    ^^^^^^
lib/core/services/ai/agent/agent_service.dart:341:5: Error: Expected ',' before this.
    buffer.writeln('     �?常见剧情模式与套�?);
    ^^^^^^
lib/core/services/ai/agent/agent_service.dart:342:5: Error: Expected ',' before this.
    buffer.writeln('   - tags: 提取 3-5 个相关标�?);
    ^^^^^^
lib/core/services/ai/agent/agent_service.dart:343:5: Error: Expected ',' before this.
    buffer.writeln('3. 用自然语言向用户确认：作品已创建，并已根据主题自动生成世界观设�?);
    ^^^^^^
lib/core/services/ai/agent/agent_service.dart:343:20: Error: Expected ';' after this.
    buffer.writeln('3. 用自然语言向用户确认：作品已创建，并已根据主题自动生成世界观设�?);
                   ^^^^^^^^^^^^^^^^^^^^^^^^^^^^^^^^^^^^^^^
lib/core/services/ai/agent/agent_service.dart:286:19: Error: Too many positional arguments: 1 allowed, but 2 found.
Try removing the extra positional arguments.
    buffer.writeln('你是一位专业的小说写作助手 Agent�?);
                  ^
lib/core/services/ai/agent/agent_service.dart:295:19: Error: Too many positional arguments: 1 allowed, but 2 found.
Try removing the extra positional arguments.
    buffer.writeln('1. 分析用户需�?);
                  ^
lib/core/services/ai/agent/agent_service.dart:294:19: Error: Too many positional arguments: 1 allowed, but 2 found.
Try removing the extra positional arguments.
    buffer.writeln('工作流程�?);
                  ^
lib/core/services/ai/agent/agent_service.dart:299:19: Error: Too many positional arguments: 1 allowed, but 2 found.
Try removing the extra positional arguments.
    buffer.writeln('5. 综合结果，给出最终回�?);
                  ^
lib/core/services/ai/agent/agent_service.dart:298:19: Error: Too many positional arguments: 1 allowed, but 2 found.
Try removing the extra positional arguments.
    buffer.writeln('4. 如果需要检查问题，调用分析/一致性检查工�?);
                  ^
lib/core/services/ai/agent/agent_service.dart:302:19: Error: Too many positional arguments: 1 allowed, but 2 found.
Try removing the extra positional arguments.
    buffer.writeln('- 每次只调用一个工�?);
                  ^
lib/core/services/ai/agent/agent_service.dart:301:19: Error: Too many positional arguments: 1 allowed, but 2 found.
Try removing the extra positional arguments.
    buffer.writeln('注意事项�?);
                  ^
lib/core/services/ai/agent/agent_service.dart:305:19: Error: Too many positional arguments: 1 allowed, but 2 found.
Try removing the extra positional arguments.
    buffer.writeln('- 最终回复必须是完整的中文内�?);
                  ^
lib/core/services/ai/agent/agent_service.dart:304:19: Error: Too many positional arguments: 1 allowed, but 2 found.
Try removing the extra positional arguments.
    buffer.writeln('- 如果信息不足，先搜索再行�?);
                  ^
lib/core/services/ai/agent/agent_service.dart:308:19: Error: Too many positional arguments: 1 allowed, but 2 found.
Try removing the extra positional arguments.
    buffer.writeln('创建实体后，用自然语言向用户确认创建结果�?);
                  ^
lib/core/services/ai/agent/agent_service.dart:307:19: Error: Too many positional arguments: 1 allowed, but 2 found.
Try removing the extra positional arguments.
    buffer.writeln('当用户要求创建角色、地点、物品、势力、关系、作品、卷、章节或素材时，请直接调用对应的 create_* 工具�?);
                  ^
lib/core/services/ai/agent/agent_service.dart:313:19: Error: Too many positional arguments: 1 allowed, but 2 found.
Try removing the extra positional arguments.
    buffer.writeln('你需要在调用工具前先构思好章节内容，然后一次性传入�?);
                  ^
lib/core/services/ai/agent/agent_service.dart:312:19: Error: Too many positional arguments: 1 allowed, but 2 found.
Try removing the extra positional arguments.
    buffer.writeln('不要创建空章节！content 参数是必填的�?);
                  ^
lib/core/services/ai/agent/agent_service.dart:311:19: Error: Too many positional arguments: 1 allowed, but 2 found.
Try removing the extra positional arguments.
    buffer.writeln('调用 create_chapter 时，必须�?content 参数中传入完整的章节正文内容�?);
                  ^
lib/core/services/ai/agent/agent_service.dart:310:19: Error: Too many positional arguments: 1 allowed, but 2 found.
Try removing the extra positional arguments.
    buffer.writeln('## 创建章节的完整流�?);
                  ^
lib/core/services/ai/agent/agent_service.dart:318:19: Error: Too many positional arguments: 1 allowed, but 2 found.
Try removing the extra positional arguments.
    buffer.writeln('2. **节奏定位**：本章处于故事的什么位置？（开�?铺垫/高潮/过渡/结尾）是否需要提醒用户注意节�?);
                  ^
lib/core/services/ai/agent/agent_service.dart:317:19: Error: Too many positional arguments: 1 allowed, but 2 found.
Try removing the extra positional arguments.
    buffer.writeln('1. **剧情内容**：用户是否描述了本章要发生什么事？如果只�?写第一�?而没给任何剧情方向，应追�?);
                  ^
lib/core/services/ai/agent/agent_service.dart:320:19: Error: Too many positional arguments: 1 allowed, but 2 found.
Try removing the extra positional arguments.
    buffer.writeln('4. **前文衔接**：如果不是第一章，是否有前文上下文可以衔接？如有，先搜索前文内�?);
                  ^
lib/core/services/ai/agent/agent_service.dart:327:19: Error: Too many positional arguments: 1 allowed, but 2 found.
Try removing the extra positional arguments.
    buffer.writeln('但如果用户已经提供了足够的信息（有明确的剧情走向和关键事件），就可以直接创建�?);
                  ^
lib/core/services/ai/agent/agent_service.dart:326:19: Error: Too many positional arguments: 1 allowed, but 2 found.
Try removing the extra positional arguments.
    buffer.writeln('如果用户给了一句话剧情但缺少细节，你可以主动建议补充冲突点、情感转折、悬念钩子等，让章节更丰满�?);
                  ^
lib/core/services/ai/agent/agent_service.dart:325:19: Error: Too many positional arguments: 1 allowed, but 2 found.
Try removing the extra positional arguments.
    buffer.writeln('你应该礼貌地追问关键信息，例如：本章主要事件、涉及角色、情感基调、是否需要结尾钩子等�?);
                  ^
lib/core/services/ai/agent/agent_service.dart:324:19: Error: Too many positional arguments: 1 allowed, but 2 found.
Try removing the extra positional arguments.
    buffer.writeln('如果用户信息不足（如只说"帮我写一�?或剧情过于单薄），不要盲目创建�?);
                  ^
lib/core/services/ai/agent/agent_service.dart:329:19: Error: Too many positional arguments: 1 allowed, but 2 found.
Try removing the extra positional arguments.
    buffer.writeln('## 创建作品时的主题/世界观处理规�?);
                  ^
lib/core/services/ai/agent/agent_service.dart:331:19: Error: Too many positional arguments: 1 allowed, but 2 found.
Try removing the extra positional arguments.
    buffer.writeln('1. 先调�?create_work 创建作品（name 为作品名称，将主题关键词写入 type 字段�?);
                  ^
lib/core/services/ai/agent/agent_service.dart:333:19: Error: Too many positional arguments: 1 allowed, but 2 found.
Try removing the extra positional arguments.
    buffer.writeln('   - title: 「{作品名} 世界观设定�?);
                  ^
lib/core/services/ai/agent/agent_service.dart:337:19: Error: Too many positional arguments: 1 allowed, but 2 found.
Try removing the extra positional arguments.
    buffer.writeln('     �?核心设定与规则体�?);
                  ^
lib/core/services/ai/agent/agent_service.dart:342:19: Error: Too many positional arguments: 1 allowed, but 2 found.
Try removing the extra positional arguments.
    buffer.writeln('   - tags: 提取 3-5 个相关标�?);
                  ^
lib/core/services/ai/agent/agent_service.dart:341:19: Error: Too many positional arguments: 1 allowed, but 2 found.
Try removing the extra positional arguments.
    buffer.writeln('     �?常见剧情模式与套�?);
                  ^
lib/core/services/ai/agent/agent_service.dart:340:19: Error: Too many positional arguments: 1 allowed, but 2 found.
Try removing the extra positional arguments.
    buffer.writeln('     �?典型场景与氛围描�?);
                  ^
lib/core/services/ai/agent/agent_service.dart:339:19: Error: Too many positional arguments: 1 allowed, but 2 found.
Try removing the extra positional arguments.
    buffer.writeln('     �?世界背景与历史概�?);
                  ^
00:09 +1 -10: loading C:/Users/changw98/dev/writing_assistant/test/unit/core/services/ai/agent/agent_service_test.dart [E]
  Failed to load "C:/Users/changw98/dev/writing_assistant/test/unit/core/services/ai/agent/agent_service_test.dart":
  Compilation failed for testPath=C:/Users/changw98/dev/writing_assistant/test/unit/core/services/ai/agent/agent_service_test.dart: lib/core/services/ai/agent/agent_service.dart:132:35: Error: String starting with ' must end with '.
          controller.add(AgentError('没有可用的工�?));
                                    ^^^^^^^^^^^^
  lib/core/services/ai/agent/agent_service.dart:132:34: Error: Can't find ')' to match '('.
          controller.add(AgentError('没有可用的工�?));
                                   ^
  lib/core/services/ai/agent/agent_service.dart:132:23: Error: Can't find ')' to match '('.
          controller.add(AgentError('没有可用的工�?));
                        ^
  lib/core/services/ai/agent/agent_service.dart:200:53: Error: String starting with ' must end with '.
                  ToolResult.fail('工具 ${toolCall.name} 不存�?),
                                                      ^^^^^^^
  lib/core/services/ai/agent/agent_service.dart:204:50: Error: String starting with ' must end with '.
                  content: '错误: 工具 ${toolCall.name} 不存�?,
                                                   ^^^^^^
  lib/core/services/ai/agent/agent_service.dart:199:29: Error: Can't find ')' to match '('.
                controller.add(AgentObservation(
                              ^
  lib/core/services/ai/agent/agent_service.dart:286:20: Error: String starting with ' must end with '.
      buffer.writeln('你是一位专业的小说写作助手 Agent�?);
                     ^^^^^^^^^^^^^^^^^^^^^^^^
  lib/core/services/ai/agent/agent_service.dart:287:20: Error: String starting with ' must end with '.
      buffer.writeln('你可以使用工具来完成任务，也可以直接回复用户�?);
                     ^^^^^^^^^^^^^^^^^^^^^^^^^^^
  lib/core/services/ai/agent/agent_service.dart:291:22: Error: String starting with ' must end with '.
        buffer.writeln('当前没有选中作品。如果用户需要操作特定作品（如创建章节、角色等），请先调用 list_works 查看所有作品并获取�?ID�?);
                       ^^^^^^^^^^^^^^^^^^^^^^^^^^^^^^^^^^^^^^^^^^^^^^^^^^^^^^^^^^^^^^^^^^^
  lib/core/services/ai/agent/agent_service.dart:291:21: Error: Can't find ')' to match '('.
        buffer.writeln('当前没有选中作品。如果用户需要操作特定作品（如创建章节、角色等），请先调用 list_works 查看所有作品并获取�?ID�?);
                      ^
  lib/core/services/ai/agent/agent_service.dart:294:20: Error: String starting with ' must end with '.
      buffer.writeln('工作流程�?);
                     ^^^^^^^^^
  lib/core/services/ai/agent/agent_service.dart:295:20: Error: String starting with ' must end with '.
      buffer.writeln('1. 分析用户需�?);
                     ^^^^^^^^^^^^^
  lib/core/services/ai/agent/agent_service.dart:298:20: Error: String starting with ' must end with '.
      buffer.writeln('4. 如果需要检查问题，调用分析/一致性检查工�?);
                     ^^^^^^^^^^^^^^^^^^^^^^^^^^^^
  lib/core/services/ai/agent/agent_service.dart:299:20: Error: String starting with ' must end with '.
      buffer.writeln('5. 综合结果，给出最终回�?);
                     ^^^^^^^^^^^^^^^^^^
  lib/core/services/ai/agent/agent_service.dart:301:20: Error: String starting with ' must end with '.
      buffer.writeln('注意事项�?);
                     ^^^^^^^^^
  lib/core/services/ai/agent/agent_service.dart:302:20: Error: String starting with ' must end with '.
      buffer.writeln('- 每次只调用一个工�?);
                     ^^^^^^^^^^^^^^^
  lib/core/services/ai/agent/agent_service.dart:304:20: Error: String starting with ' must end with '.
      buffer.writeln('- 如果信息不足，先搜索再行�?);
                     ^^^^^^^^^^^^^^^^^^^
  lib/core/services/ai/agent/agent_service.dart:305:20: Error: String starting with ' must end with '.
      buffer.writeln('- 最终回复必须是完整的中文内�?);
                     ^^^^^^^^^^^^^^^^^^^^
  lib/core/services/ai/agent/agent_service.dart:307:20: Error: String starting with ' must end with '.
      buffer.writeln('当用户要求创建角色、地点、物品、势力、关系、作品、卷、章节或素材时，请直接调用对应的 create_* 工具�?);
                     ^^^^^^^^^^^^^^^^^^^^^^^^^^^^^^^^^^^^^^^^^^^^^^^^^^^^^^^^^^^
  lib/core/services/ai/agent/agent_service.dart:308:20: Error: String starting with ' must end with '.
      buffer.writeln('创建实体后，用自然语言向用户确认创建结果�?);
                     ^^^^^^^^^^^^^^^^^^^^^^^^^
  lib/core/services/ai/agent/agent_service.dart:310:20: Error: String starting with ' must end with '.
      buffer.writeln('## 创建章节的完整流�?);
                     ^^^^^^^^^^^^^^^^
  lib/core/services/ai/agent/agent_service.dart:311:20: Error: String starting with ' must end with '.
      buffer.writeln('调用 create_chapter 时，必须�?content 参数中传入完整的章节正文内容�?);
                     ^^^^^^^^^^^^^^^^^^^^^^^^^^^^^^^^^^^^^^^^^^^^^^^^^^^
  lib/core/services/ai/agent/agent_service.dart:312:20: Error: String starting with ' must end with '.
      buffer.writeln('不要创建空章节！content 参数是必填的�?);
                     ^^^^^^^^^^^^^^^^^^^^^^^^^^^
  lib/core/services/ai/agent/agent_service.dart:313:20: Error: String starting with ' must end with '.
      buffer.writeln('你需要在调用工具前先构思好章节内容，然后一次性传入�?);
                     ^^^^^^^^^^^^^^^^^^^^^^^^^^^^^^
  lib/core/services/ai/agent/agent_service.dart:317:20: Error: String starting with ' must end with '.
      buffer.writeln('1. **剧情内容**：用户是否描述了本章要发生什么事？如果只�?写第一�?而没给任何剧情方向，应追�?);
                     ^^^^^^^^^^^^^^^^^^^^^^^^^^^^^^^^^^^^^^^^^^^^^^^^^^^^^^^
  lib/core/services/ai/agent/agent_service.dart:318:20: Error: String starting with ' must end with '.
      buffer.writeln('2. **节奏定位**：本章处于故事的什么位置？（开�?铺垫/高潮/过渡/结尾）是否需要提醒用户注意节�?);
                     ^^^^^^^^^^^^^^^^^^^^^^^^^^^^^^^^^^^^^^^^^^^^^^^^^^^^^^^^
  lib/core/services/ai/agent/agent_service.dart:320:20: Error: String starting with ' must end with '.
      buffer.writeln('4. **前文衔接**：如果不是第一章，是否有前文上下文可以衔接？如有，先搜索前文内�?);
                     ^^^^^^^^^^^^^^^^^^^^^^^^^^^^^^^^^^^^^^^^^^^^^^^
  lib/core/services/ai/agent/agent_service.dart:324:20: Error: String starting with ' must end with '.
      buffer.writeln('如果用户信息不足（如只说"帮我写一�?或剧情过于单薄），不要盲目创建�?);
                     ^^^^^^^^^^^^^^^^^^^^^^^^^^^^^^^^^^^^^^^
  lib/core/services/ai/agent/agent_service.dart:325:20: Error: String starting with ' must end with '.
      buffer.writeln('你应该礼貌地追问关键信息，例如：本章主要事件、涉及角色、情感基调、是否需要结尾钩子等�?);
                     ^^^^^^^^^^^^^^^^^^^^^^^^^^^^^^^^^^^^^^^^^^^^^^^
  lib/core/services/ai/agent/agent_service.dart:326:20: Error: String starting with ' must end with '.
      buffer.writeln('如果用户给了一句话剧情但缺少细节，你可以主动建议补充冲突点、情感转折、悬念钩子等，让章节更丰满�?);
                     ^^^^^^^^^^^^^^^^^^^^^^^^^^^^^^^^^^^^^^^^^^^^^^^^^^^^
  lib/core/services/ai/agent/agent_service.dart:327:20: Error: String starting with ' must end with '.
      buffer.writeln('但如果用户已经提供了足够的信息（有明确的剧情走向和关键事件），就可以直接创建�?);
                     ^^^^^^^^^^^^^^^^^^^^^^^^^^^^^^^^^^^^^^^^^^^
  lib/core/services/ai/agent/agent_service.dart:329:20: Error: String starting with ' must end with '.
      buffer.writeln('## 创建作品时的主题/世界观处理规�?);
                     ^^^^^^^^^^^^^^^^^^^^^^^
  lib/core/services/ai/agent/agent_service.dart:331:20: Error: String starting with ' must end with '.
      buffer.writeln('1. 先调�?create_work 创建作品（name 为作品名称，将主题关键词写入 type 字段�?);
                     ^^^^^^^^^^^^^^^^^^^^^^^^^^^^^^^^^^^^^^^^^^^^^^^^^^^^^^^^
  lib/core/services/ai/agent/agent_service.dart:333:20: Error: String starting with ' must end with '.
      buffer.writeln('   - title: 「{作品名} 世界观设定�?);
                     ^^^^^^^^^^^^^^^^^^^^^^^^^^^^^
  lib/core/services/ai/agent/agent_service.dart:337:20: Error: String starting with ' must end with '.
      buffer.writeln('     �?核心设定与规则体�?);
                     ^^^^^^^^^^^^^^^^^^^^
  lib/core/services/ai/agent/agent_service.dart:339:20: Error: String starting with ' must end with '.
      buffer.writeln('     �?世界背景与历史概�?);
                     ^^^^^^^^^^^^^^^^^^^^
  lib/core/services/ai/agent/agent_service.dart:340:20: Error: String starting with ' must end with '.
      buffer.writeln('     �?典型场景与氛围描�?);
                     ^^^^^^^^^^^^^^^^^^^^
  lib/core/services/ai/agent/agent_service.dart:341:20: Error: String starting with ' must end with '.
      buffer.writeln('     �?常见剧情模式与套�?);
                     ^^^^^^^^^^^^^^^^^^^^
  lib/core/services/ai/agent/agent_service.dart:342:20: Error: String starting with ' must end with '.
      buffer.writeln('   - tags: 提取 3-5 个相关标�?);
                     ^^^^^^^^^^^^^^^^^^^^^^^^^^^
  lib/core/services/ai/agent/agent_service.dart:343:20: Error: String starting with ' must end with '.
      buffer.writeln('3. 用自然语言向用户确认：作品已创建，并已根据主题自动生成世界观设�?);
                     ^^^^^^^^^^^^^^^^^^^^^^^^^^^^^^^^^^^^^^^
  lib/core/services/ai/agent/agent_service.dart:343:19: Error: Can't find ')' to match '('.
      buffer.writeln('3. 用自然语言向用户确认：作品已创建，并已根据主题自动生成世界观设�?);
                    ^
  lib/core/services/ai/agent/agent_service.dart:342:19: Error: Can't find ')' to match '('.
      buffer.writeln('   - tags: 提取 3-5 个相关标�?);
                    ^
  lib/core/services/ai/agent/agent_service.dart:341:19: Error: Can't find ')' to match '('.
      buffer.writeln('     �?常见剧情模式与套�?);
                    ^
  lib/core/services/ai/agent/agent_service.dart:340:19: Error: Can't find ')' to match '('.
      buffer.writeln('     �?典型场景与氛围描�?);
                    ^
  lib/core/services/ai/agent/agent_service.dart:339:19: Error: Can't find ')' to match '('.
      buffer.writeln('     �?世界背景与历史概�?);
                    ^
  lib/core/services/ai/agent/agent_service.dart:337:19: Error: Can't find ')' to match '('.
      buffer.writeln('     �?核心设定与规则体�?);
                    ^
  lib/core/services/ai/agent/agent_service.dart:333:19: Error: Can't find ')' to match '('.
      buffer.writeln('   - title: 「{作品名} 世界观设定�?);
                    ^
  lib/core/services/ai/agent/agent_service.dart:331:19: Error: Can't find ')' to match '('.
      buffer.writeln('1. 先调�?create_work 创建作品（name 为作品名称，将主题关键词写入 type 字段�?);
                    ^
  lib/core/services/ai/agent/agent_service.dart:329:19: Error: Can't find ')' to match '('.
      buffer.writeln('## 创建作品时的主题/世界观处理规�?);
                    ^
  lib/core/services/ai/agent/agent_service.dart:327:19: Error: Can't find ')' to match '('.
      buffer.writeln('但如果用户已经提供了足够的信息（有明确的剧情走向和关键事件），就可以直接创建�?);
                    ^
  lib/core/services/ai/agent/agent_service.dart:326:19: Error: Can't find ')' to match '('.
      buffer.writeln('如果用户给了一句话剧情但缺少细节，你可以主动建议补充冲突点、情感转折、悬念钩子等，让章节更丰满�?);
                    ^
  lib/core/services/ai/agent/agent_service.dart:325:19: Error: Can't find ')' to match '('.
      buffer.writeln('你应该礼貌地追问关键信息，例如：本章主要事件、涉及角色、情感基调、是否需要结尾钩子等�?);
                    ^
  lib/core/services/ai/agent/agent_service.dart:324:19: Error: Can't find ')' to match '('.
      buffer.writeln('如果用户信息不足（如只说"帮我写一�?或剧情过于单薄），不要盲目创建�?);
                    ^
  lib/core/services/ai/agent/agent_service.dart:320:19: Error: Can't find ')' to match '('.
      buffer.writeln('4. **前文衔接**：如果不是第一章，是否有前文上下文可以衔接？如有，先搜索前文内�?);
                    ^
  lib/core/services/ai/agent/agent_service.dart:318:19: Error: Can't find ')' to match '('.
      buffer.writeln('2. **节奏定位**：本章处于故事的什么位置？（开�?铺垫/高潮/过渡/结尾）是否需要提醒用户注意节�?);
                    ^
  lib/core/services/ai/agent/agent_service.dart:317:19: Error: Can't find ')' to match '('.
      buffer.writeln('1. **剧情内容**：用户是否描述了本章要发生什么事？如果只�?写第一�?而没给任何剧情方向，应追�?);
                    ^
  lib/core/services/ai/agent/agent_service.dart:313:19: Error: Can't find ')' to match '('.
      buffer.writeln('你需要在调用工具前先构思好章节内容，然后一次性传入�?);
                    ^
  lib/core/services/ai/agent/agent_service.dart:312:19: Error: Can't find ')' to match '('.
      buffer.writeln('不要创建空章节！content 参数是必填的�?);
                    ^
  lib/core/services/ai/agent/agent_service.dart:311:19: Error: Can't find ')' to match '('.
      buffer.writeln('调用 create_chapter 时，必须�?content 参数中传入完整的章节正文内容�?);
                    ^
  lib/core/services/ai/agent/agent_service.dart:310:19: Error: Can't find ')' to match '('.
      buffer.writeln('## 创建章节的完整流�?);
                    ^
  lib/core/services/ai/agent/agent_service.dart:308:19: Error: Can't find ')' to match '('.
      buffer.writeln('创建实体后，用自然语言向用户确认创建结果�?);
                    ^
  lib/core/services/ai/agent/agent_service.dart:307:19: Error: Can't find ')' to match '('.
      buffer.writeln('当用户要求创建角色、地点、物品、势力、关系、作品、卷、章节或素材时，请直接调用对应的 create_* 工具�?);
                    ^
  lib/core/services/ai/agent/agent_service.dart:305:19: Error: Can't find ')' to match '('.
      buffer.writeln('- 最终回复必须是完整的中文内�?);
                    ^
  lib/core/services/ai/agent/agent_service.dart:304:19: Error: Can't find ')' to match '('.
      buffer.writeln('- 如果信息不足，先搜索再行�?);
                    ^
  lib/core/services/ai/agent/agent_service.dart:302:19: Error: Can't find ')' to match '('.
      buffer.writeln('- 每次只调用一个工�?);
                    ^
  lib/core/services/ai/agent/agent_service.dart:301:19: Error: Can't find ')' to match '('.
      buffer.writeln('注意事项�?);
                    ^
  lib/core/services/ai/agent/agent_service.dart:299:19: Error: Can't find ')' to match '('.
      buffer.writeln('5. 综合结果，给出最终回�?);
                    ^
  lib/core/services/ai/agent/agent_service.dart:298:19: Error: Can't find ')' to match '('.
      buffer.writeln('4. 如果需要检查问题，调用分析/一致性检查工�?);
                    ^
  lib/core/services/ai/agent/agent_service.dart:295:19: Error: Can't find ')' to match '('.
      buffer.writeln('1. 分析用户需�?);
                    ^
  lib/core/services/ai/agent/agent_service.dart:294:19: Error: Can't find ')' to match '('.
      buffer.writeln('工作流程�?);
                    ^
  lib/core/services/ai/agent/agent_service.dart:287:19: Error: Can't find ')' to match '('.
      buffer.writeln('你可以使用工具来完成任务，也可以直接回复用户�?);
                    ^
  lib/core/services/ai/agent/agent_service.dart:286:19: Error: Can't find ')' to match '('.
      buffer.writeln('你是一位专业的小说写作助手 Agent�?);
                    ^
  lib/core/services/ai/agent/agent_service.dart:133:9: Error: Expected ',' before this.
          await controller.close();
          ^^^^^
  lib/core/services/ai/agent/agent_service.dart:132:34: Error: Too many positional arguments: 1 allowed, but 2 found.
  Try removing the extra positional arguments.
          controller.add(AgentError('没有可用的工�?));
                                   ^
  lib/core/services/ai/agent/agent_service.dart:54:3: Context: Found this candidate, but the arguments don't match.
    AgentError(this.error);
    ^^^^^^^^^^
  lib/core/services/ai/agent/agent_service.dart:205:17: Error: Expected ',' before this.
                  toolCallId: toolCall.id,
                  ^^^^^^^^^^
  lib/core/services/ai/agent/agent_service.dart:287:5: Error: Expected ',' before this.
      buffer.writeln('你可以使用工具来完成任务，也可以直接回复用户�?);
      ^^^^^^
  lib/core/services/ai/agent/agent_service.dart:287:20: Error: Expected ';' after this.
      buffer.writeln('你可以使用工具来完成任务，也可以直接回复用户�?);
                     ^^^^^^^^^^^^^^^^^^^^^^^^^^^
  lib/core/services/ai/agent/agent_service.dart:291:22: Error: Expected ';' after this.
        buffer.writeln('当前没有选中作品。如果用户需要操作特定作品（如创建章节、角色等），请先调用 list_works 查看所有作品并获取�?ID�?);
                       ^^^^^^^^^^^^^^^^^^^^^^^^^^^^^^^^^^^^^^^^^^^^^^^^^^^^^^^^^^^^^^^^^^^
  lib/core/services/ai/agent/agent_service.dart:295:5: Error: Expected ',' before this.
      buffer.writeln('1. 分析用户需�?);
      ^^^^^^
  lib/core/services/ai/agent/agent_service.dart:296:5: Error: Expected ',' before this.
      buffer.writeln('2. 如果需要信息，调用搜索工具');
      ^^^^^^
  lib/core/services/ai/agent/agent_service.dart:299:5: Error: Expected ',' before this.
      buffer.writeln('5. 综合结果，给出最终回�?);
      ^^^^^^
  lib/core/services/ai/agent/agent_service.dart:300:5: Error: Expected ',' before this.
      buffer.writeln();
      ^^^^^^
  lib/core/services/ai/agent/agent_service.dart:302:5: Error: Expected ',' before this.
      buffer.writeln('- 每次只调用一个工�?);
      ^^^^^^
  lib/core/services/ai/agent/agent_service.dart:303:5: Error: Expected ',' before this.
      buffer.writeln('- 如果不知道作�?ID 或卷 ID，先调用 list_works / list_volumes 获取');
      ^^^^^^
  lib/core/services/ai/agent/agent_service.dart:305:5: Error: Expected ',' before this.
      buffer.writeln('- 最终回复必须是完整的中文内�?);
      ^^^^^^
  lib/core/services/ai/agent/agent_service.dart:306:5: Error: Expected ',' before this.
      buffer.writeln();
      ^^^^^^
  lib/core/services/ai/agent/agent_service.dart:308:5: Error: Expected ',' before this.
      buffer.writeln('创建实体后，用自然语言向用户确认创建结果�?);
      ^^^^^^
  lib/core/services/ai/agent/agent_service.dart:309:5: Error: Expected ',' before this.
      buffer.writeln();
      ^^^^^^
  lib/core/services/ai/agent/agent_service.dart:311:5: Error: Expected ',' before this.
      buffer.writeln('调用 create_chapter 时，必须�?content 参数中传入完整的章节正文内容�?);
      ^^^^^^
  lib/core/services/ai/agent/agent_service.dart:312:5: Error: Expected ',' before this.
      buffer.writeln('不要创建空章节！content 参数是必填的�?);
      ^^^^^^
  lib/core/services/ai/agent/agent_service.dart:313:5: Error: Expected ',' before this.
      buffer.writeln('你需要在调用工具前先构思好章节内容，然后一次性传入�?);
      ^^^^^^
  lib/core/services/ai/agent/agent_service.dart:314:5: Error: Expected ',' before this.
      buffer.writeln();
      ^^^^^^
  lib/core/services/ai/agent/agent_service.dart:318:5: Error: Expected ',' before this.
      buffer.writeln('2. **节奏定位**：本章处于故事的什么位置？（开�?铺垫/高潮/过渡/结尾）是否需要提醒用户注意节�?);
      ^^^^^^
  lib/core/services/ai/agent/agent_service.dart:319:5: Error: Expected ',' before this.
      buffer.writeln('3. **钩子/悬念**：本章结尾是否需要留下悬念或钩子引导读者继续阅读？');
      ^^^^^^
  lib/core/services/ai/agent/agent_service.dart:321:5: Error: Expected ',' before this.
      buffer.writeln('5. **事件丰富�?*：用户提供的剧情是否足够展开为一整章？是否只有一句话概括而缺少具体事件、冲突、转折？');
      ^^^^^^
  lib/core/services/ai/agent/agent_service.dart:325:5: Error: Expected ',' before this.
      buffer.writeln('你应该礼貌地追问关键信息，例如：本章主要事件、涉及角色、情感基调、是否需要结尾钩子等�?);
      ^^^^^^
  lib/core/services/ai/agent/agent_service.dart:326:5: Error: Expected ',' before this.
      buffer.writeln('如果用户给了一句话剧情但缺少细节，你可以主动建议补充冲突点、情感转折、悬念钩子等，让章节更丰满�?);
      ^^^^^^
  lib/core/services/ai/agent/agent_service.dart:327:5: Error: Expected ',' before this.
      buffer.writeln('但如果用户已经提供了足够的信息（有明确的剧情走向和关键事件），就可以直接创建�?);
      ^^^^^^
  lib/core/services/ai/agent/agent_service.dart:328:5: Error: Expected ',' before this.
      buffer.writeln();
      ^^^^^^
  lib/core/services/ai/agent/agent_service.dart:330:5: Error: Expected ',' before this.
      buffer.writeln('当用户创建作品并附带「主题」「题材」「类型」「世界观」「风格」等描述时，你必须执行以下步骤：');
      ^^^^^^
  lib/core/services/ai/agent/agent_service.dart:332:5: Error: Expected ',' before this.
      buffer.writeln('2. 紧接着调用 create_inspiration，参数如下：');
      ^^^^^^
  lib/core/services/ai/agent/agent_service.dart:334:5: Error: Expected ',' before this.
      buffer.writeln('   - category: "worldbuilding"');
      ^^^^^^
  lib/core/services/ai/agent/agent_service.dart:338:5: Error: Expected ',' before this.
      buffer.writeln('     �?力量体系/等级划分');
      ^^^^^^
  lib/core/services/ai/agent/agent_service.dart:340:5: Error: Expected ',' before this.
      buffer.writeln('     �?典型场景与氛围描�?);
      ^^^^^^
  lib/core/services/ai/agent/agent_service.dart:341:5: Error: Expected ',' before this.
      buffer.writeln('     �?常见剧情模式与套�?);
      ^^^^^^
  lib/core/services/ai/agent/agent_service.dart:342:5: Error: Expected ',' before this.
      buffer.writeln('   - tags: 提取 3-5 个相关标�?);
      ^^^^^^
  lib/core/services/ai/agent/agent_service.dart:343:5: Error: Expected ',' before this.
      buffer.writeln('3. 用自然语言向用户确认：作品已创建，并已根据主题自动生成世界观设�?);
      ^^^^^^
  lib/core/services/ai/agent/agent_service.dart:343:20: Error: Expected ';' after this.
      buffer.writeln('3. 用自然语言向用户确认：作品已创建，并已根据主题自动生成世界观设�?);
                     ^^^^^^^^^^^^^^^^^^^^^^^^^^^^^^^^^^^^^^^
  lib/core/services/ai/agent/agent_service.dart:286:19: Error: Too many positional arguments: 1 allowed, but 2 found.
  Try removing the extra positional arguments.
      buffer.writeln('你是一位专业的小说写作助手 Agent�?);
                    ^
  lib/core/services/ai/agent/agent_service.dart:295:19: Error: Too many positional arguments: 1 allowed, but 2 found.
  Try removing the extra positional arguments.
      buffer.writeln('1. 分析用户需�?);
                    ^
  lib/core/services/ai/agent/agent_service.dart:294:19: Error: Too many positional arguments: 1 allowed, but 2 found.
  Try removing the extra positional arguments.
      buffer.writeln('工作流程�?);
                    ^
  lib/core/services/ai/agent/agent_service.dart:299:19: Error: Too many positional arguments: 1 allowed, but 2 found.
  Try removing the extra positional arguments.
      buffer.writeln('5. 综合结果，给出最终回�?);
                    ^
  lib/core/services/ai/agent/agent_service.dart:298:19: Error: Too many positional arguments: 1 allowed, but 2 found.
  Try removing the extra positional arguments.
      buffer.writeln('4. 如果需要检查问题，调用分析/一致性检查工�?);
                    ^
  lib/core/services/ai/agent/agent_service.dart:302:19: Error: Too many positional arguments: 1 allowed, but 2 found.
  Try removing the extra positional arguments.
      buffer.writeln('- 每次只调用一个工�?);
                    ^
  lib/core/services/ai/agent/agent_service.dart:301:19: Error: Too many positional arguments: 1 allowed, but 2 found.
  Try removing the extra positional arguments.
      buffer.writeln('注意事项�?);
                    ^
  lib/core/services/ai/agent/agent_service.dart:305:19: Error: Too many positional arguments: 1 allowed, but 2 found.
  Try removing the extra positional arguments.
      buffer.writeln('- 最终回复必须是完整的中文内�?);
                    ^
  lib/core/services/ai/agent/agent_service.dart:304:19: Error: Too many positional arguments: 1 allowed, but 2 found.
  Try removing the extra positional arguments.
      buffer.writeln('- 如果信息不足，先搜索再行�?);
                    ^
  lib/core/services/ai/agent/agent_service.dart:308:19: Error: Too many positional arguments: 1 allowed, but 2 found.
  Try removing the extra positional arguments.
      buffer.writeln('创建实体后，用自然语言向用户确认创建结果�?);
                    ^
  lib/core/services/ai/agent/agent_service.dart:307:19: Error: Too many positional arguments: 1 allowed, but 2 found.
  Try removing the extra positional arguments.
      buffer.writeln('当用户要求创建角色、地点、物品、势力、关系、作品、卷、章节或素材时，请直接调用对应的 create_* 工具�?);
                    ^
  lib/core/services/ai/agent/agent_service.dart:313:19: Error: Too many positional arguments: 1 allowed, but 2 found.
  Try removing the extra positional arguments.
      buffer.writeln('你需要在调用工具前先构思好章节内容，然后一次性传入�?);
                    ^
  lib/core/services/ai/agent/agent_service.dart:312:19: Error: Too many positional arguments: 1 allowed, but 2 found.
  Try removing the extra positional arguments.
      buffer.writeln('不要创建空章节！content 参数是必填的�?);
                    ^
  lib/core/services/ai/agent/agent_service.dart:311:19: Error: Too many positional arguments: 1 allowed, but 2 found.
  Try removing the extra positional arguments.
      buffer.writeln('调用 create_chapter 时，必须�?content 参数中传入完整的章节正文内容�?);
                    ^
  lib/core/services/ai/agent/agent_service.dart:310:19: Error: Too many positional arguments: 1 allowed, but 2 found.
  Try removing the extra positional arguments.
      buffer.writeln('## 创建章节的完整流�?);
                    ^
  lib/core/services/ai/agent/agent_service.dart:318:19: Error: Too many positional arguments: 1 allowed, but 2 found.
  Try removing the extra positional arguments.
      buffer.writeln('2. **节奏定位**：本章处于故事的什么位置？（开�?铺垫/高潮/过渡/结尾）是否需要提醒用户注意节�?);
                    ^
  lib/core/services/ai/agent/agent_service.dart:317:19: Error: Too many positional arguments: 1 allowed, but 2 found.
  Try removing the extra positional arguments.
      buffer.writeln('1. **剧情内容**：用户是否描述了本章要发生什么事？如果只�?写第一�?而没给任何剧情方向，应追�?);
                    ^
  lib/core/services/ai/agent/agent_service.dart:320:19: Error: Too many positional arguments: 1 allowed, but 2 found.
  Try removing the extra positional arguments.
      buffer.writeln('4. **前文衔接**：如果不是第一章，是否有前文上下文可以衔接？如有，先搜索前文内�?);
                    ^
  lib/core/services/ai/agent/agent_service.dart:327:19: Error: Too many positional arguments: 1 allowed, but 2 found.
  Try removing the extra positional arguments.
      buffer.writeln('但如果用户已经提供了足够的信息（有明确的剧情走向和关键事件），就可以直接创建�?);
                    ^
  lib/core/services/ai/agent/agent_service.dart:326:19: Error: Too many positional arguments: 1 allowed, but 2 found.
  Try removing the extra positional arguments.
      buffer.writeln('如果用户给了一句话剧情但缺少细节，你可以主动建议补充冲突点、情感转折、悬念钩子等，让章节更丰满�?);
                    ^
  lib/core/services/ai/agent/agent_service.dart:325:19: Error: Too many positional arguments: 1 allowed, but 2 found.
  Try removing the extra positional arguments.
      buffer.writeln('你应该礼貌地追问关键信息，例如：本章主要事件、涉及角色、情感基调、是否需要结尾钩子等�?);
                    ^
  lib/core/services/ai/agent/agent_service.dart:324:19: Error: Too many positional arguments: 1 allowed, but 2 found.
  Try removing the extra positional arguments.
      buffer.writeln('如果用户信息不足（如只说"帮我写一�?或剧情过于单薄），不要盲目创建�?);
                    ^
  lib/core/services/ai/agent/agent_service.dart:329:19: Error: Too many positional arguments: 1 allowed, but 2 found.
  Try removing the extra positional arguments.
      buffer.writeln('## 创建作品时的主题/世界观处理规�?);
                    ^
  lib/core/services/ai/agent/agent_service.dart:331:19: Error: Too many positional arguments: 1 allowed, but 2 found.
  Try removing the extra positional arguments.
      buffer.writeln('1. 先调�?create_work 创建作品（name 为作品名称，将主题关键词写入 type 字段�?);
                    ^
  lib/core/services/ai/agent/agent_service.dart:333:19: Error: Too many positional arguments: 1 allowed, but 2 found.
  Try removing the extra positional arguments.
      buffer.writeln('   - title: 「{作品名} 世界观设定�?);
                    ^
  lib/core/services/ai/agent/agent_service.dart:337:19: Error: Too many positional arguments: 1 allowed, but 2 found.
  Try removing the extra positional arguments.
      buffer.writeln('     �?核心设定与规则体�?);
                    ^
  lib/core/services/ai/agent/agent_service.dart:342:19: Error: Too many positional arguments: 1 allowed, but 2 found.
  Try removing the extra positional arguments.
      buffer.writeln('   - tags: 提取 3-5 个相关标�?);
                    ^
  lib/core/services/ai/agent/agent_service.dart:341:19: Error: Too many positional arguments: 1 allowed, but 2 found.
  Try removing the extra positional arguments.
      buffer.writeln('     �?常见剧情模式与套�?);
                    ^
  lib/core/services/ai/agent/agent_service.dart:340:19: Error: Too many positional arguments: 1 allowed, but 2 found.
  Try removing the extra positional arguments.
      buffer.writeln('     �?典型场景与氛围描�?);
                    ^
  lib/core/services/ai/agent/agent_service.dart:339:19: Error: Too many positional arguments: 1 allowed, but 2 found.
  Try removing the extra positional arguments.
      buffer.writeln('     �?世界背景与历史概�?);
                    ^
  .
00:10 +2 -10: C:/Users/changw98/dev/writing_assistant/test/integration/full_novel_test.dart: 完整小说创作（AI 生成 + 真实 DB） 清空数据库 → AI 生成完整小说 → 写入 DB → 客户端可见
00:10 +3 -10: C:/Users/changw98/dev/writing_assistant/test/integration/full_novel_test.dart: 完整小说创作（AI 生成 + 真实 DB） 清空数据库 → AI 生成完整小说 → 写入 DB → 客户端可见
00:10 +4 -10: C:/Users/changw98/dev/writing_assistant/test/integration/full_novel_test.dart: 完整小说创作（AI 生成 + 真实 DB） 清空数据库 → AI 生成完整小说 → 写入 DB → 客户端可见
00:10 +5 -10: C:/Users/changw98/dev/writing_assistant/test/integration/full_novel_test.dart: 完整小说创作（AI 生成 + 真实 DB） 清空数据库 → AI 生成完整小说 → 写入 DB → 客户端可见
00:10 +6 -10: C:/Users/changw98/dev/writing_assistant/test/integration/full_novel_test.dart: 完整小说创作（AI 生成 + 真实 DB） 清空数据库 → AI 生成完整小说 → 写入 DB → 客户端可见
00:10 +7 -10: C:/Users/changw98/dev/writing_assistant/test/integration/full_novel_test.dart: 完整小说创作（AI 生成 + 真实 DB） 清空数据库 → AI 生成完整小说 → 写入 DB → 客户端可见
00:10 +8 -10: C:/Users/changw98/dev/writing_assistant/test/integration/full_novel_test.dart: 完整小说创作（AI 生成 + 真实 DB） 清空数据库 → AI 生成完整小说 → 写入 DB → 客户端可见
00:10 +9 -10: C:/Users/changw98/dev/writing_assistant/test/integration/full_novel_test.dart: 完整小说创作（AI 生成 + 真实 DB） 清空数据库 → AI 生成完整小说 → 写入 DB → 客户端可见
00:10 +10 -10: C:/Users/changw98/dev/writing_assistant/test/integration/full_novel_test.dart: 完整小说创作（AI 生成 + 真实 DB） 清空数据库 → AI 生成完整小说 → 写入 DB → 客户端可见
00:10 +11 -10: C:/Users/changw98/dev/writing_assistant/test/integration/full_novel_test.dart: 完整小说创作（AI 生成 + 真实 DB） 清空数据库 → AI 生成完整小说 → 写入 DB → 客户端可见
00:10 +12 -10: C:/Users/changw98/dev/writing_assistant/test/integration/full_novel_test.dart: 完整小说创作（AI 生成 + 真实 DB） 清空数据库 → AI 生成完整小说 → 写入 DB → 客户端可见
00:10 +13 -10: C:/Users/changw98/dev/writing_assistant/test/integration/full_novel_test.dart: 完整小说创作（AI 生成 + 真实 DB） 清空数据库 → AI 生成完整小说 → 写入 DB → 客户端可见
00:10 +14 -10: C:/Users/changw98/dev/writing_assistant/test/integration/full_novel_test.dart: 完整小说创作（AI 生成 + 真实 DB） 清空数据库 → AI 生成完整小说 → 写入 DB → 客户端可见
00:10 +14 -11: C:/Users/changw98/dev/writing_assistant/test/integration/full_novel_test.dart: 完整小说创作（AI 生成 + 真实 DB） 清空数据库 → AI 生成完整小说 → 写入 DB → 客户端可见
00:10 +14 -11: C:/Users/changw98/dev/writing_assistant/test/unit/core/services/ai/tools/create_tools_test.dart: CreateChapterTool execute succeeds with valid input [E]
  type '(String, String, String, {int sortOrder}) => Future<({String id, String title})>' is not a subtype of type '(String, String, String, {String? content, int sortOrder}) => Future<({String id, String title})>'
  package:writing_assistant/core/services/ai/tools/create_chapter_tool.dart 14:54  new CreateChapterTool
  test\unit\core\services\ai\tools\create_tools_test.dart 142:20                   main.<fn>.<fn>
  
00:10 +14 -12: C:/Users/changw98/dev/writing_assistant/test/integration/full_novel_test.dart: 完整小说创作（AI 生成 + 真实 DB） 清空数据库 → AI 生成完整小说 → 写入 DB → 客户端可见
00:10 +14 -12: C:/Users/changw98/dev/writing_assistant/test/unit/core/services/ai/tools/create_tools_test.dart: CreateChapterTool execute fails without volume_id [E]
  type '(String, String, String, {int sortOrder}) => Future<({String id, String title})>' is not a subtype of type '(String, String, String, {String? content, int sortOrder}) => Future<({String id, String title})>'
  package:writing_assistant/core/services/ai/tools/create_chapter_tool.dart 14:54  new CreateChapterTool
  test\unit\core\services\ai\tools\create_tools_test.dart 156:20                   main.<fn>.<fn>
  
00:10 +15 -12: C:/Users/changw98/dev/writing_assistant/test/integration/full_novel_test.dart: 完整小说创作（AI 生成 + 真实 DB） 清空数据库 → AI 生成完整小说 → 写入 DB → 客户端可见
00:10 +16 -12: C:/Users/changw98/dev/writing_assistant/test/integration/full_novel_test.dart: 完整小说创作（AI 生成 + 真实 DB） 清空数据库 → AI 生成完整小说 → 写入 DB → 客户端可见
00:10 +17 -12: C:/Users/changw98/dev/writing_assistant/test/integration/full_novel_test.dart: 完整小说创作（AI 生成 + 真实 DB） 清空数据库 → AI 生成完整小说 → 写入 DB → 客户端可见
00:11 +18 -12: C:/Users/changw98/dev/writing_assistant/test/integration/full_novel_test.dart: 完整小说创作（AI 生成 + 真实 DB） 清空数据库 → AI 生成完整小说 → 写入 DB → 客户端可见
00:11 +19 -12: C:/Users/changw98/dev/writing_assistant/test/integration/full_novel_test.dart: 完整小说创作（AI 生成 + 真实 DB） 清空数据库 → AI 生成完整小说 → 写入 DB → 客户端可见
00:11 +20 -12: C:/Users/changw98/dev/writing_assistant/test/integration/full_novel_test.dart: 完整小说创作（AI 生成 + 真实 DB） 清空数据库 → AI 生成完整小说 → 写入 DB → 客户端可见
00:11 +21 -12: C:/Users/changw98/dev/writing_assistant/test/integration/full_novel_test.dart: 完整小说创作（AI 生成 + 真实 DB） 清空数据库 → AI 生成完整小说 → 写入 DB → 客户端可见
00:11 +22 -12: C:/Users/changw98/dev/writing_assistant/test/integration/full_novel_test.dart: 完整小说创作（AI 生成 + 真实 DB） 清空数据库 → AI 生成完整小说 → 写入 DB → 客户端可见
00:11 +23 -12: C:/Users/changw98/dev/writing_assistant/test/integration/full_novel_test.dart: 完整小说创作（AI 生成 + 真实 DB） 清空数据库 → AI 生成完整小说 → 写入 DB → 客户端可见
00:11 +24 -12: C:/Users/changw98/dev/writing_assistant/test/integration/full_novel_test.dart: 完整小说创作（AI 生成 + 真实 DB） 清空数据库 → AI 生成完整小说 → 写入 DB → 客户端可见
00:11 +25 -12: C:/Users/changw98/dev/writing_assistant/test/integration/full_novel_test.dart: 完整小说创作（AI 生成 + 真实 DB） 清空数据库 → AI 生成完整小说 → 写入 DB → 客户端可见
00:11 +26 -12: C:/Users/changw98/dev/writing_assistant/test/integration/full_novel_test.dart: 完整小说创作（AI 生成 + 真实 DB） 清空数据库 → AI 生成完整小说 → 写入 DB → 客户端可见
00:11 +27 -12: C:/Users/changw98/dev/writing_assistant/test/integration/full_novel_test.dart: 完整小说创作（AI 生成 + 真实 DB） 清空数据库 → AI 生成完整小说 → 写入 DB → 客户端可见
00:11 +28 -12: C:/Users/changw98/dev/writing_assistant/test/integration/full_novel_test.dart: 完整小说创作（AI 生成 + 真实 DB） 清空数据库 → AI 生成完整小说 → 写入 DB → 客户端可见
00:11 +29 -12: C:/Users/changw98/dev/writing_assistant/test/integration/full_novel_test.dart: 完整小说创作（AI 生成 + 真实 DB） 清空数据库 → AI 生成完整小说 → 写入 DB → 客户端可见
00:11 +30 -12: C:/Users/changw98/dev/writing_assistant/test/integration/full_novel_test.dart: 完整小说创作（AI 生成 + 真实 DB） 清空数据库 → AI 生成完整小说 → 写入 DB → 客户端可见
00:11 +31 -12: C:/Users/changw98/dev/writing_assistant/test/integration/full_novel_test.dart: 完整小说创作（AI 生成 + 真实 DB） 清空数据库 → AI 生成完整小说 → 写入 DB → 客户端可见
00:11 +32 -12: C:/Users/changw98/dev/writing_assistant/test/integration/full_novel_test.dart: 完整小说创作（AI 生成 + 真实 DB） 清空数据库 → AI 生成完整小说 → 写入 DB → 客户端可见
00:11 +33 -12: C:/Users/changw98/dev/writing_assistant/test/integration/full_novel_test.dart: 完整小说创作（AI 生成 + 真实 DB） 清空数据库 → AI 生成完整小说 → 写入 DB → 客户端可见
00:11 +34 -12: C:/Users/changw98/dev/writing_assistant/test/integration/full_novel_test.dart: 完整小说创作（AI 生成 + 真实 DB） 清空数据库 → AI 生成完整小说 → 写入 DB → 客户端可见
00:11 +35 -12: C:/Users/changw98/dev/writing_assistant/test/integration/full_novel_test.dart: 完整小说创作（AI 生成 + 真实 DB） 清空数据库 → AI 生成完整小说 → 写入 DB → 客户端可见
00:11 +36 -12: C:/Users/changw98/dev/writing_assistant/test/integration/full_novel_test.dart: 完整小说创作（AI 生成 + 真实 DB） 清空数据库 → AI 生成完整小说 → 写入 DB → 客户端可见
00:11 +36 -13: C:/Users/changw98/dev/writing_assistant/test/integration/full_novel_test.dart: 完整小说创作（AI 生成 + 真实 DB） 清空数据库 → AI 生成完整小说 → 写入 DB → 客户端可见
00:11 +36 -13: C:/Users/changw98/dev/writing_assistant/test/unit/core/services/ai/tools/update_chapter_content_tool_test.dart: returns failure when content does not pass hook safety gate [E]
  Expected: false
    Actual: <true>
  
  package:matcher                                                              expect
  package:flutter_test/src/widget_tester.dart 473:18                           expect
  test\unit\core\services\ai\tools\update_chapter_content_tool_test.dart 39:5  main.<fn>
  
lib/core/services/ai/agent/agent_service.dart:132:35: Error: String starting with ' must end with '.
        controller.add(AgentError('没有可用的工�?));
                                  ^^^^^^^^^^^^
lib/core/services/ai/agent/agent_service.dart:132:34: Error: Can't find ')' to match '('.
        controller.add(AgentError('没有可用的工�?));
                                 ^
lib/core/services/ai/agent/agent_service.dart:132:23: Error: Can't find ')' to match '('.
        controller.add(AgentError('没有可用的工�?));
                      ^
lib/core/services/ai/agent/agent_service.dart:200:53: Error: String starting with ' must end with '.
                ToolResult.fail('工具 ${toolCall.name} 不存�?),
                                                    ^^^^^^^
lib/core/services/ai/agent/agent_service.dart:204:50: Error: String starting with ' must end with '.
                content: '错误: 工具 ${toolCall.name} 不存�?,
                                                 ^^^^^^
lib/core/services/ai/agent/agent_service.dart:199:29: Error: Can't find ')' to match '('.
              controller.add(AgentObservation(
                            ^
lib/core/services/ai/agent/agent_service.dart:286:20: Error: String starting with ' must end with '.
    buffer.writeln('你是一位专业的小说写作助手 Agent�?);
                   ^^^^^^^^^^^^^^^^^^^^^^^^
lib/core/services/ai/agent/agent_service.dart:287:20: Error: String starting with ' must end with '.
    buffer.writeln('你可以使用工具来完成任务，也可以直接回复用户�?);
                   ^^^^^^^^^^^^^^^^^^^^^^^^^^^
lib/core/services/ai/agent/agent_service.dart:291:22: Error: String starting with ' must end with '.
      buffer.writeln('当前没有选中作品。如果用户需要操作特定作品（如创建章节、角色等），请先调用 list_works 查看所有作品并获取�?ID�?);
                     ^^^^^^^^^^^^^^^^^^^^^^^^^^^^^^^^^^^^^^^^^^^^^^^^^^^^^^^^^^^^^^^^^^^
lib/core/services/ai/agent/agent_service.dart:291:21: Error: Can't find ')' to match '('.
      buffer.writeln('当前没有选中作品。如果用户需要操作特定作品（如创建章节、角色等），请先调用 list_works 查看所有作品并获取�?ID�?);
                    ^
lib/core/services/ai/agent/agent_service.dart:294:20: Error: String starting with ' must end with '.
    buffer.writeln('工作流程�?);
                   ^^^^^^^^^
lib/core/services/ai/agent/agent_service.dart:295:20: Error: String starting with ' must end with '.
    buffer.writeln('1. 分析用户需�?);
                   ^^^^^^^^^^^^^
lib/core/services/ai/agent/agent_service.dart:298:20: Error: String starting with ' must end with '.
    buffer.writeln('4. 如果需要检查问题，调用分析/一致性检查工�?);
                   ^^^^^^^^^^^^^^^^^^^^^^^^^^^^
lib/core/services/ai/agent/agent_service.dart:299:20: Error: String starting with ' must end with '.
    buffer.writeln('5. 综合结果，给出最终回�?);
                   ^^^^^^^^^^^^^^^^^^
lib/core/services/ai/agent/agent_service.dart:301:20: Error: String starting with ' must end with '.
    buffer.writeln('注意事项�?);
                   ^^^^^^^^^
lib/core/services/ai/agent/agent_service.dart:302:20: Error: String starting with ' must end with '.
    buffer.writeln('- 每次只调用一个工�?);
                   ^^^^^^^^^^^^^^^
lib/core/services/ai/agent/agent_service.dart:304:20: Error: String starting with ' must end with '.
    buffer.writeln('- 如果信息不足，先搜索再行�?);
                   ^^^^^^^^^^^^^^^^^^^
lib/core/services/ai/agent/agent_service.dart:305:20: Error: String starting with ' must end with '.
    buffer.writeln('- 最终回复必须是完整的中文内�?);
                   ^^^^^^^^^^^^^^^^^^^^
lib/core/services/ai/agent/agent_service.dart:307:20: Error: String starting with ' must end with '.
    buffer.writeln('当用户要求创建角色、地点、物品、势力、关系、作品、卷、章节或素材时，请直接调用对应的 create_* 工具�?);
                   ^^^^^^^^^^^^^^^^^^^^^^^^^^^^^^^^^^^^^^^^^^^^^^^^^^^^^^^^^^^
lib/core/services/ai/agent/agent_service.dart:308:20: Error: String starting with ' must end with '.
    buffer.writeln('创建实体后，用自然语言向用户确认创建结果�?);
                   ^^^^^^^^^^^^^^^^^^^^^^^^^
lib/core/services/ai/agent/agent_service.dart:310:20: Error: String starting with ' must end with '.
    buffer.writeln('## 创建章节的完整流�?);
                   ^^^^^^^^^^^^^^^^
lib/core/services/ai/agent/agent_service.dart:311:20: Error: String starting with ' must end with '.
    buffer.writeln('调用 create_chapter 时，必须�?content 参数中传入完整的章节正文内容�?);
                   ^^^^^^^^^^^^^^^^^^^^^^^^^^^^^^^^^^^^^^^^^^^^^^^^^^^
lib/core/services/ai/agent/agent_service.dart:312:20: Error: String starting with ' must end with '.
    buffer.writeln('不要创建空章节！content 参数是必填的�?);
                   ^^^^^^^^^^^^^^^^^^^^^^^^^^^
lib/core/services/ai/agent/agent_service.dart:313:20: Error: String starting with ' must end with '.
    buffer.writeln('你需要在调用工具前先构思好章节内容，然后一次性传入�?);
                   ^^^^^^^^^^^^^^^^^^^^^^^^^^^^^^
lib/core/services/ai/agent/agent_service.dart:317:20: Error: String starting with ' must end with '.
    buffer.writeln('1. **剧情内容**：用户是否描述了本章要发生什么事？如果只�?写第一�?而没给任何剧情方向，应追�?);
                   ^^^^^^^^^^^^^^^^^^^^^^^^^^^^^^^^^^^^^^^^^^^^^^^^^^^^^^^
lib/core/services/ai/agent/agent_service.dart:318:20: Error: String starting with ' must end with '.
    buffer.writeln('2. **节奏定位**：本章处于故事的什么位置？（开�?铺垫/高潮/过渡/结尾）是否需要提醒用户注意节�?);
                   ^^^^^^^^^^^^^^^^^^^^^^^^^^^^^^^^^^^^^^^^^^^^^^^^^^^^^^^^
lib/core/services/ai/agent/agent_service.dart:320:20: Error: String starting with ' must end with '.
    buffer.writeln('4. **前文衔接**：如果不是第一章，是否有前文上下文可以衔接？如有，先搜索前文内�?);
                   ^^^^^^^^^^^^^^^^^^^^^^^^^^^^^^^^^^^^^^^^^^^^^^^
lib/core/services/ai/agent/agent_service.dart:324:20: Error: String starting with ' must end with '.
    buffer.writeln('如果用户信息不足（如只说"帮我写一�?或剧情过于单薄），不要盲目创建�?);
                   ^^^^^^^^^^^^^^^^^^^^^^^^^^^^^^^^^^^^^^^
lib/core/services/ai/agent/agent_service.dart:325:20: Error: String starting with ' must end with '.
    buffer.writeln('你应该礼貌地追问关键信息，例如：本章主要事件、涉及角色、情感基调、是否需要结尾钩子等�?);
                   ^^^^^^^^^^^^^^^^^^^^^^^^^^^^^^^^^^^^^^^^^^^^^^^
lib/core/services/ai/agent/agent_service.dart:326:20: Error: String starting with ' must end with '.
    buffer.writeln('如果用户给了一句话剧情但缺少细节，你可以主动建议补充冲突点、情感转折、悬念钩子等，让章节更丰满�?);
                   ^^^^^^^^^^^^^^^^^^^^^^^^^^^^^^^^^^^^^^^^^^^^^^^^^^^^
lib/core/services/ai/agent/agent_service.dart:327:20: Error: String starting with ' must end with '.
    buffer.writeln('但如果用户已经提供了足够的信息（有明确的剧情走向和关键事件），就可以直接创建�?);
                   ^^^^^^^^^^^^^^^^^^^^^^^^^^^^^^^^^^^^^^^^^^^
lib/core/services/ai/agent/agent_service.dart:329:20: Error: String starting with ' must end with '.
    buffer.writeln('## 创建作品时的主题/世界观处理规�?);
                   ^^^^^^^^^^^^^^^^^^^^^^^
lib/core/services/ai/agent/agent_service.dart:331:20: Error: String starting with ' must end with '.
    buffer.writeln('1. 先调�?create_work 创建作品（name 为作品名称，将主题关键词写入 type 字段�?);
                   ^^^^^^^^^^^^^^^^^^^^^^^^^^^^^^^^^^^^^^^^^^^^^^^^^^^^^^^^
lib/core/services/ai/agent/agent_service.dart:333:20: Error: String starting with ' must end with '.
    buffer.writeln('   - title: 「{作品名} 世界观设定�?);
                   ^^^^^^^^^^^^^^^^^^^^^^^^^^^^^
lib/core/services/ai/agent/agent_service.dart:337:20: Error: String starting with ' must end with '.
    buffer.writeln('     �?核心设定与规则体�?);
                   ^^^^^^^^^^^^^^^^^^^^
lib/core/services/ai/agent/agent_service.dart:339:20: Error: String starting with ' must end with '.
    buffer.writeln('     �?世界背景与历史概�?);
                   ^^^^^^^^^^^^^^^^^^^^
lib/core/services/ai/agent/agent_service.dart:340:20: Error: String starting with ' must end with '.
    buffer.writeln('     �?典型场景与氛围描�?);
                   ^^^^^^^^^^^^^^^^^^^^
lib/core/services/ai/agent/agent_service.dart:341:20: Error: String starting with ' must end with '.
    buffer.writeln('     �?常见剧情模式与套�?);
                   ^^^^^^^^^^^^^^^^^^^^
lib/core/services/ai/agent/agent_service.dart:342:20: Error: String starting with ' must end with '.
    buffer.writeln('   - tags: 提取 3-5 个相关标�?);
                   ^^^^^^^^^^^^^^^^^^^^^^^^^^^
lib/core/services/ai/agent/agent_service.dart:343:20: Error: String starting with ' must end with '.
    buffer.writeln('3. 用自然语言向用户确认：作品已创建，并已根据主题自动生成世界观设�?);
                   ^^^^^^^^^^^^^^^^^^^^^^^^^^^^^^^^^^^^^^^
lib/core/services/ai/agent/agent_service.dart:343:19: Error: Can't find ')' to match '('.
    buffer.writeln('3. 用自然语言向用户确认：作品已创建，并已根据主题自动生成世界观设�?);
                  ^
lib/core/services/ai/agent/agent_service.dart:342:19: Error: Can't find ')' to match '('.
    buffer.writeln('   - tags: 提取 3-5 个相关标�?);
                  ^
lib/core/services/ai/agent/agent_service.dart:341:19: Error: Can't find ')' to match '('.
    buffer.writeln('     �?常见剧情模式与套�?);
                  ^
lib/core/services/ai/agent/agent_service.dart:340:19: Error: Can't find ')' to match '('.
    buffer.writeln('     �?典型场景与氛围描�?);
                  ^
lib/core/services/ai/agent/agent_service.dart:339:19: Error: Can't find ')' to match '('.
    buffer.writeln('     �?世界背景与历史概�?);
                  ^
lib/core/services/ai/agent/agent_service.dart:337:19: Error: Can't find ')' to match '('.
    buffer.writeln('     �?核心设定与规则体�?);
                  ^
lib/core/services/ai/agent/agent_service.dart:333:19: Error: Can't find ')' to match '('.
    buffer.writeln('   - title: 「{作品名} 世界观设定�?);
                  ^
lib/core/services/ai/agent/agent_service.dart:331:19: Error: Can't find ')' to match '('.
    buffer.writeln('1. 先调�?create_work 创建作品（name 为作品名称，将主题关键词写入 type 字段�?);
                  ^
lib/core/services/ai/agent/agent_service.dart:329:19: Error: Can't find ')' to match '('.
    buffer.writeln('## 创建作品时的主题/世界观处理规�?);
                  ^
lib/core/services/ai/agent/agent_service.dart:327:19: Error: Can't find ')' to match '('.
    buffer.writeln('但如果用户已经提供了足够的信息（有明确的剧情走向和关键事件），就可以直接创建�?);
                  ^
lib/core/services/ai/agent/agent_service.dart:326:19: Error: Can't find ')' to match '('.
    buffer.writeln('如果用户给了一句话剧情但缺少细节，你可以主动建议补充冲突点、情感转折、悬念钩子等，让章节更丰满�?);
                  ^
lib/core/services/ai/agent/agent_service.dart:325:19: Error: Can't find ')' to match '('.
    buffer.writeln('你应该礼貌地追问关键信息，例如：本章主要事件、涉及角色、情感基调、是否需要结尾钩子等�?);
                  ^
lib/core/services/ai/agent/agent_service.dart:324:19: Error: Can't find ')' to match '('.
    buffer.writeln('如果用户信息不足（如只说"帮我写一�?或剧情过于单薄），不要盲目创建�?);
                  ^
lib/core/services/ai/agent/agent_service.dart:320:19: Error: Can't find ')' to match '('.
    buffer.writeln('4. **前文衔接**：如果不是第一章，是否有前文上下文可以衔接？如有，先搜索前文内�?);
                  ^
lib/core/services/ai/agent/agent_service.dart:318:19: Error: Can't find ')' to match '('.
    buffer.writeln('2. **节奏定位**：本章处于故事的什么位置？（开�?铺垫/高潮/过渡/结尾）是否需要提醒用户注意节�?);
                  ^
lib/core/services/ai/agent/agent_service.dart:317:19: Error: Can't find ')' to match '('.
    buffer.writeln('1. **剧情内容**：用户是否描述了本章要发生什么事？如果只�?写第一�?而没给任何剧情方向，应追�?);
                  ^
lib/core/services/ai/agent/agent_service.dart:313:19: Error: Can't find ')' to match '('.
    buffer.writeln('你需要在调用工具前先构思好章节内容，然后一次性传入�?);
                  ^
lib/core/services/ai/agent/agent_service.dart:312:19: Error: Can't find ')' to match '('.
    buffer.writeln('不要创建空章节！content 参数是必填的�?);
                  ^
lib/core/services/ai/agent/agent_service.dart:311:19: Error: Can't find ')' to match '('.
    buffer.writeln('调用 create_chapter 时，必须�?content 参数中传入完整的章节正文内容�?);
                  ^
lib/core/services/ai/agent/agent_service.dart:310:19: Error: Can't find ')' to match '('.
    buffer.writeln('## 创建章节的完整流�?);
                  ^
lib/core/services/ai/agent/agent_service.dart:308:19: Error: Can't find ')' to match '('.
    buffer.writeln('创建实体后，用自然语言向用户确认创建结果�?);
                  ^
lib/core/services/ai/agent/agent_service.dart:307:19: Error: Can't find ')' to match '('.
    buffer.writeln('当用户要求创建角色、地点、物品、势力、关系、作品、卷、章节或素材时，请直接调用对应的 create_* 工具�?);
                  ^
lib/core/services/ai/agent/agent_service.dart:305:19: Error: Can't find ')' to match '('.
    buffer.writeln('- 最终回复必须是完整的中文内�?);
                  ^
lib/core/services/ai/agent/agent_service.dart:304:19: Error: Can't find ')' to match '('.
    buffer.writeln('- 如果信息不足，先搜索再行�?);
                  ^
lib/core/services/ai/agent/agent_service.dart:302:19: Error: Can't find ')' to match '('.
    buffer.writeln('- 每次只调用一个工�?);
                  ^
lib/core/services/ai/agent/agent_service.dart:301:19: Error: Can't find ')' to match '('.
    buffer.writeln('注意事项�?);
                  ^
lib/core/services/ai/agent/agent_service.dart:299:19: Error: Can't find ')' to match '('.
    buffer.writeln('5. 综合结果，给出最终回�?);
                  ^
lib/core/services/ai/agent/agent_service.dart:298:19: Error: Can't find ')' to match '('.
    buffer.writeln('4. 如果需要检查问题，调用分析/一致性检查工�?);
                  ^
lib/core/services/ai/agent/agent_service.dart:295:19: Error: Can't find ')' to match '('.
    buffer.writeln('1. 分析用户需�?);
                  ^
lib/core/services/ai/agent/agent_service.dart:294:19: Error: Can't find ')' to match '('.
    buffer.writeln('工作流程�?);
                  ^
lib/core/services/ai/agent/agent_service.dart:287:19: Error: Can't find ')' to match '('.
    buffer.writeln('你可以使用工具来完成任务，也可以直接回复用户�?);
                  ^
lib/core/services/ai/agent/agent_service.dart:286:19: Error: Can't find ')' to match '('.
    buffer.writeln('你是一位专业的小说写作助手 Agent�?);
                  ^
lib/core/services/ai/agent/agent_service.dart:133:9: Error: Expected ',' before this.
        await controller.close();
        ^^^^^
lib/core/services/ai/agent/agent_service.dart:132:34: Error: Too many positional arguments: 1 allowed, but 2 found.
Try removing the extra positional arguments.
        controller.add(AgentError('没有可用的工�?));
                                 ^
lib/core/services/ai/agent/agent_service.dart:54:3: Context: Found this candidate, but the arguments don't match.
  AgentError(this.error);
  ^^^^^^^^^^
lib/core/services/ai/agent/agent_service.dart:205:17: Error: Expected ',' before this.
                toolCallId: toolCall.id,
                ^^^^^^^^^^
lib/core/services/ai/agent/agent_service.dart:287:5: Error: Expected ',' before this.
    buffer.writeln('你可以使用工具来完成任务，也可以直接回复用户�?);
    ^^^^^^
lib/core/services/ai/agent/agent_service.dart:287:20: Error: Expected ';' after this.
    buffer.writeln('你可以使用工具来完成任务，也可以直接回复用户�?);
                   ^^^^^^^^^^^^^^^^^^^^^^^^^^^
lib/core/services/ai/agent/agent_service.dart:291:22: Error: Expected ';' after this.
      buffer.writeln('当前没有选中作品。如果用户需要操作特定作品（如创建章节、角色等），请先调用 list_works 查看所有作品并获取�?ID�?);
                     ^^^^^^^^^^^^^^^^^^^^^^^^^^^^^^^^^^^^^^^^^^^^^^^^^^^^^^^^^^^^^^^^^^^
lib/core/services/ai/agent/agent_service.dart:295:5: Error: Expected ',' before this.
    buffer.writeln('1. 分析用户需�?);
    ^^^^^^
lib/core/services/ai/agent/agent_service.dart:296:5: Error: Expected ',' before this.
    buffer.writeln('2. 如果需要信息，调用搜索工具');
    ^^^^^^
lib/core/services/ai/agent/agent_service.dart:299:5: Error: Expected ',' before this.
    buffer.writeln('5. 综合结果，给出最终回�?);
    ^^^^^^
lib/core/services/ai/agent/agent_service.dart:300:5: Error: Expected ',' before this.
    buffer.writeln();
    ^^^^^^
lib/core/services/ai/agent/agent_service.dart:302:5: Error: Expected ',' before this.
    buffer.writeln('- 每次只调用一个工�?);
    ^^^^^^
lib/core/services/ai/agent/agent_service.dart:303:5: Error: Expected ',' before this.
    buffer.writeln('- 如果不知道作�?ID 或卷 ID，先调用 list_works / list_volumes 获取');
    ^^^^^^
lib/core/services/ai/agent/agent_service.dart:305:5: Error: Expected ',' before this.
    buffer.writeln('- 最终回复必须是完整的中文内�?);
    ^^^^^^
lib/core/services/ai/agent/agent_service.dart:306:5: Error: Expected ',' before this.
    buffer.writeln();
    ^^^^^^
lib/core/services/ai/agent/agent_service.dart:308:5: Error: Expected ',' before this.
    buffer.writeln('创建实体后，用自然语言向用户确认创建结果�?);
    ^^^^^^
lib/core/services/ai/agent/agent_service.dart:309:5: Error: Expected ',' before this.
    buffer.writeln();
    ^^^^^^
lib/core/services/ai/agent/agent_service.dart:311:5: Error: Expected ',' before this.
    buffer.writeln('调用 create_chapter 时，必须�?content 参数中传入完整的章节正文内容�?);
    ^^^^^^
lib/core/services/ai/agent/agent_service.dart:312:5: Error: Expected ',' before this.
    buffer.writeln('不要创建空章节！content 参数是必填的�?);
    ^^^^^^
lib/core/services/ai/agent/agent_service.dart:313:5: Error: Expected ',' before this.
    buffer.writeln('你需要在调用工具前先构思好章节内容，然后一次性传入�?);
    ^^^^^^
lib/core/services/ai/agent/agent_service.dart:314:5: Error: Expected ',' before this.
    buffer.writeln();
    ^^^^^^
lib/core/services/ai/agent/agent_service.dart:318:5: Error: Expected ',' before this.
    buffer.writeln('2. **节奏定位**：本章处于故事的什么位置？（开�?铺垫/高潮/过渡/结尾）是否需要提醒用户注意节�?);
    ^^^^^^
lib/core/services/ai/agent/agent_service.dart:319:5: Error: Expected ',' before this.
    buffer.writeln('3. **钩子/悬念**：本章结尾是否需要留下悬念或钩子引导读者继续阅读？');
    ^^^^^^
lib/core/services/ai/agent/agent_service.dart:321:5: Error: Expected ',' before this.
    buffer.writeln('5. **事件丰富�?*：用户提供的剧情是否足够展开为一整章？是否只有一句话概括而缺少具体事件、冲突、转折？');
    ^^^^^^
lib/core/services/ai/agent/agent_service.dart:325:5: Error: Expected ',' before this.
    buffer.writeln('你应该礼貌地追问关键信息，例如：本章主要事件、涉及角色、情感基调、是否需要结尾钩子等�?);
    ^^^^^^
lib/core/services/ai/agent/agent_service.dart:326:5: Error: Expected ',' before this.
    buffer.writeln('如果用户给了一句话剧情但缺少细节，你可以主动建议补充冲突点、情感转折、悬念钩子等，让章节更丰满�?);
    ^^^^^^
lib/core/services/ai/agent/agent_service.dart:327:5: Error: Expected ',' before this.
    buffer.writeln('但如果用户已经提供了足够的信息（有明确的剧情走向和关键事件），就可以直接创建�?);
    ^^^^^^
lib/core/services/ai/agent/agent_service.dart:328:5: Error: Expected ',' before this.
    buffer.writeln();
    ^^^^^^
lib/core/services/ai/agent/agent_service.dart:330:5: Error: Expected ',' before this.
    buffer.writeln('当用户创建作品并附带「主题」「题材」「类型」「世界观」「风格」等描述时，你必须执行以下步骤：');
    ^^^^^^
lib/core/services/ai/agent/agent_service.dart:332:5: Error: Expected ',' before this.
    buffer.writeln('2. 紧接着调用 create_inspiration，参数如下：');
    ^^^^^^
lib/core/services/ai/agent/agent_service.dart:334:5: Error: Expected ',' before this.
    buffer.writeln('   - category: "worldbuilding"');
    ^^^^^^
lib/core/services/ai/agent/agent_service.dart:338:5: Error: Expected ',' before this.
    buffer.writeln('     �?力量体系/等级划分');
    ^^^^^^
lib/core/services/ai/agent/agent_service.dart:340:5: Error: Expected ',' before this.
    buffer.writeln('     �?典型场景与氛围描�?);
    ^^^^^^
lib/core/services/ai/agent/agent_service.dart:341:5: Error: Expected ',' before this.
    buffer.writeln('     �?常见剧情模式与套�?);
    ^^^^^^
lib/core/services/ai/agent/agent_service.dart:342:5: Error: Expected ',' before this.
    buffer.writeln('   - tags: 提取 3-5 个相关标�?);
    ^^^^^^
lib/core/services/ai/agent/agent_service.dart:343:5: Error: Expected ',' before this.
    buffer.writeln('3. 用自然语言向用户确认：作品已创建，并已根据主题自动生成世界观设�?);
    ^^^^^^
lib/core/services/ai/agent/agent_service.dart:343:20: Error: Expected ';' after this.
    buffer.writeln('3. 用自然语言向用户确认：作品已创建，并已根据主题自动生成世界观设�?);
                   ^^^^^^^^^^^^^^^^^^^^^^^^^^^^^^^^^^^^^^^
lib/core/services/ai/agent/agent_service.dart:286:19: Error: Too many positional arguments: 1 allowed, but 2 found.
Try removing the extra positional arguments.
    buffer.writeln('你是一位专业的小说写作助手 Agent�?);
                  ^
lib/core/services/ai/agent/agent_service.dart:295:19: Error: Too many positional arguments: 1 allowed, but 2 found.
Try removing the extra positional arguments.
    buffer.writeln('1. 分析用户需�?);
                  ^
lib/core/services/ai/agent/agent_service.dart:294:19: Error: Too many positional arguments: 1 allowed, but 2 found.
Try removing the extra positional arguments.
    buffer.writeln('工作流程�?);
                  ^
lib/core/services/ai/agent/agent_service.dart:299:19: Error: Too many positional arguments: 1 allowed, but 2 found.
Try removing the extra positional arguments.
    buffer.writeln('5. 综合结果，给出最终回�?);
                  ^
lib/core/services/ai/agent/agent_service.dart:298:19: Error: Too many positional arguments: 1 allowed, but 2 found.
Try removing the extra positional arguments.
    buffer.writeln('4. 如果需要检查问题，调用分析/一致性检查工�?);
                  ^
lib/core/services/ai/agent/agent_service.dart:302:19: Error: Too many positional arguments: 1 allowed, but 2 found.
Try removing the extra positional arguments.
    buffer.writeln('- 每次只调用一个工�?);
                  ^
lib/core/services/ai/agent/agent_service.dart:301:19: Error: Too many positional arguments: 1 allowed, but 2 found.
Try removing the extra positional arguments.
    buffer.writeln('注意事项�?);
                  ^
lib/core/services/ai/agent/agent_service.dart:305:19: Error: Too many positional arguments: 1 allowed, but 2 found.
Try removing the extra positional arguments.
    buffer.writeln('- 最终回复必须是完整的中文内�?);
                  ^
lib/core/services/ai/agent/agent_service.dart:304:19: Error: Too many positional arguments: 1 allowed, but 2 found.
Try removing the extra positional arguments.
    buffer.writeln('- 如果信息不足，先搜索再行�?);
                  ^
lib/core/services/ai/agent/agent_service.dart:308:19: Error: Too many positional arguments: 1 allowed, but 2 found.
Try removing the extra positional arguments.
    buffer.writeln('创建实体后，用自然语言向用户确认创建结果�?);
                  ^
lib/core/services/ai/agent/agent_service.dart:307:19: Error: Too many positional arguments: 1 allowed, but 2 found.
Try removing the extra positional arguments.
    buffer.writeln('当用户要求创建角色、地点、物品、势力、关系、作品、卷、章节或素材时，请直接调用对应的 create_* 工具�?);
                  ^
lib/core/services/ai/agent/agent_service.dart:313:19: Error: Too many positional arguments: 1 allowed, but 2 found.
Try removing the extra positional arguments.
    buffer.writeln('你需要在调用工具前先构思好章节内容，然后一次性传入�?);
                  ^
lib/core/services/ai/agent/agent_service.dart:312:19: Error: Too many positional arguments: 1 allowed, but 2 found.
Try removing the extra positional arguments.
    buffer.writeln('不要创建空章节！content 参数是必填的�?);
                  ^
lib/core/services/ai/agent/agent_service.dart:311:19: Error: Too many positional arguments: 1 allowed, but 2 found.
Try removing the extra positional arguments.
    buffer.writeln('调用 create_chapter 时，必须�?content 参数中传入完整的章节正文内容�?);
                  ^
lib/core/services/ai/agent/agent_service.dart:310:19: Error: Too many positional arguments: 1 allowed, but 2 found.
Try removing the extra positional arguments.
    buffer.writeln('## 创建章节的完整流�?);
                  ^
lib/core/services/ai/agent/agent_service.dart:318:19: Error: Too many positional arguments: 1 allowed, but 2 found.
Try removing the extra positional arguments.
    buffer.writeln('2. **节奏定位**：本章处于故事的什么位置？（开�?铺垫/高潮/过渡/结尾）是否需要提醒用户注意节�?);
                  ^
lib/core/services/ai/agent/agent_service.dart:317:19: Error: Too many positional arguments: 1 allowed, but 2 found.
Try removing the extra positional arguments.
    buffer.writeln('1. **剧情内容**：用户是否描述了本章要发生什么事？如果只�?写第一�?而没给任何剧情方向，应追�?);
                  ^
lib/core/services/ai/agent/agent_service.dart:320:19: Error: Too many positional arguments: 1 allowed, but 2 found.
Try removing the extra positional arguments.
    buffer.writeln('4. **前文衔接**：如果不是第一章，是否有前文上下文可以衔接？如有，先搜索前文内�?);
                  ^
lib/core/services/ai/agent/agent_service.dart:327:19: Error: Too many positional arguments: 1 allowed, but 2 found.
Try removing the extra positional arguments.
    buffer.writeln('但如果用户已经提供了足够的信息（有明确的剧情走向和关键事件），就可以直接创建�?);
                  ^
lib/core/services/ai/agent/agent_service.dart:326:19: Error: Too many positional arguments: 1 allowed, but 2 found.
Try removing the extra positional arguments.
    buffer.writeln('如果用户给了一句话剧情但缺少细节，你可以主动建议补充冲突点、情感转折、悬念钩子等，让章节更丰满�?);
                  ^
lib/core/services/ai/agent/agent_service.dart:325:19: Error: Too many positional arguments: 1 allowed, but 2 found.
Try removing the extra positional arguments.
    buffer.writeln('你应该礼貌地追问关键信息，例如：本章主要事件、涉及角色、情感基调、是否需要结尾钩子等�?);
                  ^
lib/core/services/ai/agent/agent_service.dart:324:19: Error: Too many positional arguments: 1 allowed, but 2 found.
Try removing the extra positional arguments.
    buffer.writeln('如果用户信息不足（如只说"帮我写一�?或剧情过于单薄），不要盲目创建�?);
                  ^
lib/core/services/ai/agent/agent_service.dart:329:19: Error: Too many positional arguments: 1 allowed, but 2 found.
Try removing the extra positional arguments.
    buffer.writeln('## 创建作品时的主题/世界观处理规�?);
                  ^
lib/core/services/ai/agent/agent_service.dart:331:19: Error: Too many positional arguments: 1 allowed, but 2 found.
Try removing the extra positional arguments.
    buffer.writeln('1. 先调�?create_work 创建作品（name 为作品名称，将主题关键词写入 type 字段�?);
                  ^
lib/core/services/ai/agent/agent_service.dart:333:19: Error: Too many positional arguments: 1 allowed, but 2 found.
Try removing the extra positional arguments.
    buffer.writeln('   - title: 「{作品名} 世界观设定�?);
                  ^
lib/core/services/ai/agent/agent_service.dart:337:19: Error: Too many positional arguments: 1 allowed, but 2 found.
Try removing the extra positional arguments.
    buffer.writeln('     �?核心设定与规则体�?);
                  ^
lib/core/services/ai/agent/agent_service.dart:342:19: Error: Too many positional arguments: 1 allowed, but 2 found.
Try removing the extra positional arguments.
    buffer.writeln('   - tags: 提取 3-5 个相关标�?);
                  ^
lib/core/services/ai/agent/agent_service.dart:341:19: Error: Too many positional arguments: 1 allowed, but 2 found.
Try removing the extra positional arguments.
    buffer.writeln('     �?常见剧情模式与套�?);
                  ^
lib/core/services/ai/agent/agent_service.dart:340:19: Error: Too many positional arguments: 1 allowed, but 2 found.
Try removing the extra positional arguments.
    buffer.writeln('     �?典型场景与氛围描�?);
                  ^
lib/core/services/ai/agent/agent_service.dart:339:19: Error: Too many positional arguments: 1 allowed, but 2 found.
Try removing the extra positional arguments.
    buffer.writeln('     �?世界背景与历史概�?);
                  ^
00:11 +36 -14: loading C:/Users/changw98/dev/writing_assistant/test/unit/core/services/entity_creation_workflow_runner_test.dart [E]
  Failed to load "C:/Users/changw98/dev/writing_assistant/test/unit/core/services/entity_creation_workflow_runner_test.dart":
  Compilation failed for testPath=C:/Users/changw98/dev/writing_assistant/test/unit/core/services/entity_creation_workflow_runner_test.dart: lib/core/services/ai/agent/agent_service.dart:132:35: Error: String starting with ' must end with '.
          controller.add(AgentError('没有可用的工�?));
                                    ^^^^^^^^^^^^
  lib/core/services/ai/agent/agent_service.dart:132:34: Error: Can't find ')' to match '('.
          controller.add(AgentError('没有可用的工�?));
                                   ^
  lib/core/services/ai/agent/agent_service.dart:132:23: Error: Can't find ')' to match '('.
          controller.add(AgentError('没有可用的工�?));
                        ^
  lib/core/services/ai/agent/agent_service.dart:200:53: Error: String starting with ' must end with '.
                  ToolResult.fail('工具 ${toolCall.name} 不存�?),
                                                      ^^^^^^^
  lib/core/services/ai/agent/agent_service.dart:204:50: Error: String starting with ' must end with '.
                  content: '错误: 工具 ${toolCall.name} 不存�?,
                                                   ^^^^^^
  lib/core/services/ai/agent/agent_service.dart:199:29: Error: Can't find ')' to match '('.
                controller.add(AgentObservation(
                              ^
  lib/core/services/ai/agent/agent_service.dart:286:20: Error: String starting with ' must end with '.
      buffer.writeln('你是一位专业的小说写作助手 Agent�?);
                     ^^^^^^^^^^^^^^^^^^^^^^^^
  lib/core/services/ai/agent/agent_service.dart:287:20: Error: String starting with ' must end with '.
      buffer.writeln('你可以使用工具来完成任务，也可以直接回复用户�?);
                     ^^^^^^^^^^^^^^^^^^^^^^^^^^^
  lib/core/services/ai/agent/agent_service.dart:291:22: Error: String starting with ' must end with '.
        buffer.writeln('当前没有选中作品。如果用户需要操作特定作品（如创建章节、角色等），请先调用 list_works 查看所有作品并获取�?ID�?);
                       ^^^^^^^^^^^^^^^^^^^^^^^^^^^^^^^^^^^^^^^^^^^^^^^^^^^^^^^^^^^^^^^^^^^
  lib/core/services/ai/agent/agent_service.dart:291:21: Error: Can't find ')' to match '('.
        buffer.writeln('当前没有选中作品。如果用户需要操作特定作品（如创建章节、角色等），请先调用 list_works 查看所有作品并获取�?ID�?);
                      ^
  lib/core/services/ai/agent/agent_service.dart:294:20: Error: String starting with ' must end with '.
      buffer.writeln('工作流程�?);
                     ^^^^^^^^^
  lib/core/services/ai/agent/agent_service.dart:295:20: Error: String starting with ' must end with '.
      buffer.writeln('1. 分析用户需�?);
                     ^^^^^^^^^^^^^
  lib/core/services/ai/agent/agent_service.dart:298:20: Error: String starting with ' must end with '.
      buffer.writeln('4. 如果需要检查问题，调用分析/一致性检查工�?);
                     ^^^^^^^^^^^^^^^^^^^^^^^^^^^^
  lib/core/services/ai/agent/agent_service.dart:299:20: Error: String starting with ' must end with '.
      buffer.writeln('5. 综合结果，给出最终回�?);
                     ^^^^^^^^^^^^^^^^^^
  lib/core/services/ai/agent/agent_service.dart:301:20: Error: String starting with ' must end with '.
      buffer.writeln('注意事项�?);
                     ^^^^^^^^^
  lib/core/services/ai/agent/agent_service.dart:302:20: Error: String starting with ' must end with '.
      buffer.writeln('- 每次只调用一个工�?);
                     ^^^^^^^^^^^^^^^
  lib/core/services/ai/agent/agent_service.dart:304:20: Error: String starting with ' must end with '.
      buffer.writeln('- 如果信息不足，先搜索再行�?);
                     ^^^^^^^^^^^^^^^^^^^
  lib/core/services/ai/agent/agent_service.dart:305:20: Error: String starting with ' must end with '.
      buffer.writeln('- 最终回复必须是完整的中文内�?);
                     ^^^^^^^^^^^^^^^^^^^^
  lib/core/services/ai/agent/agent_service.dart:307:20: Error: String starting with ' must end with '.
      buffer.writeln('当用户要求创建角色、地点、物品、势力、关系、作品、卷、章节或素材时，请直接调用对应的 create_* 工具�?);
                     ^^^^^^^^^^^^^^^^^^^^^^^^^^^^^^^^^^^^^^^^^^^^^^^^^^^^^^^^^^^
  lib/core/services/ai/agent/agent_service.dart:308:20: Error: String starting with ' must end with '.
      buffer.writeln('创建实体后，用自然语言向用户确认创建结果�?);
                     ^^^^^^^^^^^^^^^^^^^^^^^^^
  lib/core/services/ai/agent/agent_service.dart:310:20: Error: String starting with ' must end with '.
      buffer.writeln('## 创建章节的完整流�?);
                     ^^^^^^^^^^^^^^^^
  lib/core/services/ai/agent/agent_service.dart:311:20: Error: String starting with ' must end with '.
      buffer.writeln('调用 create_chapter 时，必须�?content 参数中传入完整的章节正文内容�?);
                     ^^^^^^^^^^^^^^^^^^^^^^^^^^^^^^^^^^^^^^^^^^^^^^^^^^^
  lib/core/services/ai/agent/agent_service.dart:312:20: Error: String starting with ' must end with '.
      buffer.writeln('不要创建空章节！content 参数是必填的�?);
                     ^^^^^^^^^^^^^^^^^^^^^^^^^^^
  lib/core/services/ai/agent/agent_service.dart:313:20: Error: String starting with ' must end with '.
      buffer.writeln('你需要在调用工具前先构思好章节内容，然后一次性传入�?);
                     ^^^^^^^^^^^^^^^^^^^^^^^^^^^^^^
  lib/core/services/ai/agent/agent_service.dart:317:20: Error: String starting with ' must end with '.
      buffer.writeln('1. **剧情内容**：用户是否描述了本章要发生什么事？如果只�?写第一�?而没给任何剧情方向，应追�?);
                     ^^^^^^^^^^^^^^^^^^^^^^^^^^^^^^^^^^^^^^^^^^^^^^^^^^^^^^^
  lib/core/services/ai/agent/agent_service.dart:318:20: Error: String starting with ' must end with '.
      buffer.writeln('2. **节奏定位**：本章处于故事的什么位置？（开�?铺垫/高潮/过渡/结尾）是否需要提醒用户注意节�?);
                     ^^^^^^^^^^^^^^^^^^^^^^^^^^^^^^^^^^^^^^^^^^^^^^^^^^^^^^^^
  lib/core/services/ai/agent/agent_service.dart:320:20: Error: String starting with ' must end with '.
      buffer.writeln('4. **前文衔接**：如果不是第一章，是否有前文上下文可以衔接？如有，先搜索前文内�?);
                     ^^^^^^^^^^^^^^^^^^^^^^^^^^^^^^^^^^^^^^^^^^^^^^^
  lib/core/services/ai/agent/agent_service.dart:324:20: Error: String starting with ' must end with '.
      buffer.writeln('如果用户信息不足（如只说"帮我写一�?或剧情过于单薄），不要盲目创建�?);
                     ^^^^^^^^^^^^^^^^^^^^^^^^^^^^^^^^^^^^^^^
  lib/core/services/ai/agent/agent_service.dart:325:20: Error: String starting with ' must end with '.
      buffer.writeln('你应该礼貌地追问关键信息，例如：本章主要事件、涉及角色、情感基调、是否需要结尾钩子等�?);
                     ^^^^^^^^^^^^^^^^^^^^^^^^^^^^^^^^^^^^^^^^^^^^^^^
  lib/core/services/ai/agent/agent_service.dart:326:20: Error: String starting with ' must end with '.
      buffer.writeln('如果用户给了一句话剧情但缺少细节，你可以主动建议补充冲突点、情感转折、悬念钩子等，让章节更丰满�?);
                     ^^^^^^^^^^^^^^^^^^^^^^^^^^^^^^^^^^^^^^^^^^^^^^^^^^^^
  lib/core/services/ai/agent/agent_service.dart:327:20: Error: String starting with ' must end with '.
      buffer.writeln('但如果用户已经提供了足够的信息（有明确的剧情走向和关键事件），就可以直接创建�?);
                     ^^^^^^^^^^^^^^^^^^^^^^^^^^^^^^^^^^^^^^^^^^^
  lib/core/services/ai/agent/agent_service.dart:329:20: Error: String starting with ' must end with '.
      buffer.writeln('## 创建作品时的主题/世界观处理规�?);
                     ^^^^^^^^^^^^^^^^^^^^^^^
  lib/core/services/ai/agent/agent_service.dart:331:20: Error: String starting with ' must end with '.
      buffer.writeln('1. 先调�?create_work 创建作品（name 为作品名称，将主题关键词写入 type 字段�?);
                     ^^^^^^^^^^^^^^^^^^^^^^^^^^^^^^^^^^^^^^^^^^^^^^^^^^^^^^^^
  lib/core/services/ai/agent/agent_service.dart:333:20: Error: String starting with ' must end with '.
      buffer.writeln('   - title: 「{作品名} 世界观设定�?);
                     ^^^^^^^^^^^^^^^^^^^^^^^^^^^^^
  lib/core/services/ai/agent/agent_service.dart:337:20: Error: String starting with ' must end with '.
      buffer.writeln('     �?核心设定与规则体�?);
                     ^^^^^^^^^^^^^^^^^^^^
  lib/core/services/ai/agent/agent_service.dart:339:20: Error: String starting with ' must end with '.
      buffer.writeln('     �?世界背景与历史概�?);
                     ^^^^^^^^^^^^^^^^^^^^
  lib/core/services/ai/agent/agent_service.dart:340:20: Error: String starting with ' must end with '.
      buffer.writeln('     �?典型场景与氛围描�?);
                     ^^^^^^^^^^^^^^^^^^^^
  lib/core/services/ai/agent/agent_service.dart:341:20: Error: String starting with ' must end with '.
      buffer.writeln('     �?常见剧情模式与套�?);
                     ^^^^^^^^^^^^^^^^^^^^
  lib/core/services/ai/agent/agent_service.dart:342:20: Error: String starting with ' must end with '.
      buffer.writeln('   - tags: 提取 3-5 个相关标�?);
                     ^^^^^^^^^^^^^^^^^^^^^^^^^^^
  lib/core/services/ai/agent/agent_service.dart:343:20: Error: String starting with ' must end with '.
      buffer.writeln('3. 用自然语言向用户确认：作品已创建，并已根据主题自动生成世界观设�?);
                     ^^^^^^^^^^^^^^^^^^^^^^^^^^^^^^^^^^^^^^^
  lib/core/services/ai/agent/agent_service.dart:343:19: Error: Can't find ')' to match '('.
      buffer.writeln('3. 用自然语言向用户确认：作品已创建，并已根据主题自动生成世界观设�?);
                    ^
  lib/core/services/ai/agent/agent_service.dart:342:19: Error: Can't find ')' to match '('.
      buffer.writeln('   - tags: 提取 3-5 个相关标�?);
                    ^
  lib/core/services/ai/agent/agent_service.dart:341:19: Error: Can't find ')' to match '('.
      buffer.writeln('     �?常见剧情模式与套�?);
                    ^
  lib/core/services/ai/agent/agent_service.dart:340:19: Error: Can't find ')' to match '('.
      buffer.writeln('     �?典型场景与氛围描�?);
                    ^
  lib/core/services/ai/agent/agent_service.dart:339:19: Error: Can't find ')' to match '('.
      buffer.writeln('     �?世界背景与历史概�?);
                    ^
  lib/core/services/ai/agent/agent_service.dart:337:19: Error: Can't find ')' to match '('.
      buffer.writeln('     �?核心设定与规则体�?);
                    ^
  lib/core/services/ai/agent/agent_service.dart:333:19: Error: Can't find ')' to match '('.
      buffer.writeln('   - title: 「{作品名} 世界观设定�?);
                    ^
  lib/core/services/ai/agent/agent_service.dart:331:19: Error: Can't find ')' to match '('.
      buffer.writeln('1. 先调�?create_work 创建作品（name 为作品名称，将主题关键词写入 type 字段�?);
                    ^
  lib/core/services/ai/agent/agent_service.dart:329:19: Error: Can't find ')' to match '('.
      buffer.writeln('## 创建作品时的主题/世界观处理规�?);
                    ^
  lib/core/services/ai/agent/agent_service.dart:327:19: Error: Can't find ')' to match '('.
      buffer.writeln('但如果用户已经提供了足够的信息（有明确的剧情走向和关键事件），就可以直接创建�?);
                    ^
  lib/core/services/ai/agent/agent_service.dart:326:19: Error: Can't find ')' to match '('.
      buffer.writeln('如果用户给了一句话剧情但缺少细节，你可以主动建议补充冲突点、情感转折、悬念钩子等，让章节更丰满�?);
                    ^
  lib/core/services/ai/agent/agent_service.dart:325:19: Error: Can't find ')' to match '('.
      buffer.writeln('你应该礼貌地追问关键信息，例如：本章主要事件、涉及角色、情感基调、是否需要结尾钩子等�?);
                    ^
  lib/core/services/ai/agent/agent_service.dart:324:19: Error: Can't find ')' to match '('.
      buffer.writeln('如果用户信息不足（如只说"帮我写一�?或剧情过于单薄），不要盲目创建�?);
                    ^
  lib/core/services/ai/agent/agent_service.dart:320:19: Error: Can't find ')' to match '('.
      buffer.writeln('4. **前文衔接**：如果不是第一章，是否有前文上下文可以衔接？如有，先搜索前文内�?);
                    ^
  lib/core/services/ai/agent/agent_service.dart:318:19: Error: Can't find ')' to match '('.
      buffer.writeln('2. **节奏定位**：本章处于故事的什么位置？（开�?铺垫/高潮/过渡/结尾）是否需要提醒用户注意节�?);
                    ^
  lib/core/services/ai/agent/agent_service.dart:317:19: Error: Can't find ')' to match '('.
      buffer.writeln('1. **剧情内容**：用户是否描述了本章要发生什么事？如果只�?写第一�?而没给任何剧情方向，应追�?);
                    ^
  lib/core/services/ai/agent/agent_service.dart:313:19: Error: Can't find ')' to match '('.
      buffer.writeln('你需要在调用工具前先构思好章节内容，然后一次性传入�?);
                    ^
  lib/core/services/ai/agent/agent_service.dart:312:19: Error: Can't find ')' to match '('.
      buffer.writeln('不要创建空章节！content 参数是必填的�?);
                    ^
  lib/core/services/ai/agent/agent_service.dart:311:19: Error: Can't find ')' to match '('.
      buffer.writeln('调用 create_chapter 时，必须�?content 参数中传入完整的章节正文内容�?);
                    ^
  lib/core/services/ai/agent/agent_service.dart:310:19: Error: Can't find ')' to match '('.
      buffer.writeln('## 创建章节的完整流�?);
                    ^
  lib/core/services/ai/agent/agent_service.dart:308:19: Error: Can't find ')' to match '('.
      buffer.writeln('创建实体后，用自然语言向用户确认创建结果�?);
                    ^
  lib/core/services/ai/agent/agent_service.dart:307:19: Error: Can't find ')' to match '('.
      buffer.writeln('当用户要求创建角色、地点、物品、势力、关系、作品、卷、章节或素材时，请直接调用对应的 create_* 工具�?);
                    ^
  lib/core/services/ai/agent/agent_service.dart:305:19: Error: Can't find ')' to match '('.
      buffer.writeln('- 最终回复必须是完整的中文内�?);
                    ^
  lib/core/services/ai/agent/agent_service.dart:304:19: Error: Can't find ')' to match '('.
      buffer.writeln('- 如果信息不足，先搜索再行�?);
                    ^
  lib/core/services/ai/agent/agent_service.dart:302:19: Error: Can't find ')' to match '('.
      buffer.writeln('- 每次只调用一个工�?);
                    ^
  lib/core/services/ai/agent/agent_service.dart:301:19: Error: Can't find ')' to match '('.
      buffer.writeln('注意事项�?);
                    ^
  lib/core/services/ai/agent/agent_service.dart:299:19: Error: Can't find ')' to match '('.
      buffer.writeln('5. 综合结果，给出最终回�?);
                    ^
  lib/core/services/ai/agent/agent_service.dart:298:19: Error: Can't find ')' to match '('.
      buffer.writeln('4. 如果需要检查问题，调用分析/一致性检查工�?);
                    ^
  lib/core/services/ai/agent/agent_service.dart:295:19: Error: Can't find ')' to match '('.
      buffer.writeln('1. 分析用户需�?);
                    ^
  lib/core/services/ai/agent/agent_service.dart:294:19: Error: Can't find ')' to match '('.
      buffer.writeln('工作流程�?);
                    ^
  lib/core/services/ai/agent/agent_service.dart:287:19: Error: Can't find ')' to match '('.
      buffer.writeln('你可以使用工具来完成任务，也可以直接回复用户�?);
                    ^
  lib/core/services/ai/agent/agent_service.dart:286:19: Error: Can't find ')' to match '('.
      buffer.writeln('你是一位专业的小说写作助手 Agent�?);
                    ^
  lib/core/services/ai/agent/agent_service.dart:133:9: Error: Expected ',' before this.
          await controller.close();
          ^^^^^
  lib/core/services/ai/agent/agent_service.dart:132:34: Error: Too many positional arguments: 1 allowed, but 2 found.
  Try removing the extra positional arguments.
          controller.add(AgentError('没有可用的工�?));
                                   ^
  lib/core/services/ai/agent/agent_service.dart:54:3: Context: Found this candidate, but the arguments don't match.
    AgentError(this.error);
    ^^^^^^^^^^
  lib/core/services/ai/agent/agent_service.dart:205:17: Error: Expected ',' before this.
                  toolCallId: toolCall.id,
                  ^^^^^^^^^^
  lib/core/services/ai/agent/agent_service.dart:287:5: Error: Expected ',' before this.
      buffer.writeln('你可以使用工具来完成任务，也可以直接回复用户�?);
      ^^^^^^
  lib/core/services/ai/agent/agent_service.dart:287:20: Error: Expected ';' after this.
      buffer.writeln('你可以使用工具来完成任务，也可以直接回复用户�?);
                     ^^^^^^^^^^^^^^^^^^^^^^^^^^^
  lib/core/services/ai/agent/agent_service.dart:291:22: Error: Expected ';' after this.
        buffer.writeln('当前没有选中作品。如果用户需要操作特定作品（如创建章节、角色等），请先调用 list_works 查看所有作品并获取�?ID�?);
                       ^^^^^^^^^^^^^^^^^^^^^^^^^^^^^^^^^^^^^^^^^^^^^^^^^^^^^^^^^^^^^^^^^^^
  lib/core/services/ai/agent/agent_service.dart:295:5: Error: Expected ',' before this.
      buffer.writeln('1. 分析用户需�?);
      ^^^^^^
  lib/core/services/ai/agent/agent_service.dart:296:5: Error: Expected ',' before this.
      buffer.writeln('2. 如果需要信息，调用搜索工具');
      ^^^^^^
  lib/core/services/ai/agent/agent_service.dart:299:5: Error: Expected ',' before this.
      buffer.writeln('5. 综合结果，给出最终回�?);
      ^^^^^^
  lib/core/services/ai/agent/agent_service.dart:300:5: Error: Expected ',' before this.
      buffer.writeln();
      ^^^^^^
  lib/core/services/ai/agent/agent_service.dart:302:5: Error: Expected ',' before this.
      buffer.writeln('- 每次只调用一个工�?);
      ^^^^^^
  lib/core/services/ai/agent/agent_service.dart:303:5: Error: Expected ',' before this.
      buffer.writeln('- 如果不知道作�?ID 或卷 ID，先调用 list_works / list_volumes 获取');
      ^^^^^^
  lib/core/services/ai/agent/agent_service.dart:305:5: Error: Expected ',' before this.
      buffer.writeln('- 最终回复必须是完整的中文内�?);
      ^^^^^^
  lib/core/services/ai/agent/agent_service.dart:306:5: Error: Expected ',' before this.
      buffer.writeln();
      ^^^^^^
  lib/core/services/ai/agent/agent_service.dart:308:5: Error: Expected ',' before this.
      buffer.writeln('创建实体后，用自然语言向用户确认创建结果�?);
      ^^^^^^
  lib/core/services/ai/agent/agent_service.dart:309:5: Error: Expected ',' before this.
      buffer.writeln();
      ^^^^^^
  lib/core/services/ai/agent/agent_service.dart:311:5: Error: Expected ',' before this.
      buffer.writeln('调用 create_chapter 时，必须�?content 参数中传入完整的章节正文内容�?);
      ^^^^^^
  lib/core/services/ai/agent/agent_service.dart:312:5: Error: Expected ',' before this.
      buffer.writeln('不要创建空章节！content 参数是必填的�?);
      ^^^^^^
  lib/core/services/ai/agent/agent_service.dart:313:5: Error: Expected ',' before this.
      buffer.writeln('你需要在调用工具前先构思好章节内容，然后一次性传入�?);
      ^^^^^^
  lib/core/services/ai/agent/agent_service.dart:314:5: Error: Expected ',' before this.
      buffer.writeln();
      ^^^^^^
  lib/core/services/ai/agent/agent_service.dart:318:5: Error: Expected ',' before this.
      buffer.writeln('2. **节奏定位**：本章处于故事的什么位置？（开�?铺垫/高潮/过渡/结尾）是否需要提醒用户注意节�?);
      ^^^^^^
  lib/core/services/ai/agent/agent_service.dart:319:5: Error: Expected ',' before this.
      buffer.writeln('3. **钩子/悬念**：本章结尾是否需要留下悬念或钩子引导读者继续阅读？');
      ^^^^^^
  lib/core/services/ai/agent/agent_service.dart:321:5: Error: Expected ',' before this.
      buffer.writeln('5. **事件丰富�?*：用户提供的剧情是否足够展开为一整章？是否只有一句话概括而缺少具体事件、冲突、转折？');
      ^^^^^^
  lib/core/services/ai/agent/agent_service.dart:325:5: Error: Expected ',' before this.
      buffer.writeln('你应该礼貌地追问关键信息，例如：本章主要事件、涉及角色、情感基调、是否需要结尾钩子等�?);
      ^^^^^^
  lib/core/services/ai/agent/agent_service.dart:326:5: Error: Expected ',' before this.
      buffer.writeln('如果用户给了一句话剧情但缺少细节，你可以主动建议补充冲突点、情感转折、悬念钩子等，让章节更丰满�?);
      ^^^^^^
  lib/core/services/ai/agent/agent_service.dart:327:5: Error: Expected ',' before this.
      buffer.writeln('但如果用户已经提供了足够的信息（有明确的剧情走向和关键事件），就可以直接创建�?);
      ^^^^^^
  lib/core/services/ai/agent/agent_service.dart:328:5: Error: Expected ',' before this.
      buffer.writeln();
      ^^^^^^
  lib/core/services/ai/agent/agent_service.dart:330:5: Error: Expected ',' before this.
      buffer.writeln('当用户创建作品并附带「主题」「题材」「类型」「世界观」「风格」等描述时，你必须执行以下步骤：');
      ^^^^^^
  lib/core/services/ai/agent/agent_service.dart:332:5: Error: Expected ',' before this.
      buffer.writeln('2. 紧接着调用 create_inspiration，参数如下：');
      ^^^^^^
  lib/core/services/ai/agent/agent_service.dart:334:5: Error: Expected ',' before this.
      buffer.writeln('   - category: "worldbuilding"');
      ^^^^^^
  lib/core/services/ai/agent/agent_service.dart:338:5: Error: Expected ',' before this.
      buffer.writeln('     �?力量体系/等级划分');
      ^^^^^^
  lib/core/services/ai/agent/agent_service.dart:340:5: Error: Expected ',' before this.
      buffer.writeln('     �?典型场景与氛围描�?);
      ^^^^^^
  lib/core/services/ai/agent/agent_service.dart:341:5: Error: Expected ',' before this.
      buffer.writeln('     �?常见剧情模式与套�?);
      ^^^^^^
  lib/core/services/ai/agent/agent_service.dart:342:5: Error: Expected ',' before this.
      buffer.writeln('   - tags: 提取 3-5 个相关标�?);
      ^^^^^^
  lib/core/services/ai/agent/agent_service.dart:343:5: Error: Expected ',' before this.
      buffer.writeln('3. 用自然语言向用户确认：作品已创建，并已根据主题自动生成世界观设�?);
      ^^^^^^
  lib/core/services/ai/agent/agent_service.dart:343:20: Error: Expected ';' after this.
      buffer.writeln('3. 用自然语言向用户确认：作品已创建，并已根据主题自动生成世界观设�?);
                     ^^^^^^^^^^^^^^^^^^^^^^^^^^^^^^^^^^^^^^^
  lib/core/services/ai/agent/agent_service.dart:286:19: Error: Too many positional arguments: 1 allowed, but 2 found.
  Try removing the extra positional arguments.
      buffer.writeln('你是一位专业的小说写作助手 Agent�?);
                    ^
  lib/core/services/ai/agent/agent_service.dart:295:19: Error: Too many positional arguments: 1 allowed, but 2 found.
  Try removing the extra positional arguments.
      buffer.writeln('1. 分析用户需�?);
                    ^
  lib/core/services/ai/agent/agent_service.dart:294:19: Error: Too many positional arguments: 1 allowed, but 2 found.
  Try removing the extra positional arguments.
      buffer.writeln('工作流程�?);
                    ^
  lib/core/services/ai/agent/agent_service.dart:299:19: Error: Too many positional arguments: 1 allowed, but 2 found.
  Try removing the extra positional arguments.
      buffer.writeln('5. 综合结果，给出最终回�?);
                    ^
  lib/core/services/ai/agent/agent_service.dart:298:19: Error: Too many positional arguments: 1 allowed, but 2 found.
  Try removing the extra positional arguments.
      buffer.writeln('4. 如果需要检查问题，调用分析/一致性检查工�?);
                    ^
  lib/core/services/ai/agent/agent_service.dart:302:19: Error: Too many positional arguments: 1 allowed, but 2 found.
  Try removing the extra positional arguments.
      buffer.writeln('- 每次只调用一个工�?);
                    ^
  lib/core/services/ai/agent/agent_service.dart:301:19: Error: Too many positional arguments: 1 allowed, but 2 found.
  Try removing the extra positional arguments.
      buffer.writeln('注意事项�?);
                    ^
  lib/core/services/ai/agent/agent_service.dart:305:19: Error: Too many positional arguments: 1 allowed, but 2 found.
  Try removing the extra positional arguments.
      buffer.writeln('- 最终回复必须是完整的中文内�?);
                    ^
  lib/core/services/ai/agent/agent_service.dart:304:19: Error: Too many positional arguments: 1 allowed, but 2 found.
  Try removing the extra positional arguments.
      buffer.writeln('- 如果信息不足，先搜索再行�?);
                    ^
  lib/core/services/ai/agent/agent_service.dart:308:19: Error: Too many positional arguments: 1 allowed, but 2 found.
  Try removing the extra positional arguments.
      buffer.writeln('创建实体后，用自然语言向用户确认创建结果�?);
                    ^
  lib/core/services/ai/agent/agent_service.dart:307:19: Error: Too many positional arguments: 1 allowed, but 2 found.
  Try removing the extra positional arguments.
      buffer.writeln('当用户要求创建角色、地点、物品、势力、关系、作品、卷、章节或素材时，请直接调用对应的 create_* 工具�?);
                    ^
  lib/core/services/ai/agent/agent_service.dart:313:19: Error: Too many positional arguments: 1 allowed, but 2 found.
  Try removing the extra positional arguments.
      buffer.writeln('你需要在调用工具前先构思好章节内容，然后一次性传入�?);
                    ^
  lib/core/services/ai/agent/agent_service.dart:312:19: Error: Too many positional arguments: 1 allowed, but 2 found.
  Try removing the extra positional arguments.
      buffer.writeln('不要创建空章节！content 参数是必填的�?);
                    ^
  lib/core/services/ai/agent/agent_service.dart:311:19: Error: Too many positional arguments: 1 allowed, but 2 found.
  Try removing the extra positional arguments.
      buffer.writeln('调用 create_chapter 时，必须�?content 参数中传入完整的章节正文内容�?);
                    ^
  lib/core/services/ai/agent/agent_service.dart:310:19: Error: Too many positional arguments: 1 allowed, but 2 found.
  Try removing the extra positional arguments.
      buffer.writeln('## 创建章节的完整流�?);
                    ^
  lib/core/services/ai/agent/agent_service.dart:318:19: Error: Too many positional arguments: 1 allowed, but 2 found.
  Try removing the extra positional arguments.
      buffer.writeln('2. **节奏定位**：本章处于故事的什么位置？（开�?铺垫/高潮/过渡/结尾）是否需要提醒用户注意节�?);
                    ^
  lib/core/services/ai/agent/agent_service.dart:317:19: Error: Too many positional arguments: 1 allowed, but 2 found.
  Try removing the extra positional arguments.
      buffer.writeln('1. **剧情内容**：用户是否描述了本章要发生什么事？如果只�?写第一�?而没给任何剧情方向，应追�?);
                    ^
  lib/core/services/ai/agent/agent_service.dart:320:19: Error: Too many positional arguments: 1 allowed, but 2 found.
  Try removing the extra positional arguments.
      buffer.writeln('4. **前文衔接**：如果不是第一章，是否有前文上下文可以衔接？如有，先搜索前文内�?);
                    ^
  lib/core/services/ai/agent/agent_service.dart:327:19: Error: Too many positional arguments: 1 allowed, but 2 found.
  Try removing the extra positional arguments.
      buffer.writeln('但如果用户已经提供了足够的信息（有明确的剧情走向和关键事件），就可以直接创建�?);
                    ^
  lib/core/services/ai/agent/agent_service.dart:326:19: Error: Too many positional arguments: 1 allowed, but 2 found.
  Try removing the extra positional arguments.
      buffer.writeln('如果用户给了一句话剧情但缺少细节，你可以主动建议补充冲突点、情感转折、悬念钩子等，让章节更丰满�?);
                    ^
  lib/core/services/ai/agent/agent_service.dart:325:19: Error: Too many positional arguments: 1 allowed, but 2 found.
  Try removing the extra positional arguments.
      buffer.writeln('你应该礼貌地追问关键信息，例如：本章主要事件、涉及角色、情感基调、是否需要结尾钩子等�?);
                    ^
  lib/core/services/ai/agent/agent_service.dart:324:19: Error: Too many positional arguments: 1 allowed, but 2 found.
  Try removing the extra positional arguments.
      buffer.writeln('如果用户信息不足（如只说"帮我写一�?或剧情过于单薄），不要盲目创建�?);
                    ^
  lib/core/services/ai/agent/agent_service.dart:329:19: Error: Too many positional arguments: 1 allowed, but 2 found.
  Try removing the extra positional arguments.
      buffer.writeln('## 创建作品时的主题/世界观处理规�?);
                    ^
  lib/core/services/ai/agent/agent_service.dart:331:19: Error: Too many positional arguments: 1 allowed, but 2 found.
  Try removing the extra positional arguments.
      buffer.writeln('1. 先调�?create_work 创建作品（name 为作品名称，将主题关键词写入 type 字段�?);
                    ^
  lib/core/services/ai/agent/agent_service.dart:333:19: Error: Too many positional arguments: 1 allowed, but 2 found.
  Try removing the extra positional arguments.
      buffer.writeln('   - title: 「{作品名} 世界观设定�?);
                    ^
  lib/core/services/ai/agent/agent_service.dart:337:19: Error: Too many positional arguments: 1 allowed, but 2 found.
  Try removing the extra positional arguments.
      buffer.writeln('     �?核心设定与规则体�?);
                    ^
  lib/core/services/ai/agent/agent_service.dart:342:19: Error: Too many positional arguments: 1 allowed, but 2 found.
  Try removing the extra positional arguments.
      buffer.writeln('   - tags: 提取 3-5 个相关标�?);
                    ^
  lib/core/services/ai/agent/agent_service.dart:341:19: Error: Too many positional arguments: 1 allowed, but 2 found.
  Try removing the extra positional arguments.
      buffer.writeln('     �?常见剧情模式与套�?);
                    ^
  lib/core/services/ai/agent/agent_service.dart:340:19: Error: Too many positional arguments: 1 allowed, but 2 found.
  Try removing the extra positional arguments.
      buffer.writeln('     �?典型场景与氛围描�?);
                    ^
  lib/core/services/ai/agent/agent_service.dart:339:19: Error: Too many positional arguments: 1 allowed, but 2 found.
  Try removing the extra positional arguments.
      buffer.writeln('     �?世界背景与历史概�?);
                    ^
  .
00:11 +37 -14: C:/Users/changw98/dev/writing_assistant/test/integration/full_novel_test.dart: 完整小说创作（AI 生成 + 真实 DB） 清空数据库 → AI 生成完整小说 → 写入 DB → 客户端可见
00:11 +38 -14: C:/Users/changw98/dev/writing_assistant/test/integration/full_novel_test.dart: 完整小说创作（AI 生成 + 真实 DB） 清空数据库 → AI 生成完整小说 → 写入 DB → 客户端可见
lib/core/services/ai/agent/agent_service.dart:132:35: Error: String starting with ' must end with '.
        controller.add(AgentError('没有可用的工�?));
                                  ^^^^^^^^^^^^
lib/core/services/ai/agent/agent_service.dart:132:34: Error: Can't find ')' to match '('.
        controller.add(AgentError('没有可用的工�?));
                                 ^
lib/core/services/ai/agent/agent_service.dart:132:23: Error: Can't find ')' to match '('.
        controller.add(AgentError('没有可用的工�?));
                      ^
lib/core/services/ai/agent/agent_service.dart:200:53: Error: String starting with ' must end with '.
                ToolResult.fail('工具 ${toolCall.name} 不存�?),
                                                    ^^^^^^^
lib/core/services/ai/agent/agent_service.dart:204:50: Error: String starting with ' must end with '.
                content: '错误: 工具 ${toolCall.name} 不存�?,
                                                 ^^^^^^
lib/core/services/ai/agent/agent_service.dart:199:29: Error: Can't find ')' to match '('.
              controller.add(AgentObservation(
                            ^
lib/core/services/ai/agent/agent_service.dart:286:20: Error: String starting with ' must end with '.
    buffer.writeln('你是一位专业的小说写作助手 Agent�?);
                   ^^^^^^^^^^^^^^^^^^^^^^^^
lib/core/services/ai/agent/agent_service.dart:287:20: Error: String starting with ' must end with '.
    buffer.writeln('你可以使用工具来完成任务，也可以直接回复用户�?);
                   ^^^^^^^^^^^^^^^^^^^^^^^^^^^
lib/core/services/ai/agent/agent_service.dart:291:22: Error: String starting with ' must end with '.
      buffer.writeln('当前没有选中作品。如果用户需要操作特定作品（如创建章节、角色等），请先调用 list_works 查看所有作品并获取�?ID�?);
                     ^^^^^^^^^^^^^^^^^^^^^^^^^^^^^^^^^^^^^^^^^^^^^^^^^^^^^^^^^^^^^^^^^^^
lib/core/services/ai/agent/agent_service.dart:291:21: Error: Can't find ')' to match '('.
      buffer.writeln('当前没有选中作品。如果用户需要操作特定作品（如创建章节、角色等），请先调用 list_works 查看所有作品并获取�?ID�?);
                    ^
lib/core/services/ai/agent/agent_service.dart:294:20: Error: String starting with ' must end with '.
    buffer.writeln('工作流程�?);
                   ^^^^^^^^^
lib/core/services/ai/agent/agent_service.dart:295:20: Error: String starting with ' must end with '.
    buffer.writeln('1. 分析用户需�?);
                   ^^^^^^^^^^^^^
lib/core/services/ai/agent/agent_service.dart:298:20: Error: String starting with ' must end with '.
    buffer.writeln('4. 如果需要检查问题，调用分析/一致性检查工�?);
                   ^^^^^^^^^^^^^^^^^^^^^^^^^^^^
lib/core/services/ai/agent/agent_service.dart:299:20: Error: String starting with ' must end with '.
    buffer.writeln('5. 综合结果，给出最终回�?);
                   ^^^^^^^^^^^^^^^^^^
lib/core/services/ai/agent/agent_service.dart:301:20: Error: String starting with ' must end with '.
    buffer.writeln('注意事项�?);
                   ^^^^^^^^^
lib/core/services/ai/agent/agent_service.dart:302:20: Error: String starting with ' must end with '.
    buffer.writeln('- 每次只调用一个工�?);
                   ^^^^^^^^^^^^^^^
lib/core/services/ai/agent/agent_service.dart:304:20: Error: String starting with ' must end with '.
    buffer.writeln('- 如果信息不足，先搜索再行�?);
                   ^^^^^^^^^^^^^^^^^^^
lib/core/services/ai/agent/agent_service.dart:305:20: Error: String starting with ' must end with '.
    buffer.writeln('- 最终回复必须是完整的中文内�?);
                   ^^^^^^^^^^^^^^^^^^^^
lib/core/services/ai/agent/agent_service.dart:307:20: Error: String starting with ' must end with '.
    buffer.writeln('当用户要求创建角色、地点、物品、势力、关系、作品、卷、章节或素材时，请直接调用对应的 create_* 工具�?);
                   ^^^^^^^^^^^^^^^^^^^^^^^^^^^^^^^^^^^^^^^^^^^^^^^^^^^^^^^^^^^
lib/core/services/ai/agent/agent_service.dart:308:20: Error: String starting with ' must end with '.
    buffer.writeln('创建实体后，用自然语言向用户确认创建结果�?);
                   ^^^^^^^^^^^^^^^^^^^^^^^^^
lib/core/services/ai/agent/agent_service.dart:310:20: Error: String starting with ' must end with '.
    buffer.writeln('## 创建章节的完整流�?);
                   ^^^^^^^^^^^^^^^^
lib/core/services/ai/agent/agent_service.dart:311:20: Error: String starting with ' must end with '.
    buffer.writeln('调用 create_chapter 时，必须�?content 参数中传入完整的章节正文内容�?);
                   ^^^^^^^^^^^^^^^^^^^^^^^^^^^^^^^^^^^^^^^^^^^^^^^^^^^
lib/core/services/ai/agent/agent_service.dart:312:20: Error: String starting with ' must end with '.
    buffer.writeln('不要创建空章节！content 参数是必填的�?);
                   ^^^^^^^^^^^^^^^^^^^^^^^^^^^
lib/core/services/ai/agent/agent_service.dart:313:20: Error: String starting with ' must end with '.
    buffer.writeln('你需要在调用工具前先构思好章节内容，然后一次性传入�?);
                   ^^^^^^^^^^^^^^^^^^^^^^^^^^^^^^
lib/core/services/ai/agent/agent_service.dart:317:20: Error: String starting with ' must end with '.
    buffer.writeln('1. **剧情内容**：用户是否描述了本章要发生什么事？如果只�?写第一�?而没给任何剧情方向，应追�?);
                   ^^^^^^^^^^^^^^^^^^^^^^^^^^^^^^^^^^^^^^^^^^^^^^^^^^^^^^^
lib/core/services/ai/agent/agent_service.dart:318:20: Error: String starting with ' must end with '.
    buffer.writeln('2. **节奏定位**：本章处于故事的什么位置？（开�?铺垫/高潮/过渡/结尾）是否需要提醒用户注意节�?);
                   ^^^^^^^^^^^^^^^^^^^^^^^^^^^^^^^^^^^^^^^^^^^^^^^^^^^^^^^^
lib/core/services/ai/agent/agent_service.dart:320:20: Error: String starting with ' must end with '.
    buffer.writeln('4. **前文衔接**：如果不是第一章，是否有前文上下文可以衔接？如有，先搜索前文内�?);
                   ^^^^^^^^^^^^^^^^^^^^^^^^^^^^^^^^^^^^^^^^^^^^^^^
lib/core/services/ai/agent/agent_service.dart:324:20: Error: String starting with ' must end with '.
    buffer.writeln('如果用户信息不足（如只说"帮我写一�?或剧情过于单薄），不要盲目创建�?);
                   ^^^^^^^^^^^^^^^^^^^^^^^^^^^^^^^^^^^^^^^
lib/core/services/ai/agent/agent_service.dart:325:20: Error: String starting with ' must end with '.
    buffer.writeln('你应该礼貌地追问关键信息，例如：本章主要事件、涉及角色、情感基调、是否需要结尾钩子等�?);
                   ^^^^^^^^^^^^^^^^^^^^^^^^^^^^^^^^^^^^^^^^^^^^^^^
lib/core/services/ai/agent/agent_service.dart:326:20: Error: String starting with ' must end with '.
    buffer.writeln('如果用户给了一句话剧情但缺少细节，你可以主动建议补充冲突点、情感转折、悬念钩子等，让章节更丰满�?);
                   ^^^^^^^^^^^^^^^^^^^^^^^^^^^^^^^^^^^^^^^^^^^^^^^^^^^^
lib/core/services/ai/agent/agent_service.dart:327:20: Error: String starting with ' must end with '.
    buffer.writeln('但如果用户已经提供了足够的信息（有明确的剧情走向和关键事件），就可以直接创建�?);
                   ^^^^^^^^^^^^^^^^^^^^^^^^^^^^^^^^^^^^^^^^^^^
lib/core/services/ai/agent/agent_service.dart:329:20: Error: String starting with ' must end with '.
    buffer.writeln('## 创建作品时的主题/世界观处理规�?);
                   ^^^^^^^^^^^^^^^^^^^^^^^
lib/core/services/ai/agent/agent_service.dart:331:20: Error: String starting with ' must end with '.
    buffer.writeln('1. 先调�?create_work 创建作品（name 为作品名称，将主题关键词写入 type 字段�?);
                   ^^^^^^^^^^^^^^^^^^^^^^^^^^^^^^^^^^^^^^^^^^^^^^^^^^^^^^^^
lib/core/services/ai/agent/agent_service.dart:333:20: Error: String starting with ' must end with '.
    buffer.writeln('   - title: 「{作品名} 世界观设定�?);
                   ^^^^^^^^^^^^^^^^^^^^^^^^^^^^^
lib/core/services/ai/agent/agent_service.dart:337:20: Error: String starting with ' must end with '.
    buffer.writeln('     �?核心设定与规则体�?);
                   ^^^^^^^^^^^^^^^^^^^^
lib/core/services/ai/agent/agent_service.dart:339:20: Error: String starting with ' must end with '.
    buffer.writeln('     �?世界背景与历史概�?);
                   ^^^^^^^^^^^^^^^^^^^^
lib/core/services/ai/agent/agent_service.dart:340:20: Error: String starting with ' must end with '.
    buffer.writeln('     �?典型场景与氛围描�?);
                   ^^^^^^^^^^^^^^^^^^^^
lib/core/services/ai/agent/agent_service.dart:341:20: Error: String starting with ' must end with '.
    buffer.writeln('     �?常见剧情模式与套�?);
                   ^^^^^^^^^^^^^^^^^^^^
lib/core/services/ai/agent/agent_service.dart:342:20: Error: String starting with ' must end with '.
    buffer.writeln('   - tags: 提取 3-5 个相关标�?);
                   ^^^^^^^^^^^^^^^^^^^^^^^^^^^
lib/core/services/ai/agent/agent_service.dart:343:20: Error: String starting with ' must end with '.
    buffer.writeln('3. 用自然语言向用户确认：作品已创建，并已根据主题自动生成世界观设�?);
                   ^^^^^^^^^^^^^^^^^^^^^^^^^^^^^^^^^^^^^^^
lib/core/services/ai/agent/agent_service.dart:343:19: Error: Can't find ')' to match '('.
    buffer.writeln('3. 用自然语言向用户确认：作品已创建，并已根据主题自动生成世界观设�?);
                  ^
lib/core/services/ai/agent/agent_service.dart:342:19: Error: Can't find ')' to match '('.
    buffer.writeln('   - tags: 提取 3-5 个相关标�?);
                  ^
lib/core/services/ai/agent/agent_service.dart:341:19: Error: Can't find ')' to match '('.
    buffer.writeln('     �?常见剧情模式与套�?);
                  ^
lib/core/services/ai/agent/agent_service.dart:340:19: Error: Can't find ')' to match '('.
    buffer.writeln('     �?典型场景与氛围描�?);
                  ^
lib/core/services/ai/agent/agent_service.dart:339:19: Error: Can't find ')' to match '('.
    buffer.writeln('     �?世界背景与历史概�?);
                  ^
lib/core/services/ai/agent/agent_service.dart:337:19: Error: Can't find ')' to match '('.
    buffer.writeln('     �?核心设定与规则体�?);
                  ^
lib/core/services/ai/agent/agent_service.dart:333:19: Error: Can't find ')' to match '('.
    buffer.writeln('   - title: 「{作品名} 世界观设定�?);
                  ^
lib/core/services/ai/agent/agent_service.dart:331:19: Error: Can't find ')' to match '('.
    buffer.writeln('1. 先调�?create_work 创建作品（name 为作品名称，将主题关键词写入 type 字段�?);
                  ^
lib/core/services/ai/agent/agent_service.dart:329:19: Error: Can't find ')' to match '('.
    buffer.writeln('## 创建作品时的主题/世界观处理规�?);
                  ^
lib/core/services/ai/agent/agent_service.dart:327:19: Error: Can't find ')' to match '('.
    buffer.writeln('但如果用户已经提供了足够的信息（有明确的剧情走向和关键事件），就可以直接创建�?);
                  ^
lib/core/services/ai/agent/agent_service.dart:326:19: Error: Can't find ')' to match '('.
    buffer.writeln('如果用户给了一句话剧情但缺少细节，你可以主动建议补充冲突点、情感转折、悬念钩子等，让章节更丰满�?);
                  ^
lib/core/services/ai/agent/agent_service.dart:325:19: Error: Can't find ')' to match '('.
    buffer.writeln('你应该礼貌地追问关键信息，例如：本章主要事件、涉及角色、情感基调、是否需要结尾钩子等�?);
                  ^
lib/core/services/ai/agent/agent_service.dart:324:19: Error: Can't find ')' to match '('.
    buffer.writeln('如果用户信息不足（如只说"帮我写一�?或剧情过于单薄），不要盲目创建�?);
                  ^
lib/core/services/ai/agent/agent_service.dart:320:19: Error: Can't find ')' to match '('.
    buffer.writeln('4. **前文衔接**：如果不是第一章，是否有前文上下文可以衔接？如有，先搜索前文内�?);
                  ^
lib/core/services/ai/agent/agent_service.dart:318:19: Error: Can't find ')' to match '('.
    buffer.writeln('2. **节奏定位**：本章处于故事的什么位置？（开�?铺垫/高潮/过渡/结尾）是否需要提醒用户注意节�?);
                  ^
lib/core/services/ai/agent/agent_service.dart:317:19: Error: Can't find ')' to match '('.
    buffer.writeln('1. **剧情内容**：用户是否描述了本章要发生什么事？如果只�?写第一�?而没给任何剧情方向，应追�?);
                  ^
lib/core/services/ai/agent/agent_service.dart:313:19: Error: Can't find ')' to match '('.
    buffer.writeln('你需要在调用工具前先构思好章节内容，然后一次性传入�?);
                  ^
lib/core/services/ai/agent/agent_service.dart:312:19: Error: Can't find ')' to match '('.
    buffer.writeln('不要创建空章节！content 参数是必填的�?);
                  ^
lib/core/services/ai/agent/agent_service.dart:311:19: Error: Can't find ')' to match '('.
    buffer.writeln('调用 create_chapter 时，必须�?content 参数中传入完整的章节正文内容�?);
                  ^
lib/core/services/ai/agent/agent_service.dart:310:19: Error: Can't find ')' to match '('.
    buffer.writeln('## 创建章节的完整流�?);
                  ^
lib/core/services/ai/agent/agent_service.dart:308:19: Error: Can't find ')' to match '('.
    buffer.writeln('创建实体后，用自然语言向用户确认创建结果�?);
                  ^
lib/core/services/ai/agent/agent_service.dart:307:19: Error: Can't find ')' to match '('.
    buffer.writeln('当用户要求创建角色、地点、物品、势力、关系、作品、卷、章节或素材时，请直接调用对应的 create_* 工具�?);
                  ^
lib/core/services/ai/agent/agent_service.dart:305:19: Error: Can't find ')' to match '('.
    buffer.writeln('- 最终回复必须是完整的中文内�?);
                  ^
lib/core/services/ai/agent/agent_service.dart:304:19: Error: Can't find ')' to match '('.
    buffer.writeln('- 如果信息不足，先搜索再行�?);
                  ^
lib/core/services/ai/agent/agent_service.dart:302:19: Error: Can't find ')' to match '('.
    buffer.writeln('- 每次只调用一个工�?);
                  ^
lib/core/services/ai/agent/agent_service.dart:301:19: Error: Can't find ')' to match '('.
    buffer.writeln('注意事项�?);
                  ^
lib/core/services/ai/agent/agent_service.dart:299:19: Error: Can't find ')' to match '('.
    buffer.writeln('5. 综合结果，给出最终回�?);
                  ^
lib/core/services/ai/agent/agent_service.dart:298:19: Error: Can't find ')' to match '('.
    buffer.writeln('4. 如果需要检查问题，调用分析/一致性检查工�?);
                  ^
lib/core/services/ai/agent/agent_service.dart:295:19: Error: Can't find ')' to match '('.
    buffer.writeln('1. 分析用户需�?);
                  ^
lib/core/services/ai/agent/agent_service.dart:294:19: Error: Can't find ')' to match '('.
    buffer.writeln('工作流程�?);
                  ^
lib/core/services/ai/agent/agent_service.dart:287:19: Error: Can't find ')' to match '('.
    buffer.writeln('你可以使用工具来完成任务，也可以直接回复用户�?);
                  ^
lib/core/services/ai/agent/agent_service.dart:286:19: Error: Can't find ')' to match '('.
    buffer.writeln('你是一位专业的小说写作助手 Agent�?);
                  ^
lib/core/services/ai/agent/agent_service.dart:133:9: Error: Expected ',' before this.
        await controller.close();
        ^^^^^
lib/core/services/ai/agent/agent_service.dart:132:34: Error: Too many positional arguments: 1 allowed, but 2 found.
Try removing the extra positional arguments.
        controller.add(AgentError('没有可用的工�?));
                                 ^
lib/core/services/ai/agent/agent_service.dart:54:3: Context: Found this candidate, but the arguments don't match.
  AgentError(this.error);
  ^^^^^^^^^^
lib/core/services/ai/agent/agent_service.dart:205:17: Error: Expected ',' before this.
                toolCallId: toolCall.id,
                ^^^^^^^^^^
lib/core/services/ai/agent/agent_service.dart:287:5: Error: Expected ',' before this.
    buffer.writeln('你可以使用工具来完成任务，也可以直接回复用户�?);
    ^^^^^^
lib/core/services/ai/agent/agent_service.dart:287:20: Error: Expected ';' after this.
    buffer.writeln('你可以使用工具来完成任务，也可以直接回复用户�?);
                   ^^^^^^^^^^^^^^^^^^^^^^^^^^^
lib/core/services/ai/agent/agent_service.dart:291:22: Error: Expected ';' after this.
      buffer.writeln('当前没有选中作品。如果用户需要操作特定作品（如创建章节、角色等），请先调用 list_works 查看所有作品并获取�?ID�?);
                     ^^^^^^^^^^^^^^^^^^^^^^^^^^^^^^^^^^^^^^^^^^^^^^^^^^^^^^^^^^^^^^^^^^^
lib/core/services/ai/agent/agent_service.dart:295:5: Error: Expected ',' before this.
    buffer.writeln('1. 分析用户需�?);
    ^^^^^^
lib/core/services/ai/agent/agent_service.dart:296:5: Error: Expected ',' before this.
    buffer.writeln('2. 如果需要信息，调用搜索工具');
    ^^^^^^
lib/core/services/ai/agent/agent_service.dart:299:5: Error: Expected ',' before this.
    buffer.writeln('5. 综合结果，给出最终回�?);
    ^^^^^^
lib/core/services/ai/agent/agent_service.dart:300:5: Error: Expected ',' before this.
    buffer.writeln();
    ^^^^^^
lib/core/services/ai/agent/agent_service.dart:302:5: Error: Expected ',' before this.
    buffer.writeln('- 每次只调用一个工�?);
    ^^^^^^
lib/core/services/ai/agent/agent_service.dart:303:5: Error: Expected ',' before this.
    buffer.writeln('- 如果不知道作�?ID 或卷 ID，先调用 list_works / list_volumes 获取');
    ^^^^^^
lib/core/services/ai/agent/agent_service.dart:305:5: Error: Expected ',' before this.
    buffer.writeln('- 最终回复必须是完整的中文内�?);
    ^^^^^^
lib/core/services/ai/agent/agent_service.dart:306:5: Error: Expected ',' before this.
    buffer.writeln();
    ^^^^^^
lib/core/services/ai/agent/agent_service.dart:308:5: Error: Expected ',' before this.
    buffer.writeln('创建实体后，用自然语言向用户确认创建结果�?);
    ^^^^^^
lib/core/services/ai/agent/agent_service.dart:309:5: Error: Expected ',' before this.
    buffer.writeln();
    ^^^^^^
lib/core/services/ai/agent/agent_service.dart:311:5: Error: Expected ',' before this.
    buffer.writeln('调用 create_chapter 时，必须�?content 参数中传入完整的章节正文内容�?);
    ^^^^^^
lib/core/services/ai/agent/agent_service.dart:312:5: Error: Expected ',' before this.
    buffer.writeln('不要创建空章节！content 参数是必填的�?);
    ^^^^^^
lib/core/services/ai/agent/agent_service.dart:313:5: Error: Expected ',' before this.
    buffer.writeln('你需要在调用工具前先构思好章节内容，然后一次性传入�?);
    ^^^^^^
lib/core/services/ai/agent/agent_service.dart:314:5: Error: Expected ',' before this.
    buffer.writeln();
    ^^^^^^
lib/core/services/ai/agent/agent_service.dart:318:5: Error: Expected ',' before this.
    buffer.writeln('2. **节奏定位**：本章处于故事的什么位置？（开�?铺垫/高潮/过渡/结尾）是否需要提醒用户注意节�?);
    ^^^^^^
lib/core/services/ai/agent/agent_service.dart:319:5: Error: Expected ',' before this.
    buffer.writeln('3. **钩子/悬念**：本章结尾是否需要留下悬念或钩子引导读者继续阅读？');
    ^^^^^^
lib/core/services/ai/agent/agent_service.dart:321:5: Error: Expected ',' before this.
    buffer.writeln('5. **事件丰富�?*：用户提供的剧情是否足够展开为一整章？是否只有一句话概括而缺少具体事件、冲突、转折？');
    ^^^^^^
lib/core/services/ai/agent/agent_service.dart:325:5: Error: Expected ',' before this.
    buffer.writeln('你应该礼貌地追问关键信息，例如：本章主要事件、涉及角色、情感基调、是否需要结尾钩子等�?);
    ^^^^^^
lib/core/services/ai/agent/agent_service.dart:326:5: Error: Expected ',' before this.
    buffer.writeln('如果用户给了一句话剧情但缺少细节，你可以主动建议补充冲突点、情感转折、悬念钩子等，让章节更丰满�?);
    ^^^^^^
lib/core/services/ai/agent/agent_service.dart:327:5: Error: Expected ',' before this.
    buffer.writeln('但如果用户已经提供了足够的信息（有明确的剧情走向和关键事件），就可以直接创建�?);
    ^^^^^^
lib/core/services/ai/agent/agent_service.dart:328:5: Error: Expected ',' before this.
    buffer.writeln();
    ^^^^^^
lib/core/services/ai/agent/agent_service.dart:330:5: Error: Expected ',' before this.
    buffer.writeln('当用户创建作品并附带「主题」「题材」「类型」「世界观」「风格」等描述时，你必须执行以下步骤：');
    ^^^^^^
lib/core/services/ai/agent/agent_service.dart:332:5: Error: Expected ',' before this.
    buffer.writeln('2. 紧接着调用 create_inspiration，参数如下：');
    ^^^^^^
lib/core/services/ai/agent/agent_service.dart:334:5: Error: Expected ',' before this.
    buffer.writeln('   - category: "worldbuilding"');
    ^^^^^^
lib/core/services/ai/agent/agent_service.dart:338:5: Error: Expected ',' before this.
    buffer.writeln('     �?力量体系/等级划分');
    ^^^^^^
lib/core/services/ai/agent/agent_service.dart:340:5: Error: Expected ',' before this.
    buffer.writeln('     �?典型场景与氛围描�?);
    ^^^^^^
lib/core/services/ai/agent/agent_service.dart:341:5: Error: Expected ',' before this.
    buffer.writeln('     �?常见剧情模式与套�?);
    ^^^^^^
lib/core/services/ai/agent/agent_service.dart:342:5: Error: Expected ',' before this.
    buffer.writeln('   - tags: 提取 3-5 个相关标�?);
    ^^^^^^
lib/core/services/ai/agent/agent_service.dart:343:5: Error: Expected ',' before this.
    buffer.writeln('3. 用自然语言向用户确认：作品已创建，并已根据主题自动生成世界观设�?);
    ^^^^^^
lib/core/services/ai/agent/agent_service.dart:343:20: Error: Expected ';' after this.
    buffer.writeln('3. 用自然语言向用户确认：作品已创建，并已根据主题自动生成世界观设�?);
                   ^^^^^^^^^^^^^^^^^^^^^^^^^^^^^^^^^^^^^^^
lib/core/services/ai/agent/agent_service.dart:286:19: Error: Too many positional arguments: 1 allowed, but 2 found.
Try removing the extra positional arguments.
    buffer.writeln('你是一位专业的小说写作助手 Agent�?);
                  ^
lib/core/services/ai/agent/agent_service.dart:295:19: Error: Too many positional arguments: 1 allowed, but 2 found.
Try removing the extra positional arguments.
    buffer.writeln('1. 分析用户需�?);
                  ^
lib/core/services/ai/agent/agent_service.dart:294:19: Error: Too many positional arguments: 1 allowed, but 2 found.
Try removing the extra positional arguments.
    buffer.writeln('工作流程�?);
                  ^
lib/core/services/ai/agent/agent_service.dart:299:19: Error: Too many positional arguments: 1 allowed, but 2 found.
Try removing the extra positional arguments.
    buffer.writeln('5. 综合结果，给出最终回�?);
                  ^
lib/core/services/ai/agent/agent_service.dart:298:19: Error: Too many positional arguments: 1 allowed, but 2 found.
Try removing the extra positional arguments.
    buffer.writeln('4. 如果需要检查问题，调用分析/一致性检查工�?);
                  ^
lib/core/services/ai/agent/agent_service.dart:302:19: Error: Too many positional arguments: 1 allowed, but 2 found.
Try removing the extra positional arguments.
    buffer.writeln('- 每次只调用一个工�?);
                  ^
lib/core/services/ai/agent/agent_service.dart:301:19: Error: Too many positional arguments: 1 allowed, but 2 found.
Try removing the extra positional arguments.
    buffer.writeln('注意事项�?);
                  ^
lib/core/services/ai/agent/agent_service.dart:305:19: Error: Too many positional arguments: 1 allowed, but 2 found.
Try removing the extra positional arguments.
    buffer.writeln('- 最终回复必须是完整的中文内�?);
                  ^
lib/core/services/ai/agent/agent_service.dart:304:19: Error: Too many positional arguments: 1 allowed, but 2 found.
Try removing the extra positional arguments.
    buffer.writeln('- 如果信息不足，先搜索再行�?);
                  ^
lib/core/services/ai/agent/agent_service.dart:308:19: Error: Too many positional arguments: 1 allowed, but 2 found.
Try removing the extra positional arguments.
    buffer.writeln('创建实体后，用自然语言向用户确认创建结果�?);
                  ^
lib/core/services/ai/agent/agent_service.dart:307:19: Error: Too many positional arguments: 1 allowed, but 2 found.
Try removing the extra positional arguments.
    buffer.writeln('当用户要求创建角色、地点、物品、势力、关系、作品、卷、章节或素材时，请直接调用对应的 create_* 工具�?);
                  ^
lib/core/services/ai/agent/agent_service.dart:313:19: Error: Too many positional arguments: 1 allowed, but 2 found.
Try removing the extra positional arguments.
    buffer.writeln('你需要在调用工具前先构思好章节内容，然后一次性传入�?);
                  ^
lib/core/services/ai/agent/agent_service.dart:312:19: Error: Too many positional arguments: 1 allowed, but 2 found.
Try removing the extra positional arguments.
    buffer.writeln('不要创建空章节！content 参数是必填的�?);
                  ^
lib/core/services/ai/agent/agent_service.dart:311:19: Error: Too many positional arguments: 1 allowed, but 2 found.
Try removing the extra positional arguments.
    buffer.writeln('调用 create_chapter 时，必须�?content 参数中传入完整的章节正文内容�?);
                  ^
lib/core/services/ai/agent/agent_service.dart:310:19: Error: Too many positional arguments: 1 allowed, but 2 found.
Try removing the extra positional arguments.
    buffer.writeln('## 创建章节的完整流�?);
                  ^
lib/core/services/ai/agent/agent_service.dart:318:19: Error: Too many positional arguments: 1 allowed, but 2 found.
Try removing the extra positional arguments.
    buffer.writeln('2. **节奏定位**：本章处于故事的什么位置？（开�?铺垫/高潮/过渡/结尾）是否需要提醒用户注意节�?);
                  ^
lib/core/services/ai/agent/agent_service.dart:317:19: Error: Too many positional arguments: 1 allowed, but 2 found.
Try removing the extra positional arguments.
    buffer.writeln('1. **剧情内容**：用户是否描述了本章要发生什么事？如果只�?写第一�?而没给任何剧情方向，应追�?);
                  ^
lib/core/services/ai/agent/agent_service.dart:320:19: Error: Too many positional arguments: 1 allowed, but 2 found.
Try removing the extra positional arguments.
    buffer.writeln('4. **前文衔接**：如果不是第一章，是否有前文上下文可以衔接？如有，先搜索前文内�?);
                  ^
lib/core/services/ai/agent/agent_service.dart:327:19: Error: Too many positional arguments: 1 allowed, but 2 found.
Try removing the extra positional arguments.
    buffer.writeln('但如果用户已经提供了足够的信息（有明确的剧情走向和关键事件），就可以直接创建�?);
                  ^
lib/core/services/ai/agent/agent_service.dart:326:19: Error: Too many positional arguments: 1 allowed, but 2 found.
Try removing the extra positional arguments.
    buffer.writeln('如果用户给了一句话剧情但缺少细节，你可以主动建议补充冲突点、情感转折、悬念钩子等，让章节更丰满�?);
                  ^
lib/core/services/ai/agent/agent_service.dart:325:19: Error: Too many positional arguments: 1 allowed, but 2 found.
Try removing the extra positional arguments.
    buffer.writeln('你应该礼貌地追问关键信息，例如：本章主要事件、涉及角色、情感基调、是否需要结尾钩子等�?);
                  ^
lib/core/services/ai/agent/agent_service.dart:324:19: Error: Too many positional arguments: 1 allowed, but 2 found.
Try removing the extra positional arguments.
    buffer.writeln('如果用户信息不足（如只说"帮我写一�?或剧情过于单薄），不要盲目创建�?);
                  ^
lib/core/services/ai/agent/agent_service.dart:329:19: Error: Too many positional arguments: 1 allowed, but 2 found.
Try removing the extra positional arguments.
    buffer.writeln('## 创建作品时的主题/世界观处理规�?);
                  ^
lib/core/services/ai/agent/agent_service.dart:331:19: Error: Too many positional arguments: 1 allowed, but 2 found.
Try removing the extra positional arguments.
    buffer.writeln('1. 先调�?create_work 创建作品（name 为作品名称，将主题关键词写入 type 字段�?);
                  ^
lib/core/services/ai/agent/agent_service.dart:333:19: Error: Too many positional arguments: 1 allowed, but 2 found.
Try removing the extra positional arguments.
    buffer.writeln('   - title: 「{作品名} 世界观设定�?);
                  ^
lib/core/services/ai/agent/agent_service.dart:337:19: Error: Too many positional arguments: 1 allowed, but 2 found.
Try removing the extra positional arguments.
    buffer.writeln('     �?核心设定与规则体�?);
                  ^
lib/core/services/ai/agent/agent_service.dart:342:19: Error: Too many positional arguments: 1 allowed, but 2 found.
Try removing the extra positional arguments.
    buffer.writeln('   - tags: 提取 3-5 个相关标�?);
                  ^
lib/core/services/ai/agent/agent_service.dart:341:19: Error: Too many positional arguments: 1 allowed, but 2 found.
Try removing the extra positional arguments.
    buffer.writeln('     �?常见剧情模式与套�?);
                  ^
lib/core/services/ai/agent/agent_service.dart:340:19: Error: Too many positional arguments: 1 allowed, but 2 found.
Try removing the extra positional arguments.
    buffer.writeln('     �?典型场景与氛围描�?);
                  ^
lib/core/services/ai/agent/agent_service.dart:339:19: Error: Too many positional arguments: 1 allowed, but 2 found.
Try removing the extra positional arguments.
    buffer.writeln('     �?世界背景与历史概�?);
                  ^
00:12 +38 -15: loading C:/Users/changw98/dev/writing_assistant/test/unit/core/services/extraction_workflow_runner_test.dart [E]
  Failed to load "C:/Users/changw98/dev/writing_assistant/test/unit/core/services/extraction_workflow_runner_test.dart":
  Compilation failed for testPath=C:/Users/changw98/dev/writing_assistant/test/unit/core/services/extraction_workflow_runner_test.dart: lib/core/services/ai/agent/agent_service.dart:132:35: Error: String starting with ' must end with '.
          controller.add(AgentError('没有可用的工�?));
                                    ^^^^^^^^^^^^
  lib/core/services/ai/agent/agent_service.dart:132:34: Error: Can't find ')' to match '('.
          controller.add(AgentError('没有可用的工�?));
                                   ^
  lib/core/services/ai/agent/agent_service.dart:132:23: Error: Can't find ')' to match '('.
          controller.add(AgentError('没有可用的工�?));
                        ^
  lib/core/services/ai/agent/agent_service.dart:200:53: Error: String starting with ' must end with '.
                  ToolResult.fail('工具 ${toolCall.name} 不存�?),
                                                      ^^^^^^^
  lib/core/services/ai/agent/agent_service.dart:204:50: Error: String starting with ' must end with '.
                  content: '错误: 工具 ${toolCall.name} 不存�?,
                                                   ^^^^^^
  lib/core/services/ai/agent/agent_service.dart:199:29: Error: Can't find ')' to match '('.
                controller.add(AgentObservation(
                              ^
  lib/core/services/ai/agent/agent_service.dart:286:20: Error: String starting with ' must end with '.
      buffer.writeln('你是一位专业的小说写作助手 Agent�?);
                     ^^^^^^^^^^^^^^^^^^^^^^^^
  lib/core/services/ai/agent/agent_service.dart:287:20: Error: String starting with ' must end with '.
      buffer.writeln('你可以使用工具来完成任务，也可以直接回复用户�?);
                     ^^^^^^^^^^^^^^^^^^^^^^^^^^^
  lib/core/services/ai/agent/agent_service.dart:291:22: Error: String starting with ' must end with '.
        buffer.writeln('当前没有选中作品。如果用户需要操作特定作品（如创建章节、角色等），请先调用 list_works 查看所有作品并获取�?ID�?);
                       ^^^^^^^^^^^^^^^^^^^^^^^^^^^^^^^^^^^^^^^^^^^^^^^^^^^^^^^^^^^^^^^^^^^
  lib/core/services/ai/agent/agent_service.dart:291:21: Error: Can't find ')' to match '('.
        buffer.writeln('当前没有选中作品。如果用户需要操作特定作品（如创建章节、角色等），请先调用 list_works 查看所有作品并获取�?ID�?);
                      ^
  lib/core/services/ai/agent/agent_service.dart:294:20: Error: String starting with ' must end with '.
      buffer.writeln('工作流程�?);
                     ^^^^^^^^^
  lib/core/services/ai/agent/agent_service.dart:295:20: Error: String starting with ' must end with '.
      buffer.writeln('1. 分析用户需�?);
                     ^^^^^^^^^^^^^
  lib/core/services/ai/agent/agent_service.dart:298:20: Error: String starting with ' must end with '.
      buffer.writeln('4. 如果需要检查问题，调用分析/一致性检查工�?);
                     ^^^^^^^^^^^^^^^^^^^^^^^^^^^^
  lib/core/services/ai/agent/agent_service.dart:299:20: Error: String starting with ' must end with '.
      buffer.writeln('5. 综合结果，给出最终回�?);
                     ^^^^^^^^^^^^^^^^^^
  lib/core/services/ai/agent/agent_service.dart:301:20: Error: String starting with ' must end with '.
      buffer.writeln('注意事项�?);
                     ^^^^^^^^^
  lib/core/services/ai/agent/agent_service.dart:302:20: Error: String starting with ' must end with '.
      buffer.writeln('- 每次只调用一个工�?);
                     ^^^^^^^^^^^^^^^
  lib/core/services/ai/agent/agent_service.dart:304:20: Error: String starting with ' must end with '.
      buffer.writeln('- 如果信息不足，先搜索再行�?);
                     ^^^^^^^^^^^^^^^^^^^
  lib/core/services/ai/agent/agent_service.dart:305:20: Error: String starting with ' must end with '.
      buffer.writeln('- 最终回复必须是完整的中文内�?);
                     ^^^^^^^^^^^^^^^^^^^^
  lib/core/services/ai/agent/agent_service.dart:307:20: Error: String starting with ' must end with '.
      buffer.writeln('当用户要求创建角色、地点、物品、势力、关系、作品、卷、章节或素材时，请直接调用对应的 create_* 工具�?);
                     ^^^^^^^^^^^^^^^^^^^^^^^^^^^^^^^^^^^^^^^^^^^^^^^^^^^^^^^^^^^
  lib/core/services/ai/agent/agent_service.dart:308:20: Error: String starting with ' must end with '.
      buffer.writeln('创建实体后，用自然语言向用户确认创建结果�?);
                     ^^^^^^^^^^^^^^^^^^^^^^^^^
  lib/core/services/ai/agent/agent_service.dart:310:20: Error: String starting with ' must end with '.
      buffer.writeln('## 创建章节的完整流�?);
                     ^^^^^^^^^^^^^^^^
  lib/core/services/ai/agent/agent_service.dart:311:20: Error: String starting with ' must end with '.
      buffer.writeln('调用 create_chapter 时，必须�?content 参数中传入完整的章节正文内容�?);
                     ^^^^^^^^^^^^^^^^^^^^^^^^^^^^^^^^^^^^^^^^^^^^^^^^^^^
  lib/core/services/ai/agent/agent_service.dart:312:20: Error: String starting with ' must end with '.
      buffer.writeln('不要创建空章节！content 参数是必填的�?);
                     ^^^^^^^^^^^^^^^^^^^^^^^^^^^
  lib/core/services/ai/agent/agent_service.dart:313:20: Error: String starting with ' must end with '.
      buffer.writeln('你需要在调用工具前先构思好章节内容，然后一次性传入�?);
                     ^^^^^^^^^^^^^^^^^^^^^^^^^^^^^^
  lib/core/services/ai/agent/agent_service.dart:317:20: Error: String starting with ' must end with '.
      buffer.writeln('1. **剧情内容**：用户是否描述了本章要发生什么事？如果只�?写第一�?而没给任何剧情方向，应追�?);
                     ^^^^^^^^^^^^^^^^^^^^^^^^^^^^^^^^^^^^^^^^^^^^^^^^^^^^^^^
  lib/core/services/ai/agent/agent_service.dart:318:20: Error: String starting with ' must end with '.
      buffer.writeln('2. **节奏定位**：本章处于故事的什么位置？（开�?铺垫/高潮/过渡/结尾）是否需要提醒用户注意节�?);
                     ^^^^^^^^^^^^^^^^^^^^^^^^^^^^^^^^^^^^^^^^^^^^^^^^^^^^^^^^
  lib/core/services/ai/agent/agent_service.dart:320:20: Error: String starting with ' must end with '.
      buffer.writeln('4. **前文衔接**：如果不是第一章，是否有前文上下文可以衔接？如有，先搜索前文内�?);
                     ^^^^^^^^^^^^^^^^^^^^^^^^^^^^^^^^^^^^^^^^^^^^^^^
  lib/core/services/ai/agent/agent_service.dart:324:20: Error: String starting with ' must end with '.
      buffer.writeln('如果用户信息不足（如只说"帮我写一�?或剧情过于单薄），不要盲目创建�?);
                     ^^^^^^^^^^^^^^^^^^^^^^^^^^^^^^^^^^^^^^^
  lib/core/services/ai/agent/agent_service.dart:325:20: Error: String starting with ' must end with '.
      buffer.writeln('你应该礼貌地追问关键信息，例如：本章主要事件、涉及角色、情感基调、是否需要结尾钩子等�?);
                     ^^^^^^^^^^^^^^^^^^^^^^^^^^^^^^^^^^^^^^^^^^^^^^^
  lib/core/services/ai/agent/agent_service.dart:326:20: Error: String starting with ' must end with '.
      buffer.writeln('如果用户给了一句话剧情但缺少细节，你可以主动建议补充冲突点、情感转折、悬念钩子等，让章节更丰满�?);
                     ^^^^^^^^^^^^^^^^^^^^^^^^^^^^^^^^^^^^^^^^^^^^^^^^^^^^
  lib/core/services/ai/agent/agent_service.dart:327:20: Error: String starting with ' must end with '.
      buffer.writeln('但如果用户已经提供了足够的信息（有明确的剧情走向和关键事件），就可以直接创建�?);
                     ^^^^^^^^^^^^^^^^^^^^^^^^^^^^^^^^^^^^^^^^^^^
  lib/core/services/ai/agent/agent_service.dart:329:20: Error: String starting with ' must end with '.
      buffer.writeln('## 创建作品时的主题/世界观处理规�?);
                     ^^^^^^^^^^^^^^^^^^^^^^^
  lib/core/services/ai/agent/agent_service.dart:331:20: Error: String starting with ' must end with '.
      buffer.writeln('1. 先调�?create_work 创建作品（name 为作品名称，将主题关键词写入 type 字段�?);
                     ^^^^^^^^^^^^^^^^^^^^^^^^^^^^^^^^^^^^^^^^^^^^^^^^^^^^^^^^
  lib/core/services/ai/agent/agent_service.dart:333:20: Error: String starting with ' must end with '.
      buffer.writeln('   - title: 「{作品名} 世界观设定�?);
                     ^^^^^^^^^^^^^^^^^^^^^^^^^^^^^
  lib/core/services/ai/agent/agent_service.dart:337:20: Error: String starting with ' must end with '.
      buffer.writeln('     �?核心设定与规则体�?);
                     ^^^^^^^^^^^^^^^^^^^^
  lib/core/services/ai/agent/agent_service.dart:339:20: Error: String starting with ' must end with '.
      buffer.writeln('     �?世界背景与历史概�?);
                     ^^^^^^^^^^^^^^^^^^^^
  lib/core/services/ai/agent/agent_service.dart:340:20: Error: String starting with ' must end with '.
      buffer.writeln('     �?典型场景与氛围描�?);
                     ^^^^^^^^^^^^^^^^^^^^
  lib/core/services/ai/agent/agent_service.dart:341:20: Error: String starting with ' must end with '.
      buffer.writeln('     �?常见剧情模式与套�?);
                     ^^^^^^^^^^^^^^^^^^^^
  lib/core/services/ai/agent/agent_service.dart:342:20: Error: String starting with ' must end with '.
      buffer.writeln('   - tags: 提取 3-5 个相关标�?);
                     ^^^^^^^^^^^^^^^^^^^^^^^^^^^
  lib/core/services/ai/agent/agent_service.dart:343:20: Error: String starting with ' must end with '.
      buffer.writeln('3. 用自然语言向用户确认：作品已创建，并已根据主题自动生成世界观设�?);
                     ^^^^^^^^^^^^^^^^^^^^^^^^^^^^^^^^^^^^^^^
  lib/core/services/ai/agent/agent_service.dart:343:19: Error: Can't find ')' to match '('.
      buffer.writeln('3. 用自然语言向用户确认：作品已创建，并已根据主题自动生成世界观设�?);
                    ^
  lib/core/services/ai/agent/agent_service.dart:342:19: Error: Can't find ')' to match '('.
      buffer.writeln('   - tags: 提取 3-5 个相关标�?);
                    ^
  lib/core/services/ai/agent/agent_service.dart:341:19: Error: Can't find ')' to match '('.
      buffer.writeln('     �?常见剧情模式与套�?);
                    ^
  lib/core/services/ai/agent/agent_service.dart:340:19: Error: Can't find ')' to match '('.
      buffer.writeln('     �?典型场景与氛围描�?);
                    ^
  lib/core/services/ai/agent/agent_service.dart:339:19: Error: Can't find ')' to match '('.
      buffer.writeln('     �?世界背景与历史概�?);
                    ^
  lib/core/services/ai/agent/agent_service.dart:337:19: Error: Can't find ')' to match '('.
      buffer.writeln('     �?核心设定与规则体�?);
                    ^
  lib/core/services/ai/agent/agent_service.dart:333:19: Error: Can't find ')' to match '('.
      buffer.writeln('   - title: 「{作品名} 世界观设定�?);
                    ^
  lib/core/services/ai/agent/agent_service.dart:331:19: Error: Can't find ')' to match '('.
      buffer.writeln('1. 先调�?create_work 创建作品（name 为作品名称，将主题关键词写入 type 字段�?);
                    ^
  lib/core/services/ai/agent/agent_service.dart:329:19: Error: Can't find ')' to match '('.
      buffer.writeln('## 创建作品时的主题/世界观处理规�?);
                    ^
  lib/core/services/ai/agent/agent_service.dart:327:19: Error: Can't find ')' to match '('.
      buffer.writeln('但如果用户已经提供了足够的信息（有明确的剧情走向和关键事件），就可以直接创建�?);
                    ^
  lib/core/services/ai/agent/agent_service.dart:326:19: Error: Can't find ')' to match '('.
      buffer.writeln('如果用户给了一句话剧情但缺少细节，你可以主动建议补充冲突点、情感转折、悬念钩子等，让章节更丰满�?);
                    ^
  lib/core/services/ai/agent/agent_service.dart:325:19: Error: Can't find ')' to match '('.
      buffer.writeln('你应该礼貌地追问关键信息，例如：本章主要事件、涉及角色、情感基调、是否需要结尾钩子等�?);
                    ^
  lib/core/services/ai/agent/agent_service.dart:324:19: Error: Can't find ')' to match '('.
      buffer.writeln('如果用户信息不足（如只说"帮我写一�?或剧情过于单薄），不要盲目创建�?);
                    ^
  lib/core/services/ai/agent/agent_service.dart:320:19: Error: Can't find ')' to match '('.
      buffer.writeln('4. **前文衔接**：如果不是第一章，是否有前文上下文可以衔接？如有，先搜索前文内�?);
                    ^
  lib/core/services/ai/agent/agent_service.dart:318:19: Error: Can't find ')' to match '('.
      buffer.writeln('2. **节奏定位**：本章处于故事的什么位置？（开�?铺垫/高潮/过渡/结尾）是否需要提醒用户注意节�?);
                    ^
  lib/core/services/ai/agent/agent_service.dart:317:19: Error: Can't find ')' to match '('.
      buffer.writeln('1. **剧情内容**：用户是否描述了本章要发生什么事？如果只�?写第一�?而没给任何剧情方向，应追�?);
                    ^
  lib/core/services/ai/agent/agent_service.dart:313:19: Error: Can't find ')' to match '('.
      buffer.writeln('你需要在调用工具前先构思好章节内容，然后一次性传入�?);
                    ^
  lib/core/services/ai/agent/agent_service.dart:312:19: Error: Can't find ')' to match '('.
      buffer.writeln('不要创建空章节！content 参数是必填的�?);
                    ^
  lib/core/services/ai/agent/agent_service.dart:311:19: Error: Can't find ')' to match '('.
      buffer.writeln('调用 create_chapter 时，必须�?content 参数中传入完整的章节正文内容�?);
                    ^
  lib/core/services/ai/agent/agent_service.dart:310:19: Error: Can't find ')' to match '('.
      buffer.writeln('## 创建章节的完整流�?);
                    ^
  lib/core/services/ai/agent/agent_service.dart:308:19: Error: Can't find ')' to match '('.
      buffer.writeln('创建实体后，用自然语言向用户确认创建结果�?);
                    ^
  lib/core/services/ai/agent/agent_service.dart:307:19: Error: Can't find ')' to match '('.
      buffer.writeln('当用户要求创建角色、地点、物品、势力、关系、作品、卷、章节或素材时，请直接调用对应的 create_* 工具�?);
                    ^
  lib/core/services/ai/agent/agent_service.dart:305:19: Error: Can't find ')' to match '('.
      buffer.writeln('- 最终回复必须是完整的中文内�?);
                    ^
  lib/core/services/ai/agent/agent_service.dart:304:19: Error: Can't find ')' to match '('.
      buffer.writeln('- 如果信息不足，先搜索再行�?);
                    ^
  lib/core/services/ai/agent/agent_service.dart:302:19: Error: Can't find ')' to match '('.
      buffer.writeln('- 每次只调用一个工�?);
                    ^
  lib/core/services/ai/agent/agent_service.dart:301:19: Error: Can't find ')' to match '('.
      buffer.writeln('注意事项�?);
                    ^
  lib/core/services/ai/agent/agent_service.dart:299:19: Error: Can't find ')' to match '('.
      buffer.writeln('5. 综合结果，给出最终回�?);
                    ^
  lib/core/services/ai/agent/agent_service.dart:298:19: Error: Can't find ')' to match '('.
      buffer.writeln('4. 如果需要检查问题，调用分析/一致性检查工�?);
                    ^
  lib/core/services/ai/agent/agent_service.dart:295:19: Error: Can't find ')' to match '('.
      buffer.writeln('1. 分析用户需�?);
                    ^
  lib/core/services/ai/agent/agent_service.dart:294:19: Error: Can't find ')' to match '('.
      buffer.writeln('工作流程�?);
                    ^
  lib/core/services/ai/agent/agent_service.dart:287:19: Error: Can't find ')' to match '('.
      buffer.writeln('你可以使用工具来完成任务，也可以直接回复用户�?);
                    ^
  lib/core/services/ai/agent/agent_service.dart:286:19: Error: Can't find ')' to match '('.
      buffer.writeln('你是一位专业的小说写作助手 Agent�?);
                    ^
  lib/core/services/ai/agent/agent_service.dart:133:9: Error: Expected ',' before this.
          await controller.close();
          ^^^^^
  lib/core/services/ai/agent/agent_service.dart:132:34: Error: Too many positional arguments: 1 allowed, but 2 found.
  Try removing the extra positional arguments.
          controller.add(AgentError('没有可用的工�?));
                                   ^
  lib/core/services/ai/agent/agent_service.dart:54:3: Context: Found this candidate, but the arguments don't match.
    AgentError(this.error);
    ^^^^^^^^^^
  lib/core/services/ai/agent/agent_service.dart:205:17: Error: Expected ',' before this.
                  toolCallId: toolCall.id,
                  ^^^^^^^^^^
  lib/core/services/ai/agent/agent_service.dart:287:5: Error: Expected ',' before this.
      buffer.writeln('你可以使用工具来完成任务，也可以直接回复用户�?);
      ^^^^^^
  lib/core/services/ai/agent/agent_service.dart:287:20: Error: Expected ';' after this.
      buffer.writeln('你可以使用工具来完成任务，也可以直接回复用户�?);
                     ^^^^^^^^^^^^^^^^^^^^^^^^^^^
  lib/core/services/ai/agent/agent_service.dart:291:22: Error: Expected ';' after this.
        buffer.writeln('当前没有选中作品。如果用户需要操作特定作品（如创建章节、角色等），请先调用 list_works 查看所有作品并获取�?ID�?);
                       ^^^^^^^^^^^^^^^^^^^^^^^^^^^^^^^^^^^^^^^^^^^^^^^^^^^^^^^^^^^^^^^^^^^
  lib/core/services/ai/agent/agent_service.dart:295:5: Error: Expected ',' before this.
      buffer.writeln('1. 分析用户需�?);
      ^^^^^^
  lib/core/services/ai/agent/agent_service.dart:296:5: Error: Expected ',' before this.
      buffer.writeln('2. 如果需要信息，调用搜索工具');
      ^^^^^^
  lib/core/services/ai/agent/agent_service.dart:299:5: Error: Expected ',' before this.
      buffer.writeln('5. 综合结果，给出最终回�?);
      ^^^^^^
  lib/core/services/ai/agent/agent_service.dart:300:5: Error: Expected ',' before this.
      buffer.writeln();
      ^^^^^^
  lib/core/services/ai/agent/agent_service.dart:302:5: Error: Expected ',' before this.
      buffer.writeln('- 每次只调用一个工�?);
      ^^^^^^
  lib/core/services/ai/agent/agent_service.dart:303:5: Error: Expected ',' before this.
      buffer.writeln('- 如果不知道作�?ID 或卷 ID，先调用 list_works / list_volumes 获取');
      ^^^^^^
  lib/core/services/ai/agent/agent_service.dart:305:5: Error: Expected ',' before this.
      buffer.writeln('- 最终回复必须是完整的中文内�?);
      ^^^^^^
  lib/core/services/ai/agent/agent_service.dart:306:5: Error: Expected ',' before this.
      buffer.writeln();
      ^^^^^^
  lib/core/services/ai/agent/agent_service.dart:308:5: Error: Expected ',' before this.
      buffer.writeln('创建实体后，用自然语言向用户确认创建结果�?);
      ^^^^^^
  lib/core/services/ai/agent/agent_service.dart:309:5: Error: Expected ',' before this.
      buffer.writeln();
      ^^^^^^
  lib/core/services/ai/agent/agent_service.dart:311:5: Error: Expected ',' before this.
      buffer.writeln('调用 create_chapter 时，必须�?content 参数中传入完整的章节正文内容�?);
      ^^^^^^
  lib/core/services/ai/agent/agent_service.dart:312:5: Error: Expected ',' before this.
      buffer.writeln('不要创建空章节！content 参数是必填的�?);
      ^^^^^^
  lib/core/services/ai/agent/agent_service.dart:313:5: Error: Expected ',' before this.
      buffer.writeln('你需要在调用工具前先构思好章节内容，然后一次性传入�?);
      ^^^^^^
  lib/core/services/ai/agent/agent_service.dart:314:5: Error: Expected ',' before this.
      buffer.writeln();
      ^^^^^^
  lib/core/services/ai/agent/agent_service.dart:318:5: Error: Expected ',' before this.
      buffer.writeln('2. **节奏定位**：本章处于故事的什么位置？（开�?铺垫/高潮/过渡/结尾）是否需要提醒用户注意节�?);
      ^^^^^^
  lib/core/services/ai/agent/agent_service.dart:319:5: Error: Expected ',' before this.
      buffer.writeln('3. **钩子/悬念**：本章结尾是否需要留下悬念或钩子引导读者继续阅读？');
      ^^^^^^
  lib/core/services/ai/agent/agent_service.dart:321:5: Error: Expected ',' before this.
      buffer.writeln('5. **事件丰富�?*：用户提供的剧情是否足够展开为一整章？是否只有一句话概括而缺少具体事件、冲突、转折？');
      ^^^^^^
  lib/core/services/ai/agent/agent_service.dart:325:5: Error: Expected ',' before this.
      buffer.writeln('你应该礼貌地追问关键信息，例如：本章主要事件、涉及角色、情感基调、是否需要结尾钩子等�?);
      ^^^^^^
  lib/core/services/ai/agent/agent_service.dart:326:5: Error: Expected ',' before this.
      buffer.writeln('如果用户给了一句话剧情但缺少细节，你可以主动建议补充冲突点、情感转折、悬念钩子等，让章节更丰满�?);
      ^^^^^^
  lib/core/services/ai/agent/agent_service.dart:327:5: Error: Expected ',' before this.
      buffer.writeln('但如果用户已经提供了足够的信息（有明确的剧情走向和关键事件），就可以直接创建�?);
      ^^^^^^
  lib/core/services/ai/agent/agent_service.dart:328:5: Error: Expected ',' before this.
      buffer.writeln();
      ^^^^^^
  lib/core/services/ai/agent/agent_service.dart:330:5: Error: Expected ',' before this.
      buffer.writeln('当用户创建作品并附带「主题」「题材」「类型」「世界观」「风格」等描述时，你必须执行以下步骤：');
      ^^^^^^
  lib/core/services/ai/agent/agent_service.dart:332:5: Error: Expected ',' before this.
      buffer.writeln('2. 紧接着调用 create_inspiration，参数如下：');
      ^^^^^^
  lib/core/services/ai/agent/agent_service.dart:334:5: Error: Expected ',' before this.
      buffer.writeln('   - category: "worldbuilding"');
      ^^^^^^
  lib/core/services/ai/agent/agent_service.dart:338:5: Error: Expected ',' before this.
      buffer.writeln('     �?力量体系/等级划分');
      ^^^^^^
  lib/core/services/ai/agent/agent_service.dart:340:5: Error: Expected ',' before this.
      buffer.writeln('     �?典型场景与氛围描�?);
      ^^^^^^
  lib/core/services/ai/agent/agent_service.dart:341:5: Error: Expected ',' before this.
      buffer.writeln('     �?常见剧情模式与套�?);
      ^^^^^^
  lib/core/services/ai/agent/agent_service.dart:342:5: Error: Expected ',' before this.
      buffer.writeln('   - tags: 提取 3-5 个相关标�?);
      ^^^^^^
  lib/core/services/ai/agent/agent_service.dart:343:5: Error: Expected ',' before this.
      buffer.writeln('3. 用自然语言向用户确认：作品已创建，并已根据主题自动生成世界观设�?);
      ^^^^^^
  lib/core/services/ai/agent/agent_service.dart:343:20: Error: Expected ';' after this.
      buffer.writeln('3. 用自然语言向用户确认：作品已创建，并已根据主题自动生成世界观设�?);
                     ^^^^^^^^^^^^^^^^^^^^^^^^^^^^^^^^^^^^^^^
  lib/core/services/ai/agent/agent_service.dart:286:19: Error: Too many positional arguments: 1 allowed, but 2 found.
  Try removing the extra positional arguments.
      buffer.writeln('你是一位专业的小说写作助手 Agent�?);
                    ^
  lib/core/services/ai/agent/agent_service.dart:295:19: Error: Too many positional arguments: 1 allowed, but 2 found.
  Try removing the extra positional arguments.
      buffer.writeln('1. 分析用户需�?);
                    ^
  lib/core/services/ai/agent/agent_service.dart:294:19: Error: Too many positional arguments: 1 allowed, but 2 found.
  Try removing the extra positional arguments.
      buffer.writeln('工作流程�?);
                    ^
  lib/core/services/ai/agent/agent_service.dart:299:19: Error: Too many positional arguments: 1 allowed, but 2 found.
  Try removing the extra positional arguments.
      buffer.writeln('5. 综合结果，给出最终回�?);
                    ^
  lib/core/services/ai/agent/agent_service.dart:298:19: Error: Too many positional arguments: 1 allowed, but 2 found.
  Try removing the extra positional arguments.
      buffer.writeln('4. 如果需要检查问题，调用分析/一致性检查工�?);
                    ^
  lib/core/services/ai/agent/agent_service.dart:302:19: Error: Too many positional arguments: 1 allowed, but 2 found.
  Try removing the extra positional arguments.
      buffer.writeln('- 每次只调用一个工�?);
                    ^
  lib/core/services/ai/agent/agent_service.dart:301:19: Error: Too many positional arguments: 1 allowed, but 2 found.
  Try removing the extra positional arguments.
      buffer.writeln('注意事项�?);
                    ^
  lib/core/services/ai/agent/agent_service.dart:305:19: Error: Too many positional arguments: 1 allowed, but 2 found.
  Try removing the extra positional arguments.
      buffer.writeln('- 最终回复必须是完整的中文内�?);
                    ^
  lib/core/services/ai/agent/agent_service.dart:304:19: Error: Too many positional arguments: 1 allowed, but 2 found.
  Try removing the extra positional arguments.
      buffer.writeln('- 如果信息不足，先搜索再行�?);
                    ^
  lib/core/services/ai/agent/agent_service.dart:308:19: Error: Too many positional arguments: 1 allowed, but 2 found.
  Try removing the extra positional arguments.
      buffer.writeln('创建实体后，用自然语言向用户确认创建结果�?);
                    ^
  lib/core/services/ai/agent/agent_service.dart:307:19: Error: Too many positional arguments: 1 allowed, but 2 found.
  Try removing the extra positional arguments.
      buffer.writeln('当用户要求创建角色、地点、物品、势力、关系、作品、卷、章节或素材时，请直接调用对应的 create_* 工具�?);
                    ^
  lib/core/services/ai/agent/agent_service.dart:313:19: Error: Too many positional arguments: 1 allowed, but 2 found.
  Try removing the extra positional arguments.
      buffer.writeln('你需要在调用工具前先构思好章节内容，然后一次性传入�?);
                    ^
  lib/core/services/ai/agent/agent_service.dart:312:19: Error: Too many positional arguments: 1 allowed, but 2 found.
  Try removing the extra positional arguments.
      buffer.writeln('不要创建空章节！content 参数是必填的�?);
                    ^
  lib/core/services/ai/agent/agent_service.dart:311:19: Error: Too many positional arguments: 1 allowed, but 2 found.
  Try removing the extra positional arguments.
      buffer.writeln('调用 create_chapter 时，必须�?content 参数中传入完整的章节正文内容�?);
                    ^
  lib/core/services/ai/agent/agent_service.dart:310:19: Error: Too many positional arguments: 1 allowed, but 2 found.
  Try removing the extra positional arguments.
      buffer.writeln('## 创建章节的完整流�?);
                    ^
  lib/core/services/ai/agent/agent_service.dart:318:19: Error: Too many positional arguments: 1 allowed, but 2 found.
  Try removing the extra positional arguments.
      buffer.writeln('2. **节奏定位**：本章处于故事的什么位置？（开�?铺垫/高潮/过渡/结尾）是否需要提醒用户注意节�?);
                    ^
  lib/core/services/ai/agent/agent_service.dart:317:19: Error: Too many positional arguments: 1 allowed, but 2 found.
  Try removing the extra positional arguments.
      buffer.writeln('1. **剧情内容**：用户是否描述了本章要发生什么事？如果只�?写第一�?而没给任何剧情方向，应追�?);
                    ^
  lib/core/services/ai/agent/agent_service.dart:320:19: Error: Too many positional arguments: 1 allowed, but 2 found.
  Try removing the extra positional arguments.
      buffer.writeln('4. **前文衔接**：如果不是第一章，是否有前文上下文可以衔接？如有，先搜索前文内�?);
                    ^
  lib/core/services/ai/agent/agent_service.dart:327:19: Error: Too many positional arguments: 1 allowed, but 2 found.
  Try removing the extra positional arguments.
      buffer.writeln('但如果用户已经提供了足够的信息（有明确的剧情走向和关键事件），就可以直接创建�?);
                    ^
  lib/core/services/ai/agent/agent_service.dart:326:19: Error: Too many positional arguments: 1 allowed, but 2 found.
  Try removing the extra positional arguments.
      buffer.writeln('如果用户给了一句话剧情但缺少细节，你可以主动建议补充冲突点、情感转折、悬念钩子等，让章节更丰满�?);
                    ^
  lib/core/services/ai/agent/agent_service.dart:325:19: Error: Too many positional arguments: 1 allowed, but 2 found.
  Try removing the extra positional arguments.
      buffer.writeln('你应该礼貌地追问关键信息，例如：本章主要事件、涉及角色、情感基调、是否需要结尾钩子等�?);
                    ^
  lib/core/services/ai/agent/agent_service.dart:324:19: Error: Too many positional arguments: 1 allowed, but 2 found.
  Try removing the extra positional arguments.
      buffer.writeln('如果用户信息不足（如只说"帮我写一�?或剧情过于单薄），不要盲目创建�?);
                    ^
  lib/core/services/ai/agent/agent_service.dart:329:19: Error: Too many positional arguments: 1 allowed, but 2 found.
  Try removing the extra positional arguments.
      buffer.writeln('## 创建作品时的主题/世界观处理规�?);
                    ^
  lib/core/services/ai/agent/agent_service.dart:331:19: Error: Too many positional arguments: 1 allowed, but 2 found.
  Try removing the extra positional arguments.
      buffer.writeln('1. 先调�?create_work 创建作品（name 为作品名称，将主题关键词写入 type 字段�?);
                    ^
  lib/core/services/ai/agent/agent_service.dart:333:19: Error: Too many positional arguments: 1 allowed, but 2 found.
  Try removing the extra positional arguments.
      buffer.writeln('   - title: 「{作品名} 世界观设定�?);
                    ^
  lib/core/services/ai/agent/agent_service.dart:337:19: Error: Too many positional arguments: 1 allowed, but 2 found.
  Try removing the extra positional arguments.
      buffer.writeln('     �?核心设定与规则体�?);
                    ^
  lib/core/services/ai/agent/agent_service.dart:342:19: Error: Too many positional arguments: 1 allowed, but 2 found.
  Try removing the extra positional arguments.
      buffer.writeln('   - tags: 提取 3-5 个相关标�?);
                    ^
  lib/core/services/ai/agent/agent_service.dart:341:19: Error: Too many positional arguments: 1 allowed, but 2 found.
  Try removing the extra positional arguments.
      buffer.writeln('     �?常见剧情模式与套�?);
                    ^
  lib/core/services/ai/agent/agent_service.dart:340:19: Error: Too many positional arguments: 1 allowed, but 2 found.
  Try removing the extra positional arguments.
      buffer.writeln('     �?典型场景与氛围描�?);
                    ^
  lib/core/services/ai/agent/agent_service.dart:339:19: Error: Too many positional arguments: 1 allowed, but 2 found.
  Try removing the extra positional arguments.
      buffer.writeln('     �?世界背景与历史概�?);
                    ^
  .
lib/core/services/ai/agent/agent_service.dart:132:35: Error: String starting with ' must end with '.
        controller.add(AgentError('没有可用的工�?));
                                  ^^^^^^^^^^^^
lib/core/services/ai/agent/agent_service.dart:132:34: Error: Can't find ')' to match '('.
        controller.add(AgentError('没有可用的工�?));
                                 ^
lib/core/services/ai/agent/agent_service.dart:132:23: Error: Can't find ')' to match '('.
        controller.add(AgentError('没有可用的工�?));
                      ^
lib/core/services/ai/agent/agent_service.dart:200:53: Error: String starting with ' must end with '.
                ToolResult.fail('工具 ${toolCall.name} 不存�?),
                                                    ^^^^^^^
lib/core/services/ai/agent/agent_service.dart:204:50: Error: String starting with ' must end with '.
                content: '错误: 工具 ${toolCall.name} 不存�?,
                                                 ^^^^^^
lib/core/services/ai/agent/agent_service.dart:199:29: Error: Can't find ')' to match '('.
              controller.add(AgentObservation(
                            ^
lib/core/services/ai/agent/agent_service.dart:286:20: Error: String starting with ' must end with '.
    buffer.writeln('你是一位专业的小说写作助手 Agent�?);
                   ^^^^^^^^^^^^^^^^^^^^^^^^
lib/core/services/ai/agent/agent_service.dart:287:20: Error: String starting with ' must end with '.
    buffer.writeln('你可以使用工具来完成任务，也可以直接回复用户�?);
                   ^^^^^^^^^^^^^^^^^^^^^^^^^^^
lib/core/services/ai/agent/agent_service.dart:291:22: Error: String starting with ' must end with '.
      buffer.writeln('当前没有选中作品。如果用户需要操作特定作品（如创建章节、角色等），请先调用 list_works 查看所有作品并获取�?ID�?);
                     ^^^^^^^^^^^^^^^^^^^^^^^^^^^^^^^^^^^^^^^^^^^^^^^^^^^^^^^^^^^^^^^^^^^
lib/core/services/ai/agent/agent_service.dart:291:21: Error: Can't find ')' to match '('.
      buffer.writeln('当前没有选中作品。如果用户需要操作特定作品（如创建章节、角色等），请先调用 list_works 查看所有作品并获取�?ID�?);
                    ^
lib/core/services/ai/agent/agent_service.dart:294:20: Error: String starting with ' must end with '.
    buffer.writeln('工作流程�?);
                   ^^^^^^^^^
lib/core/services/ai/agent/agent_service.dart:295:20: Error: String starting with ' must end with '.
    buffer.writeln('1. 分析用户需�?);
                   ^^^^^^^^^^^^^
lib/core/services/ai/agent/agent_service.dart:298:20: Error: String starting with ' must end with '.
    buffer.writeln('4. 如果需要检查问题，调用分析/一致性检查工�?);
                   ^^^^^^^^^^^^^^^^^^^^^^^^^^^^
lib/core/services/ai/agent/agent_service.dart:299:20: Error: String starting with ' must end with '.
    buffer.writeln('5. 综合结果，给出最终回�?);
                   ^^^^^^^^^^^^^^^^^^
lib/core/services/ai/agent/agent_service.dart:301:20: Error: String starting with ' must end with '.
    buffer.writeln('注意事项�?);
                   ^^^^^^^^^
lib/core/services/ai/agent/agent_service.dart:302:20: Error: String starting with ' must end with '.
    buffer.writeln('- 每次只调用一个工�?);
                   ^^^^^^^^^^^^^^^
lib/core/services/ai/agent/agent_service.dart:304:20: Error: String starting with ' must end with '.
    buffer.writeln('- 如果信息不足，先搜索再行�?);
                   ^^^^^^^^^^^^^^^^^^^
lib/core/services/ai/agent/agent_service.dart:305:20: Error: String starting with ' must end with '.
    buffer.writeln('- 最终回复必须是完整的中文内�?);
                   ^^^^^^^^^^^^^^^^^^^^
lib/core/services/ai/agent/agent_service.dart:307:20: Error: String starting with ' must end with '.
    buffer.writeln('当用户要求创建角色、地点、物品、势力、关系、作品、卷、章节或素材时，请直接调用对应的 create_* 工具�?);
                   ^^^^^^^^^^^^^^^^^^^^^^^^^^^^^^^^^^^^^^^^^^^^^^^^^^^^^^^^^^^
lib/core/services/ai/agent/agent_service.dart:308:20: Error: String starting with ' must end with '.
    buffer.writeln('创建实体后，用自然语言向用户确认创建结果�?);
                   ^^^^^^^^^^^^^^^^^^^^^^^^^
lib/core/services/ai/agent/agent_service.dart:310:20: Error: String starting with ' must end with '.
    buffer.writeln('## 创建章节的完整流�?);
                   ^^^^^^^^^^^^^^^^
lib/core/services/ai/agent/agent_service.dart:311:20: Error: String starting with ' must end with '.
    buffer.writeln('调用 create_chapter 时，必须�?content 参数中传入完整的章节正文内容�?);
                   ^^^^^^^^^^^^^^^^^^^^^^^^^^^^^^^^^^^^^^^^^^^^^^^^^^^
lib/core/services/ai/agent/agent_service.dart:312:20: Error: String starting with ' must end with '.
    buffer.writeln('不要创建空章节！content 参数是必填的�?);
                   ^^^^^^^^^^^^^^^^^^^^^^^^^^^
lib/core/services/ai/agent/agent_service.dart:313:20: Error: String starting with ' must end with '.
    buffer.writeln('你需要在调用工具前先构思好章节内容，然后一次性传入�?);
                   ^^^^^^^^^^^^^^^^^^^^^^^^^^^^^^
lib/core/services/ai/agent/agent_service.dart:317:20: Error: String starting with ' must end with '.
    buffer.writeln('1. **剧情内容**：用户是否描述了本章要发生什么事？如果只�?写第一�?而没给任何剧情方向，应追�?);
                   ^^^^^^^^^^^^^^^^^^^^^^^^^^^^^^^^^^^^^^^^^^^^^^^^^^^^^^^
lib/core/services/ai/agent/agent_service.dart:318:20: Error: String starting with ' must end with '.
    buffer.writeln('2. **节奏定位**：本章处于故事的什么位置？（开�?铺垫/高潮/过渡/结尾）是否需要提醒用户注意节�?);
                   ^^^^^^^^^^^^^^^^^^^^^^^^^^^^^^^^^^^^^^^^^^^^^^^^^^^^^^^^
lib/core/services/ai/agent/agent_service.dart:320:20: Error: String starting with ' must end with '.
    buffer.writeln('4. **前文衔接**：如果不是第一章，是否有前文上下文可以衔接？如有，先搜索前文内�?);
                   ^^^^^^^^^^^^^^^^^^^^^^^^^^^^^^^^^^^^^^^^^^^^^^^
lib/core/services/ai/agent/agent_service.dart:324:20: Error: String starting with ' must end with '.
    buffer.writeln('如果用户信息不足（如只说"帮我写一�?或剧情过于单薄），不要盲目创建�?);
                   ^^^^^^^^^^^^^^^^^^^^^^^^^^^^^^^^^^^^^^^
lib/core/services/ai/agent/agent_service.dart:325:20: Error: String starting with ' must end with '.
    buffer.writeln('你应该礼貌地追问关键信息，例如：本章主要事件、涉及角色、情感基调、是否需要结尾钩子等�?);
                   ^^^^^^^^^^^^^^^^^^^^^^^^^^^^^^^^^^^^^^^^^^^^^^^
lib/core/services/ai/agent/agent_service.dart:326:20: Error: String starting with ' must end with '.
    buffer.writeln('如果用户给了一句话剧情但缺少细节，你可以主动建议补充冲突点、情感转折、悬念钩子等，让章节更丰满�?);
                   ^^^^^^^^^^^^^^^^^^^^^^^^^^^^^^^^^^^^^^^^^^^^^^^^^^^^
lib/core/services/ai/agent/agent_service.dart:327:20: Error: String starting with ' must end with '.
    buffer.writeln('但如果用户已经提供了足够的信息（有明确的剧情走向和关键事件），就可以直接创建�?);
                   ^^^^^^^^^^^^^^^^^^^^^^^^^^^^^^^^^^^^^^^^^^^
lib/core/services/ai/agent/agent_service.dart:329:20: Error: String starting with ' must end with '.
    buffer.writeln('## 创建作品时的主题/世界观处理规�?);
                   ^^^^^^^^^^^^^^^^^^^^^^^
lib/core/services/ai/agent/agent_service.dart:331:20: Error: String starting with ' must end with '.
    buffer.writeln('1. 先调�?create_work 创建作品（name 为作品名称，将主题关键词写入 type 字段�?);
                   ^^^^^^^^^^^^^^^^^^^^^^^^^^^^^^^^^^^^^^^^^^^^^^^^^^^^^^^^
lib/core/services/ai/agent/agent_service.dart:333:20: Error: String starting with ' must end with '.
    buffer.writeln('   - title: 「{作品名} 世界观设定�?);
                   ^^^^^^^^^^^^^^^^^^^^^^^^^^^^^
lib/core/services/ai/agent/agent_service.dart:337:20: Error: String starting with ' must end with '.
    buffer.writeln('     �?核心设定与规则体�?);
                   ^^^^^^^^^^^^^^^^^^^^
lib/core/services/ai/agent/agent_service.dart:339:20: Error: String starting with ' must end with '.
    buffer.writeln('     �?世界背景与历史概�?);
                   ^^^^^^^^^^^^^^^^^^^^
lib/core/services/ai/agent/agent_service.dart:340:20: Error: String starting with ' must end with '.
    buffer.writeln('     �?典型场景与氛围描�?);
                   ^^^^^^^^^^^^^^^^^^^^
lib/core/services/ai/agent/agent_service.dart:341:20: Error: String starting with ' must end with '.
    buffer.writeln('     �?常见剧情模式与套�?);
                   ^^^^^^^^^^^^^^^^^^^^
lib/core/services/ai/agent/agent_service.dart:342:20: Error: String starting with ' must end with '.
    buffer.writeln('   - tags: 提取 3-5 个相关标�?);
                   ^^^^^^^^^^^^^^^^^^^^^^^^^^^
lib/core/services/ai/agent/agent_service.dart:343:20: Error: String starting with ' must end with '.
    buffer.writeln('3. 用自然语言向用户确认：作品已创建，并已根据主题自动生成世界观设�?);
                   ^^^^^^^^^^^^^^^^^^^^^^^^^^^^^^^^^^^^^^^
lib/core/services/ai/agent/agent_service.dart:343:19: Error: Can't find ')' to match '('.
    buffer.writeln('3. 用自然语言向用户确认：作品已创建，并已根据主题自动生成世界观设�?);
                  ^
lib/core/services/ai/agent/agent_service.dart:342:19: Error: Can't find ')' to match '('.
    buffer.writeln('   - tags: 提取 3-5 个相关标�?);
                  ^
lib/core/services/ai/agent/agent_service.dart:341:19: Error: Can't find ')' to match '('.
    buffer.writeln('     �?常见剧情模式与套�?);
                  ^
lib/core/services/ai/agent/agent_service.dart:340:19: Error: Can't find ')' to match '('.
    buffer.writeln('     �?典型场景与氛围描�?);
                  ^
lib/core/services/ai/agent/agent_service.dart:339:19: Error: Can't find ')' to match '('.
    buffer.writeln('     �?世界背景与历史概�?);
                  ^
lib/core/services/ai/agent/agent_service.dart:337:19: Error: Can't find ')' to match '('.
    buffer.writeln('     �?核心设定与规则体�?);
                  ^
lib/core/services/ai/agent/agent_service.dart:333:19: Error: Can't find ')' to match '('.
    buffer.writeln('   - title: 「{作品名} 世界观设定�?);
                  ^
lib/core/services/ai/agent/agent_service.dart:331:19: Error: Can't find ')' to match '('.
    buffer.writeln('1. 先调�?create_work 创建作品（name 为作品名称，将主题关键词写入 type 字段�?);
                  ^
lib/core/services/ai/agent/agent_service.dart:329:19: Error: Can't find ')' to match '('.
    buffer.writeln('## 创建作品时的主题/世界观处理规�?);
                  ^
lib/core/services/ai/agent/agent_service.dart:327:19: Error: Can't find ')' to match '('.
    buffer.writeln('但如果用户已经提供了足够的信息（有明确的剧情走向和关键事件），就可以直接创建�?);
                  ^
lib/core/services/ai/agent/agent_service.dart:326:19: Error: Can't find ')' to match '('.
    buffer.writeln('如果用户给了一句话剧情但缺少细节，你可以主动建议补充冲突点、情感转折、悬念钩子等，让章节更丰满�?);
                  ^
lib/core/services/ai/agent/agent_service.dart:325:19: Error: Can't find ')' to match '('.
    buffer.writeln('你应该礼貌地追问关键信息，例如：本章主要事件、涉及角色、情感基调、是否需要结尾钩子等�?);
                  ^
lib/core/services/ai/agent/agent_service.dart:324:19: Error: Can't find ')' to match '('.
    buffer.writeln('如果用户信息不足（如只说"帮我写一�?或剧情过于单薄），不要盲目创建�?);
                  ^
lib/core/services/ai/agent/agent_service.dart:320:19: Error: Can't find ')' to match '('.
    buffer.writeln('4. **前文衔接**：如果不是第一章，是否有前文上下文可以衔接？如有，先搜索前文内�?);
                  ^
lib/core/services/ai/agent/agent_service.dart:318:19: Error: Can't find ')' to match '('.
    buffer.writeln('2. **节奏定位**：本章处于故事的什么位置？（开�?铺垫/高潮/过渡/结尾）是否需要提醒用户注意节�?);
                  ^
lib/core/services/ai/agent/agent_service.dart:317:19: Error: Can't find ')' to match '('.
    buffer.writeln('1. **剧情内容**：用户是否描述了本章要发生什么事？如果只�?写第一�?而没给任何剧情方向，应追�?);
                  ^
lib/core/services/ai/agent/agent_service.dart:313:19: Error: Can't find ')' to match '('.
    buffer.writeln('你需要在调用工具前先构思好章节内容，然后一次性传入�?);
                  ^
lib/core/services/ai/agent/agent_service.dart:312:19: Error: Can't find ')' to match '('.
    buffer.writeln('不要创建空章节！content 参数是必填的�?);
                  ^
lib/core/services/ai/agent/agent_service.dart:311:19: Error: Can't find ')' to match '('.
    buffer.writeln('调用 create_chapter 时，必须�?content 参数中传入完整的章节正文内容�?);
                  ^
lib/core/services/ai/agent/agent_service.dart:310:19: Error: Can't find ')' to match '('.
    buffer.writeln('## 创建章节的完整流�?);
                  ^
lib/core/services/ai/agent/agent_service.dart:308:19: Error: Can't find ')' to match '('.
    buffer.writeln('创建实体后，用自然语言向用户确认创建结果�?);
                  ^
lib/core/services/ai/agent/agent_service.dart:307:19: Error: Can't find ')' to match '('.
    buffer.writeln('当用户要求创建角色、地点、物品、势力、关系、作品、卷、章节或素材时，请直接调用对应的 create_* 工具�?);
                  ^
lib/core/services/ai/agent/agent_service.dart:305:19: Error: Can't find ')' to match '('.
    buffer.writeln('- 最终回复必须是完整的中文内�?);
                  ^
lib/core/services/ai/agent/agent_service.dart:304:19: Error: Can't find ')' to match '('.
    buffer.writeln('- 如果信息不足，先搜索再行�?);
                  ^
lib/core/services/ai/agent/agent_service.dart:302:19: Error: Can't find ')' to match '('.
    buffer.writeln('- 每次只调用一个工�?);
                  ^
lib/core/services/ai/agent/agent_service.dart:301:19: Error: Can't find ')' to match '('.
    buffer.writeln('注意事项�?);
                  ^
lib/core/services/ai/agent/agent_service.dart:299:19: Error: Can't find ')' to match '('.
    buffer.writeln('5. 综合结果，给出最终回�?);
                  ^
lib/core/services/ai/agent/agent_service.dart:298:19: Error: Can't find ')' to match '('.
    buffer.writeln('4. 如果需要检查问题，调用分析/一致性检查工�?);
                  ^
lib/core/services/ai/agent/agent_service.dart:295:19: Error: Can't find ')' to match '('.
    buffer.writeln('1. 分析用户需�?);
                  ^
lib/core/services/ai/agent/agent_service.dart:294:19: Error: Can't find ')' to match '('.
    buffer.writeln('工作流程�?);
                  ^
lib/core/services/ai/agent/agent_service.dart:287:19: Error: Can't find ')' to match '('.
    buffer.writeln('你可以使用工具来完成任务，也可以直接回复用户�?);
                  ^
lib/core/services/ai/agent/agent_service.dart:286:19: Error: Can't find ')' to match '('.
    buffer.writeln('你是一位专业的小说写作助手 Agent�?);
                  ^
lib/core/services/ai/agent/agent_service.dart:133:9: Error: Expected ',' before this.
        await controller.close();
        ^^^^^
lib/core/services/ai/agent/agent_service.dart:132:34: Error: Too many positional arguments: 1 allowed, but 2 found.
Try removing the extra positional arguments.
        controller.add(AgentError('没有可用的工�?));
                                 ^
lib/core/services/ai/agent/agent_service.dart:54:3: Context: Found this candidate, but the arguments don't match.
  AgentError(this.error);
  ^^^^^^^^^^
lib/core/services/ai/agent/agent_service.dart:205:17: Error: Expected ',' before this.
                toolCallId: toolCall.id,
                ^^^^^^^^^^
lib/core/services/ai/agent/agent_service.dart:287:5: Error: Expected ',' before this.
    buffer.writeln('你可以使用工具来完成任务，也可以直接回复用户�?);
    ^^^^^^
lib/core/services/ai/agent/agent_service.dart:287:20: Error: Expected ';' after this.
    buffer.writeln('你可以使用工具来完成任务，也可以直接回复用户�?);
                   ^^^^^^^^^^^^^^^^^^^^^^^^^^^
lib/core/services/ai/agent/agent_service.dart:291:22: Error: Expected ';' after this.
      buffer.writeln('当前没有选中作品。如果用户需要操作特定作品（如创建章节、角色等），请先调用 list_works 查看所有作品并获取�?ID�?);
                     ^^^^^^^^^^^^^^^^^^^^^^^^^^^^^^^^^^^^^^^^^^^^^^^^^^^^^^^^^^^^^^^^^^^
lib/core/services/ai/agent/agent_service.dart:295:5: Error: Expected ',' before this.
    buffer.writeln('1. 分析用户需�?);
    ^^^^^^
lib/core/services/ai/agent/agent_service.dart:296:5: Error: Expected ',' before this.
    buffer.writeln('2. 如果需要信息，调用搜索工具');
    ^^^^^^
lib/core/services/ai/agent/agent_service.dart:299:5: Error: Expected ',' before this.
    buffer.writeln('5. 综合结果，给出最终回�?);
    ^^^^^^
lib/core/services/ai/agent/agent_service.dart:300:5: Error: Expected ',' before this.
    buffer.writeln();
    ^^^^^^
lib/core/services/ai/agent/agent_service.dart:302:5: Error: Expected ',' before this.
    buffer.writeln('- 每次只调用一个工�?);
    ^^^^^^
lib/core/services/ai/agent/agent_service.dart:303:5: Error: Expected ',' before this.
    buffer.writeln('- 如果不知道作�?ID 或卷 ID，先调用 list_works / list_volumes 获取');
    ^^^^^^
lib/core/services/ai/agent/agent_service.dart:305:5: Error: Expected ',' before this.
    buffer.writeln('- 最终回复必须是完整的中文内�?);
    ^^^^^^
lib/core/services/ai/agent/agent_service.dart:306:5: Error: Expected ',' before this.
    buffer.writeln();
    ^^^^^^
lib/core/services/ai/agent/agent_service.dart:308:5: Error: Expected ',' before this.
    buffer.writeln('创建实体后，用自然语言向用户确认创建结果�?);
    ^^^^^^
lib/core/services/ai/agent/agent_service.dart:309:5: Error: Expected ',' before this.
    buffer.writeln();
    ^^^^^^
lib/core/services/ai/agent/agent_service.dart:311:5: Error: Expected ',' before this.
    buffer.writeln('调用 create_chapter 时，必须�?content 参数中传入完整的章节正文内容�?);
    ^^^^^^
lib/core/services/ai/agent/agent_service.dart:312:5: Error: Expected ',' before this.
    buffer.writeln('不要创建空章节！content 参数是必填的�?);
    ^^^^^^
lib/core/services/ai/agent/agent_service.dart:313:5: Error: Expected ',' before this.
    buffer.writeln('你需要在调用工具前先构思好章节内容，然后一次性传入�?);
    ^^^^^^
lib/core/services/ai/agent/agent_service.dart:314:5: Error: Expected ',' before this.
    buffer.writeln();
    ^^^^^^
lib/core/services/ai/agent/agent_service.dart:318:5: Error: Expected ',' before this.
    buffer.writeln('2. **节奏定位**：本章处于故事的什么位置？（开�?铺垫/高潮/过渡/结尾）是否需要提醒用户注意节�?);
    ^^^^^^
lib/core/services/ai/agent/agent_service.dart:319:5: Error: Expected ',' before this.
    buffer.writeln('3. **钩子/悬念**：本章结尾是否需要留下悬念或钩子引导读者继续阅读？');
    ^^^^^^
lib/core/services/ai/agent/agent_service.dart:321:5: Error: Expected ',' before this.
    buffer.writeln('5. **事件丰富�?*：用户提供的剧情是否足够展开为一整章？是否只有一句话概括而缺少具体事件、冲突、转折？');
    ^^^^^^
lib/core/services/ai/agent/agent_service.dart:325:5: Error: Expected ',' before this.
    buffer.writeln('你应该礼貌地追问关键信息，例如：本章主要事件、涉及角色、情感基调、是否需要结尾钩子等�?);
    ^^^^^^
lib/core/services/ai/agent/agent_service.dart:326:5: Error: Expected ',' before this.
    buffer.writeln('如果用户给了一句话剧情但缺少细节，你可以主动建议补充冲突点、情感转折、悬念钩子等，让章节更丰满�?);
    ^^^^^^
lib/core/services/ai/agent/agent_service.dart:327:5: Error: Expected ',' before this.
    buffer.writeln('但如果用户已经提供了足够的信息（有明确的剧情走向和关键事件），就可以直接创建�?);
    ^^^^^^
lib/core/services/ai/agent/agent_service.dart:328:5: Error: Expected ',' before this.
    buffer.writeln();
    ^^^^^^
lib/core/services/ai/agent/agent_service.dart:330:5: Error: Expected ',' before this.
    buffer.writeln('当用户创建作品并附带「主题」「题材」「类型」「世界观」「风格」等描述时，你必须执行以下步骤：');
    ^^^^^^
lib/core/services/ai/agent/agent_service.dart:332:5: Error: Expected ',' before this.
    buffer.writeln('2. 紧接着调用 create_inspiration，参数如下：');
    ^^^^^^
lib/core/services/ai/agent/agent_service.dart:334:5: Error: Expected ',' before this.
    buffer.writeln('   - category: "worldbuilding"');
    ^^^^^^
lib/core/services/ai/agent/agent_service.dart:338:5: Error: Expected ',' before this.
    buffer.writeln('     �?力量体系/等级划分');
    ^^^^^^
lib/core/services/ai/agent/agent_service.dart:340:5: Error: Expected ',' before this.
    buffer.writeln('     �?典型场景与氛围描�?);
    ^^^^^^
lib/core/services/ai/agent/agent_service.dart:341:5: Error: Expected ',' before this.
    buffer.writeln('     �?常见剧情模式与套�?);
    ^^^^^^
lib/core/services/ai/agent/agent_service.dart:342:5: Error: Expected ',' before this.
    buffer.writeln('   - tags: 提取 3-5 个相关标�?);
    ^^^^^^
lib/core/services/ai/agent/agent_service.dart:343:5: Error: Expected ',' before this.
    buffer.writeln('3. 用自然语言向用户确认：作品已创建，并已根据主题自动生成世界观设�?);
    ^^^^^^
lib/core/services/ai/agent/agent_service.dart:343:20: Error: Expected ';' after this.
    buffer.writeln('3. 用自然语言向用户确认：作品已创建，并已根据主题自动生成世界观设�?);
                   ^^^^^^^^^^^^^^^^^^^^^^^^^^^^^^^^^^^^^^^
lib/core/services/ai/agent/agent_service.dart:286:19: Error: Too many positional arguments: 1 allowed, but 2 found.
Try removing the extra positional arguments.
    buffer.writeln('你是一位专业的小说写作助手 Agent�?);
                  ^
lib/core/services/ai/agent/agent_service.dart:295:19: Error: Too many positional arguments: 1 allowed, but 2 found.
Try removing the extra positional arguments.
    buffer.writeln('1. 分析用户需�?);
                  ^
lib/core/services/ai/agent/agent_service.dart:294:19: Error: Too many positional arguments: 1 allowed, but 2 found.
Try removing the extra positional arguments.
    buffer.writeln('工作流程�?);
                  ^
lib/core/services/ai/agent/agent_service.dart:299:19: Error: Too many positional arguments: 1 allowed, but 2 found.
Try removing the extra positional arguments.
    buffer.writeln('5. 综合结果，给出最终回�?);
                  ^
lib/core/services/ai/agent/agent_service.dart:298:19: Error: Too many positional arguments: 1 allowed, but 2 found.
Try removing the extra positional arguments.
    buffer.writeln('4. 如果需要检查问题，调用分析/一致性检查工�?);
                  ^
lib/core/services/ai/agent/agent_service.dart:302:19: Error: Too many positional arguments: 1 allowed, but 2 found.
Try removing the extra positional arguments.
    buffer.writeln('- 每次只调用一个工�?);
                  ^
lib/core/services/ai/agent/agent_service.dart:301:19: Error: Too many positional arguments: 1 allowed, but 2 found.
Try removing the extra positional arguments.
    buffer.writeln('注意事项�?);
                  ^
lib/core/services/ai/agent/agent_service.dart:305:19: Error: Too many positional arguments: 1 allowed, but 2 found.
Try removing the extra positional arguments.
    buffer.writeln('- 最终回复必须是完整的中文内�?);
                  ^
lib/core/services/ai/agent/agent_service.dart:304:19: Error: Too many positional arguments: 1 allowed, but 2 found.
Try removing the extra positional arguments.
    buffer.writeln('- 如果信息不足，先搜索再行�?);
                  ^
lib/core/services/ai/agent/agent_service.dart:308:19: Error: Too many positional arguments: 1 allowed, but 2 found.
Try removing the extra positional arguments.
    buffer.writeln('创建实体后，用自然语言向用户确认创建结果�?);
                  ^
lib/core/services/ai/agent/agent_service.dart:307:19: Error: Too many positional arguments: 1 allowed, but 2 found.
Try removing the extra positional arguments.
    buffer.writeln('当用户要求创建角色、地点、物品、势力、关系、作品、卷、章节或素材时，请直接调用对应的 create_* 工具�?);
                  ^
lib/core/services/ai/agent/agent_service.dart:313:19: Error: Too many positional arguments: 1 allowed, but 2 found.
Try removing the extra positional arguments.
    buffer.writeln('你需要在调用工具前先构思好章节内容，然后一次性传入�?);
                  ^
lib/core/services/ai/agent/agent_service.dart:312:19: Error: Too many positional arguments: 1 allowed, but 2 found.
Try removing the extra positional arguments.
    buffer.writeln('不要创建空章节！content 参数是必填的�?);
                  ^
lib/core/services/ai/agent/agent_service.dart:311:19: Error: Too many positional arguments: 1 allowed, but 2 found.
Try removing the extra positional arguments.
    buffer.writeln('调用 create_chapter 时，必须�?content 参数中传入完整的章节正文内容�?);
                  ^
lib/core/services/ai/agent/agent_service.dart:310:19: Error: Too many positional arguments: 1 allowed, but 2 found.
Try removing the extra positional arguments.
    buffer.writeln('## 创建章节的完整流�?);
                  ^
lib/core/services/ai/agent/agent_service.dart:318:19: Error: Too many positional arguments: 1 allowed, but 2 found.
Try removing the extra positional arguments.
    buffer.writeln('2. **节奏定位**：本章处于故事的什么位置？（开�?铺垫/高潮/过渡/结尾）是否需要提醒用户注意节�?);
                  ^
lib/core/services/ai/agent/agent_service.dart:317:19: Error: Too many positional arguments: 1 allowed, but 2 found.
Try removing the extra positional arguments.
    buffer.writeln('1. **剧情内容**：用户是否描述了本章要发生什么事？如果只�?写第一�?而没给任何剧情方向，应追�?);
                  ^
lib/core/services/ai/agent/agent_service.dart:320:19: Error: Too many positional arguments: 1 allowed, but 2 found.
Try removing the extra positional arguments.
    buffer.writeln('4. **前文衔接**：如果不是第一章，是否有前文上下文可以衔接？如有，先搜索前文内�?);
                  ^
lib/core/services/ai/agent/agent_service.dart:327:19: Error: Too many positional arguments: 1 allowed, but 2 found.
Try removing the extra positional arguments.
    buffer.writeln('但如果用户已经提供了足够的信息（有明确的剧情走向和关键事件），就可以直接创建�?);
                  ^
lib/core/services/ai/agent/agent_service.dart:326:19: Error: Too many positional arguments: 1 allowed, but 2 found.
Try removing the extra positional arguments.
    buffer.writeln('如果用户给了一句话剧情但缺少细节，你可以主动建议补充冲突点、情感转折、悬念钩子等，让章节更丰满�?);
                  ^
lib/core/services/ai/agent/agent_service.dart:325:19: Error: Too many positional arguments: 1 allowed, but 2 found.
Try removing the extra positional arguments.
    buffer.writeln('你应该礼貌地追问关键信息，例如：本章主要事件、涉及角色、情感基调、是否需要结尾钩子等�?);
                  ^
lib/core/services/ai/agent/agent_service.dart:324:19: Error: Too many positional arguments: 1 allowed, but 2 found.
Try removing the extra positional arguments.
    buffer.writeln('如果用户信息不足（如只说"帮我写一�?或剧情过于单薄），不要盲目创建�?);
                  ^
lib/core/services/ai/agent/agent_service.dart:329:19: Error: Too many positional arguments: 1 allowed, but 2 found.
Try removing the extra positional arguments.
    buffer.writeln('## 创建作品时的主题/世界观处理规�?);
                  ^
lib/core/services/ai/agent/agent_service.dart:331:19: Error: Too many positional arguments: 1 allowed, but 2 found.
Try removing the extra positional arguments.
    buffer.writeln('1. 先调�?create_work 创建作品（name 为作品名称，将主题关键词写入 type 字段�?);
                  ^
lib/core/services/ai/agent/agent_service.dart:333:19: Error: Too many positional arguments: 1 allowed, but 2 found.
Try removing the extra positional arguments.
    buffer.writeln('   - title: 「{作品名} 世界观设定�?);
                  ^
lib/core/services/ai/agent/agent_service.dart:337:19: Error: Too many positional arguments: 1 allowed, but 2 found.
Try removing the extra positional arguments.
    buffer.writeln('     �?核心设定与规则体�?);
                  ^
lib/core/services/ai/agent/agent_service.dart:342:19: Error: Too many positional arguments: 1 allowed, but 2 found.
Try removing the extra positional arguments.
    buffer.writeln('   - tags: 提取 3-5 个相关标�?);
                  ^
lib/core/services/ai/agent/agent_service.dart:341:19: Error: Too many positional arguments: 1 allowed, but 2 found.
Try removing the extra positional arguments.
    buffer.writeln('     �?常见剧情模式与套�?);
                  ^
lib/core/services/ai/agent/agent_service.dart:340:19: Error: Too many positional arguments: 1 allowed, but 2 found.
Try removing the extra positional arguments.
    buffer.writeln('     �?典型场景与氛围描�?);
                  ^
lib/core/services/ai/agent/agent_service.dart:339:19: Error: Too many positional arguments: 1 allowed, but 2 found.
Try removing the extra positional arguments.
    buffer.writeln('     �?世界背景与历史概�?);
                  ^
00:13 +38 -16: loading C:/Users/changw98/dev/writing_assistant/test/unit/core/services/multi_agent_novel_orchestrator_test.dart [E]
  Failed to load "C:/Users/changw98/dev/writing_assistant/test/unit/core/services/multi_agent_novel_orchestrator_test.dart":
  Compilation failed for testPath=C:/Users/changw98/dev/writing_assistant/test/unit/core/services/multi_agent_novel_orchestrator_test.dart: lib/core/services/ai/agent/agent_service.dart:132:35: Error: String starting with ' must end with '.
          controller.add(AgentError('没有可用的工�?));
                                    ^^^^^^^^^^^^
  lib/core/services/ai/agent/agent_service.dart:132:34: Error: Can't find ')' to match '('.
          controller.add(AgentError('没有可用的工�?));
                                   ^
  lib/core/services/ai/agent/agent_service.dart:132:23: Error: Can't find ')' to match '('.
          controller.add(AgentError('没有可用的工�?));
                        ^
  lib/core/services/ai/agent/agent_service.dart:200:53: Error: String starting with ' must end with '.
                  ToolResult.fail('工具 ${toolCall.name} 不存�?),
                                                      ^^^^^^^
  lib/core/services/ai/agent/agent_service.dart:204:50: Error: String starting with ' must end with '.
                  content: '错误: 工具 ${toolCall.name} 不存�?,
                                                   ^^^^^^
  lib/core/services/ai/agent/agent_service.dart:199:29: Error: Can't find ')' to match '('.
                controller.add(AgentObservation(
                              ^
  lib/core/services/ai/agent/agent_service.dart:286:20: Error: String starting with ' must end with '.
      buffer.writeln('你是一位专业的小说写作助手 Agent�?);
                     ^^^^^^^^^^^^^^^^^^^^^^^^
  lib/core/services/ai/agent/agent_service.dart:287:20: Error: String starting with ' must end with '.
      buffer.writeln('你可以使用工具来完成任务，也可以直接回复用户�?);
                     ^^^^^^^^^^^^^^^^^^^^^^^^^^^
  lib/core/services/ai/agent/agent_service.dart:291:22: Error: String starting with ' must end with '.
        buffer.writeln('当前没有选中作品。如果用户需要操作特定作品（如创建章节、角色等），请先调用 list_works 查看所有作品并获取�?ID�?);
                       ^^^^^^^^^^^^^^^^^^^^^^^^^^^^^^^^^^^^^^^^^^^^^^^^^^^^^^^^^^^^^^^^^^^
  lib/core/services/ai/agent/agent_service.dart:291:21: Error: Can't find ')' to match '('.
        buffer.writeln('当前没有选中作品。如果用户需要操作特定作品（如创建章节、角色等），请先调用 list_works 查看所有作品并获取�?ID�?);
                      ^
  lib/core/services/ai/agent/agent_service.dart:294:20: Error: String starting with ' must end with '.
      buffer.writeln('工作流程�?);
                     ^^^^^^^^^
  lib/core/services/ai/agent/agent_service.dart:295:20: Error: String starting with ' must end with '.
      buffer.writeln('1. 分析用户需�?);
                     ^^^^^^^^^^^^^
  lib/core/services/ai/agent/agent_service.dart:298:20: Error: String starting with ' must end with '.
      buffer.writeln('4. 如果需要检查问题，调用分析/一致性检查工�?);
                     ^^^^^^^^^^^^^^^^^^^^^^^^^^^^
  lib/core/services/ai/agent/agent_service.dart:299:20: Error: String starting with ' must end with '.
      buffer.writeln('5. 综合结果，给出最终回�?);
                     ^^^^^^^^^^^^^^^^^^
  lib/core/services/ai/agent/agent_service.dart:301:20: Error: String starting with ' must end with '.
      buffer.writeln('注意事项�?);
                     ^^^^^^^^^
  lib/core/services/ai/agent/agent_service.dart:302:20: Error: String starting with ' must end with '.
      buffer.writeln('- 每次只调用一个工�?);
                     ^^^^^^^^^^^^^^^
  lib/core/services/ai/agent/agent_service.dart:304:20: Error: String starting with ' must end with '.
      buffer.writeln('- 如果信息不足，先搜索再行�?);
                     ^^^^^^^^^^^^^^^^^^^
  lib/core/services/ai/agent/agent_service.dart:305:20: Error: String starting with ' must end with '.
      buffer.writeln('- 最终回复必须是完整的中文内�?);
                     ^^^^^^^^^^^^^^^^^^^^
  lib/core/services/ai/agent/agent_service.dart:307:20: Error: String starting with ' must end with '.
      buffer.writeln('当用户要求创建角色、地点、物品、势力、关系、作品、卷、章节或素材时，请直接调用对应的 create_* 工具�?);
                     ^^^^^^^^^^^^^^^^^^^^^^^^^^^^^^^^^^^^^^^^^^^^^^^^^^^^^^^^^^^
  lib/core/services/ai/agent/agent_service.dart:308:20: Error: String starting with ' must end with '.
      buffer.writeln('创建实体后，用自然语言向用户确认创建结果�?);
                     ^^^^^^^^^^^^^^^^^^^^^^^^^
  lib/core/services/ai/agent/agent_service.dart:310:20: Error: String starting with ' must end with '.
      buffer.writeln('## 创建章节的完整流�?);
                     ^^^^^^^^^^^^^^^^
  lib/core/services/ai/agent/agent_service.dart:311:20: Error: String starting with ' must end with '.
      buffer.writeln('调用 create_chapter 时，必须�?content 参数中传入完整的章节正文内容�?);
                     ^^^^^^^^^^^^^^^^^^^^^^^^^^^^^^^^^^^^^^^^^^^^^^^^^^^
  lib/core/services/ai/agent/agent_service.dart:312:20: Error: String starting with ' must end with '.
      buffer.writeln('不要创建空章节！content 参数是必填的�?);
                     ^^^^^^^^^^^^^^^^^^^^^^^^^^^
  lib/core/services/ai/agent/agent_service.dart:313:20: Error: String starting with ' must end with '.
      buffer.writeln('你需要在调用工具前先构思好章节内容，然后一次性传入�?);
                     ^^^^^^^^^^^^^^^^^^^^^^^^^^^^^^
  lib/core/services/ai/agent/agent_service.dart:317:20: Error: String starting with ' must end with '.
      buffer.writeln('1. **剧情内容**：用户是否描述了本章要发生什么事？如果只�?写第一�?而没给任何剧情方向，应追�?);
                     ^^^^^^^^^^^^^^^^^^^^^^^^^^^^^^^^^^^^^^^^^^^^^^^^^^^^^^^
  lib/core/services/ai/agent/agent_service.dart:318:20: Error: String starting with ' must end with '.
      buffer.writeln('2. **节奏定位**：本章处于故事的什么位置？（开�?铺垫/高潮/过渡/结尾）是否需要提醒用户注意节�?);
                     ^^^^^^^^^^^^^^^^^^^^^^^^^^^^^^^^^^^^^^^^^^^^^^^^^^^^^^^^
  lib/core/services/ai/agent/agent_service.dart:320:20: Error: String starting with ' must end with '.
      buffer.writeln('4. **前文衔接**：如果不是第一章，是否有前文上下文可以衔接？如有，先搜索前文内�?);
                     ^^^^^^^^^^^^^^^^^^^^^^^^^^^^^^^^^^^^^^^^^^^^^^^
  lib/core/services/ai/agent/agent_service.dart:324:20: Error: String starting with ' must end with '.
      buffer.writeln('如果用户信息不足（如只说"帮我写一�?或剧情过于单薄），不要盲目创建�?);
                     ^^^^^^^^^^^^^^^^^^^^^^^^^^^^^^^^^^^^^^^
  lib/core/services/ai/agent/agent_service.dart:325:20: Error: String starting with ' must end with '.
      buffer.writeln('你应该礼貌地追问关键信息，例如：本章主要事件、涉及角色、情感基调、是否需要结尾钩子等�?);
                     ^^^^^^^^^^^^^^^^^^^^^^^^^^^^^^^^^^^^^^^^^^^^^^^
  lib/core/services/ai/agent/agent_service.dart:326:20: Error: String starting with ' must end with '.
      buffer.writeln('如果用户给了一句话剧情但缺少细节，你可以主动建议补充冲突点、情感转折、悬念钩子等，让章节更丰满�?);
                     ^^^^^^^^^^^^^^^^^^^^^^^^^^^^^^^^^^^^^^^^^^^^^^^^^^^^
  lib/core/services/ai/agent/agent_service.dart:327:20: Error: String starting with ' must end with '.
      buffer.writeln('但如果用户已经提供了足够的信息（有明确的剧情走向和关键事件），就可以直接创建�?);
                     ^^^^^^^^^^^^^^^^^^^^^^^^^^^^^^^^^^^^^^^^^^^
  lib/core/services/ai/agent/agent_service.dart:329:20: Error: String starting with ' must end with '.
      buffer.writeln('## 创建作品时的主题/世界观处理规�?);
                     ^^^^^^^^^^^^^^^^^^^^^^^
  lib/core/services/ai/agent/agent_service.dart:331:20: Error: String starting with ' must end with '.
      buffer.writeln('1. 先调�?create_work 创建作品（name 为作品名称，将主题关键词写入 type 字段�?);
                     ^^^^^^^^^^^^^^^^^^^^^^^^^^^^^^^^^^^^^^^^^^^^^^^^^^^^^^^^
  lib/core/services/ai/agent/agent_service.dart:333:20: Error: String starting with ' must end with '.
      buffer.writeln('   - title: 「{作品名} 世界观设定�?);
                     ^^^^^^^^^^^^^^^^^^^^^^^^^^^^^
  lib/core/services/ai/agent/agent_service.dart:337:20: Error: String starting with ' must end with '.
      buffer.writeln('     �?核心设定与规则体�?);
                     ^^^^^^^^^^^^^^^^^^^^
  lib/core/services/ai/agent/agent_service.dart:339:20: Error: String starting with ' must end with '.
      buffer.writeln('     �?世界背景与历史概�?);
                     ^^^^^^^^^^^^^^^^^^^^
  lib/core/services/ai/agent/agent_service.dart:340:20: Error: String starting with ' must end with '.
      buffer.writeln('     �?典型场景与氛围描�?);
                     ^^^^^^^^^^^^^^^^^^^^
  lib/core/services/ai/agent/agent_service.dart:341:20: Error: String starting with ' must end with '.
      buffer.writeln('     �?常见剧情模式与套�?);
                     ^^^^^^^^^^^^^^^^^^^^
  lib/core/services/ai/agent/agent_service.dart:342:20: Error: String starting with ' must end with '.
      buffer.writeln('   - tags: 提取 3-5 个相关标�?);
                     ^^^^^^^^^^^^^^^^^^^^^^^^^^^
  lib/core/services/ai/agent/agent_service.dart:343:20: Error: String starting with ' must end with '.
      buffer.writeln('3. 用自然语言向用户确认：作品已创建，并已根据主题自动生成世界观设�?);
                     ^^^^^^^^^^^^^^^^^^^^^^^^^^^^^^^^^^^^^^^
  lib/core/services/ai/agent/agent_service.dart:343:19: Error: Can't find ')' to match '('.
      buffer.writeln('3. 用自然语言向用户确认：作品已创建，并已根据主题自动生成世界观设�?);
                    ^
  lib/core/services/ai/agent/agent_service.dart:342:19: Error: Can't find ')' to match '('.
      buffer.writeln('   - tags: 提取 3-5 个相关标�?);
                    ^
  lib/core/services/ai/agent/agent_service.dart:341:19: Error: Can't find ')' to match '('.
      buffer.writeln('     �?常见剧情模式与套�?);
                    ^
  lib/core/services/ai/agent/agent_service.dart:340:19: Error: Can't find ')' to match '('.
      buffer.writeln('     �?典型场景与氛围描�?);
                    ^
  lib/core/services/ai/agent/agent_service.dart:339:19: Error: Can't find ')' to match '('.
      buffer.writeln('     �?世界背景与历史概�?);
                    ^
  lib/core/services/ai/agent/agent_service.dart:337:19: Error: Can't find ')' to match '('.
      buffer.writeln('     �?核心设定与规则体�?);
                    ^
  lib/core/services/ai/agent/agent_service.dart:333:19: Error: Can't find ')' to match '('.
      buffer.writeln('   - title: 「{作品名} 世界观设定�?);
                    ^
  lib/core/services/ai/agent/agent_service.dart:331:19: Error: Can't find ')' to match '('.
      buffer.writeln('1. 先调�?create_work 创建作品（name 为作品名称，将主题关键词写入 type 字段�?);
                    ^
  lib/core/services/ai/agent/agent_service.dart:329:19: Error: Can't find ')' to match '('.
      buffer.writeln('## 创建作品时的主题/世界观处理规�?);
                    ^
  lib/core/services/ai/agent/agent_service.dart:327:19: Error: Can't find ')' to match '('.
      buffer.writeln('但如果用户已经提供了足够的信息（有明确的剧情走向和关键事件），就可以直接创建�?);
                    ^
  lib/core/services/ai/agent/agent_service.dart:326:19: Error: Can't find ')' to match '('.
      buffer.writeln('如果用户给了一句话剧情但缺少细节，你可以主动建议补充冲突点、情感转折、悬念钩子等，让章节更丰满�?);
                    ^
  lib/core/services/ai/agent/agent_service.dart:325:19: Error: Can't find ')' to match '('.
      buffer.writeln('你应该礼貌地追问关键信息，例如：本章主要事件、涉及角色、情感基调、是否需要结尾钩子等�?);
                    ^
  lib/core/services/ai/agent/agent_service.dart:324:19: Error: Can't find ')' to match '('.
      buffer.writeln('如果用户信息不足（如只说"帮我写一�?或剧情过于单薄），不要盲目创建�?);
                    ^
  lib/core/services/ai/agent/agent_service.dart:320:19: Error: Can't find ')' to match '('.
      buffer.writeln('4. **前文衔接**：如果不是第一章，是否有前文上下文可以衔接？如有，先搜索前文内�?);
                    ^
  lib/core/services/ai/agent/agent_service.dart:318:19: Error: Can't find ')' to match '('.
      buffer.writeln('2. **节奏定位**：本章处于故事的什么位置？（开�?铺垫/高潮/过渡/结尾）是否需要提醒用户注意节�?);
                    ^
  lib/core/services/ai/agent/agent_service.dart:317:19: Error: Can't find ')' to match '('.
      buffer.writeln('1. **剧情内容**：用户是否描述了本章要发生什么事？如果只�?写第一�?而没给任何剧情方向，应追�?);
                    ^
  lib/core/services/ai/agent/agent_service.dart:313:19: Error: Can't find ')' to match '('.
      buffer.writeln('你需要在调用工具前先构思好章节内容，然后一次性传入�?);
                    ^
  lib/core/services/ai/agent/agent_service.dart:312:19: Error: Can't find ')' to match '('.
      buffer.writeln('不要创建空章节！content 参数是必填的�?);
                    ^
  lib/core/services/ai/agent/agent_service.dart:311:19: Error: Can't find ')' to match '('.
      buffer.writeln('调用 create_chapter 时，必须�?content 参数中传入完整的章节正文内容�?);
                    ^
  lib/core/services/ai/agent/agent_service.dart:310:19: Error: Can't find ')' to match '('.
      buffer.writeln('## 创建章节的完整流�?);
                    ^
  lib/core/services/ai/agent/agent_service.dart:308:19: Error: Can't find ')' to match '('.
      buffer.writeln('创建实体后，用自然语言向用户确认创建结果�?);
                    ^
  lib/core/services/ai/agent/agent_service.dart:307:19: Error: Can't find ')' to match '('.
      buffer.writeln('当用户要求创建角色、地点、物品、势力、关系、作品、卷、章节或素材时，请直接调用对应的 create_* 工具�?);
                    ^
  lib/core/services/ai/agent/agent_service.dart:305:19: Error: Can't find ')' to match '('.
      buffer.writeln('- 最终回复必须是完整的中文内�?);
                    ^
  lib/core/services/ai/agent/agent_service.dart:304:19: Error: Can't find ')' to match '('.
      buffer.writeln('- 如果信息不足，先搜索再行�?);
                    ^
  lib/core/services/ai/agent/agent_service.dart:302:19: Error: Can't find ')' to match '('.
      buffer.writeln('- 每次只调用一个工�?);
                    ^
  lib/core/services/ai/agent/agent_service.dart:301:19: Error: Can't find ')' to match '('.
      buffer.writeln('注意事项�?);
                    ^
  lib/core/services/ai/agent/agent_service.dart:299:19: Error: Can't find ')' to match '('.
      buffer.writeln('5. 综合结果，给出最终回�?);
                    ^
  lib/core/services/ai/agent/agent_service.dart:298:19: Error: Can't find ')' to match '('.
      buffer.writeln('4. 如果需要检查问题，调用分析/一致性检查工�?);
                    ^
  lib/core/services/ai/agent/agent_service.dart:295:19: Error: Can't find ')' to match '('.
      buffer.writeln('1. 分析用户需�?);
                    ^
  lib/core/services/ai/agent/agent_service.dart:294:19: Error: Can't find ')' to match '('.
      buffer.writeln('工作流程�?);
                    ^
  lib/core/services/ai/agent/agent_service.dart:287:19: Error: Can't find ')' to match '('.
      buffer.writeln('你可以使用工具来完成任务，也可以直接回复用户�?);
                    ^
  lib/core/services/ai/agent/agent_service.dart:286:19: Error: Can't find ')' to match '('.
      buffer.writeln('你是一位专业的小说写作助手 Agent�?);
                    ^
  lib/core/services/ai/agent/agent_service.dart:133:9: Error: Expected ',' before this.
          await controller.close();
          ^^^^^
  lib/core/services/ai/agent/agent_service.dart:132:34: Error: Too many positional arguments: 1 allowed, but 2 found.
  Try removing the extra positional arguments.
          controller.add(AgentError('没有可用的工�?));
                                   ^
  lib/core/services/ai/agent/agent_service.dart:54:3: Context: Found this candidate, but the arguments don't match.
    AgentError(this.error);
    ^^^^^^^^^^
  lib/core/services/ai/agent/agent_service.dart:205:17: Error: Expected ',' before this.
                  toolCallId: toolCall.id,
                  ^^^^^^^^^^
  lib/core/services/ai/agent/agent_service.dart:287:5: Error: Expected ',' before this.
      buffer.writeln('你可以使用工具来完成任务，也可以直接回复用户�?);
      ^^^^^^
  lib/core/services/ai/agent/agent_service.dart:287:20: Error: Expected ';' after this.
      buffer.writeln('你可以使用工具来完成任务，也可以直接回复用户�?);
                     ^^^^^^^^^^^^^^^^^^^^^^^^^^^
  lib/core/services/ai/agent/agent_service.dart:291:22: Error: Expected ';' after this.
        buffer.writeln('当前没有选中作品。如果用户需要操作特定作品（如创建章节、角色等），请先调用 list_works 查看所有作品并获取�?ID�?);
                       ^^^^^^^^^^^^^^^^^^^^^^^^^^^^^^^^^^^^^^^^^^^^^^^^^^^^^^^^^^^^^^^^^^^
  lib/core/services/ai/agent/agent_service.dart:295:5: Error: Expected ',' before this.
      buffer.writeln('1. 分析用户需�?);
      ^^^^^^
  lib/core/services/ai/agent/agent_service.dart:296:5: Error: Expected ',' before this.
      buffer.writeln('2. 如果需要信息，调用搜索工具');
      ^^^^^^
  lib/core/services/ai/agent/agent_service.dart:299:5: Error: Expected ',' before this.
      buffer.writeln('5. 综合结果，给出最终回�?);
      ^^^^^^
  lib/core/services/ai/agent/agent_service.dart:300:5: Error: Expected ',' before this.
      buffer.writeln();
      ^^^^^^
  lib/core/services/ai/agent/agent_service.dart:302:5: Error: Expected ',' before this.
      buffer.writeln('- 每次只调用一个工�?);
      ^^^^^^
  lib/core/services/ai/agent/agent_service.dart:303:5: Error: Expected ',' before this.
      buffer.writeln('- 如果不知道作�?ID 或卷 ID，先调用 list_works / list_volumes 获取');
      ^^^^^^
  lib/core/services/ai/agent/agent_service.dart:305:5: Error: Expected ',' before this.
      buffer.writeln('- 最终回复必须是完整的中文内�?);
      ^^^^^^
  lib/core/services/ai/agent/agent_service.dart:306:5: Error: Expected ',' before this.
      buffer.writeln();
      ^^^^^^
  lib/core/services/ai/agent/agent_service.dart:308:5: Error: Expected ',' before this.
      buffer.writeln('创建实体后，用自然语言向用户确认创建结果�?);
      ^^^^^^
  lib/core/services/ai/agent/agent_service.dart:309:5: Error: Expected ',' before this.
      buffer.writeln();
      ^^^^^^
  lib/core/services/ai/agent/agent_service.dart:311:5: Error: Expected ',' before this.
      buffer.writeln('调用 create_chapter 时，必须�?content 参数中传入完整的章节正文内容�?);
      ^^^^^^
  lib/core/services/ai/agent/agent_service.dart:312:5: Error: Expected ',' before this.
      buffer.writeln('不要创建空章节！content 参数是必填的�?);
      ^^^^^^
  lib/core/services/ai/agent/agent_service.dart:313:5: Error: Expected ',' before this.
      buffer.writeln('你需要在调用工具前先构思好章节内容，然后一次性传入�?);
      ^^^^^^
  lib/core/services/ai/agent/agent_service.dart:314:5: Error: Expected ',' before this.
      buffer.writeln();
      ^^^^^^
  lib/core/services/ai/agent/agent_service.dart:318:5: Error: Expected ',' before this.
      buffer.writeln('2. **节奏定位**：本章处于故事的什么位置？（开�?铺垫/高潮/过渡/结尾）是否需要提醒用户注意节�?);
      ^^^^^^
  lib/core/services/ai/agent/agent_service.dart:319:5: Error: Expected ',' before this.
      buffer.writeln('3. **钩子/悬念**：本章结尾是否需要留下悬念或钩子引导读者继续阅读？');
      ^^^^^^
  lib/core/services/ai/agent/agent_service.dart:321:5: Error: Expected ',' before this.
      buffer.writeln('5. **事件丰富�?*：用户提供的剧情是否足够展开为一整章？是否只有一句话概括而缺少具体事件、冲突、转折？');
      ^^^^^^
  lib/core/services/ai/agent/agent_service.dart:325:5: Error: Expected ',' before this.
      buffer.writeln('你应该礼貌地追问关键信息，例如：本章主要事件、涉及角色、情感基调、是否需要结尾钩子等�?);
      ^^^^^^
  lib/core/services/ai/agent/agent_service.dart:326:5: Error: Expected ',' before this.
      buffer.writeln('如果用户给了一句话剧情但缺少细节，你可以主动建议补充冲突点、情感转折、悬念钩子等，让章节更丰满�?);
      ^^^^^^
  lib/core/services/ai/agent/agent_service.dart:327:5: Error: Expected ',' before this.
      buffer.writeln('但如果用户已经提供了足够的信息（有明确的剧情走向和关键事件），就可以直接创建�?);
      ^^^^^^
  lib/core/services/ai/agent/agent_service.dart:328:5: Error: Expected ',' before this.
      buffer.writeln();
      ^^^^^^
  lib/core/services/ai/agent/agent_service.dart:330:5: Error: Expected ',' before this.
      buffer.writeln('当用户创建作品并附带「主题」「题材」「类型」「世界观」「风格」等描述时，你必须执行以下步骤：');
      ^^^^^^
  lib/core/services/ai/agent/agent_service.dart:332:5: Error: Expected ',' before this.
      buffer.writeln('2. 紧接着调用 create_inspiration，参数如下：');
      ^^^^^^
  lib/core/services/ai/agent/agent_service.dart:334:5: Error: Expected ',' before this.
      buffer.writeln('   - category: "worldbuilding"');
      ^^^^^^
  lib/core/services/ai/agent/agent_service.dart:338:5: Error: Expected ',' before this.
      buffer.writeln('     �?力量体系/等级划分');
      ^^^^^^
  lib/core/services/ai/agent/agent_service.dart:340:5: Error: Expected ',' before this.
      buffer.writeln('     �?典型场景与氛围描�?);
      ^^^^^^
  lib/core/services/ai/agent/agent_service.dart:341:5: Error: Expected ',' before this.
      buffer.writeln('     �?常见剧情模式与套�?);
      ^^^^^^
  lib/core/services/ai/agent/agent_service.dart:342:5: Error: Expected ',' before this.
      buffer.writeln('   - tags: 提取 3-5 个相关标�?);
      ^^^^^^
  lib/core/services/ai/agent/agent_service.dart:343:5: Error: Expected ',' before this.
      buffer.writeln('3. 用自然语言向用户确认：作品已创建，并已根据主题自动生成世界观设�?);
      ^^^^^^
  lib/core/services/ai/agent/agent_service.dart:343:20: Error: Expected ';' after this.
      buffer.writeln('3. 用自然语言向用户确认：作品已创建，并已根据主题自动生成世界观设�?);
                     ^^^^^^^^^^^^^^^^^^^^^^^^^^^^^^^^^^^^^^^
  lib/core/services/ai/agent/agent_service.dart:286:19: Error: Too many positional arguments: 1 allowed, but 2 found.
  Try removing the extra positional arguments.
      buffer.writeln('你是一位专业的小说写作助手 Agent�?);
                    ^
  lib/core/services/ai/agent/agent_service.dart:295:19: Error: Too many positional arguments: 1 allowed, but 2 found.
  Try removing the extra positional arguments.
      buffer.writeln('1. 分析用户需�?);
                    ^
  lib/core/services/ai/agent/agent_service.dart:294:19: Error: Too many positional arguments: 1 allowed, but 2 found.
  Try removing the extra positional arguments.
      buffer.writeln('工作流程�?);
                    ^
  lib/core/services/ai/agent/agent_service.dart:299:19: Error: Too many positional arguments: 1 allowed, but 2 found.
  Try removing the extra positional arguments.
      buffer.writeln('5. 综合结果，给出最终回�?);
                    ^
  lib/core/services/ai/agent/agent_service.dart:298:19: Error: Too many positional arguments: 1 allowed, but 2 found.
  Try removing the extra positional arguments.
      buffer.writeln('4. 如果需要检查问题，调用分析/一致性检查工�?);
                    ^
  lib/core/services/ai/agent/agent_service.dart:302:19: Error: Too many positional arguments: 1 allowed, but 2 found.
  Try removing the extra positional arguments.
      buffer.writeln('- 每次只调用一个工�?);
                    ^
  lib/core/services/ai/agent/agent_service.dart:301:19: Error: Too many positional arguments: 1 allowed, but 2 found.
  Try removing the extra positional arguments.
      buffer.writeln('注意事项�?);
                    ^
  lib/core/services/ai/agent/agent_service.dart:305:19: Error: Too many positional arguments: 1 allowed, but 2 found.
  Try removing the extra positional arguments.
      buffer.writeln('- 最终回复必须是完整的中文内�?);
                    ^
  lib/core/services/ai/agent/agent_service.dart:304:19: Error: Too many positional arguments: 1 allowed, but 2 found.
  Try removing the extra positional arguments.
      buffer.writeln('- 如果信息不足，先搜索再行�?);
                    ^
  lib/core/services/ai/agent/agent_service.dart:308:19: Error: Too many positional arguments: 1 allowed, but 2 found.
  Try removing the extra positional arguments.
      buffer.writeln('创建实体后，用自然语言向用户确认创建结果�?);
                    ^
  lib/core/services/ai/agent/agent_service.dart:307:19: Error: Too many positional arguments: 1 allowed, but 2 found.
  Try removing the extra positional arguments.
      buffer.writeln('当用户要求创建角色、地点、物品、势力、关系、作品、卷、章节或素材时，请直接调用对应的 create_* 工具�?);
                    ^
  lib/core/services/ai/agent/agent_service.dart:313:19: Error: Too many positional arguments: 1 allowed, but 2 found.
  Try removing the extra positional arguments.
      buffer.writeln('你需要在调用工具前先构思好章节内容，然后一次性传入�?);
                    ^
  lib/core/services/ai/agent/agent_service.dart:312:19: Error: Too many positional arguments: 1 allowed, but 2 found.
  Try removing the extra positional arguments.
      buffer.writeln('不要创建空章节！content 参数是必填的�?);
                    ^
  lib/core/services/ai/agent/agent_service.dart:311:19: Error: Too many positional arguments: 1 allowed, but 2 found.
  Try removing the extra positional arguments.
      buffer.writeln('调用 create_chapter 时，必须�?content 参数中传入完整的章节正文内容�?);
                    ^
  lib/core/services/ai/agent/agent_service.dart:310:19: Error: Too many positional arguments: 1 allowed, but 2 found.
  Try removing the extra positional arguments.
      buffer.writeln('## 创建章节的完整流�?);
                    ^
  lib/core/services/ai/agent/agent_service.dart:318:19: Error: Too many positional arguments: 1 allowed, but 2 found.
  Try removing the extra positional arguments.
      buffer.writeln('2. **节奏定位**：本章处于故事的什么位置？（开�?铺垫/高潮/过渡/结尾）是否需要提醒用户注意节�?);
                    ^
  lib/core/services/ai/agent/agent_service.dart:317:19: Error: Too many positional arguments: 1 allowed, but 2 found.
  Try removing the extra positional arguments.
      buffer.writeln('1. **剧情内容**：用户是否描述了本章要发生什么事？如果只�?写第一�?而没给任何剧情方向，应追�?);
                    ^
  lib/core/services/ai/agent/agent_service.dart:320:19: Error: Too many positional arguments: 1 allowed, but 2 found.
  Try removing the extra positional arguments.
      buffer.writeln('4. **前文衔接**：如果不是第一章，是否有前文上下文可以衔接？如有，先搜索前文内�?);
                    ^
  lib/core/services/ai/agent/agent_service.dart:327:19: Error: Too many positional arguments: 1 allowed, but 2 found.
  Try removing the extra positional arguments.
      buffer.writeln('但如果用户已经提供了足够的信息（有明确的剧情走向和关键事件），就可以直接创建�?);
                    ^
  lib/core/services/ai/agent/agent_service.dart:326:19: Error: Too many positional arguments: 1 allowed, but 2 found.
  Try removing the extra positional arguments.
      buffer.writeln('如果用户给了一句话剧情但缺少细节，你可以主动建议补充冲突点、情感转折、悬念钩子等，让章节更丰满�?);
                    ^
  lib/core/services/ai/agent/agent_service.dart:325:19: Error: Too many positional arguments: 1 allowed, but 2 found.
  Try removing the extra positional arguments.
      buffer.writeln('你应该礼貌地追问关键信息，例如：本章主要事件、涉及角色、情感基调、是否需要结尾钩子等�?);
                    ^
  lib/core/services/ai/agent/agent_service.dart:324:19: Error: Too many positional arguments: 1 allowed, but 2 found.
  Try removing the extra positional arguments.
      buffer.writeln('如果用户信息不足（如只说"帮我写一�?或剧情过于单薄），不要盲目创建�?);
                    ^
  lib/core/services/ai/agent/agent_service.dart:329:19: Error: Too many positional arguments: 1 allowed, but 2 found.
  Try removing the extra positional arguments.
      buffer.writeln('## 创建作品时的主题/世界观处理规�?);
                    ^
  lib/core/services/ai/agent/agent_service.dart:331:19: Error: Too many positional arguments: 1 allowed, but 2 found.
  Try removing the extra positional arguments.
      buffer.writeln('1. 先调�?create_work 创建作品（name 为作品名称，将主题关键词写入 type 字段�?);
                    ^
  lib/core/services/ai/agent/agent_service.dart:333:19: Error: Too many positional arguments: 1 allowed, but 2 found.
  Try removing the extra positional arguments.
      buffer.writeln('   - title: 「{作品名} 世界观设定�?);
                    ^
  lib/core/services/ai/agent/agent_service.dart:337:19: Error: Too many positional arguments: 1 allowed, but 2 found.
  Try removing the extra positional arguments.
      buffer.writeln('     �?核心设定与规则体�?);
                    ^
  lib/core/services/ai/agent/agent_service.dart:342:19: Error: Too many positional arguments: 1 allowed, but 2 found.
  Try removing the extra positional arguments.
      buffer.writeln('   - tags: 提取 3-5 个相关标�?);
                    ^
  lib/core/services/ai/agent/agent_service.dart:341:19: Error: Too many positional arguments: 1 allowed, but 2 found.
  Try removing the extra positional arguments.
      buffer.writeln('     �?常见剧情模式与套�?);
                    ^
  lib/core/services/ai/agent/agent_service.dart:340:19: Error: Too many positional arguments: 1 allowed, but 2 found.
  Try removing the extra positional arguments.
      buffer.writeln('     �?典型场景与氛围描�?);
                    ^
  lib/core/services/ai/agent/agent_service.dart:339:19: Error: Too many positional arguments: 1 allowed, but 2 found.
  Try removing the extra positional arguments.
      buffer.writeln('     �?世界背景与历史概�?);
                    ^
  .
00:15 +39 -16: C:/Users/changw98/dev/writing_assistant/test/integration/full_novel_test.dart: 完整小说创作（AI 生成 + 真实 DB） 清空数据库 → AI 生成完整小说 → 写入 DB → 客户端可见
00:15 +40 -16: C:/Users/changw98/dev/writing_assistant/test/integration/full_novel_test.dart: 完整小说创作（AI 生成 + 真实 DB） 清空数据库 → AI 生成完整小说 → 写入 DB → 客户端可见
00:15 +41 -16: C:/Users/changw98/dev/writing_assistant/test/integration/full_novel_test.dart: 完整小说创作（AI 生成 + 真实 DB） 清空数据库 → AI 生成完整小说 → 写入 DB → 客户端可见
00:15 +42 -16: C:/Users/changw98/dev/writing_assistant/test/integration/full_novel_test.dart: 完整小说创作（AI 生成 + 真实 DB） 清空数据库 → AI 生成完整小说 → 写入 DB → 客户端可见
lib/core/services/ai/agent/agent_service.dart:132:35: Error: String starting with ' must end with '.
        controller.add(AgentError('没有可用的工�?));
                                  ^^^^^^^^^^^^
lib/core/services/ai/agent/agent_service.dart:132:34: Error: Can't find ')' to match '('.
        controller.add(AgentError('没有可用的工�?));
                                 ^
lib/core/services/ai/agent/agent_service.dart:132:23: Error: Can't find ')' to match '('.
        controller.add(AgentError('没有可用的工�?));
                      ^
lib/core/services/ai/agent/agent_service.dart:200:53: Error: String starting with ' must end with '.
                ToolResult.fail('工具 ${toolCall.name} 不存�?),
                                                    ^^^^^^^
lib/core/services/ai/agent/agent_service.dart:204:50: Error: String starting with ' must end with '.
                content: '错误: 工具 ${toolCall.name} 不存�?,
                                                 ^^^^^^
lib/core/services/ai/agent/agent_service.dart:199:29: Error: Can't find ')' to match '('.
              controller.add(AgentObservation(
                            ^
lib/core/services/ai/agent/agent_service.dart:286:20: Error: String starting with ' must end with '.
    buffer.writeln('你是一位专业的小说写作助手 Agent�?);
                   ^^^^^^^^^^^^^^^^^^^^^^^^
lib/core/services/ai/agent/agent_service.dart:287:20: Error: String starting with ' must end with '.
    buffer.writeln('你可以使用工具来完成任务，也可以直接回复用户�?);
                   ^^^^^^^^^^^^^^^^^^^^^^^^^^^
lib/core/services/ai/agent/agent_service.dart:291:22: Error: String starting with ' must end with '.
      buffer.writeln('当前没有选中作品。如果用户需要操作特定作品（如创建章节、角色等），请先调用 list_works 查看所有作品并获取�?ID�?);
                     ^^^^^^^^^^^^^^^^^^^^^^^^^^^^^^^^^^^^^^^^^^^^^^^^^^^^^^^^^^^^^^^^^^^
lib/core/services/ai/agent/agent_service.dart:291:21: Error: Can't find ')' to match '('.
      buffer.writeln('当前没有选中作品。如果用户需要操作特定作品（如创建章节、角色等），请先调用 list_works 查看所有作品并获取�?ID�?);
                    ^
lib/core/services/ai/agent/agent_service.dart:294:20: Error: String starting with ' must end with '.
    buffer.writeln('工作流程�?);
                   ^^^^^^^^^
lib/core/services/ai/agent/agent_service.dart:295:20: Error: String starting with ' must end with '.
    buffer.writeln('1. 分析用户需�?);
                   ^^^^^^^^^^^^^
lib/core/services/ai/agent/agent_service.dart:298:20: Error: String starting with ' must end with '.
    buffer.writeln('4. 如果需要检查问题，调用分析/一致性检查工�?);
                   ^^^^^^^^^^^^^^^^^^^^^^^^^^^^
lib/core/services/ai/agent/agent_service.dart:299:20: Error: String starting with ' must end with '.
    buffer.writeln('5. 综合结果，给出最终回�?);
                   ^^^^^^^^^^^^^^^^^^
lib/core/services/ai/agent/agent_service.dart:301:20: Error: String starting with ' must end with '.
    buffer.writeln('注意事项�?);
                   ^^^^^^^^^
lib/core/services/ai/agent/agent_service.dart:302:20: Error: String starting with ' must end with '.
    buffer.writeln('- 每次只调用一个工�?);
                   ^^^^^^^^^^^^^^^
lib/core/services/ai/agent/agent_service.dart:304:20: Error: String starting with ' must end with '.
    buffer.writeln('- 如果信息不足，先搜索再行�?);
                   ^^^^^^^^^^^^^^^^^^^
lib/core/services/ai/agent/agent_service.dart:305:20: Error: String starting with ' must end with '.
    buffer.writeln('- 最终回复必须是完整的中文内�?);
                   ^^^^^^^^^^^^^^^^^^^^
lib/core/services/ai/agent/agent_service.dart:307:20: Error: String starting with ' must end with '.
    buffer.writeln('当用户要求创建角色、地点、物品、势力、关系、作品、卷、章节或素材时，请直接调用对应的 create_* 工具�?);
                   ^^^^^^^^^^^^^^^^^^^^^^^^^^^^^^^^^^^^^^^^^^^^^^^^^^^^^^^^^^^
lib/core/services/ai/agent/agent_service.dart:308:20: Error: String starting with ' must end with '.
    buffer.writeln('创建实体后，用自然语言向用户确认创建结果�?);
                   ^^^^^^^^^^^^^^^^^^^^^^^^^
lib/core/services/ai/agent/agent_service.dart:310:20: Error: String starting with ' must end with '.
    buffer.writeln('## 创建章节的完整流�?);
                   ^^^^^^^^^^^^^^^^
lib/core/services/ai/agent/agent_service.dart:311:20: Error: String starting with ' must end with '.
    buffer.writeln('调用 create_chapter 时，必须�?content 参数中传入完整的章节正文内容�?);
                   ^^^^^^^^^^^^^^^^^^^^^^^^^^^^^^^^^^^^^^^^^^^^^^^^^^^
lib/core/services/ai/agent/agent_service.dart:312:20: Error: String starting with ' must end with '.
    buffer.writeln('不要创建空章节！content 参数是必填的�?);
                   ^^^^^^^^^^^^^^^^^^^^^^^^^^^
lib/core/services/ai/agent/agent_service.dart:313:20: Error: String starting with ' must end with '.
    buffer.writeln('你需要在调用工具前先构思好章节内容，然后一次性传入�?);
                   ^^^^^^^^^^^^^^^^^^^^^^^^^^^^^^
lib/core/services/ai/agent/agent_service.dart:317:20: Error: String starting with ' must end with '.
    buffer.writeln('1. **剧情内容**：用户是否描述了本章要发生什么事？如果只�?写第一�?而没给任何剧情方向，应追�?);
                   ^^^^^^^^^^^^^^^^^^^^^^^^^^^^^^^^^^^^^^^^^^^^^^^^^^^^^^^
lib/core/services/ai/agent/agent_service.dart:318:20: Error: String starting with ' must end with '.
    buffer.writeln('2. **节奏定位**：本章处于故事的什么位置？（开�?铺垫/高潮/过渡/结尾）是否需要提醒用户注意节�?);
                   ^^^^^^^^^^^^^^^^^^^^^^^^^^^^^^^^^^^^^^^^^^^^^^^^^^^^^^^^
lib/core/services/ai/agent/agent_service.dart:320:20: Error: String starting with ' must end with '.
    buffer.writeln('4. **前文衔接**：如果不是第一章，是否有前文上下文可以衔接？如有，先搜索前文内�?);
                   ^^^^^^^^^^^^^^^^^^^^^^^^^^^^^^^^^^^^^^^^^^^^^^^
lib/core/services/ai/agent/agent_service.dart:324:20: Error: String starting with ' must end with '.
    buffer.writeln('如果用户信息不足（如只说"帮我写一�?或剧情过于单薄），不要盲目创建�?);
                   ^^^^^^^^^^^^^^^^^^^^^^^^^^^^^^^^^^^^^^^
lib/core/services/ai/agent/agent_service.dart:325:20: Error: String starting with ' must end with '.
    buffer.writeln('你应该礼貌地追问关键信息，例如：本章主要事件、涉及角色、情感基调、是否需要结尾钩子等�?);
                   ^^^^^^^^^^^^^^^^^^^^^^^^^^^^^^^^^^^^^^^^^^^^^^^
lib/core/services/ai/agent/agent_service.dart:326:20: Error: String starting with ' must end with '.
    buffer.writeln('如果用户给了一句话剧情但缺少细节，你可以主动建议补充冲突点、情感转折、悬念钩子等，让章节更丰满�?);
                   ^^^^^^^^^^^^^^^^^^^^^^^^^^^^^^^^^^^^^^^^^^^^^^^^^^^^
lib/core/services/ai/agent/agent_service.dart:327:20: Error: String starting with ' must end with '.
    buffer.writeln('但如果用户已经提供了足够的信息（有明确的剧情走向和关键事件），就可以直接创建�?);
                   ^^^^^^^^^^^^^^^^^^^^^^^^^^^^^^^^^^^^^^^^^^^
lib/core/services/ai/agent/agent_service.dart:329:20: Error: String starting with ' must end with '.
    buffer.writeln('## 创建作品时的主题/世界观处理规�?);
                   ^^^^^^^^^^^^^^^^^^^^^^^
lib/core/services/ai/agent/agent_service.dart:331:20: Error: String starting with ' must end with '.
    buffer.writeln('1. 先调�?create_work 创建作品（name 为作品名称，将主题关键词写入 type 字段�?);
                   ^^^^^^^^^^^^^^^^^^^^^^^^^^^^^^^^^^^^^^^^^^^^^^^^^^^^^^^^
lib/core/services/ai/agent/agent_service.dart:333:20: Error: String starting with ' must end with '.
    buffer.writeln('   - title: 「{作品名} 世界观设定�?);
                   ^^^^^^^^^^^^^^^^^^^^^^^^^^^^^
lib/core/services/ai/agent/agent_service.dart:337:20: Error: String starting with ' must end with '.
    buffer.writeln('     �?核心设定与规则体�?);
                   ^^^^^^^^^^^^^^^^^^^^
lib/core/services/ai/agent/agent_service.dart:339:20: Error: String starting with ' must end with '.
    buffer.writeln('     �?世界背景与历史概�?);
                   ^^^^^^^^^^^^^^^^^^^^
lib/core/services/ai/agent/agent_service.dart:340:20: Error: String starting with ' must end with '.
    buffer.writeln('     �?典型场景与氛围描�?);
                   ^^^^^^^^^^^^^^^^^^^^
lib/core/services/ai/agent/agent_service.dart:341:20: Error: String starting with ' must end with '.
    buffer.writeln('     �?常见剧情模式与套�?);
                   ^^^^^^^^^^^^^^^^^^^^
lib/core/services/ai/agent/agent_service.dart:342:20: Error: String starting with ' must end with '.
    buffer.writeln('   - tags: 提取 3-5 个相关标�?);
                   ^^^^^^^^^^^^^^^^^^^^^^^^^^^
lib/core/services/ai/agent/agent_service.dart:343:20: Error: String starting with ' must end with '.
    buffer.writeln('3. 用自然语言向用户确认：作品已创建，并已根据主题自动生成世界观设�?);
                   ^^^^^^^^^^^^^^^^^^^^^^^^^^^^^^^^^^^^^^^
lib/core/services/ai/agent/agent_service.dart:343:19: Error: Can't find ')' to match '('.
    buffer.writeln('3. 用自然语言向用户确认：作品已创建，并已根据主题自动生成世界观设�?);
                  ^
lib/core/services/ai/agent/agent_service.dart:342:19: Error: Can't find ')' to match '('.
    buffer.writeln('   - tags: 提取 3-5 个相关标�?);
                  ^
lib/core/services/ai/agent/agent_service.dart:341:19: Error: Can't find ')' to match '('.
    buffer.writeln('     �?常见剧情模式与套�?);
                  ^
lib/core/services/ai/agent/agent_service.dart:340:19: Error: Can't find ')' to match '('.
    buffer.writeln('     �?典型场景与氛围描�?);
                  ^
lib/core/services/ai/agent/agent_service.dart:339:19: Error: Can't find ')' to match '('.
    buffer.writeln('     �?世界背景与历史概�?);
                  ^
lib/core/services/ai/agent/agent_service.dart:337:19: Error: Can't find ')' to match '('.
    buffer.writeln('     �?核心设定与规则体�?);
                  ^
lib/core/services/ai/agent/agent_service.dart:333:19: Error: Can't find ')' to match '('.
    buffer.writeln('   - title: 「{作品名} 世界观设定�?);
                  ^
lib/core/services/ai/agent/agent_service.dart:331:19: Error: Can't find ')' to match '('.
    buffer.writeln('1. 先调�?create_work 创建作品（name 为作品名称，将主题关键词写入 type 字段�?);
                  ^
lib/core/services/ai/agent/agent_service.dart:329:19: Error: Can't find ')' to match '('.
    buffer.writeln('## 创建作品时的主题/世界观处理规�?);
                  ^
lib/core/services/ai/agent/agent_service.dart:327:19: Error: Can't find ')' to match '('.
    buffer.writeln('但如果用户已经提供了足够的信息（有明确的剧情走向和关键事件），就可以直接创建�?);
                  ^
lib/core/services/ai/agent/agent_service.dart:326:19: Error: Can't find ')' to match '('.
    buffer.writeln('如果用户给了一句话剧情但缺少细节，你可以主动建议补充冲突点、情感转折、悬念钩子等，让章节更丰满�?);
                  ^
lib/core/services/ai/agent/agent_service.dart:325:19: Error: Can't find ')' to match '('.
    buffer.writeln('你应该礼貌地追问关键信息，例如：本章主要事件、涉及角色、情感基调、是否需要结尾钩子等�?);
                  ^
lib/core/services/ai/agent/agent_service.dart:324:19: Error: Can't find ')' to match '('.
    buffer.writeln('如果用户信息不足（如只说"帮我写一�?或剧情过于单薄），不要盲目创建�?);
                  ^
lib/core/services/ai/agent/agent_service.dart:320:19: Error: Can't find ')' to match '('.
    buffer.writeln('4. **前文衔接**：如果不是第一章，是否有前文上下文可以衔接？如有，先搜索前文内�?);
                  ^
lib/core/services/ai/agent/agent_service.dart:318:19: Error: Can't find ')' to match '('.
    buffer.writeln('2. **节奏定位**：本章处于故事的什么位置？（开�?铺垫/高潮/过渡/结尾）是否需要提醒用户注意节�?);
                  ^
lib/core/services/ai/agent/agent_service.dart:317:19: Error: Can't find ')' to match '('.
    buffer.writeln('1. **剧情内容**：用户是否描述了本章要发生什么事？如果只�?写第一�?而没给任何剧情方向，应追�?);
                  ^
lib/core/services/ai/agent/agent_service.dart:313:19: Error: Can't find ')' to match '('.
    buffer.writeln('你需要在调用工具前先构思好章节内容，然后一次性传入�?);
                  ^
lib/core/services/ai/agent/agent_service.dart:312:19: Error: Can't find ')' to match '('.
    buffer.writeln('不要创建空章节！content 参数是必填的�?);
                  ^
lib/core/services/ai/agent/agent_service.dart:311:19: Error: Can't find ')' to match '('.
    buffer.writeln('调用 create_chapter 时，必须�?content 参数中传入完整的章节正文内容�?);
                  ^
lib/core/services/ai/agent/agent_service.dart:310:19: Error: Can't find ')' to match '('.
    buffer.writeln('## 创建章节的完整流�?);
                  ^
lib/core/services/ai/agent/agent_service.dart:308:19: Error: Can't find ')' to match '('.
    buffer.writeln('创建实体后，用自然语言向用户确认创建结果�?);
                  ^
lib/core/services/ai/agent/agent_service.dart:307:19: Error: Can't find ')' to match '('.
    buffer.writeln('当用户要求创建角色、地点、物品、势力、关系、作品、卷、章节或素材时，请直接调用对应的 create_* 工具�?);
                  ^
lib/core/services/ai/agent/agent_service.dart:305:19: Error: Can't find ')' to match '('.
    buffer.writeln('- 最终回复必须是完整的中文内�?);
                  ^
lib/core/services/ai/agent/agent_service.dart:304:19: Error: Can't find ')' to match '('.
    buffer.writeln('- 如果信息不足，先搜索再行�?);
                  ^
lib/core/services/ai/agent/agent_service.dart:302:19: Error: Can't find ')' to match '('.
    buffer.writeln('- 每次只调用一个工�?);
                  ^
lib/core/services/ai/agent/agent_service.dart:301:19: Error: Can't find ')' to match '('.
    buffer.writeln('注意事项�?);
                  ^
lib/core/services/ai/agent/agent_service.dart:299:19: Error: Can't find ')' to match '('.
    buffer.writeln('5. 综合结果，给出最终回�?);
                  ^
lib/core/services/ai/agent/agent_service.dart:298:19: Error: Can't find ')' to match '('.
    buffer.writeln('4. 如果需要检查问题，调用分析/一致性检查工�?);
                  ^
lib/core/services/ai/agent/agent_service.dart:295:19: Error: Can't find ')' to match '('.
    buffer.writeln('1. 分析用户需�?);
                  ^
lib/core/services/ai/agent/agent_service.dart:294:19: Error: Can't find ')' to match '('.
    buffer.writeln('工作流程�?);
                  ^
lib/core/services/ai/agent/agent_service.dart:287:19: Error: Can't find ')' to match '('.
    buffer.writeln('你可以使用工具来完成任务，也可以直接回复用户�?);
                  ^
lib/core/services/ai/agent/agent_service.dart:286:19: Error: Can't find ')' to match '('.
    buffer.writeln('你是一位专业的小说写作助手 Agent�?);
                  ^
lib/core/services/ai/agent/agent_service.dart:133:9: Error: Expected ',' before this.
        await controller.close();
        ^^^^^
lib/core/services/ai/agent/agent_service.dart:132:34: Error: Too many positional arguments: 1 allowed, but 2 found.
Try removing the extra positional arguments.
        controller.add(AgentError('没有可用的工�?));
                                 ^
lib/core/services/ai/agent/agent_service.dart:54:3: Context: Found this candidate, but the arguments don't match.
  AgentError(this.error);
  ^^^^^^^^^^
lib/core/services/ai/agent/agent_service.dart:205:17: Error: Expected ',' before this.
                toolCallId: toolCall.id,
                ^^^^^^^^^^
lib/core/services/ai/agent/agent_service.dart:287:5: Error: Expected ',' before this.
    buffer.writeln('你可以使用工具来完成任务，也可以直接回复用户�?);
    ^^^^^^
lib/core/services/ai/agent/agent_service.dart:287:20: Error: Expected ';' after this.
    buffer.writeln('你可以使用工具来完成任务，也可以直接回复用户�?);
                   ^^^^^^^^^^^^^^^^^^^^^^^^^^^
lib/core/services/ai/agent/agent_service.dart:291:22: Error: Expected ';' after this.
      buffer.writeln('当前没有选中作品。如果用户需要操作特定作品（如创建章节、角色等），请先调用 list_works 查看所有作品并获取�?ID�?);
                     ^^^^^^^^^^^^^^^^^^^^^^^^^^^^^^^^^^^^^^^^^^^^^^^^^^^^^^^^^^^^^^^^^^^
lib/core/services/ai/agent/agent_service.dart:295:5: Error: Expected ',' before this.
    buffer.writeln('1. 分析用户需�?);
    ^^^^^^
lib/core/services/ai/agent/agent_service.dart:296:5: Error: Expected ',' before this.
    buffer.writeln('2. 如果需要信息，调用搜索工具');
    ^^^^^^
lib/core/services/ai/agent/agent_service.dart:299:5: Error: Expected ',' before this.
    buffer.writeln('5. 综合结果，给出最终回�?);
    ^^^^^^
lib/core/services/ai/agent/agent_service.dart:300:5: Error: Expected ',' before this.
    buffer.writeln();
    ^^^^^^
lib/core/services/ai/agent/agent_service.dart:302:5: Error: Expected ',' before this.
    buffer.writeln('- 每次只调用一个工�?);
    ^^^^^^
lib/core/services/ai/agent/agent_service.dart:303:5: Error: Expected ',' before this.
    buffer.writeln('- 如果不知道作�?ID 或卷 ID，先调用 list_works / list_volumes 获取');
    ^^^^^^
lib/core/services/ai/agent/agent_service.dart:305:5: Error: Expected ',' before this.
    buffer.writeln('- 最终回复必须是完整的中文内�?);
    ^^^^^^
lib/core/services/ai/agent/agent_service.dart:306:5: Error: Expected ',' before this.
    buffer.writeln();
    ^^^^^^
lib/core/services/ai/agent/agent_service.dart:308:5: Error: Expected ',' before this.
    buffer.writeln('创建实体后，用自然语言向用户确认创建结果�?);
    ^^^^^^
lib/core/services/ai/agent/agent_service.dart:309:5: Error: Expected ',' before this.
    buffer.writeln();
    ^^^^^^
lib/core/services/ai/agent/agent_service.dart:311:5: Error: Expected ',' before this.
    buffer.writeln('调用 create_chapter 时，必须�?content 参数中传入完整的章节正文内容�?);
    ^^^^^^
lib/core/services/ai/agent/agent_service.dart:312:5: Error: Expected ',' before this.
    buffer.writeln('不要创建空章节！content 参数是必填的�?);
    ^^^^^^
lib/core/services/ai/agent/agent_service.dart:313:5: Error: Expected ',' before this.
    buffer.writeln('你需要在调用工具前先构思好章节内容，然后一次性传入�?);
    ^^^^^^
lib/core/services/ai/agent/agent_service.dart:314:5: Error: Expected ',' before this.
    buffer.writeln();
    ^^^^^^
lib/core/services/ai/agent/agent_service.dart:318:5: Error: Expected ',' before this.
    buffer.writeln('2. **节奏定位**：本章处于故事的什么位置？（开�?铺垫/高潮/过渡/结尾）是否需要提醒用户注意节�?);
    ^^^^^^
lib/core/services/ai/agent/agent_service.dart:319:5: Error: Expected ',' before this.
    buffer.writeln('3. **钩子/悬念**：本章结尾是否需要留下悬念或钩子引导读者继续阅读？');
    ^^^^^^
lib/core/services/ai/agent/agent_service.dart:321:5: Error: Expected ',' before this.
    buffer.writeln('5. **事件丰富�?*：用户提供的剧情是否足够展开为一整章？是否只有一句话概括而缺少具体事件、冲突、转折？');
    ^^^^^^
lib/core/services/ai/agent/agent_service.dart:325:5: Error: Expected ',' before this.
    buffer.writeln('你应该礼貌地追问关键信息，例如：本章主要事件、涉及角色、情感基调、是否需要结尾钩子等�?);
    ^^^^^^
lib/core/services/ai/agent/agent_service.dart:326:5: Error: Expected ',' before this.
    buffer.writeln('如果用户给了一句话剧情但缺少细节，你可以主动建议补充冲突点、情感转折、悬念钩子等，让章节更丰满�?);
    ^^^^^^
lib/core/services/ai/agent/agent_service.dart:327:5: Error: Expected ',' before this.
    buffer.writeln('但如果用户已经提供了足够的信息（有明确的剧情走向和关键事件），就可以直接创建�?);
    ^^^^^^
lib/core/services/ai/agent/agent_service.dart:328:5: Error: Expected ',' before this.
    buffer.writeln();
    ^^^^^^
lib/core/services/ai/agent/agent_service.dart:330:5: Error: Expected ',' before this.
    buffer.writeln('当用户创建作品并附带「主题」「题材」「类型」「世界观」「风格」等描述时，你必须执行以下步骤：');
    ^^^^^^
lib/core/services/ai/agent/agent_service.dart:332:5: Error: Expected ',' before this.
    buffer.writeln('2. 紧接着调用 create_inspiration，参数如下：');
    ^^^^^^
lib/core/services/ai/agent/agent_service.dart:334:5: Error: Expected ',' before this.
    buffer.writeln('   - category: "worldbuilding"');
    ^^^^^^
lib/core/services/ai/agent/agent_service.dart:338:5: Error: Expected ',' before this.
    buffer.writeln('     �?力量体系/等级划分');
    ^^^^^^
lib/core/services/ai/agent/agent_service.dart:340:5: Error: Expected ',' before this.
    buffer.writeln('     �?典型场景与氛围描�?);
    ^^^^^^
lib/core/services/ai/agent/agent_service.dart:341:5: Error: Expected ',' before this.
    buffer.writeln('     �?常见剧情模式与套�?);
    ^^^^^^
lib/core/services/ai/agent/agent_service.dart:342:5: Error: Expected ',' before this.
    buffer.writeln('   - tags: 提取 3-5 个相关标�?);
    ^^^^^^
lib/core/services/ai/agent/agent_service.dart:343:5: Error: Expected ',' before this.
    buffer.writeln('3. 用自然语言向用户确认：作品已创建，并已根据主题自动生成世界观设�?);
    ^^^^^^
lib/core/services/ai/agent/agent_service.dart:343:20: Error: Expected ';' after this.
    buffer.writeln('3. 用自然语言向用户确认：作品已创建，并已根据主题自动生成世界观设�?);
                   ^^^^^^^^^^^^^^^^^^^^^^^^^^^^^^^^^^^^^^^
lib/core/services/ai/agent/agent_service.dart:286:19: Error: Too many positional arguments: 1 allowed, but 2 found.
Try removing the extra positional arguments.
    buffer.writeln('你是一位专业的小说写作助手 Agent�?);
                  ^
lib/core/services/ai/agent/agent_service.dart:295:19: Error: Too many positional arguments: 1 allowed, but 2 found.
Try removing the extra positional arguments.
    buffer.writeln('1. 分析用户需�?);
                  ^
lib/core/services/ai/agent/agent_service.dart:294:19: Error: Too many positional arguments: 1 allowed, but 2 found.
Try removing the extra positional arguments.
    buffer.writeln('工作流程�?);
                  ^
lib/core/services/ai/agent/agent_service.dart:299:19: Error: Too many positional arguments: 1 allowed, but 2 found.
Try removing the extra positional arguments.
    buffer.writeln('5. 综合结果，给出最终回�?);
                  ^
lib/core/services/ai/agent/agent_service.dart:298:19: Error: Too many positional arguments: 1 allowed, but 2 found.
Try removing the extra positional arguments.
    buffer.writeln('4. 如果需要检查问题，调用分析/一致性检查工�?);
                  ^
lib/core/services/ai/agent/agent_service.dart:302:19: Error: Too many positional arguments: 1 allowed, but 2 found.
Try removing the extra positional arguments.
    buffer.writeln('- 每次只调用一个工�?);
                  ^
lib/core/services/ai/agent/agent_service.dart:301:19: Error: Too many positional arguments: 1 allowed, but 2 found.
Try removing the extra positional arguments.
    buffer.writeln('注意事项�?);
                  ^
lib/core/services/ai/agent/agent_service.dart:305:19: Error: Too many positional arguments: 1 allowed, but 2 found.
Try removing the extra positional arguments.
    buffer.writeln('- 最终回复必须是完整的中文内�?);
                  ^
lib/core/services/ai/agent/agent_service.dart:304:19: Error: Too many positional arguments: 1 allowed, but 2 found.
Try removing the extra positional arguments.
    buffer.writeln('- 如果信息不足，先搜索再行�?);
                  ^
lib/core/services/ai/agent/agent_service.dart:308:19: Error: Too many positional arguments: 1 allowed, but 2 found.
Try removing the extra positional arguments.
    buffer.writeln('创建实体后，用自然语言向用户确认创建结果�?);
                  ^
lib/core/services/ai/agent/agent_service.dart:307:19: Error: Too many positional arguments: 1 allowed, but 2 found.
Try removing the extra positional arguments.
    buffer.writeln('当用户要求创建角色、地点、物品、势力、关系、作品、卷、章节或素材时，请直接调用对应的 create_* 工具�?);
                  ^
lib/core/services/ai/agent/agent_service.dart:313:19: Error: Too many positional arguments: 1 allowed, but 2 found.
Try removing the extra positional arguments.
    buffer.writeln('你需要在调用工具前先构思好章节内容，然后一次性传入�?);
                  ^
lib/core/services/ai/agent/agent_service.dart:312:19: Error: Too many positional arguments: 1 allowed, but 2 found.
Try removing the extra positional arguments.
    buffer.writeln('不要创建空章节！content 参数是必填的�?);
                  ^
lib/core/services/ai/agent/agent_service.dart:311:19: Error: Too many positional arguments: 1 allowed, but 2 found.
Try removing the extra positional arguments.
    buffer.writeln('调用 create_chapter 时，必须�?content 参数中传入完整的章节正文内容�?);
                  ^
lib/core/services/ai/agent/agent_service.dart:310:19: Error: Too many positional arguments: 1 allowed, but 2 found.
Try removing the extra positional arguments.
    buffer.writeln('## 创建章节的完整流�?);
                  ^
lib/core/services/ai/agent/agent_service.dart:318:19: Error: Too many positional arguments: 1 allowed, but 2 found.
Try removing the extra positional arguments.
    buffer.writeln('2. **节奏定位**：本章处于故事的什么位置？（开�?铺垫/高潮/过渡/结尾）是否需要提醒用户注意节�?);
                  ^
lib/core/services/ai/agent/agent_service.dart:317:19: Error: Too many positional arguments: 1 allowed, but 2 found.
Try removing the extra positional arguments.
    buffer.writeln('1. **剧情内容**：用户是否描述了本章要发生什么事？如果只�?写第一�?而没给任何剧情方向，应追�?);
                  ^
lib/core/services/ai/agent/agent_service.dart:320:19: Error: Too many positional arguments: 1 allowed, but 2 found.
Try removing the extra positional arguments.
    buffer.writeln('4. **前文衔接**：如果不是第一章，是否有前文上下文可以衔接？如有，先搜索前文内�?);
                  ^
lib/core/services/ai/agent/agent_service.dart:327:19: Error: Too many positional arguments: 1 allowed, but 2 found.
Try removing the extra positional arguments.
    buffer.writeln('但如果用户已经提供了足够的信息（有明确的剧情走向和关键事件），就可以直接创建�?);
                  ^
lib/core/services/ai/agent/agent_service.dart:326:19: Error: Too many positional arguments: 1 allowed, but 2 found.
Try removing the extra positional arguments.
    buffer.writeln('如果用户给了一句话剧情但缺少细节，你可以主动建议补充冲突点、情感转折、悬念钩子等，让章节更丰满�?);
                  ^
lib/core/services/ai/agent/agent_service.dart:325:19: Error: Too many positional arguments: 1 allowed, but 2 found.
Try removing the extra positional arguments.
    buffer.writeln('你应该礼貌地追问关键信息，例如：本章主要事件、涉及角色、情感基调、是否需要结尾钩子等�?);
                  ^
lib/core/services/ai/agent/agent_service.dart:324:19: Error: Too many positional arguments: 1 allowed, but 2 found.
Try removing the extra positional arguments.
    buffer.writeln('如果用户信息不足（如只说"帮我写一�?或剧情过于单薄），不要盲目创建�?);
                  ^
lib/core/services/ai/agent/agent_service.dart:329:19: Error: Too many positional arguments: 1 allowed, but 2 found.
Try removing the extra positional arguments.
    buffer.writeln('## 创建作品时的主题/世界观处理规�?);
                  ^
lib/core/services/ai/agent/agent_service.dart:331:19: Error: Too many positional arguments: 1 allowed, but 2 found.
Try removing the extra positional arguments.
    buffer.writeln('1. 先调�?create_work 创建作品（name 为作品名称，将主题关键词写入 type 字段�?);
                  ^
lib/core/services/ai/agent/agent_service.dart:333:19: Error: Too many positional arguments: 1 allowed, but 2 found.
Try removing the extra positional arguments.
    buffer.writeln('   - title: 「{作品名} 世界观设定�?);
                  ^
lib/core/services/ai/agent/agent_service.dart:337:19: Error: Too many positional arguments: 1 allowed, but 2 found.
Try removing the extra positional arguments.
    buffer.writeln('     �?核心设定与规则体�?);
                  ^
lib/core/services/ai/agent/agent_service.dart:342:19: Error: Too many positional arguments: 1 allowed, but 2 found.
Try removing the extra positional arguments.
    buffer.writeln('   - tags: 提取 3-5 个相关标�?);
                  ^
lib/core/services/ai/agent/agent_service.dart:341:19: Error: Too many positional arguments: 1 allowed, but 2 found.
Try removing the extra positional arguments.
    buffer.writeln('     �?常见剧情模式与套�?);
                  ^
lib/core/services/ai/agent/agent_service.dart:340:19: Error: Too many positional arguments: 1 allowed, but 2 found.
Try removing the extra positional arguments.
    buffer.writeln('     �?典型场景与氛围描�?);
                  ^
lib/core/services/ai/agent/agent_service.dart:339:19: Error: Too many positional arguments: 1 allowed, but 2 found.
Try removing the extra positional arguments.
    buffer.writeln('     �?世界背景与历史概�?);
                  ^
00:15 +43 -16: C:/Users/changw98/dev/writing_assistant/test/integration/full_novel_test.dart: 完整小说创作（AI 生成 + 真实 DB） 清空数据库 → AI 生成完整小说 → 写入 DB → 客户端可见
00:15 +44 -16: C:/Users/changw98/dev/writing_assistant/test/integration/full_novel_test.dart: 完整小说创作（AI 生成 + 真实 DB） 清空数据库 → AI 生成完整小说 → 写入 DB → 客户端可见
00:15 +44 -17: loading C:/Users/changw98/dev/writing_assistant/test/unit/core/services/writing_assist_workflow_runner_test.dart [E]
  Failed to load "C:/Users/changw98/dev/writing_assistant/test/unit/core/services/writing_assist_workflow_runner_test.dart":
  Compilation failed for testPath=C:/Users/changw98/dev/writing_assistant/test/unit/core/services/writing_assist_workflow_runner_test.dart: lib/core/services/ai/agent/agent_service.dart:132:35: Error: String starting with ' must end with '.
          controller.add(AgentError('没有可用的工�?));
                                    ^^^^^^^^^^^^
  lib/core/services/ai/agent/agent_service.dart:132:34: Error: Can't find ')' to match '('.
          controller.add(AgentError('没有可用的工�?));
                                   ^
  lib/core/services/ai/agent/agent_service.dart:132:23: Error: Can't find ')' to match '('.
          controller.add(AgentError('没有可用的工�?));
                        ^
  lib/core/services/ai/agent/agent_service.dart:200:53: Error: String starting with ' must end with '.
                  ToolResult.fail('工具 ${toolCall.name} 不存�?),
                                                      ^^^^^^^
  lib/core/services/ai/agent/agent_service.dart:204:50: Error: String starting with ' must end with '.
                  content: '错误: 工具 ${toolCall.name} 不存�?,
                                                   ^^^^^^
  lib/core/services/ai/agent/agent_service.dart:199:29: Error: Can't find ')' to match '('.
                controller.add(AgentObservation(
                              ^
  lib/core/services/ai/agent/agent_service.dart:286:20: Error: String starting with ' must end with '.
      buffer.writeln('你是一位专业的小说写作助手 Agent�?);
                     ^^^^^^^^^^^^^^^^^^^^^^^^
  lib/core/services/ai/agent/agent_service.dart:287:20: Error: String starting with ' must end with '.
      buffer.writeln('你可以使用工具来完成任务，也可以直接回复用户�?);
                     ^^^^^^^^^^^^^^^^^^^^^^^^^^^
  lib/core/services/ai/agent/agent_service.dart:291:22: Error: String starting with ' must end with '.
        buffer.writeln('当前没有选中作品。如果用户需要操作特定作品（如创建章节、角色等），请先调用 list_works 查看所有作品并获取�?ID�?);
                       ^^^^^^^^^^^^^^^^^^^^^^^^^^^^^^^^^^^^^^^^^^^^^^^^^^^^^^^^^^^^^^^^^^^
  lib/core/services/ai/agent/agent_service.dart:291:21: Error: Can't find ')' to match '('.
        buffer.writeln('当前没有选中作品。如果用户需要操作特定作品（如创建章节、角色等），请先调用 list_works 查看所有作品并获取�?ID�?);
                      ^
  lib/core/services/ai/agent/agent_service.dart:294:20: Error: String starting with ' must end with '.
      buffer.writeln('工作流程�?);
                     ^^^^^^^^^
  lib/core/services/ai/agent/agent_service.dart:295:20: Error: String starting with ' must end with '.
      buffer.writeln('1. 分析用户需�?);
                     ^^^^^^^^^^^^^
  lib/core/services/ai/agent/agent_service.dart:298:20: Error: String starting with ' must end with '.
      buffer.writeln('4. 如果需要检查问题，调用分析/一致性检查工�?);
                     ^^^^^^^^^^^^^^^^^^^^^^^^^^^^
  lib/core/services/ai/agent/agent_service.dart:299:20: Error: String starting with ' must end with '.
      buffer.writeln('5. 综合结果，给出最终回�?);
                     ^^^^^^^^^^^^^^^^^^
  lib/core/services/ai/agent/agent_service.dart:301:20: Error: String starting with ' must end with '.
      buffer.writeln('注意事项�?);
                     ^^^^^^^^^
  lib/core/services/ai/agent/agent_service.dart:302:20: Error: String starting with ' must end with '.
      buffer.writeln('- 每次只调用一个工�?);
                     ^^^^^^^^^^^^^^^
  lib/core/services/ai/agent/agent_service.dart:304:20: Error: String starting with ' must end with '.
      buffer.writeln('- 如果信息不足，先搜索再行�?);
                     ^^^^^^^^^^^^^^^^^^^
  lib/core/services/ai/agent/agent_service.dart:305:20: Error: String starting with ' must end with '.
      buffer.writeln('- 最终回复必须是完整的中文内�?);
                     ^^^^^^^^^^^^^^^^^^^^
  lib/core/services/ai/agent/agent_service.dart:307:20: Error: String starting with ' must end with '.
      buffer.writeln('当用户要求创建角色、地点、物品、势力、关系、作品、卷、章节或素材时，请直接调用对应的 create_* 工具�?);
                     ^^^^^^^^^^^^^^^^^^^^^^^^^^^^^^^^^^^^^^^^^^^^^^^^^^^^^^^^^^^
  lib/core/services/ai/agent/agent_service.dart:308:20: Error: String starting with ' must end with '.
      buffer.writeln('创建实体后，用自然语言向用户确认创建结果�?);
                     ^^^^^^^^^^^^^^^^^^^^^^^^^
  lib/core/services/ai/agent/agent_service.dart:310:20: Error: String starting with ' must end with '.
      buffer.writeln('## 创建章节的完整流�?);
                     ^^^^^^^^^^^^^^^^
  lib/core/services/ai/agent/agent_service.dart:311:20: Error: String starting with ' must end with '.
      buffer.writeln('调用 create_chapter 时，必须�?content 参数中传入完整的章节正文内容�?);
                     ^^^^^^^^^^^^^^^^^^^^^^^^^^^^^^^^^^^^^^^^^^^^^^^^^^^
  lib/core/services/ai/agent/agent_service.dart:312:20: Error: String starting with ' must end with '.
      buffer.writeln('不要创建空章节！content 参数是必填的�?);
                     ^^^^^^^^^^^^^^^^^^^^^^^^^^^
  lib/core/services/ai/agent/agent_service.dart:313:20: Error: String starting with ' must end with '.
      buffer.writeln('你需要在调用工具前先构思好章节内容，然后一次性传入�?);
                     ^^^^^^^^^^^^^^^^^^^^^^^^^^^^^^
  lib/core/services/ai/agent/agent_service.dart:317:20: Error: String starting with ' must end with '.
      buffer.writeln('1. **剧情内容**：用户是否描述了本章要发生什么事？如果只�?写第一�?而没给任何剧情方向，应追�?);
                     ^^^^^^^^^^^^^^^^^^^^^^^^^^^^^^^^^^^^^^^^^^^^^^^^^^^^^^^
  lib/core/services/ai/agent/agent_service.dart:318:20: Error: String starting with ' must end with '.
      buffer.writeln('2. **节奏定位**：本章处于故事的什么位置？（开�?铺垫/高潮/过渡/结尾）是否需要提醒用户注意节�?);
                     ^^^^^^^^^^^^^^^^^^^^^^^^^^^^^^^^^^^^^^^^^^^^^^^^^^^^^^^^
  lib/core/services/ai/agent/agent_service.dart:320:20: Error: String starting with ' must end with '.
      buffer.writeln('4. **前文衔接**：如果不是第一章，是否有前文上下文可以衔接？如有，先搜索前文内�?);
                     ^^^^^^^^^^^^^^^^^^^^^^^^^^^^^^^^^^^^^^^^^^^^^^^
  lib/core/services/ai/agent/agent_service.dart:324:20: Error: String starting with ' must end with '.
      buffer.writeln('如果用户信息不足（如只说"帮我写一�?或剧情过于单薄），不要盲目创建�?);
                     ^^^^^^^^^^^^^^^^^^^^^^^^^^^^^^^^^^^^^^^
  lib/core/services/ai/agent/agent_service.dart:325:20: Error: String starting with ' must end with '.
      buffer.writeln('你应该礼貌地追问关键信息，例如：本章主要事件、涉及角色、情感基调、是否需要结尾钩子等�?);
                     ^^^^^^^^^^^^^^^^^^^^^^^^^^^^^^^^^^^^^^^^^^^^^^^
  lib/core/services/ai/agent/agent_service.dart:326:20: Error: String starting with ' must end with '.
      buffer.writeln('如果用户给了一句话剧情但缺少细节，你可以主动建议补充冲突点、情感转折、悬念钩子等，让章节更丰满�?);
                     ^^^^^^^^^^^^^^^^^^^^^^^^^^^^^^^^^^^^^^^^^^^^^^^^^^^^
  lib/core/services/ai/agent/agent_service.dart:327:20: Error: String starting with ' must end with '.
      buffer.writeln('但如果用户已经提供了足够的信息（有明确的剧情走向和关键事件），就可以直接创建�?);
                     ^^^^^^^^^^^^^^^^^^^^^^^^^^^^^^^^^^^^^^^^^^^
  lib/core/services/ai/agent/agent_service.dart:329:20: Error: String starting with ' must end with '.
      buffer.writeln('## 创建作品时的主题/世界观处理规�?);
                     ^^^^^^^^^^^^^^^^^^^^^^^
  lib/core/services/ai/agent/agent_service.dart:331:20: Error: String starting with ' must end with '.
      buffer.writeln('1. 先调�?create_work 创建作品（name 为作品名称，将主题关键词写入 type 字段�?);
                     ^^^^^^^^^^^^^^^^^^^^^^^^^^^^^^^^^^^^^^^^^^^^^^^^^^^^^^^^
  lib/core/services/ai/agent/agent_service.dart:333:20: Error: String starting with ' must end with '.
      buffer.writeln('   - title: 「{作品名} 世界观设定�?);
                     ^^^^^^^^^^^^^^^^^^^^^^^^^^^^^
  lib/core/services/ai/agent/agent_service.dart:337:20: Error: String starting with ' must end with '.
      buffer.writeln('     �?核心设定与规则体�?);
                     ^^^^^^^^^^^^^^^^^^^^
  lib/core/services/ai/agent/agent_service.dart:339:20: Error: String starting with ' must end with '.
      buffer.writeln('     �?世界背景与历史概�?);
                     ^^^^^^^^^^^^^^^^^^^^
  lib/core/services/ai/agent/agent_service.dart:340:20: Error: String starting with ' must end with '.
      buffer.writeln('     �?典型场景与氛围描�?);
                     ^^^^^^^^^^^^^^^^^^^^
  lib/core/services/ai/agent/agent_service.dart:341:20: Error: String starting with ' must end with '.
      buffer.writeln('     �?常见剧情模式与套�?);
                     ^^^^^^^^^^^^^^^^^^^^
  lib/core/services/ai/agent/agent_service.dart:342:20: Error: String starting with ' must end with '.
      buffer.writeln('   - tags: 提取 3-5 个相关标�?);
                     ^^^^^^^^^^^^^^^^^^^^^^^^^^^
  lib/core/services/ai/agent/agent_service.dart:343:20: Error: String starting with ' must end with '.
      buffer.writeln('3. 用自然语言向用户确认：作品已创建，并已根据主题自动生成世界观设�?);
                     ^^^^^^^^^^^^^^^^^^^^^^^^^^^^^^^^^^^^^^^
  lib/core/services/ai/agent/agent_service.dart:343:19: Error: Can't find ')' to match '('.
      buffer.writeln('3. 用自然语言向用户确认：作品已创建，并已根据主题自动生成世界观设�?);
                    ^
  lib/core/services/ai/agent/agent_service.dart:342:19: Error: Can't find ')' to match '('.
      buffer.writeln('   - tags: 提取 3-5 个相关标�?);
                    ^
  lib/core/services/ai/agent/agent_service.dart:341:19: Error: Can't find ')' to match '('.
      buffer.writeln('     �?常见剧情模式与套�?);
                    ^
  lib/core/services/ai/agent/agent_service.dart:340:19: Error: Can't find ')' to match '('.
      buffer.writeln('     �?典型场景与氛围描�?);
                    ^
  lib/core/services/ai/agent/agent_service.dart:339:19: Error: Can't find ')' to match '('.
      buffer.writeln('     �?世界背景与历史概�?);
                    ^
  lib/core/services/ai/agent/agent_service.dart:337:19: Error: Can't find ')' to match '('.
      buffer.writeln('     �?核心设定与规则体�?);
                    ^
  lib/core/services/ai/agent/agent_service.dart:333:19: Error: Can't find ')' to match '('.
      buffer.writeln('   - title: 「{作品名} 世界观设定�?);
                    ^
  lib/core/services/ai/agent/agent_service.dart:331:19: Error: Can't find ')' to match '('.
      buffer.writeln('1. 先调�?create_work 创建作品（name 为作品名称，将主题关键词写入 type 字段�?);
                    ^
  lib/core/services/ai/agent/agent_service.dart:329:19: Error: Can't find ')' to match '('.
      buffer.writeln('## 创建作品时的主题/世界观处理规�?);
                    ^
  lib/core/services/ai/agent/agent_service.dart:327:19: Error: Can't find ')' to match '('.
      buffer.writeln('但如果用户已经提供了足够的信息（有明确的剧情走向和关键事件），就可以直接创建�?);
                    ^
  lib/core/services/ai/agent/agent_service.dart:326:19: Error: Can't find ')' to match '('.
      buffer.writeln('如果用户给了一句话剧情但缺少细节，你可以主动建议补充冲突点、情感转折、悬念钩子等，让章节更丰满�?);
                    ^
  lib/core/services/ai/agent/agent_service.dart:325:19: Error: Can't find ')' to match '('.
      buffer.writeln('你应该礼貌地追问关键信息，例如：本章主要事件、涉及角色、情感基调、是否需要结尾钩子等�?);
                    ^
  lib/core/services/ai/agent/agent_service.dart:324:19: Error: Can't find ')' to match '('.
      buffer.writeln('如果用户信息不足（如只说"帮我写一�?或剧情过于单薄），不要盲目创建�?);
                    ^
  lib/core/services/ai/agent/agent_service.dart:320:19: Error: Can't find ')' to match '('.
      buffer.writeln('4. **前文衔接**：如果不是第一章，是否有前文上下文可以衔接？如有，先搜索前文内�?);
                    ^
  lib/core/services/ai/agent/agent_service.dart:318:19: Error: Can't find ')' to match '('.
      buffer.writeln('2. **节奏定位**：本章处于故事的什么位置？（开�?铺垫/高潮/过渡/结尾）是否需要提醒用户注意节�?);
                    ^
  lib/core/services/ai/agent/agent_service.dart:317:19: Error: Can't find ')' to match '('.
      buffer.writeln('1. **剧情内容**：用户是否描述了本章要发生什么事？如果只�?写第一�?而没给任何剧情方向，应追�?);
                    ^
  lib/core/services/ai/agent/agent_service.dart:313:19: Error: Can't find ')' to match '('.
      buffer.writeln('你需要在调用工具前先构思好章节内容，然后一次性传入�?);
                    ^
  lib/core/services/ai/agent/agent_service.dart:312:19: Error: Can't find ')' to match '('.
      buffer.writeln('不要创建空章节！content 参数是必填的�?);
                    ^
  lib/core/services/ai/agent/agent_service.dart:311:19: Error: Can't find ')' to match '('.
      buffer.writeln('调用 create_chapter 时，必须�?content 参数中传入完整的章节正文内容�?);
                    ^
  lib/core/services/ai/agent/agent_service.dart:310:19: Error: Can't find ')' to match '('.
      buffer.writeln('## 创建章节的完整流�?);
                    ^
  lib/core/services/ai/agent/agent_service.dart:308:19: Error: Can't find ')' to match '('.
      buffer.writeln('创建实体后，用自然语言向用户确认创建结果�?);
                    ^
  lib/core/services/ai/agent/agent_service.dart:307:19: Error: Can't find ')' to match '('.
      buffer.writeln('当用户要求创建角色、地点、物品、势力、关系、作品、卷、章节或素材时，请直接调用对应的 create_* 工具�?);
                    ^
  lib/core/services/ai/agent/agent_service.dart:305:19: Error: Can't find ')' to match '('.
      buffer.writeln('- 最终回复必须是完整的中文内�?);
                    ^
  lib/core/services/ai/agent/agent_service.dart:304:19: Error: Can't find ')' to match '('.
      buffer.writeln('- 如果信息不足，先搜索再行�?);
                    ^
  lib/core/services/ai/agent/agent_service.dart:302:19: Error: Can't find ')' to match '('.
      buffer.writeln('- 每次只调用一个工�?);
                    ^
  lib/core/services/ai/agent/agent_service.dart:301:19: Error: Can't find ')' to match '('.
      buffer.writeln('注意事项�?);
                    ^
  lib/core/services/ai/agent/agent_service.dart:299:19: Error: Can't find ')' to match '('.
      buffer.writeln('5. 综合结果，给出最终回�?);
                    ^
  lib/core/services/ai/agent/agent_service.dart:298:19: Error: Can't find ')' to match '('.
      buffer.writeln('4. 如果需要检查问题，调用分析/一致性检查工�?);
                    ^
  lib/core/services/ai/agent/agent_service.dart:295:19: Error: Can't find ')' to match '('.
      buffer.writeln('1. 分析用户需�?);
                    ^
  lib/core/services/ai/agent/agent_service.dart:294:19: Error: Can't find ')' to match '('.
      buffer.writeln('工作流程�?);
                    ^
  lib/core/services/ai/agent/agent_service.dart:287:19: Error: Can't find ')' to match '('.
      buffer.writeln('你可以使用工具来完成任务，也可以直接回复用户�?);
                    ^
  lib/core/services/ai/agent/agent_service.dart:286:19: Error: Can't find ')' to match '('.
      buffer.writeln('你是一位专业的小说写作助手 Agent�?);
                    ^
  lib/core/services/ai/agent/agent_service.dart:133:9: Error: Expected ',' before this.
          await controller.close();
          ^^^^^
  lib/core/services/ai/agent/agent_service.dart:132:34: Error: Too many positional arguments: 1 allowed, but 2 found.
  Try removing the extra positional arguments.
          controller.add(AgentError('没有可用的工�?));
                                   ^
  lib/core/services/ai/agent/agent_service.dart:54:3: Context: Found this candidate, but the arguments don't match.
    AgentError(this.error);
    ^^^^^^^^^^
  lib/core/services/ai/agent/agent_service.dart:205:17: Error: Expected ',' before this.
                  toolCallId: toolCall.id,
                  ^^^^^^^^^^
  lib/core/services/ai/agent/agent_service.dart:287:5: Error: Expected ',' before this.
      buffer.writeln('你可以使用工具来完成任务，也可以直接回复用户�?);
      ^^^^^^
  lib/core/services/ai/agent/agent_service.dart:287:20: Error: Expected ';' after this.
      buffer.writeln('你可以使用工具来完成任务，也可以直接回复用户�?);
                     ^^^^^^^^^^^^^^^^^^^^^^^^^^^
  lib/core/services/ai/agent/agent_service.dart:291:22: Error: Expected ';' after this.
        buffer.writeln('当前没有选中作品。如果用户需要操作特定作品（如创建章节、角色等），请先调用 list_works 查看所有作品并获取�?ID�?);
                       ^^^^^^^^^^^^^^^^^^^^^^^^^^^^^^^^^^^^^^^^^^^^^^^^^^^^^^^^^^^^^^^^^^^
  lib/core/services/ai/agent/agent_service.dart:295:5: Error: Expected ',' before this.
      buffer.writeln('1. 分析用户需�?);
      ^^^^^^
  lib/core/services/ai/agent/agent_service.dart:296:5: Error: Expected ',' before this.
      buffer.writeln('2. 如果需要信息，调用搜索工具');
      ^^^^^^
  lib/core/services/ai/agent/agent_service.dart:299:5: Error: Expected ',' before this.
      buffer.writeln('5. 综合结果，给出最终回�?);
      ^^^^^^
  lib/core/services/ai/agent/agent_service.dart:300:5: Error: Expected ',' before this.
      buffer.writeln();
      ^^^^^^
  lib/core/services/ai/agent/agent_service.dart:302:5: Error: Expected ',' before this.
      buffer.writeln('- 每次只调用一个工�?);
      ^^^^^^
  lib/core/services/ai/agent/agent_service.dart:303:5: Error: Expected ',' before this.
      buffer.writeln('- 如果不知道作�?ID 或卷 ID，先调用 list_works / list_volumes 获取');
      ^^^^^^
  lib/core/services/ai/agent/agent_service.dart:305:5: Error: Expected ',' before this.
      buffer.writeln('- 最终回复必须是完整的中文内�?);
      ^^^^^^
  lib/core/services/ai/agent/agent_service.dart:306:5: Error: Expected ',' before this.
      buffer.writeln();
      ^^^^^^
  lib/core/services/ai/agent/agent_service.dart:308:5: Error: Expected ',' before this.
      buffer.writeln('创建实体后，用自然语言向用户确认创建结果�?);
      ^^^^^^
  lib/core/services/ai/agent/agent_service.dart:309:5: Error: Expected ',' before this.
      buffer.writeln();
      ^^^^^^
  lib/core/services/ai/agent/agent_service.dart:311:5: Error: Expected ',' before this.
      buffer.writeln('调用 create_chapter 时，必须�?content 参数中传入完整的章节正文内容�?);
      ^^^^^^
  lib/core/services/ai/agent/agent_service.dart:312:5: Error: Expected ',' before this.
      buffer.writeln('不要创建空章节！content 参数是必填的�?);
      ^^^^^^
  lib/core/services/ai/agent/agent_service.dart:313:5: Error: Expected ',' before this.
      buffer.writeln('你需要在调用工具前先构思好章节内容，然后一次性传入�?);
      ^^^^^^
  lib/core/services/ai/agent/agent_service.dart:314:5: Error: Expected ',' before this.
      buffer.writeln();
      ^^^^^^
  lib/core/services/ai/agent/agent_service.dart:318:5: Error: Expected ',' before this.
      buffer.writeln('2. **节奏定位**：本章处于故事的什么位置？（开�?铺垫/高潮/过渡/结尾）是否需要提醒用户注意节�?);
      ^^^^^^
  lib/core/services/ai/agent/agent_service.dart:319:5: Error: Expected ',' before this.
      buffer.writeln('3. **钩子/悬念**：本章结尾是否需要留下悬念或钩子引导读者继续阅读？');
      ^^^^^^
  lib/core/services/ai/agent/agent_service.dart:321:5: Error: Expected ',' before this.
      buffer.writeln('5. **事件丰富�?*：用户提供的剧情是否足够展开为一整章？是否只有一句话概括而缺少具体事件、冲突、转折？');
      ^^^^^^
  lib/core/services/ai/agent/agent_service.dart:325:5: Error: Expected ',' before this.
      buffer.writeln('你应该礼貌地追问关键信息，例如：本章主要事件、涉及角色、情感基调、是否需要结尾钩子等�?);
      ^^^^^^
  lib/core/services/ai/agent/agent_service.dart:326:5: Error: Expected ',' before this.
      buffer.writeln('如果用户给了一句话剧情但缺少细节，你可以主动建议补充冲突点、情感转折、悬念钩子等，让章节更丰满�?);
      ^^^^^^
  lib/core/services/ai/agent/agent_service.dart:327:5: Error: Expected ',' before this.
      buffer.writeln('但如果用户已经提供了足够的信息（有明确的剧情走向和关键事件），就可以直接创建�?);
      ^^^^^^
  lib/core/services/ai/agent/agent_service.dart:328:5: Error: Expected ',' before this.
      buffer.writeln();
      ^^^^^^
  lib/core/services/ai/agent/agent_service.dart:330:5: Error: Expected ',' before this.
      buffer.writeln('当用户创建作品并附带「主题」「题材」「类型」「世界观」「风格」等描述时，你必须执行以下步骤：');
      ^^^^^^
  lib/core/services/ai/agent/agent_service.dart:332:5: Error: Expected ',' before this.
      buffer.writeln('2. 紧接着调用 create_inspiration，参数如下：');
      ^^^^^^
  lib/core/services/ai/agent/agent_service.dart:334:5: Error: Expected ',' before this.
      buffer.writeln('   - category: "worldbuilding"');
      ^^^^^^
  lib/core/services/ai/agent/agent_service.dart:338:5: Error: Expected ',' before this.
      buffer.writeln('     �?力量体系/等级划分');
      ^^^^^^
  lib/core/services/ai/agent/agent_service.dart:340:5: Error: Expected ',' before this.
      buffer.writeln('     �?典型场景与氛围描�?);
      ^^^^^^
  lib/core/services/ai/agent/agent_service.dart:341:5: Error: Expected ',' before this.
      buffer.writeln('     �?常见剧情模式与套�?);
      ^^^^^^
  lib/core/services/ai/agent/agent_service.dart:342:5: Error: Expected ',' before this.
      buffer.writeln('   - tags: 提取 3-5 个相关标�?);
      ^^^^^^
  lib/core/services/ai/agent/agent_service.dart:343:5: Error: Expected ',' before this.
      buffer.writeln('3. 用自然语言向用户确认：作品已创建，并已根据主题自动生成世界观设�?);
      ^^^^^^
  lib/core/services/ai/agent/agent_service.dart:343:20: Error: Expected ';' after this.
      buffer.writeln('3. 用自然语言向用户确认：作品已创建，并已根据主题自动生成世界观设�?);
                     ^^^^^^^^^^^^^^^^^^^^^^^^^^^^^^^^^^^^^^^
  lib/core/services/ai/agent/agent_service.dart:286:19: Error: Too many positional arguments: 1 allowed, but 2 found.
  Try removing the extra positional arguments.
      buffer.writeln('你是一位专业的小说写作助手 Agent�?);
                    ^
  lib/core/services/ai/agent/agent_service.dart:295:19: Error: Too many positional arguments: 1 allowed, but 2 found.
  Try removing the extra positional arguments.
      buffer.writeln('1. 分析用户需�?);
                    ^
  lib/core/services/ai/agent/agent_service.dart:294:19: Error: Too many positional arguments: 1 allowed, but 2 found.
  Try removing the extra positional arguments.
      buffer.writeln('工作流程�?);
                    ^
  lib/core/services/ai/agent/agent_service.dart:299:19: Error: Too many positional arguments: 1 allowed, but 2 found.
  Try removing the extra positional arguments.
      buffer.writeln('5. 综合结果，给出最终回�?);
                    ^
  lib/core/services/ai/agent/agent_service.dart:298:19: Error: Too many positional arguments: 1 allowed, but 2 found.
  Try removing the extra positional arguments.
      buffer.writeln('4. 如果需要检查问题，调用分析/一致性检查工�?);
                    ^
  lib/core/services/ai/agent/agent_service.dart:302:19: Error: Too many positional arguments: 1 allowed, but 2 found.
  Try removing the extra positional arguments.
      buffer.writeln('- 每次只调用一个工�?);
                    ^
  lib/core/services/ai/agent/agent_service.dart:301:19: Error: Too many positional arguments: 1 allowed, but 2 found.
  Try removing the extra positional arguments.
      buffer.writeln('注意事项�?);
                    ^
  lib/core/services/ai/agent/agent_service.dart:305:19: Error: Too many positional arguments: 1 allowed, but 2 found.
  Try removing the extra positional arguments.
      buffer.writeln('- 最终回复必须是完整的中文内�?);
                    ^
  lib/core/services/ai/agent/agent_service.dart:304:19: Error: Too many positional arguments: 1 allowed, but 2 found.
  Try removing the extra positional arguments.
      buffer.writeln('- 如果信息不足，先搜索再行�?);
                    ^
  lib/core/services/ai/agent/agent_service.dart:308:19: Error: Too many positional arguments: 1 allowed, but 2 found.
  Try removing the extra positional arguments.
      buffer.writeln('创建实体后，用自然语言向用户确认创建结果�?);
                    ^
  lib/core/services/ai/agent/agent_service.dart:307:19: Error: Too many positional arguments: 1 allowed, but 2 found.
  Try removing the extra positional arguments.
      buffer.writeln('当用户要求创建角色、地点、物品、势力、关系、作品、卷、章节或素材时，请直接调用对应的 create_* 工具�?);
                    ^
  lib/core/services/ai/agent/agent_service.dart:313:19: Error: Too many positional arguments: 1 allowed, but 2 found.
  Try removing the extra positional arguments.
      buffer.writeln('你需要在调用工具前先构思好章节内容，然后一次性传入�?);
                    ^
  lib/core/services/ai/agent/agent_service.dart:312:19: Error: Too many positional arguments: 1 allowed, but 2 found.
  Try removing the extra positional arguments.
      buffer.writeln('不要创建空章节！content 参数是必填的�?);
                    ^
  lib/core/services/ai/agent/agent_service.dart:311:19: Error: Too many positional arguments: 1 allowed, but 2 found.
  Try removing the extra positional arguments.
      buffer.writeln('调用 create_chapter 时，必须�?content 参数中传入完整的章节正文内容�?);
                    ^
  lib/core/services/ai/agent/agent_service.dart:310:19: Error: Too many positional arguments: 1 allowed, but 2 found.
  Try removing the extra positional arguments.
      buffer.writeln('## 创建章节的完整流�?);
                    ^
  lib/core/services/ai/agent/agent_service.dart:318:19: Error: Too many positional arguments: 1 allowed, but 2 found.
  Try removing the extra positional arguments.
      buffer.writeln('2. **节奏定位**：本章处于故事的什么位置？（开�?铺垫/高潮/过渡/结尾）是否需要提醒用户注意节�?);
                    ^
  lib/core/services/ai/agent/agent_service.dart:317:19: Error: Too many positional arguments: 1 allowed, but 2 found.
  Try removing the extra positional arguments.
      buffer.writeln('1. **剧情内容**：用户是否描述了本章要发生什么事？如果只�?写第一�?而没给任何剧情方向，应追�?);
                    ^
  lib/core/services/ai/agent/agent_service.dart:320:19: Error: Too many positional arguments: 1 allowed, but 2 found.
  Try removing the extra positional arguments.
      buffer.writeln('4. **前文衔接**：如果不是第一章，是否有前文上下文可以衔接？如有，先搜索前文内�?);
                    ^
  lib/core/services/ai/agent/agent_service.dart:327:19: Error: Too many positional arguments: 1 allowed, but 2 found.
  Try removing the extra positional arguments.
      buffer.writeln('但如果用户已经提供了足够的信息（有明确的剧情走向和关键事件），就可以直接创建�?);
                    ^
  lib/core/services/ai/agent/agent_service.dart:326:19: Error: Too many positional arguments: 1 allowed, but 2 found.
  Try removing the extra positional arguments.
      buffer.writeln('如果用户给了一句话剧情但缺少细节，你可以主动建议补充冲突点、情感转折、悬念钩子等，让章节更丰满�?);
                    ^
  lib/core/services/ai/agent/agent_service.dart:325:19: Error: Too many positional arguments: 1 allowed, but 2 found.
  Try removing the extra positional arguments.
      buffer.writeln('你应该礼貌地追问关键信息，例如：本章主要事件、涉及角色、情感基调、是否需要结尾钩子等�?);
                    ^
  lib/core/services/ai/agent/agent_service.dart:324:19: Error: Too many positional arguments: 1 allowed, but 2 found.
  Try removing the extra positional arguments.
      buffer.writeln('如果用户信息不足（如只说"帮我写一�?或剧情过于单薄），不要盲目创建�?);
                    ^
  lib/core/services/ai/agent/agent_service.dart:329:19: Error: Too many positional arguments: 1 allowed, but 2 found.
  Try removing the extra positional arguments.
      buffer.writeln('## 创建作品时的主题/世界观处理规�?);
                    ^
  lib/core/services/ai/agent/agent_service.dart:331:19: Error: Too many positional arguments: 1 allowed, but 2 found.
  Try removing the extra positional arguments.
      buffer.writeln('1. 先调�?create_work 创建作品（name 为作品名称，将主题关键词写入 type 字段�?);
                    ^
  lib/core/services/ai/agent/agent_service.dart:333:19: Error: Too many positional arguments: 1 allowed, but 2 found.
  Try removing the extra positional arguments.
      buffer.writeln('   - title: 「{作品名} 世界观设定�?);
                    ^
  lib/core/services/ai/agent/agent_service.dart:337:19: Error: Too many positional arguments: 1 allowed, but 2 found.
  Try removing the extra positional arguments.
      buffer.writeln('     �?核心设定与规则体�?);
                    ^
  lib/core/services/ai/agent/agent_service.dart:342:19: Error: Too many positional arguments: 1 allowed, but 2 found.
  Try removing the extra positional arguments.
      buffer.writeln('   - tags: 提取 3-5 个相关标�?);
                    ^
  lib/core/services/ai/agent/agent_service.dart:341:19: Error: Too many positional arguments: 1 allowed, but 2 found.
  Try removing the extra positional arguments.
      buffer.writeln('     �?常见剧情模式与套�?);
                    ^
  lib/core/services/ai/agent/agent_service.dart:340:19: Error: Too many positional arguments: 1 allowed, but 2 found.
  Try removing the extra positional arguments.
      buffer.writeln('     �?典型场景与氛围描�?);
                    ^
  lib/core/services/ai/agent/agent_service.dart:339:19: Error: Too many positional arguments: 1 allowed, but 2 found.
  Try removing the extra positional arguments.
      buffer.writeln('     �?世界背景与历史概�?);
                    ^
  .
00:15 +45 -17: C:/Users/changw98/dev/writing_assistant/test/integration/full_novel_test.dart: 完整小说创作（AI 生成 + 真实 DB） 清空数据库 → AI 生成完整小说 → 写入 DB → 客户端可见
00:15 +46 -17: C:/Users/changw98/dev/writing_assistant/test/integration/full_novel_test.dart: 完整小说创作（AI 生成 + 真实 DB） 清空数据库 → AI 生成完整小说 → 写入 DB → 客户端可见
00:15 +47 -17: C:/Users/changw98/dev/writing_assistant/test/integration/full_novel_test.dart: 完整小说创作（AI 生成 + 真实 DB） 清空数据库 → AI 生成完整小说 → 写入 DB → 客户端可见
00:15 +48 -17: C:/Users/changw98/dev/writing_assistant/test/integration/full_novel_test.dart: 完整小说创作（AI 生成 + 真实 DB） 清空数据库 → AI 生成完整小说 → 写入 DB → 客户端可见
00:15 +49 -17: C:/Users/changw98/dev/writing_assistant/test/integration/full_novel_test.dart: 完整小说创作（AI 生成 + 真实 DB） 清空数据库 → AI 生成完整小说 → 写入 DB → 客户端可见
00:15 +50 -17: C:/Users/changw98/dev/writing_assistant/test/integration/full_novel_test.dart: 完整小说创作（AI 生成 + 真实 DB） 清空数据库 → AI 生成完整小说 → 写入 DB → 客户端可见
00:15 +51 -17: C:/Users/changw98/dev/writing_assistant/test/integration/full_novel_test.dart: 完整小说创作（AI 生成 + 真实 DB） 清空数据库 → AI 生成完整小说 → 写入 DB → 客户端可见
00:15 +52 -17: C:/Users/changw98/dev/writing_assistant/test/integration/full_novel_test.dart: 完整小说创作（AI 生成 + 真实 DB） 清空数据库 → AI 生成完整小说 → 写入 DB → 客户端可见
00:15 +53 -17: C:/Users/changw98/dev/writing_assistant/test/integration/full_novel_test.dart: 完整小说创作（AI 生成 + 真实 DB） 清空数据库 → AI 生成完整小说 → 写入 DB → 客户端可见
00:16 +54 -17: C:/Users/changw98/dev/writing_assistant/test/integration/full_novel_test.dart: 完整小说创作（AI 生成 + 真实 DB） 清空数据库 → AI 生成完整小说 → 写入 DB → 客户端可见
00:17 +55 -17: C:/Users/changw98/dev/writing_assistant/test/integration/full_novel_test.dart: 完整小说创作（AI 生成 + 真实 DB） 清空数据库 → AI 生成完整小说 → 写入 DB → 客户端可见
00:17 +55 -18: C:/Users/changw98/dev/writing_assistant/test/integration/full_novel_test.dart: 完整小说创作（AI 生成 + 真实 DB） 清空数据库 → AI 生成完整小说 → 写入 DB → 客户端可见
00:17 +55 -18: C:/Users/changw98/dev/writing_assistant/test/unit/features/editor/data/chapter_repository_test.dart: updateContent throws when chapter does not exist [E]
  Expected: throws <Instance of 'StateError'> with `message`: contains 'missing-chapter'
    Actual: <Closure: () => Future<void>>
     Which: returned a Future that emitted <null>
  
  package:matcher                                                   expect
  package:flutter_test/src/widget_tester.dart 473:18                expect
  test\unit\features\editor\data\chapter_repository_test.dart 45:5  main.<fn>
  
00:17 +55 -19: C:/Users/changw98/dev/writing_assistant/test/integration/full_novel_test.dart: 完整小说创作（AI 生成 + 真实 DB） 清空数据库 → AI 生成完整小说 → 写入 DB → 客户端可见
00:17 +55 -19: C:/Users/changw98/dev/writing_assistant/test/unit/features/editor/data/chapter_repository_test.dart: deleteChapter succeeds with foreign key references [E]
  SqliteException(787): while executing statement, FOREIGN KEY constraint failed, constraint failed (code 787)
    Causing statement: DELETE FROM "chapters" WHERE "id" = ?;, parameters: chapter-1
  package:sqlite3/src/implementation/exception.dart 95:3                         throwException
  package:sqlite3/src/implementation/statement.dart 109:7                        StatementImplementation._execute
  package:sqlite3/src/implementation/statement.dart 309:5                        StatementImplementation.executeWith
  package:sqlite3/src/statement.dart 81:12                                       CommonPreparedStatement.execute
  package:drift/src/sqlite3/database.dart 149:14                                 Sqlite3Delegate.runWithArgsSync
  package:drift/native.dart 439:7                                                _NativeDelegate.runUpdate.<fn>
  dart:async                                                                     new Future.sync
  package:drift/native.dart 438:19                                               _NativeDelegate.runUpdate
  package:drift/src/runtime/executor/helpers/engines.dart 97:19                  _BaseExecutor.runDelete.<fn>
  package:drift/src/runtime/executor/helpers/engines.dart 62:20                  _BaseExecutor._synchronized
  package:drift/src/runtime/executor/helpers/engines.dart 94:12                  _BaseExecutor.runDelete
  package:drift/src/runtime/query_builder/statements/delete.dart 53:28           DeleteStatement.go.<fn>
  package:drift/src/runtime/api/connection_user.dart 171:16                      DatabaseConnectionUser.doWhenOpened.<fn>
  ===== asynchronous gap ===========================
  dart:async                                                                     new Future.sync
  package:drift/native.dart 438:19                                               _NativeDelegate.runUpdate
  package:drift/src/runtime/executor/helpers/engines.dart 97:19                  _BaseExecutor.runDelete.<fn>
  package:drift/src/runtime/executor/helpers/engines.dart 62:20                  _BaseExecutor._synchronized
  package:drift/src/runtime/executor/helpers/engines.dart 94:12                  _BaseExecutor.runDelete
  package:drift/src/runtime/query_builder/statements/delete.dart 53:28           DeleteStatement.go.<fn>
  package:drift/src/runtime/api/connection_user.dart 171:16                      DatabaseConnectionUser.doWhenOpened.<fn>
  ===== asynchronous gap ===========================
  dart:async                                                                     Future.then
  package:drift/src/runtime/api/connection_user.dart 169:50                      DatabaseConnectionUser.doWhenOpened
  package:drift/src/runtime/api/connection_user.dart 728:19                      InternalConnectionUserApi.withCurrentExecutor
  package:drift/src/runtime/query_builder/statements/delete.dart 52:21           DeleteStatement.go
  package:writing_assistant/features/editor/data/chapter_repository.dart 217:69  ChapterRepository.deleteChapter
  ===== asynchronous gap ===========================
  dart:async                                                                     _CustomZone.registerUnaryCallback
  package:writing_assistant/features/editor/data/chapter_repository.dart 215:21  ChapterRepository.deleteChapter
  test\unit\features\editor\data\chapter_repository_test.dart 121:34             main.<fn>
  ===== asynchronous gap ===========================
  dart:async                                                                     _CustomZone.registerUnaryCallback
  test\unit\features\editor\data\chapter_repository_test.dart 64:5               main.<fn>
  
00:17 +56 -19: C:/Users/changw98/dev/writing_assistant/test/integration/full_novel_test.dart: 完整小说创作（AI 生成 + 真实 DB） 清空数据库 → AI 生成完整小说 → 写入 DB → 客户端可见
00:17 +57 -19: C:/Users/changw98/dev/writing_assistant/test/integration/full_novel_test.dart: 完整小说创作（AI 生成 + 真实 DB） 清空数据库 → AI 生成完整小说 → 写入 DB → 客户端可见
00:17 +58 -19: C:/Users/changw98/dev/writing_assistant/test/integration/full_novel_test.dart: 完整小说创作（AI 生成 + 真实 DB） 清空数据库 → AI 生成完整小说 → 写入 DB → 客户端可见
00:17 +58 -19: C:/Users/changw98/dev/writing_assistant/test/unit/features/review/data/review_repository_parsing_test.dart: decodeReviewJson returns null for malformed json
ReviewRepository: failed to decode review payload: FormatException: Unexpected character (at character 2)
{bad json
 ^

00:17 +59 -19: C:/Users/changw98/dev/writing_assistant/test/integration/full_novel_test.dart: 完整小说创作（AI 生成 + 真实 DB） 清空数据库 → AI 生成完整小说 → 写入 DB → 客户端可见
00:17 +59 -19: C:/Users/changw98/dev/writing_assistant/test/unit/features/review/data/review_repository_parsing_test.dart: decodeReviewJson returns null for non-object payloads
ReviewRepository: expected JSON object for review payload.
00:17 +60 -19: C:/Users/changw98/dev/writing_assistant/test/integration/full_novel_test.dart: 完整小说创作（AI 生成 + 真实 DB） 清空数据库 → AI 生成完整小说 → 写入 DB → 客户端可见
00:17 +61 -19: C:/Users/changw98/dev/writing_assistant/test/integration/full_novel_test.dart: 完整小说创作（AI 生成 + 真实 DB） 清空数据库 → AI 生成完整小说 → 写入 DB → 客户端可见
00:17 +62 -19: C:/Users/changw98/dev/writing_assistant/test/integration/full_novel_test.dart: 完整小说创作（AI 生成 + 真实 DB） 清空数据库 → AI 生成完整小说 → 写入 DB → 客户端可见
00:17 +62 -19: C:/Users/changw98/dev/writing_assistant/test/unit/features/review/data/review_repository_test.dart: getReviewResults skips malformed payloads and degrades partial data
ReviewRepository: failed to decode review payload: FormatException: Unexpected end of input (at character 14)
{"chapterId":
             ^

ReviewRepository: failed to decode review payload: FormatException: Unexpected end of input (at character 14)
{"chapterId":
             ^

00:17 +63 -19: C:/Users/changw98/dev/writing_assistant/test/integration/full_novel_test.dart: 完整小说创作（AI 生成 + 真实 DB） 清空数据库 → AI 生成完整小说 → 写入 DB → 客户端可见
00:17 +64 -19: C:/Users/changw98/dev/writing_assistant/test/integration/full_novel_test.dart: 完整小说创作（AI 生成 + 真实 DB） 清空数据库 → AI 生成完整小说 → 写入 DB → 客户端可见
00:17 +64 -19: C:/Users/changw98/dev/writing_assistant/test/unit/features/review/data/review_repository_test.dart: updateIssueStatus ignores malformed tasks and updates the matching issue
ReviewRepository: failed to decode review payload: FormatException: Unexpected end of input (at character 11)
{"issues":
          ^

00:17 +65 -19: C:/Users/changw98/dev/writing_assistant/test/integration/full_novel_test.dart: 完整小说创作（AI 生成 + 真实 DB） 清空数据库 → AI 生成完整小说 → 写入 DB → 客户端可见
00:17 +66 -19: C:/Users/changw98/dev/writing_assistant/test/integration/full_novel_test.dart: 完整小说创作（AI 生成 + 真实 DB） 清空数据库 → AI 生成完整小说 → 写入 DB → 客户端可见
00:17 +67 -19: C:/Users/changw98/dev/writing_assistant/test/integration/full_novel_test.dart: 完整小说创作（AI 生成 + 真实 DB） 清空数据库 → AI 生成完整小说 → 写入 DB → 客户端可见
00:17 +68 -19: C:/Users/changw98/dev/writing_assistant/test/integration/full_novel_test.dart: 完整小说创作（AI 生成 + 真实 DB） 清空数据库 → AI 生成完整小说 → 写入 DB → 客户端可见
00:17 +69 -19: C:/Users/changw98/dev/writing_assistant/test/integration/full_novel_test.dart: 完整小说创作（AI 生成 + 真实 DB） 清空数据库 → AI 生成完整小说 → 写入 DB → 客户端可见
00:17 +70 -19: C:/Users/changw98/dev/writing_assistant/test/integration/full_novel_test.dart: 完整小说创作（AI 生成 + 真实 DB） 清空数据库 → AI 生成完整小说 → 写入 DB → 客户端可见
00:17 +71 -19: C:/Users/changw98/dev/writing_assistant/test/integration/full_novel_test.dart: 完整小说创作（AI 生成 + 真实 DB） 清空数据库 → AI 生成完整小说 → 写入 DB → 客户端可见
00:17 +72 -19: C:/Users/changw98/dev/writing_assistant/test/integration/full_novel_test.dart: 完整小说创作（AI 生成 + 真实 DB） 清空数据库 → AI 生成完整小说 → 写入 DB → 客户端可见
00:18 +73 -19: C:/Users/changw98/dev/writing_assistant/test/integration/full_novel_test.dart: 完整小说创作（AI 生成 + 真实 DB） 清空数据库 → AI 生成完整小说 → 写入 DB → 客户端可见
00:18 +74 -19: C:/Users/changw98/dev/writing_assistant/test/integration/full_novel_test.dart: 完整小说创作（AI 生成 + 真实 DB） 清空数据库 → AI 生成完整小说 → 写入 DB → 客户端可见
00:19 +75 -19: C:/Users/changw98/dev/writing_assistant/test/integration/full_novel_test.dart: 完整小说创作（AI 生成 + 真实 DB） 清空数据库 → AI 生成完整小说 → 写入 DB → 客户端可见
  作品名: 《灵气重临：剑魂》
  简介: 当沉寂万载的灵气再度冲破地脉，古老的修仙文明于废墟中苏醒。原本卑微如尘埃的少年林枫，意外觉醒了被世人遗忘的禁忌血脉。在这...
✅ 作品「《灵气重临：剑魂》」已创建
✅ 第一卷已创建
📖 AI 生成第一章...
00:40 +75 -20: C:/Users/changw98/dev/writing_assistant/test/integration/full_novel_test.dart: 完整小说创作（AI 生成 + 真实 DB） 清空数据库 → AI 生成完整小说 → 写入 DB → 客户端可见 [E]
  type 'String' is not a subtype of type 'int' of 'index'
  package:writing_assistant/core/services/ai/providers/openai_provider.dart 322:29  OpenAIProvider._extractErrorMessage
  package:writing_assistant/core/services/ai/providers/openai_provider.dart 116:9   OpenAIProvider.complete
  
00:40 +75 -20: C:/Users/changw98/dev/writing_assistant/test/integration/full_novel_test.dart: (tearDownAll)
00:40 +75 -20: Some tests failed.
